✔ M4 explanatory exports mirror canonical parsed statements, retain adapters and have usable destinations at both bases (13647.074917ms)
✔ M4 ZIP manifests preserve original bytes and exclude administrative evidence/history; tampered members fail (4412.462334ms)
✔ M4 approved selection filters draft/history/withdrawn downloads and emits dated article RSS at both bases (757.668084ms)
✔ M4 duplicate article routes and stale source numbers refuse; document source rename does not rename its route (1321.4985ms)
✔ M4 citation uses owner-approved metadata; missing URL still refuses a synthetic CFF (2003.535083ms)
✔ M4 print CSS admits page layout and literal citation targets while refusing resource-bearing attr forms (0.455625ms)
✔ M5 owner credit and dated research grant reach every rights surface while code and data remain reserved (34.615125ms)
✔ M5 explicit synthetic credit drives About/footer/CFF without inferred contact or identity (1.224875ms)
✔ M5 deployment rejects PR, fixture host, unapproved target, missing identity and pending scoped rights with named reasons (1.604334ms)
✔ M5 scoped license declarations bind exact files; no additional license state cannot imply a grant (3.19375ms)
✔ M5 targeted legal-copy control flags the faux any-use royalty claim; a parser never certifies legal wording (0.874417ms)
✔ M5 actual workflow is read-only for PRs and manual artifact-bound for deploy; privileged PR mutation refuses (117.159084ms)
✔ M5 public repository screen refuses private/history paths and reports secret locations without values (1.1515ms)
✔ M5 ZIP carries the selected research grant and exact renderer notice without administrative material (4885.924375ms)
✔ selected current cases use their actual inventory; document-scoped C1 and E labels retain distinct meanings (4929.329417ms)
✔ adapted check exposes duplicate cases/DOIs, unknown claims and incomplete selected inventory (6333.788917ms)
✔ adapted check rejects label collisions, wrong editions and case-to-paper substitutions (3023.837917ms)
✔ version/access links retain every BIB target without displaying independent duplicate publications (1405.734ms)
✔ a displayed alternate is bound to its parent user review and remains local to that publication (2.654459ms)
✔ HTML, explanatory downloads and ZIP preserve scoped findings and original bytes at both bases (5281.608458ms)
✔ document links, reference-style links and case sections resolve to real HTML at both bases (394.879959ms)
✔ current source downloads preserve exact bytes and correct file types; historical drafts stay outside exports and navigation (3915.205791ms)
ℹ tests 22
ℹ suites 0
ℹ pass 22
ℹ fail 0
ℹ cancelled 0
ℹ skipped 0
ℹ todo 0
ℹ duration_ms 25079.008375
