23:11:50 [content] Syncing content
23:11:50 [content] Astro config changed
23:11:50 [content] Clearing content store
23:11:57 [content] Synced content
23:11:57 [types] Generated 7.55s
23:11:57 [build] output: "static"
23:11:57 [build] mode: "static"
23:11:57 [build] directory: /Users/new/RiderProjects/RPG_theory/dist/first-release-final/qualification-root/
23:11:57 [build] Collecting build info...
23:11:57 [build] ✓ Completed in 7.60s.
23:11:57 [build] Building static entrypoints...
23:11:57 [vite] ✓ built in 191ms
23:11:57 [vite] ✓ built in 25ms
23:11:57 [build] Rearranging server assets...

 generating static routes 
23:12:07   ├─ /404.html (+16ms) 
23:12:07   ├─ /about/index.html (+4ms) 
23:12:07   ├─ /articles/index.html (+3ms) 
23:12:07   ├─ /cite/index.html (+1.40s) 
23:12:09   ├─ /downloads/THIRD-PARTY-NOTICES.txt/ (+12ms) 
23:12:09   ├─ /downloads/explanatory/DOC-STATUS.md/ (+20ms) 
23:12:09   ├─ /downloads/explanatory/DOC-CONCEPT-GEOMETRY.md/ (+2ms) 
23:12:09   ├─ /downloads/explanatory/DOC-CORE.md/ (+2ms) 
23:12:09   ├─ /downloads/explanatory/DOC-CONTROL.md/ (+2ms) 
23:12:09   ├─ /downloads/explanatory/DOC-FRAMEWORK.md/ (+2ms) 
23:12:09   ├─ /downloads/explanatory/DOC-MATH.md/ (+1ms) 
23:12:09   ├─ /downloads/explanatory/DOC-OPEN-PROBLEMS.md/ (+1ms) 
23:12:09   ├─ /downloads/explanatory/DOC-SOURCE-CHANGES.md/ (+1ms) 
23:12:09   ├─ /downloads/explanatory/DOC-WORLD.md/ (+1ms) 
23:12:09   ├─ /downloads/explanatory/DOC-BACKGROUND.md/ (+1ms) 
23:12:09   ├─ /downloads/explanatory/DOC-ILLUSTRATIONS.md/ (+2ms) 
23:12:09   ├─ /downloads/explanatory/DOC-CATALOGUE.md/ (+11ms) 
23:12:09   ├─ /downloads/explanatory/DOC-CLAIM-COVERAGE.md/ (+3ms) 
23:12:09   ├─ /downloads/explanatory/DOC-READING-GUIDE.md/ (+2ms) 
23:12:09   ├─ /downloads/explanatory/DOC-AUTHORITY.md/ (+1ms) 
23:12:09   ├─ /downloads/explanatory/DOC-FOUNDATION-ERRATA.md/ (+1ms) 
23:12:09   ├─ /downloads/explanatory/UT-D01.md/ (+1ms) 
23:12:09   ├─ /downloads/explanatory/UT-D02.md/ (+1ms) 
23:12:09   ├─ /downloads/explanatory/UT-D03.md/ (+1ms) 
23:12:09   ├─ /downloads/explanatory/UT-D04.md/ (+1ms) 
23:12:09   ├─ /downloads/explanatory/UT-D05.md/ (+1ms) 
23:12:09   ├─ /downloads/explanatory/UT-D06.md/ (+1ms) 
23:12:09   ├─ /downloads/explanatory/UT-D07.md/ (+1ms) 
23:12:09   ├─ /downloads/explanatory/UT-D08.md/ (+1ms) 
23:12:09   ├─ /downloads/explanatory/UT-D09.md/ (+1ms) 
23:12:09   ├─ /downloads/explanatory/UT-C01.md/ (+4ms) 
23:12:09   ├─ /downloads/explanatory/UT-C02.md/ (+1ms) 
23:12:09   ├─ /downloads/explanatory/UT-E101.md/ (+1ms) 
23:12:09   ├─ /downloads/explanatory/UT-E102.md/ (+1ms) 
23:12:09   ├─ /downloads/explanatory/UT-E103.md/ (+2ms) 
23:12:09   ├─ /downloads/explanatory/UT-E104.md/ (+0ms) 
23:12:09   ├─ /downloads/explanatory/UT-E105.md/ (+1ms) 
23:12:09   ├─ /downloads/explanatory/UT-E106.md/ (+3ms) 
23:12:09   ├─ /downloads/explanatory/UT-E107.md/ (+1ms) 
23:12:09   ├─ /downloads/explanatory/UT-E108.md/ (+2ms) 
23:12:09   ├─ /downloads/explanatory/UT-E109.md/ (+1ms) 
23:12:09   ├─ /downloads/explanatory/UT-E110.md/ (+2ms) 
23:12:09   ├─ /downloads/explanatory/UT-E111.md/ (+1ms) 
23:12:09   ├─ /downloads/explanatory/UT-E112.md/ (+1ms) 
23:12:09   ├─ /downloads/explanatory/UT-E113.md/ (+1ms) 
23:12:09   ├─ /downloads/explanatory/UT-E114.md/ (+1ms) 
23:12:09   ├─ /downloads/explanatory/UT-E115.md/ (+4ms) 
23:12:09   ├─ /downloads/explanatory/UT-E116.md/ (+1ms) 
23:12:09   ├─ /downloads/explanatory/UT-E117.md/ (+1ms) 
23:12:09   ├─ /downloads/explanatory/UT-E118.md/ (+2ms) 
23:12:09   ├─ /downloads/explanatory/UT-E119.md/ (+0ms) 
23:12:09   ├─ /downloads/explanatory/UT-E120.md/ (+0ms) 
23:12:09   ├─ /downloads/explanatory/UT-E121.md/ (+1ms) 
23:12:09   ├─ /downloads/explanatory/UT-E122.md/ (+0ms) 
23:12:09   ├─ /downloads/explanatory/UT-O101.md/ (+0ms) 
23:12:09   ├─ /downloads/explanatory/UT-O102.md/ (+0ms) 
23:12:09   ├─ /downloads/explanatory/UT-O103.md/ (+1ms) 
23:12:09   ├─ /downloads/explanatory/UT-O104.md/ (+1ms) 
23:12:09   ├─ /downloads/explanatory/UT-O105.md/ (+1ms) 
23:12:09   ├─ /downloads/explanatory/UT-O106.md/ (+1ms) 
23:12:09   ├─ /downloads/explanatory/UT-O107.md/ (+0ms) 
23:12:09   ├─ /downloads/explanatory/UT-O108.md/ (+1ms) 
23:12:09   ├─ /downloads/explanatory/DOC-ARTICLE-STRUCTURES.md/ (+1ms) 
23:12:09   ├─ /downloads/explanatory/DOC-ARTICLE-UNIT.md/ (+0ms) 
23:12:09   ├─ /downloads/explanatory/DOC-CONCEPT-INTERACTIONS.md/ (+0ms) 
23:12:09   ├─ /downloads/explanatory/DOC-CONCEPT-RECURSION.md/ (+1ms) 
23:12:09   ├─ /downloads/explanatory/DOC-CONCEPT-STABILITY.md/ (+1ms) 
23:12:09   ├─ /downloads/explanatory/DOC-CONCEPTS.md/ (+1ms) 
23:12:09   ├─ /downloads/explanatory/DOC-EVIDENCE.md/ (+1ms) 
23:12:09   ├─ /downloads/explanatory/DOC-EXAMPLE-CELL.md/ (+1ms) 
23:12:09   ├─ /downloads/explanatory/DOC-EXAMPLE-LIFE.md/ (+1ms) 
23:12:09   ├─ /downloads/explanatory/DOC-EXAMPLE-MOLECULE.md/ (+1ms) 
23:12:09   ├─ /downloads/explanatory/DOC-EXAMPLE-STAR.md/ (+1ms) 
23:12:09   ├─ /downloads/explanatory/DOC-EXAMPLE-STRING.md/ (+1ms) 
23:12:09   ├─ /downloads/explanatory/DOC-EXAMPLE-WATER.md/ (+2ms) 
23:12:09   ├─ /downloads/explanatory/DOC-EXAMPLES.md/ (+1ms) 
23:12:09   ├─ /downloads/explanatory/DOC-HOME.md/ (+0ms) 
23:12:09   ├─ /downloads/explanatory/DOC-SOURCE-LINKS.md/ (+1ms) 
23:12:09   ├─ /downloads/explanatory/DOC-START.md/ (+1ms) 
23:12:09   ├─ /downloads/explanatory/DOC-LIBRARY.md/ (+1ms) 
23:12:09   ├─ /downloads/original/R-CURRENT-AUDIT.md/ (+1ms) 
23:12:09   ├─ /downloads/original/R-CURRENT-AUTHORITY.md/ (+1ms) 
23:12:09   ├─ /downloads/original/R-CURRENT-BACKGROUND.md/ (+1ms) 
23:12:09   ├─ /downloads/original/R-CURRENT-CATALOGUE.md/ (+1ms) 
23:12:09   ├─ /downloads/original/R-CURRENT-CHANGELOG.md/ (+2ms) 
23:12:09   ├─ /downloads/original/R-CURRENT-CHECKS-PACKAGE-VALIDATION-JSON.json/ (+1ms) 
23:12:09   ├─ /downloads/original/R-CURRENT-CHECKS-VERIFICATION-RESULTS-JSON.json/ (+1ms) 
23:12:09   ├─ /downloads/original/R-CURRENT-CHECKS-VERIFY-SMALL-RESULTS-PY.py/ (+1ms) 
23:12:09   ├─ /downloads/original/R-CURRENT-CLAIMS.md/ (+1ms) 
23:12:09   ├─ /downloads/original/R-CURRENT-CONTROL.md/ (+1ms) 
23:12:09   ├─ /downloads/original/R-CURRENT-CORE.md/ (+1ms) 
23:12:09   ├─ /downloads/original/R-CURRENT-FOUNDATIONS-ERRATA-MD.md/ (+1ms) 
23:12:09   ├─ /downloads/original/R-CURRENT-GUIDE.md/ (+1ms) 
23:12:09   ├─ /downloads/original/R-CURRENT-ILLUSTRATIONS.md/ (+1ms) 
23:12:09   ├─ /downloads/original/R-CURRENT-MATH.md/ (+1ms) 
23:12:09   ├─ /downloads/original/R-CURRENT-REGISTER.json/ (+0ms) 
23:12:09   ├─ /downloads/original/R-CURRENT-SCIENCE.md/ (+1ms) 
23:12:09   ├─ /downloads/original/R-CURRENT-WORLD.md/ (+0ms) 
23:12:09   ├─ /downloads/release.json/ (+0ms) 
23:12:09   ├─ /downloads/SHA256SUMS/ (+1ms) 
23:12:09   ├─ /downloads/unity-theory-publication-site-2026.10.05-first-test.zip/ (+2ms) 
23:12:09   ├─ /downloads/CITATION.cff/ (+1ms) 
23:12:09   ├─ /fixtures/math/index.html (+7ms) 
23:12:09   ├─ /legal/index.html (+3ms) 
23:12:09   ├─ /references/index.html (+7ms) 
23:12:09   ├─ /rss.xml (+2ms) 
23:12:09   ├─ /search/index.html (+2ms) 
23:12:09   ├─ /sitemap.xml (+1ms) 
23:12:09   ├─ /start/index.html (+15ms) 
23:12:09   ├─ /index.html (+45ms) 
23:12:09   ├─ /research-status/index.html (+41ms) 
23:12:09   ├─ /concepts/geometry-and-modes/index.html (+7ms) 
23:12:09   ├─ /documents/locked-core/index.html (+29ms) 
23:12:09   ├─ /changes/index.html (+8ms) 
23:12:09   ├─ /framework/index.html (+146ms) 
23:12:09   ├─ /math/index.html (+256ms) 
23:12:10   ├─ /open-problems/index.html (+7ms) 
23:12:10   ├─ /changes/source-history/index.html (+8ms) 
23:12:10   ├─ /documents/world-explanation/index.html (+113ms) 
23:12:10   ├─ /framework/recursive-background/index.html (+385ms) 
23:12:10   ├─ /math/illustrations/index.html (+86ms) 
23:12:10   ├─ /evidence/catalogue/index.html (+122ms) 
23:12:10   ├─ /research-status/claims/index.html (+15ms) 
23:12:10   ├─ /documents/reading-guide/index.html (+17ms) 
23:12:10   ├─ /documents/source-authority/index.html (+6ms) 
23:12:10   ├─ /documents/foundation-errata/index.html (+7ms) 
23:12:10   ├─ /claims/UT-D01/index.html (+6ms) 
23:12:10   ├─ /claims/UT-D02/index.html (+4ms) 
23:12:10   ├─ /claims/UT-D03/index.html (+5ms) 
23:12:10   ├─ /claims/UT-D04/index.html (+6ms) 
23:12:10   ├─ /claims/UT-D05/index.html (+3ms) 
23:12:10   ├─ /claims/UT-D06/index.html (+9ms) 
23:12:10   ├─ /claims/UT-D07/index.html (+5ms) 
23:12:10   ├─ /claims/UT-D08/index.html (+7ms) 
23:12:10   ├─ /claims/UT-D09/index.html (+6ms) 
23:12:10   ├─ /claims/UT-C01/index.html (+11ms) 
23:12:10   ├─ /claims/UT-C02/index.html (+3ms) 
23:12:10   ├─ /claims/UT-E101/index.html (+3ms) 
23:12:10   ├─ /claims/UT-E102/index.html (+3ms) 
23:12:10   ├─ /claims/UT-E103/index.html (+5ms) 
23:12:10   ├─ /claims/UT-E104/index.html (+4ms) 
23:12:10   ├─ /claims/UT-E105/index.html (+4ms) 
23:12:10   ├─ /claims/UT-E106/index.html (+3ms) 
23:12:10   ├─ /claims/UT-E107/index.html (+3ms) 
23:12:10   ├─ /claims/UT-E108/index.html (+4ms) 
23:12:10   ├─ /claims/UT-E109/index.html (+3ms) 
23:12:10   ├─ /claims/UT-E110/index.html (+4ms) 
23:12:10   ├─ /claims/UT-E111/index.html (+3ms) 
23:12:10   ├─ /claims/UT-E112/index.html (+6ms) 
23:12:10   ├─ /claims/UT-E113/index.html (+5ms) 
23:12:10   ├─ /claims/UT-E114/index.html (+3ms) 
23:12:10   ├─ /claims/UT-E115/index.html (+3ms) 
23:12:10   ├─ /claims/UT-E116/index.html (+2ms) 
23:12:10   ├─ /claims/UT-E117/index.html (+4ms) 
23:12:10   ├─ /claims/UT-E118/index.html (+3ms) 
23:12:10   ├─ /claims/UT-E119/index.html (+3ms) 
23:12:10   ├─ /claims/UT-E120/index.html (+4ms) 
23:12:10   ├─ /claims/UT-E121/index.html (+4ms) 
23:12:10   ├─ /claims/UT-E122/index.html (+5ms) 
23:12:10   ├─ /claims/UT-O101/index.html (+3ms) 
23:12:10   ├─ /claims/UT-O102/index.html (+3ms) 
23:12:10   ├─ /claims/UT-O103/index.html (+2ms) 
23:12:10   ├─ /claims/UT-O104/index.html (+3ms) 
23:12:11   ├─ /claims/UT-O105/index.html (+3ms) 
23:12:11   ├─ /claims/UT-O106/index.html (+3ms) 
23:12:11   ├─ /claims/UT-O107/index.html (+4ms) 
23:12:11   ├─ /claims/UT-O108/index.html (+3ms) 
23:12:11   ├─ /articles/how-existing-structures-make-new-organization-possible/index.html (+6ms) 
23:12:11   ├─ /articles/when-can-a-whole-be-treated-as-one-useful-unit/index.html (+25ms) 
23:12:11   ├─ /concepts/effective-interactions/index.html (+5ms) 
23:12:11   ├─ /concepts/recursion/index.html (+6ms) 
23:12:11   ├─ /concepts/stability/index.html (+5ms) 
23:12:11   ├─ /concepts/index.html (+5ms) 
23:12:11   ├─ /evidence/index.html (+9ms) 
23:12:11   ├─ /examples/cell/index.html (+4ms) 
23:12:11   ├─ /examples/life-environment/index.html (+5ms) 
23:12:11   ├─ /examples/molecule/index.html (+4ms) 
23:12:11   ├─ /examples/star/index.html (+4ms) 
23:12:11   ├─ /examples/string/index.html (+4ms) 
23:12:11   ├─ /examples/water/index.html (+3ms) 
23:12:11   ├─ /examples/index.html (+4ms) 
23:12:11   ├─ /evidence/source-links/index.html (+48ms) 
23:12:11   ├─ /documents/index.html (+21ms) 
23:12:11 ✓ Completed in 13.47s.

23:12:11 [build] ✓ Completed in 13.72s.
23:12:11 [build] 83 page(s) built in 21.32s
23:12:11 [build] Complete!
qualification artifact: /Users/new/RiderProjects/RPG_theory/dist/first-release-final/qualification-root; deployEligible=false
