23:07:36 [content] Syncing content
23:07:36 [content] Astro config changed
23:07:36 [content] Clearing content store
23:07:41 [content] Synced content
23:07:41 [types] Generated 5.44s
23:07:41 [build] output: "static"
23:07:41 [build] mode: "static"
23:07:41 [build] directory: /Users/new/RiderProjects/RPG_theory/dist/first-release-accepted/qualification-target/
23:07:41 [build] Collecting build info...
23:07:41 [build] ✓ Completed in 5.48s.
23:07:41 [build] Building static entrypoints...
23:07:41 [vite] ✓ built in 165ms
23:07:41 [vite] ✓ built in 12ms
23:07:41 [build] Rearranging server assets...

 generating static routes 
23:07:48   ├─ /404.html (+14ms) 
23:07:48   ├─ /about/index.html (+3ms) 
23:07:48   ├─ /articles/index.html (+3ms) 
23:07:48   ├─ /cite/index.html (+820ms) 
23:07:48   ├─ /downloads/THIRD-PARTY-NOTICES.txt/ (+3ms) 
23:07:48   ├─ /downloads/explanatory/DOC-STATUS.md/ (+1ms) 
23:07:48   ├─ /downloads/explanatory/DOC-CONCEPT-GEOMETRY.md/ (+2ms) 
23:07:48   ├─ /downloads/explanatory/DOC-CORE.md/ (+6ms) 
23:07:48   ├─ /downloads/explanatory/DOC-CONTROL.md/ (+14ms) 
23:07:48   ├─ /downloads/explanatory/DOC-FRAMEWORK.md/ (+2ms) 
23:07:48   ├─ /downloads/explanatory/DOC-MATH.md/ (+1ms) 
23:07:48   ├─ /downloads/explanatory/DOC-OPEN-PROBLEMS.md/ (+1ms) 
23:07:48   ├─ /downloads/explanatory/DOC-SOURCE-CHANGES.md/ (+2ms) 
23:07:48   ├─ /downloads/explanatory/DOC-WORLD.md/ (+1ms) 
23:07:48   ├─ /downloads/explanatory/DOC-BACKGROUND.md/ (+0ms) 
23:07:48   ├─ /downloads/explanatory/DOC-ILLUSTRATIONS.md/ (+1ms) 
23:07:48   ├─ /downloads/explanatory/DOC-CATALOGUE.md/ (+1ms) 
23:07:48   ├─ /downloads/explanatory/DOC-CLAIM-COVERAGE.md/ (+1ms) 
23:07:48   ├─ /downloads/explanatory/DOC-READING-GUIDE.md/ (+1ms) 
23:07:48   ├─ /downloads/explanatory/DOC-AUTHORITY.md/ (+1ms) 
23:07:48   ├─ /downloads/explanatory/DOC-FOUNDATION-ERRATA.md/ (+4ms) 
23:07:48   ├─ /downloads/explanatory/UT-D01.md/ (+4ms) 
23:07:48   ├─ /downloads/explanatory/UT-D02.md/ (+7ms) 
23:07:48   ├─ /downloads/explanatory/UT-D03.md/ (+1ms) 
23:07:48   ├─ /downloads/explanatory/UT-D04.md/ (+1ms) 
23:07:48   ├─ /downloads/explanatory/UT-D05.md/ (+4ms) 
23:07:48   ├─ /downloads/explanatory/UT-D06.md/ (+1ms) 
23:07:48   ├─ /downloads/explanatory/UT-D07.md/ (+0ms) 
23:07:48   ├─ /downloads/explanatory/UT-D08.md/ (+0ms) 
23:07:48   ├─ /downloads/explanatory/UT-D09.md/ (+0ms) 
23:07:48   ├─ /downloads/explanatory/UT-C01.md/ (+0ms) 
23:07:48   ├─ /downloads/explanatory/UT-C02.md/ (+0ms) 
23:07:48   ├─ /downloads/explanatory/UT-E101.md/ (+1ms) 
23:07:48   ├─ /downloads/explanatory/UT-E102.md/ (+9ms) 
23:07:48   ├─ /downloads/explanatory/UT-E103.md/ (+1ms) 
23:07:48   ├─ /downloads/explanatory/UT-E104.md/ (+0ms) 
23:07:48   ├─ /downloads/explanatory/UT-E105.md/ (+2ms) 
23:07:48   ├─ /downloads/explanatory/UT-E106.md/ (+0ms) 
23:07:48   ├─ /downloads/explanatory/UT-E107.md/ (+0ms) 
23:07:48   ├─ /downloads/explanatory/UT-E108.md/ (+0ms) 
23:07:48   ├─ /downloads/explanatory/UT-E109.md/ (+1ms) 
23:07:48   ├─ /downloads/explanatory/UT-E110.md/ (+1ms) 
23:07:48   ├─ /downloads/explanatory/UT-E111.md/ (+0ms) 
23:07:48   ├─ /downloads/explanatory/UT-E112.md/ (+1ms) 
23:07:49   ├─ /downloads/explanatory/UT-E113.md/ (+1ms) 
23:07:49   ├─ /downloads/explanatory/UT-E114.md/ (+3ms) 
23:07:49   ├─ /downloads/explanatory/UT-E115.md/ (+1ms) 
23:07:49   ├─ /downloads/explanatory/UT-E116.md/ (+3ms) 
23:07:49   ├─ /downloads/explanatory/UT-E117.md/ (+0ms) 
23:07:49   ├─ /downloads/explanatory/UT-E118.md/ (+4ms) 
23:07:49   ├─ /downloads/explanatory/UT-E119.md/ (+1ms) 
23:07:49   ├─ /downloads/explanatory/UT-E120.md/ (+0ms) 
23:07:49   ├─ /downloads/explanatory/UT-E121.md/ (+3ms) 
23:07:49   ├─ /downloads/explanatory/UT-E122.md/ (+0ms) 
23:07:49   ├─ /downloads/explanatory/UT-O101.md/ (+2ms) 
23:07:49   ├─ /downloads/explanatory/UT-O102.md/ (+3ms) 
23:07:49   ├─ /downloads/explanatory/UT-O103.md/ (+2ms) 
23:07:49   ├─ /downloads/explanatory/UT-O104.md/ (+3ms) 
23:07:49   ├─ /downloads/explanatory/UT-O105.md/ (+1ms) 
23:07:49   ├─ /downloads/explanatory/UT-O106.md/ (+2ms) 
23:07:49   ├─ /downloads/explanatory/UT-O107.md/ (+2ms) 
23:07:49   ├─ /downloads/explanatory/UT-O108.md/ (+2ms) 
23:07:49   ├─ /downloads/explanatory/DOC-ARTICLE-STRUCTURES.md/ (+1ms) 
23:07:49   ├─ /downloads/explanatory/DOC-ARTICLE-UNIT.md/ (+2ms) 
23:07:49   ├─ /downloads/explanatory/DOC-CONCEPT-INTERACTIONS.md/ (+2ms) 
23:07:49   ├─ /downloads/explanatory/DOC-CONCEPT-RECURSION.md/ (+1ms) 
23:07:49   ├─ /downloads/explanatory/DOC-CONCEPT-STABILITY.md/ (+1ms) 
23:07:49   ├─ /downloads/explanatory/DOC-CONCEPTS.md/ (+0ms) 
23:07:49   ├─ /downloads/explanatory/DOC-EVIDENCE.md/ (+0ms) 
23:07:49   ├─ /downloads/explanatory/DOC-EXAMPLE-CELL.md/ (+0ms) 
23:07:49   ├─ /downloads/explanatory/DOC-EXAMPLE-LIFE.md/ (+0ms) 
23:07:49   ├─ /downloads/explanatory/DOC-EXAMPLE-MOLECULE.md/ (+0ms) 
23:07:49   ├─ /downloads/explanatory/DOC-EXAMPLE-STAR.md/ (+1ms) 
23:07:49   ├─ /downloads/explanatory/DOC-EXAMPLE-STRING.md/ (+0ms) 
23:07:49   ├─ /downloads/explanatory/DOC-EXAMPLE-WATER.md/ (+0ms) 
23:07:49   ├─ /downloads/explanatory/DOC-EXAMPLES.md/ (+1ms) 
23:07:49   ├─ /downloads/explanatory/DOC-HOME.md/ (+0ms) 
23:07:49   ├─ /downloads/explanatory/DOC-SOURCE-LINKS.md/ (+0ms) 
23:07:49   ├─ /downloads/explanatory/DOC-START.md/ (+1ms) 
23:07:49   ├─ /downloads/explanatory/DOC-LIBRARY.md/ (+0ms) 
23:07:49   ├─ /downloads/original/R-CURRENT-AUDIT.md/ (+3ms) 
23:07:49   ├─ /downloads/original/R-CURRENT-AUTHORITY.md/ (+1ms) 
23:07:49   ├─ /downloads/original/R-CURRENT-BACKGROUND.md/ (+0ms) 
23:07:49   ├─ /downloads/original/R-CURRENT-CATALOGUE.md/ (+1ms) 
23:07:49   ├─ /downloads/original/R-CURRENT-CHANGELOG.md/ (+0ms) 
23:07:49   ├─ /downloads/original/R-CURRENT-CHECKS-PACKAGE-VALIDATION-JSON.json/ (+1ms) 
23:07:49   ├─ /downloads/original/R-CURRENT-CHECKS-VERIFICATION-RESULTS-JSON.json/ (+0ms) 
23:07:49   ├─ /downloads/original/R-CURRENT-CHECKS-VERIFY-SMALL-RESULTS-PY.py/ (+0ms) 
23:07:49   ├─ /downloads/original/R-CURRENT-CLAIMS.md/ (+1ms) 
23:07:49   ├─ /downloads/original/R-CURRENT-CONTROL.md/ (+0ms) 
23:07:49   ├─ /downloads/original/R-CURRENT-CORE.md/ (+1ms) 
23:07:49   ├─ /downloads/original/R-CURRENT-FOUNDATIONS-ERRATA-MD.md/ (+0ms) 
23:07:49   ├─ /downloads/original/R-CURRENT-GUIDE.md/ (+0ms) 
23:07:49   ├─ /downloads/original/R-CURRENT-ILLUSTRATIONS.md/ (+1ms) 
23:07:49   ├─ /downloads/original/R-CURRENT-MATH.md/ (+0ms) 
23:07:49   ├─ /downloads/original/R-CURRENT-REGISTER.json/ (+1ms) 
23:07:49   ├─ /downloads/original/R-CURRENT-SCIENCE.md/ (+6ms) 
23:07:49   ├─ /downloads/original/R-CURRENT-WORLD.md/ (+1ms) 
23:07:49   ├─ /downloads/release.json/ (+0ms) 
23:07:49   ├─ /downloads/SHA256SUMS/ (+0ms) 
23:07:49   ├─ /downloads/unity-theory-publication-site-2026.10.05-first-test.zip/ (+1ms) 
23:07:49   ├─ /downloads/CITATION.cff/ (+0ms) 
23:07:49   ├─ /fixtures/math/index.html (+7ms) 
23:07:49   ├─ /legal/index.html (+3ms) 
23:07:49   ├─ /references/index.html (+4ms) 
23:07:49   ├─ /rss.xml (+1ms) 
23:07:49   ├─ /search/index.html (+3ms) 
23:07:49   ├─ /sitemap.xml (+3ms) 
23:07:49   ├─ /start/index.html (+12ms) 
23:07:49   ├─ /index.html (+17ms) 
23:07:49   ├─ /research-status/index.html (+29ms) 
23:07:49   ├─ /concepts/geometry-and-modes/index.html (+5ms) 
23:07:49   ├─ /documents/locked-core/index.html (+23ms) 
23:07:49   ├─ /changes/index.html (+10ms) 
23:07:49   ├─ /framework/index.html (+105ms) 
23:07:49   ├─ /math/index.html (+154ms) 
23:07:49   ├─ /open-problems/index.html (+9ms) 
23:07:49   ├─ /changes/source-history/index.html (+6ms) 
23:07:49   ├─ /documents/world-explanation/index.html (+47ms) 
23:07:49   ├─ /framework/recursive-background/index.html (+177ms) 
23:07:49   ├─ /math/illustrations/index.html (+56ms) 
23:07:49   ├─ /evidence/catalogue/index.html (+45ms) 
23:07:49   ├─ /research-status/claims/index.html (+13ms) 
23:07:49   ├─ /documents/reading-guide/index.html (+14ms) 
23:07:49   ├─ /documents/source-authority/index.html (+5ms) 
23:07:49   ├─ /documents/foundation-errata/index.html (+6ms) 
23:07:49   ├─ /claims/UT-D01/index.html (+3ms) 
23:07:49   ├─ /claims/UT-D02/index.html (+3ms) 
23:07:49   ├─ /claims/UT-D03/index.html (+3ms) 
23:07:49   ├─ /claims/UT-D04/index.html (+3ms) 
23:07:49   ├─ /claims/UT-D05/index.html (+2ms) 
23:07:49   ├─ /claims/UT-D06/index.html (+4ms) 
23:07:49   ├─ /claims/UT-D07/index.html (+3ms) 
23:07:49   ├─ /claims/UT-D08/index.html (+4ms) 
23:07:49   ├─ /claims/UT-D09/index.html (+3ms) 
23:07:49   ├─ /claims/UT-C01/index.html (+2ms) 
23:07:49   ├─ /claims/UT-C02/index.html (+2ms) 
23:07:49   ├─ /claims/UT-E101/index.html (+3ms) 
23:07:49   ├─ /claims/UT-E102/index.html (+2ms) 
23:07:49   ├─ /claims/UT-E103/index.html (+2ms) 
23:07:49   ├─ /claims/UT-E104/index.html (+3ms) 
23:07:49   ├─ /claims/UT-E105/index.html (+4ms) 
23:07:49   ├─ /claims/UT-E106/index.html (+3ms) 
23:07:49   ├─ /claims/UT-E107/index.html (+2ms) 
23:07:49   ├─ /claims/UT-E108/index.html (+2ms) 
23:07:49   ├─ /claims/UT-E109/index.html (+3ms) 
23:07:49   ├─ /claims/UT-E110/index.html (+2ms) 
23:07:49   ├─ /claims/UT-E111/index.html (+2ms) 
23:07:49   ├─ /claims/UT-E112/index.html (+3ms) 
23:07:49   ├─ /claims/UT-E113/index.html (+3ms) 
23:07:49   ├─ /claims/UT-E114/index.html (+3ms) 
23:07:49   ├─ /claims/UT-E115/index.html (+3ms) 
23:07:49   ├─ /claims/UT-E116/index.html (+3ms) 
23:07:49   ├─ /claims/UT-E117/index.html (+3ms) 
23:07:49   ├─ /claims/UT-E118/index.html (+3ms) 
23:07:49   ├─ /claims/UT-E119/index.html (+3ms) 
23:07:49   ├─ /claims/UT-E120/index.html (+3ms) 
23:07:49   ├─ /claims/UT-E121/index.html (+3ms) 
23:07:49   ├─ /claims/UT-E122/index.html (+3ms) 
23:07:49   ├─ /claims/UT-O101/index.html (+2ms) 
23:07:49   ├─ /claims/UT-O102/index.html (+2ms) 
23:07:49   ├─ /claims/UT-O103/index.html (+2ms) 
23:07:49   ├─ /claims/UT-O104/index.html (+2ms) 
23:07:49   ├─ /claims/UT-O105/index.html (+2ms) 
23:07:49   ├─ /claims/UT-O106/index.html (+1ms) 
23:07:49   ├─ /claims/UT-O107/index.html (+2ms) 
23:07:49   ├─ /claims/UT-O108/index.html (+2ms) 
23:07:49   ├─ /articles/how-existing-structures-make-new-organization-possible/index.html (+4ms) 
23:07:49   ├─ /articles/when-can-a-whole-be-treated-as-one-useful-unit/index.html (+5ms) 
23:07:49   ├─ /concepts/effective-interactions/index.html (+4ms) 
23:07:49   ├─ /concepts/recursion/index.html (+4ms) 
23:07:49   ├─ /concepts/stability/index.html (+4ms) 
23:07:49   ├─ /concepts/index.html (+3ms) 
23:07:49   ├─ /evidence/index.html (+7ms) 
23:07:49   ├─ /examples/cell/index.html (+3ms) 
23:07:49   ├─ /examples/life-environment/index.html (+3ms) 
23:07:49   ├─ /examples/molecule/index.html (+3ms) 
23:07:49   ├─ /examples/star/index.html (+3ms) 
23:07:49   ├─ /examples/string/index.html (+3ms) 
23:07:49   ├─ /examples/water/index.html (+2ms) 
23:07:49   ├─ /examples/index.html (+4ms) 
23:07:49   ├─ /evidence/source-links/index.html (+49ms) 
23:07:50   ├─ /documents/index.html (+30ms) 
23:07:50 ✓ Completed in 8.26s.

23:07:50 [build] ✓ Completed in 8.48s.
23:07:50 [build] 83 page(s) built in 13.96s
23:07:50 [build] Complete!
qualification artifact: /Users/new/RiderProjects/RPG_theory/dist/first-release-accepted/qualification-target; deployEligible=false
