node:internal/modules/run_main:107
    triggerUncaughtException(
    ^

AssertionError [ERR_ASSERTION]: Expected values to be strictly equal:
+ actual - expected

+ 'BASE_PATH_FAILURE'
- 'UNSAFE_OUTPUT_URL'

    at <anonymous> (/Users/new/RiderProjects/RPG_theory/docs/evidence/m1/qf1011-separate-review/final-check.ts:62:83)
    at Array.map (<anonymous>)
    at <anonymous> (/Users/new/RiderProjects/RPG_theory/docs/evidence/m1/qf1011-separate-review/final-check.ts:57:45)
    at Array.flatMap (<anonymous>)
    at <anonymous> (/Users/new/RiderProjects/RPG_theory/docs/evidence/m1/qf1011-separate-review/final-check.ts:57:24)
    at ModuleJob.run (node:internal/modules/esm/module_job:439:25)
    at async node:internal/modules/esm/loader:643:26
    at async asyncRunEntryPointWithESMLoader (node:internal/modules/run_main:101:5) {
  generatedMessage: true,
  code: 'ERR_ASSERTION',
  actual: 'BASE_PATH_FAILURE',
  expected: 'UNSAFE_OUTPUT_URL',
  operator: 'strictEqual',
  diff: 'simple'
}

Node.js v24.18.0
