
> unity-theory@0.0.1 build
> tsx scripts/build.ts --mode preview --output dist/m3-root

20:41:18 [content] Syncing content
20:41:18 [content] Astro config changed
20:41:18 [content] Clearing content store
20:41:19 [content] Synced content
20:41:19 [types] Generated 1.65s
20:41:19 [build] output: "static"
20:41:19 [build] mode: "static"
20:41:19 [build] directory: /Users/new/RiderProjects/RPG_theory/dist/m3-root/
20:41:19 [build] Collecting build info...
20:41:19 [build] ✓ Completed in 1.81s.
20:41:19 [build] Building static entrypoints...
20:41:19 [vite] ✓ built in 424ms
20:41:19 [vite] ✓ built in 40ms
20:41:19 [build] Rearranging server assets...

 generating static routes 
20:41:20   ├─ /404.html (+13ms) 
20:41:20   ├─ /fixtures/math/index.html (+32ms) 
20:41:20   ├─ /references/index.html (+4ms) 
20:41:20   ├─ /start/index.html (+9ms) 
20:41:20   ├─ /index.html (+40ms) 
20:41:20   ├─ /research-status/index.html (+23ms) 
20:41:20   ├─ /research-status/proof-matrix/index.html (+8ms) 
20:41:20   ├─ /concepts/geometry-and-modes/index.html (+7ms) 
20:41:20   ├─ /documents/locked-core/index.html (+81ms) 
20:41:20   ├─ /changes/index.html (+12ms) 
20:41:20   ├─ /framework/index.html (+139ms) 
20:41:20   ├─ /math/index.html (+352ms) 
20:41:21   ├─ /evidence/interactions/index.html (+22ms) 
20:41:21   ├─ /evidence/additional/index.html (+39ms) 
20:41:21   ├─ /open-problems/index.html (+5ms) 
20:41:21   ├─ /changes/source-history/index.html (+5ms) 
20:41:21   ├─ /claims/UT-D01/index.html (+11ms) 
20:41:21   ├─ /claims/UT-D02/index.html (+5ms) 
20:41:21   ├─ /claims/UT-D03/index.html (+3ms) 
20:41:21   ├─ /claims/UT-D04/index.html (+3ms) 
20:41:21   ├─ /claims/UT-D05/index.html (+22ms) 
20:41:21   ├─ /claims/UT-D06/index.html (+5ms) 
20:41:21   ├─ /claims/UT-D07/index.html (+5ms) 
20:41:21   ├─ /claims/UT-D08/index.html (+6ms) 
20:41:21   ├─ /claims/UT-D09/index.html (+3ms) 
20:41:21   ├─ /claims/UT-C01/index.html (+2ms) 
20:41:21   ├─ /claims/UT-C02/index.html (+4ms) 
20:41:21   ├─ /claims/UT-O01/index.html (+2ms) 
20:41:21   ├─ /claims/UT-O02/index.html (+2ms) 
20:41:21   ├─ /claims/UT-O03/index.html (+2ms) 
20:41:21   ├─ /claims/UT-O04/index.html (+2ms) 
20:41:21   ├─ /claims/UT-O05/index.html (+2ms) 
20:41:21   ├─ /claims/UT-O06/index.html (+6ms) 
20:41:21   ├─ /claims/UT-E01/index.html (+4ms) 
20:41:21   ├─ /claims/UT-E02/index.html (+3ms) 
20:41:21   ├─ /claims/UT-E03/index.html (+3ms) 
20:41:21   ├─ /claims/UT-E04/index.html (+4ms) 
20:41:21   ├─ /claims/UT-E05/index.html (+5ms) 
20:41:21   ├─ /claims/UT-E06/index.html (+3ms) 
20:41:21   ├─ /claims/UT-E07/index.html (+4ms) 
20:41:21   ├─ /claims/UT-E08/index.html (+14ms) 
20:41:21   ├─ /claims/UT-E09/index.html (+5ms) 
20:41:21   ├─ /claims/UT-E10/index.html (+8ms) 
20:41:21   ├─ /claims/UT-E11/index.html (+5ms) 
20:41:21   ├─ /claims/UT-E12/index.html (+24ms) 
20:41:21   ├─ /concepts/effective-interactions/index.html (+15ms) 
20:41:21   ├─ /concepts/recursion/index.html (+5ms) 
20:41:21   ├─ /concepts/stability/index.html (+5ms) 
20:41:21   ├─ /concepts/index.html (+6ms) 
20:41:21   ├─ /evidence/index.html (+10ms) 
20:41:21   ├─ /examples/cell/index.html (+4ms) 
20:41:21   ├─ /examples/life-environment/index.html (+3ms) 
20:41:21   ├─ /examples/molecule/index.html (+6ms) 
20:41:21   ├─ /examples/star/index.html (+3ms) 
20:41:21   ├─ /examples/string/index.html (+3ms) 
20:41:21   ├─ /examples/water/index.html (+2ms) 
20:41:21   ├─ /examples/index.html (+4ms) 
20:41:21   ├─ /documents/index.html (+4ms) 
20:41:21 ✓ Completed in 1.67s.

20:41:21 [build] ✓ Completed in 2.17s.
20:41:21 [build] 58 page(s) built in 4.00s
20:41:21 [build] Complete!
Private preview artifact: /Users/new/RiderProjects/RPG_theory/dist/m3-root; deployEligible=false
