✔ M2 examples and concepts use the admitted source edition and explicit original-source mappings (1.007375ms)
✔ M2 misleading editorial candidates are surfaced and cannot become a qualified selection without independent review (2924.363125ms)
✔ the real interaction relation is a display equation with an accessible local scrolling region (36.12375ms)
✔ optional beginner source details preserve visible proposal, correction, explanation and limits (2.024208ms)
✔ M2 rendering changes invalidate preserved predecessor decisions independently of later bounded reviews (572.546417ms)
✔ M3 technical readings extract each complete original body with retained addenda and source provenance (733.806625ms)
✔ M3 evidence retains all source-local entries, bibliography identities and reported access limitations (10.118125ms)
✔ open questions and status preserve actual 04/06 mapping and separate model failure tests from definitions (9.480291ms)
✔ technical guides use actual heading anchors and selected routes at both bases (3692.508125ms)
✔ M3 preserves issued decisions without turning new readings or builds into approvals (9.567875ms)
✔ intake contentReview accepted cannot qualify actual or synthetic bytes; historical approvals stay separate (1250.497667ms)
✔ hashed exact fidelity evidence is required; scientific approval or request-only data cannot substitute (870.02175ms)
✔ bounded fidelity decisions need no linked scientific acceptance; dependency changes still stale the decision (558.975542ms)
✔ complete isolated fidelity inventory derives qualification, while synthetic scope and missing reviews refuse it (455.440958ms)
✔ null, primitive and incomplete stale evidence fail with the intended typed diagnostic (466.4705ms)
✔ review dates cannot predate the reviewed material, including dependency updates (650.938916ms)
✔ receipt paths reject traversal, symlink files and symlink ancestors (592.348666ms)
✔ review inputs independently capture rendered plain language and the actual home projection without aliasing (360.347334ms)
✔ stale decisions retain internally coherent dates, source excerpts, dependencies and projection reads (6215.713875ms)
✔ receipt paths reject control characters even when a matching regular file exists (251.22725ms)
✔ a real loader roundtrip validates hashed decisions and qualifies only the reviewed selection, ignoring unrelated drafts and historical scientific registry bytes (8027.640708ms)
ℹ tests 21
ℹ suites 0
ℹ pass 21
ℹ fail 0
ℹ cancelled 0
ℹ skipped 0
ℹ todo 0
ℹ duration_ms 20666.388834
