23:28:16 [content] Syncing content
23:28:16 [content] Astro config changed
23:28:16 [content] Clearing content store
23:28:17 [content] Synced content
23:28:17 [types] Generated 2.32s
23:28:17 [build] output: "static"
23:28:17 [build] mode: "static"
23:28:17 [build] directory: /Users/new/RiderProjects/RPG_theory/dist/m4-acceptance/preview-subpath/
23:28:17 [build] Collecting build info...
23:28:17 [build] ✓ Completed in 2.36s.
23:28:17 [build] Building static entrypoints...
23:28:18 [vite] ✓ built in 564ms
23:28:18 [vite] ✓ built in 39ms
23:28:18 [build] Rearranging server assets...

 generating static routes 
23:28:21   ├─ /404.html (+83ms) 
23:28:22   ├─ /articles/index.html (+3ms) 
23:28:22   ├─ /cite/index.html (+857ms) 
23:28:22   ├─ /downloads/explanatory/DOC-STATUS.md/ (+9ms) 
23:28:22   ├─ /downloads/explanatory/DOC-PROOF.md/ (+3ms) 
23:28:22   ├─ /downloads/explanatory/DOC-CONCEPT-GEOMETRY.md/ (+3ms) 
23:28:22   ├─ /downloads/explanatory/DOC-CORE.md/ (+3ms) 
23:28:22   ├─ /downloads/explanatory/DOC-CONTROL.md/ (+3ms) 
23:28:22   ├─ /downloads/explanatory/DOC-FRAMEWORK.md/ (+3ms) 
23:28:22   ├─ /downloads/explanatory/DOC-MATH.md/ (+4ms) 
23:28:22   ├─ /downloads/explanatory/DOC-INTERACTION-EVIDENCE.md/ (+2ms) 
23:28:22   ├─ /downloads/explanatory/DOC-ADDITIONAL-EVIDENCE.md/ (+5ms) 
23:28:22   ├─ /downloads/explanatory/DOC-OPEN-PROBLEMS.md/ (+2ms) 
23:28:22   ├─ /downloads/explanatory/DOC-SOURCE-CHANGES.md/ (+1ms) 
23:28:22   ├─ /downloads/explanatory/UT-D01.md/ (+1ms) 
23:28:22   ├─ /downloads/explanatory/UT-D02.md/ (+2ms) 
23:28:22   ├─ /downloads/explanatory/UT-D03.md/ (+1ms) 
23:28:22   ├─ /downloads/explanatory/UT-D04.md/ (+1ms) 
23:28:22   ├─ /downloads/explanatory/UT-D05.md/ (+1ms) 
23:28:22   ├─ /downloads/explanatory/UT-D06.md/ (+2ms) 
23:28:22   ├─ /downloads/explanatory/UT-D07.md/ (+1ms) 
23:28:22   ├─ /downloads/explanatory/UT-D08.md/ (+1ms) 
23:28:22   ├─ /downloads/explanatory/UT-D09.md/ (+1ms) 
23:28:22   ├─ /downloads/explanatory/UT-C01.md/ (+1ms) 
23:28:22   ├─ /downloads/explanatory/UT-C02.md/ (+1ms) 
23:28:22   ├─ /downloads/explanatory/UT-O01.md/ (+1ms) 
23:28:22   ├─ /downloads/explanatory/UT-O02.md/ (+1ms) 
23:28:22   ├─ /downloads/explanatory/UT-O03.md/ (+1ms) 
23:28:22   ├─ /downloads/explanatory/UT-O04.md/ (+1ms) 
23:28:22   ├─ /downloads/explanatory/UT-O05.md/ (+0ms) 
23:28:22   ├─ /downloads/explanatory/UT-O06.md/ (+1ms) 
23:28:22   ├─ /downloads/explanatory/UT-E01.md/ (+2ms) 
23:28:22   ├─ /downloads/explanatory/UT-E02.md/ (+1ms) 
23:28:22   ├─ /downloads/explanatory/UT-E03.md/ (+2ms) 
23:28:22   ├─ /downloads/explanatory/UT-E04.md/ (+2ms) 
23:28:22   ├─ /downloads/explanatory/UT-E05.md/ (+34ms) 
23:28:23   ├─ /downloads/explanatory/UT-E06.md/ (+4ms) 
23:28:23   ├─ /downloads/explanatory/UT-E07.md/ (+1ms) 
23:28:23   ├─ /downloads/explanatory/UT-E08.md/ (+1ms) 
23:28:23   ├─ /downloads/explanatory/UT-E09.md/ (+1ms) 
23:28:23   ├─ /downloads/explanatory/UT-E10.md/ (+2ms) 
23:28:23   ├─ /downloads/explanatory/UT-E11.md/ (+1ms) 
23:28:23   ├─ /downloads/explanatory/UT-E12.md/ (+1ms) 
23:28:23   ├─ /downloads/explanatory/DOC-ARTICLE-STRUCTURES.md/ (+1ms) 
23:28:23   ├─ /downloads/explanatory/DOC-ARTICLE-UNIT.md/ (+1ms) 
23:28:23   ├─ /downloads/explanatory/DOC-CONCEPT-INTERACTIONS.md/ (+1ms) 
23:28:23   ├─ /downloads/explanatory/DOC-CONCEPT-RECURSION.md/ (+2ms) 
23:28:23   ├─ /downloads/explanatory/DOC-CONCEPT-STABILITY.md/ (+2ms) 
23:28:23   ├─ /downloads/explanatory/DOC-CONCEPTS.md/ (+2ms) 
23:28:23   ├─ /downloads/explanatory/DOC-EVIDENCE.md/ (+3ms) 
23:28:23   ├─ /downloads/explanatory/DOC-EXAMPLE-CELL.md/ (+4ms) 
23:28:23   ├─ /downloads/explanatory/DOC-EXAMPLE-LIFE.md/ (+4ms) 
23:28:23   ├─ /downloads/explanatory/DOC-EXAMPLE-MOLECULE.md/ (+6ms) 
23:28:23   ├─ /downloads/explanatory/DOC-EXAMPLE-STAR.md/ (+4ms) 
23:28:23   ├─ /downloads/explanatory/DOC-EXAMPLE-STRING.md/ (+2ms) 
23:28:23   ├─ /downloads/explanatory/DOC-EXAMPLE-WATER.md/ (+1ms) 
23:28:23   ├─ /downloads/explanatory/DOC-EXAMPLES.md/ (+1ms) 
23:28:23   ├─ /downloads/explanatory/DOC-HOME.md/ (+1ms) 
23:28:23   ├─ /downloads/explanatory/DOC-START.md/ (+1ms) 
23:28:23   ├─ /downloads/explanatory/DOC-LIBRARY.md/ (+3ms) 
23:28:23   ├─ /downloads/original/R-CURRENT-ADDITIONAL.md/ (+3ms) 
23:28:23   ├─ /downloads/original/R-CURRENT-CHANGELOG.md/ (+2ms) 
23:28:23   ├─ /downloads/original/R-CURRENT-CONTROL.md/ (+2ms) 
23:28:23   ├─ /downloads/original/R-CURRENT-CORE.md/ (+3ms) 
23:28:23   ├─ /downloads/original/R-CURRENT-INTERACTIONS.md/ (+5ms) 
23:28:23   ├─ /downloads/original/R-CURRENT-MATH.md/ (+3ms) 
23:28:23   ├─ /downloads/original/R-CURRENT-PROOF.md/ (+3ms) 
23:28:23   ├─ /downloads/original/R-CURRENT-SCIENCE.md/ (+2ms) 
23:28:23   ├─ /downloads/original/R-CURRENT-STATUS.md/ (+3ms) 
23:28:23   ├─ /downloads/original/R-CURRENT-WORLD.md/ (+2ms) 
23:28:23   ├─ /downloads/release.json/ (+1ms) 
23:28:23   ├─ /downloads/SHA256SUMS/ (+1ms) 
23:28:23   ├─ /downloads/unity-theory-publication-site-2026.10.04-m4-private-preview.zip/ (+2ms) 
23:28:23   ├─ /fixtures/math/index.html (+67ms) 
23:28:23   ├─ /references/index.html (+15ms) 
23:28:23   ├─ /rss.xml (+20ms) 
23:28:23   ├─ /start/index.html (+30ms) 
23:28:23   ├─ /index.html (+55ms) 
23:28:23   ├─ /research-status/index.html (+30ms) 
23:28:23   ├─ /research-status/proof-matrix/index.html (+26ms) 
23:28:23   ├─ /concepts/geometry-and-modes/index.html (+8ms) 
23:28:23   ├─ /documents/locked-core/index.html (+28ms) 
23:28:23   ├─ /changes/index.html (+7ms) 
23:28:23   ├─ /framework/index.html (+219ms) 
23:28:23   ├─ /math/index.html (+380ms) 
23:28:23   ├─ /evidence/interactions/index.html (+77ms) 
23:28:24   ├─ /evidence/additional/index.html (+39ms) 
23:28:24   ├─ /open-problems/index.html (+8ms) 
23:28:24   ├─ /changes/source-history/index.html (+15ms) 
23:28:24   ├─ /claims/UT-D01/index.html (+18ms) 
23:28:24   ├─ /claims/UT-D02/index.html (+5ms) 
23:28:24   ├─ /claims/UT-D03/index.html (+6ms) 
23:28:24   ├─ /claims/UT-D04/index.html (+4ms) 
23:28:24   ├─ /claims/UT-D05/index.html (+4ms) 
23:28:24   ├─ /claims/UT-D06/index.html (+5ms) 
23:28:24   ├─ /claims/UT-D07/index.html (+9ms) 
23:28:24   ├─ /claims/UT-D08/index.html (+5ms) 
23:28:24   ├─ /claims/UT-D09/index.html (+3ms) 
23:28:24   ├─ /claims/UT-C01/index.html (+4ms) 
23:28:24   ├─ /claims/UT-C02/index.html (+2ms) 
23:28:24   ├─ /claims/UT-O01/index.html (+3ms) 
23:28:24   ├─ /claims/UT-O02/index.html (+6ms) 
23:28:24   ├─ /claims/UT-O03/index.html (+3ms) 
23:28:24   ├─ /claims/UT-O04/index.html (+2ms) 
23:28:24   ├─ /claims/UT-O05/index.html (+2ms) 
23:28:24   ├─ /claims/UT-O06/index.html (+2ms) 
23:28:24   ├─ /claims/UT-E01/index.html (+4ms) 
23:28:24   ├─ /claims/UT-E02/index.html (+3ms) 
23:28:24   ├─ /claims/UT-E03/index.html (+6ms) 
23:28:24   ├─ /claims/UT-E04/index.html (+20ms) 
23:28:24   ├─ /claims/UT-E05/index.html (+46ms) 
23:28:24   ├─ /claims/UT-E06/index.html (+13ms) 
23:28:24   ├─ /claims/UT-E07/index.html (+10ms) 
23:28:24   ├─ /claims/UT-E08/index.html (+4ms) 
23:28:24   ├─ /claims/UT-E09/index.html (+4ms) 
23:28:24   ├─ /claims/UT-E10/index.html (+6ms) 
23:28:24   ├─ /claims/UT-E11/index.html (+8ms) 
23:28:24   ├─ /claims/UT-E12/index.html (+5ms) 
23:28:24   ├─ /articles/how-existing-structures-make-new-organization-possible/index.html (+5ms) 
23:28:24   ├─ /articles/when-can-a-whole-be-treated-as-one-useful-unit/index.html (+26ms) 
23:28:24   ├─ /concepts/effective-interactions/index.html (+40ms) 
23:28:24   ├─ /concepts/recursion/index.html (+16ms) 
23:28:24   ├─ /concepts/stability/index.html (+9ms) 
23:28:24   ├─ /concepts/index.html (+7ms) 
23:28:24   ├─ /evidence/index.html (+12ms) 
23:28:24   ├─ /examples/cell/index.html (+5ms) 
23:28:24   ├─ /examples/life-environment/index.html (+6ms) 
23:28:24   ├─ /examples/molecule/index.html (+5ms) 
23:28:24   ├─ /examples/star/index.html (+82ms) 
23:28:24   ├─ /examples/string/index.html (+14ms) 
23:28:24   ├─ /examples/water/index.html (+3ms) 
23:28:24   ├─ /examples/index.html (+4ms) 
23:28:24   ├─ /documents/index.html (+53ms) 
23:28:24 ✓ Completed in 6.26s.

23:28:24 [build] ✓ Completed in 6.94s.
23:28:24 [build] 62 page(s) built in 9.30s
23:28:24 [build] Complete!
Private preview artifact: /Users/new/RiderProjects/RPG_theory/dist/m4-acceptance/preview-subpath; deployEligible=false
