23:27:46 [content] Syncing content
23:27:46 [content] Synced content
23:27:46 [types] Generated 1.81s
23:27:46 [build] output: "static"
23:27:46 [build] mode: "static"
23:27:46 [build] directory: /Users/new/RiderProjects/RPG_theory/dist/m4-acceptance/preview-root/
23:27:46 [build] Collecting build info...
23:27:46 [build] ✓ Completed in 1.82s.
23:27:46 [build] Building static entrypoints...
23:27:47 [vite] ✓ built in 349ms
23:27:47 [vite] ✓ built in 31ms
23:27:47 [build] Rearranging server assets...

 generating static routes 
23:27:49   ├─ /404.html (+42ms) 
23:27:49   ├─ /articles/index.html (+4ms) 
23:27:49   ├─ /cite/index.html (+529ms) 
23:27:49   ├─ /downloads/explanatory/DOC-STATUS.md/ (+10ms) 
23:27:49   ├─ /downloads/explanatory/DOC-PROOF.md/ (+1ms) 
23:27:49   ├─ /downloads/explanatory/DOC-CONCEPT-GEOMETRY.md/ (+1ms) 
23:27:49   ├─ /downloads/explanatory/DOC-CORE.md/ (+2ms) 
23:27:49   ├─ /downloads/explanatory/DOC-CONTROL.md/ (+2ms) 
23:27:49   ├─ /downloads/explanatory/DOC-FRAMEWORK.md/ (+2ms) 
23:27:49   ├─ /downloads/explanatory/DOC-MATH.md/ (+3ms) 
23:27:49   ├─ /downloads/explanatory/DOC-INTERACTION-EVIDENCE.md/ (+1ms) 
23:27:49   ├─ /downloads/explanatory/DOC-ADDITIONAL-EVIDENCE.md/ (+2ms) 
23:27:49   ├─ /downloads/explanatory/DOC-OPEN-PROBLEMS.md/ (+1ms) 
23:27:49   ├─ /downloads/explanatory/DOC-SOURCE-CHANGES.md/ (+1ms) 
23:27:49   ├─ /downloads/explanatory/UT-D01.md/ (+1ms) 
23:27:49   ├─ /downloads/explanatory/UT-D02.md/ (+2ms) 
23:27:49   ├─ /downloads/explanatory/UT-D03.md/ (+1ms) 
23:27:49   ├─ /downloads/explanatory/UT-D04.md/ (+1ms) 
23:27:49   ├─ /downloads/explanatory/UT-D05.md/ (+0ms) 
23:27:49   ├─ /downloads/explanatory/UT-D06.md/ (+0ms) 
23:27:49   ├─ /downloads/explanatory/UT-D07.md/ (+0ms) 
23:27:49   ├─ /downloads/explanatory/UT-D08.md/ (+1ms) 
23:27:49   ├─ /downloads/explanatory/UT-D09.md/ (+1ms) 
23:27:49   ├─ /downloads/explanatory/UT-C01.md/ (+2ms) 
23:27:49   ├─ /downloads/explanatory/UT-C02.md/ (+1ms) 
23:27:49   ├─ /downloads/explanatory/UT-O01.md/ (+1ms) 
23:27:49   ├─ /downloads/explanatory/UT-O02.md/ (+1ms) 
23:27:49   ├─ /downloads/explanatory/UT-O03.md/ (+1ms) 
23:27:49   ├─ /downloads/explanatory/UT-O04.md/ (+3ms) 
23:27:49   ├─ /downloads/explanatory/UT-O05.md/ (+2ms) 
23:27:49   ├─ /downloads/explanatory/UT-O06.md/ (+1ms) 
23:27:49   ├─ /downloads/explanatory/UT-E01.md/ (+1ms) 
23:27:49   ├─ /downloads/explanatory/UT-E02.md/ (+1ms) 
23:27:49   ├─ /downloads/explanatory/UT-E03.md/ (+1ms) 
23:27:49   ├─ /downloads/explanatory/UT-E04.md/ (+1ms) 
23:27:49   ├─ /downloads/explanatory/UT-E05.md/ (+1ms) 
23:27:49   ├─ /downloads/explanatory/UT-E06.md/ (+0ms) 
23:27:49   ├─ /downloads/explanatory/UT-E07.md/ (+0ms) 
23:27:49   ├─ /downloads/explanatory/UT-E08.md/ (+0ms) 
23:27:49   ├─ /downloads/explanatory/UT-E09.md/ (+1ms) 
23:27:49   ├─ /downloads/explanatory/UT-E10.md/ (+1ms) 
23:27:49   ├─ /downloads/explanatory/UT-E11.md/ (+1ms) 
23:27:49   ├─ /downloads/explanatory/UT-E12.md/ (+1ms) 
23:27:49   ├─ /downloads/explanatory/DOC-ARTICLE-STRUCTURES.md/ (+0ms) 
23:27:49   ├─ /downloads/explanatory/DOC-ARTICLE-UNIT.md/ (+0ms) 
23:27:49   ├─ /downloads/explanatory/DOC-CONCEPT-INTERACTIONS.md/ (+1ms) 
23:27:49   ├─ /downloads/explanatory/DOC-CONCEPT-RECURSION.md/ (+1ms) 
23:27:49   ├─ /downloads/explanatory/DOC-CONCEPT-STABILITY.md/ (+1ms) 
23:27:49   ├─ /downloads/explanatory/DOC-CONCEPTS.md/ (+1ms) 
23:27:49   ├─ /downloads/explanatory/DOC-EVIDENCE.md/ (+1ms) 
23:27:49   ├─ /downloads/explanatory/DOC-EXAMPLE-CELL.md/ (+1ms) 
23:27:49   ├─ /downloads/explanatory/DOC-EXAMPLE-LIFE.md/ (+1ms) 
23:27:49   ├─ /downloads/explanatory/DOC-EXAMPLE-MOLECULE.md/ (+1ms) 
23:27:49   ├─ /downloads/explanatory/DOC-EXAMPLE-STAR.md/ (+1ms) 
23:27:49   ├─ /downloads/explanatory/DOC-EXAMPLE-STRING.md/ (+1ms) 
23:27:49   ├─ /downloads/explanatory/DOC-EXAMPLE-WATER.md/ (+1ms) 
23:27:49   ├─ /downloads/explanatory/DOC-EXAMPLES.md/ (+1ms) 
23:27:49   ├─ /downloads/explanatory/DOC-HOME.md/ (+1ms) 
23:27:49   ├─ /downloads/explanatory/DOC-START.md/ (+1ms) 
23:27:49   ├─ /downloads/explanatory/DOC-LIBRARY.md/ (+2ms) 
23:27:49   ├─ /downloads/original/R-CURRENT-ADDITIONAL.md/ (+1ms) 
23:27:49   ├─ /downloads/original/R-CURRENT-CHANGELOG.md/ (+1ms) 
23:27:49   ├─ /downloads/original/R-CURRENT-CONTROL.md/ (+1ms) 
23:27:49   ├─ /downloads/original/R-CURRENT-CORE.md/ (+1ms) 
23:27:49   ├─ /downloads/original/R-CURRENT-INTERACTIONS.md/ (+1ms) 
23:27:49   ├─ /downloads/original/R-CURRENT-MATH.md/ (+2ms) 
23:27:49   ├─ /downloads/original/R-CURRENT-PROOF.md/ (+1ms) 
23:27:49   ├─ /downloads/original/R-CURRENT-SCIENCE.md/ (+1ms) 
23:27:49   ├─ /downloads/original/R-CURRENT-STATUS.md/ (+1ms) 
23:27:49   ├─ /downloads/original/R-CURRENT-WORLD.md/ (+0ms) 
23:27:49   ├─ /downloads/release.json/ (+1ms) 
23:27:49   ├─ /downloads/SHA256SUMS/ (+1ms) 
23:27:49   ├─ /downloads/unity-theory-publication-site-2026.10.04-m4-private-preview.zip/ (+1ms) 
23:27:49   ├─ /fixtures/math/index.html (+8ms) 
23:27:49   ├─ /references/index.html (+8ms) 
23:27:49   ├─ /rss.xml (+3ms) 
23:27:49   ├─ /start/index.html (+21ms) 
23:27:49   ├─ /index.html (+10ms) 
23:27:50   ├─ /research-status/index.html (+24ms) 
23:27:50   ├─ /research-status/proof-matrix/index.html (+10ms) 
23:27:50   ├─ /concepts/geometry-and-modes/index.html (+10ms) 
23:27:50   ├─ /documents/locked-core/index.html (+41ms) 
23:27:50   ├─ /changes/index.html (+14ms) 
23:27:50   ├─ /framework/index.html (+117ms) 
23:27:50   ├─ /math/index.html (+263ms) 
23:27:50   ├─ /evidence/interactions/index.html (+36ms) 
23:27:50   ├─ /evidence/additional/index.html (+13ms) 
23:27:50   ├─ /open-problems/index.html (+6ms) 
23:27:50   ├─ /changes/source-history/index.html (+4ms) 
23:27:50   ├─ /claims/UT-D01/index.html (+4ms) 
23:27:50   ├─ /claims/UT-D02/index.html (+7ms) 
23:27:50   ├─ /claims/UT-D03/index.html (+4ms) 
23:27:50   ├─ /claims/UT-D04/index.html (+3ms) 
23:27:50   ├─ /claims/UT-D05/index.html (+3ms) 
23:27:50   ├─ /claims/UT-D06/index.html (+4ms) 
23:27:50   ├─ /claims/UT-D07/index.html (+9ms) 
23:27:50   ├─ /claims/UT-D08/index.html (+4ms) 
23:27:50   ├─ /claims/UT-D09/index.html (+3ms) 
23:27:50   ├─ /claims/UT-C01/index.html (+2ms) 
23:27:50   ├─ /claims/UT-C02/index.html (+3ms) 
23:27:50   ├─ /claims/UT-O01/index.html (+2ms) 
23:27:50   ├─ /claims/UT-O02/index.html (+15ms) 
23:27:50   ├─ /claims/UT-O03/index.html (+5ms) 
23:27:50   ├─ /claims/UT-O04/index.html (+4ms) 
23:27:50   ├─ /claims/UT-O05/index.html (+3ms) 
23:27:50   ├─ /claims/UT-O06/index.html (+2ms) 
23:27:50   ├─ /claims/UT-E01/index.html (+5ms) 
23:27:50   ├─ /claims/UT-E02/index.html (+7ms) 
23:27:50   ├─ /claims/UT-E03/index.html (+6ms) 
23:27:50   ├─ /claims/UT-E04/index.html (+6ms) 
23:27:50   ├─ /claims/UT-E05/index.html (+6ms) 
23:27:50   ├─ /claims/UT-E06/index.html (+5ms) 
23:27:50   ├─ /claims/UT-E07/index.html (+7ms) 
23:27:50   ├─ /claims/UT-E08/index.html (+4ms) 
23:27:50   ├─ /claims/UT-E09/index.html (+3ms) 
23:27:50   ├─ /claims/UT-E10/index.html (+4ms) 
23:27:50   ├─ /claims/UT-E11/index.html (+5ms) 
23:27:50   ├─ /claims/UT-E12/index.html (+5ms) 
23:27:50   ├─ /articles/how-existing-structures-make-new-organization-possible/index.html (+4ms) 
23:27:50   ├─ /articles/when-can-a-whole-be-treated-as-one-useful-unit/index.html (+4ms) 
23:27:50   ├─ /concepts/effective-interactions/index.html (+10ms) 
23:27:50   ├─ /concepts/recursion/index.html (+8ms) 
23:27:50   ├─ /concepts/stability/index.html (+9ms) 
23:27:50   ├─ /concepts/index.html (+18ms) 
23:27:50   ├─ /evidence/index.html (+10ms) 
23:27:50   ├─ /examples/cell/index.html (+7ms) 
23:27:50   ├─ /examples/life-environment/index.html (+5ms) 
23:27:50   ├─ /examples/molecule/index.html (+4ms) 
23:27:50   ├─ /examples/star/index.html (+4ms) 
23:27:50   ├─ /examples/string/index.html (+6ms) 
23:27:50   ├─ /examples/water/index.html (+5ms) 
23:27:50   ├─ /examples/index.html (+6ms) 
23:27:50   ├─ /documents/index.html (+51ms) 
23:27:50 ✓ Completed in 3.46s.

23:27:50 [build] ✓ Completed in 3.90s.
23:27:50 [build] 62 page(s) built in 5.73s
23:27:50 [build] Complete!
Private preview artifact: /Users/new/RiderProjects/RPG_theory/dist/m4-acceptance/preview-root; deployEligible=false
