17:49:42 [content] Syncing content
17:49:42 [content] Astro config changed
17:49:42 [content] Clearing content store
17:49:45 [content] Synced content
17:49:45 [types] Generated 5.02s
17:49:45 [build] output: "static"
17:49:45 [build] mode: "static"
17:49:45 [build] directory: /Users/new/RiderProjects/RPG_theory/dist/source-link-r2/subpath/
17:49:45 [build] Collecting build info...
17:49:45 [build] ✓ Completed in 5.06s.
17:49:45 [build] Building static entrypoints...
17:49:46 [vite] ✓ built in 743ms
17:49:46 [vite] ✓ built in 61ms
17:49:46 [build] Rearranging server assets...

 generating static routes 
17:49:52   ├─ /404.html (+43ms) 
17:49:52   ├─ /about/index.html (+59ms) 
17:49:52   ├─ /articles/index.html (+62ms) 
17:49:52   ├─ /cite/index.html (+2.30s) 
17:49:54   ├─ /downloads/THIRD-PARTY-NOTICES.txt/ (+2ms) 
17:49:54   ├─ /downloads/explanatory/DOC-STATUS.md/ (+1ms) 
17:49:54   ├─ /downloads/explanatory/DOC-CONCEPT-GEOMETRY.md/ (+1ms) 
17:49:54   ├─ /downloads/explanatory/DOC-CORE.md/ (+4ms) 
17:49:54   ├─ /downloads/explanatory/DOC-CONTROL.md/ (+2ms) 
17:49:54   ├─ /downloads/explanatory/DOC-FRAMEWORK.md/ (+3ms) 
17:49:54   ├─ /downloads/explanatory/DOC-MATH.md/ (+7ms) 
17:49:54   ├─ /downloads/explanatory/DOC-OPEN-PROBLEMS.md/ (+2ms) 
17:49:54   ├─ /downloads/explanatory/DOC-SOURCE-CHANGES.md/ (+2ms) 
17:49:54   ├─ /downloads/explanatory/DOC-WORLD.md/ (+2ms) 
17:49:54   ├─ /downloads/explanatory/DOC-BACKGROUND.md/ (+2ms) 
17:49:54   ├─ /downloads/explanatory/DOC-ILLUSTRATIONS.md/ (+2ms) 
17:49:54   ├─ /downloads/explanatory/DOC-CATALOGUE.md/ (+2ms) 
17:49:54   ├─ /downloads/explanatory/DOC-CLAIM-COVERAGE.md/ (+3ms) 
17:49:54   ├─ /downloads/explanatory/DOC-READING-GUIDE.md/ (+9ms) 
17:49:54   ├─ /downloads/explanatory/DOC-AUTHORITY.md/ (+2ms) 
17:49:54   ├─ /downloads/explanatory/DOC-FOUNDATION-ERRATA.md/ (+1ms) 
17:49:54   ├─ /downloads/explanatory/UT-D01.md/ (+0ms) 
17:49:54   ├─ /downloads/explanatory/UT-D02.md/ (+0ms) 
17:49:54   ├─ /downloads/explanatory/UT-D03.md/ (+0ms) 
17:49:54   ├─ /downloads/explanatory/UT-D04.md/ (+1ms) 
17:49:54   ├─ /downloads/explanatory/UT-D05.md/ (+2ms) 
17:49:54   ├─ /downloads/explanatory/UT-D06.md/ (+1ms) 
17:49:54   ├─ /downloads/explanatory/UT-D07.md/ (+0ms) 
17:49:54   ├─ /downloads/explanatory/UT-D08.md/ (+0ms) 
17:49:54   ├─ /downloads/explanatory/UT-D09.md/ (+0ms) 
17:49:54   ├─ /downloads/explanatory/UT-C01.md/ (+1ms) 
17:49:54   ├─ /downloads/explanatory/UT-C02.md/ (+1ms) 
17:49:54   ├─ /downloads/explanatory/UT-E101.md/ (+1ms) 
17:49:54   ├─ /downloads/explanatory/UT-E102.md/ (+0ms) 
17:49:54   ├─ /downloads/explanatory/UT-E103.md/ (+0ms) 
17:49:54   ├─ /downloads/explanatory/UT-E104.md/ (+0ms) 
17:49:54   ├─ /downloads/explanatory/UT-E105.md/ (+1ms) 
17:49:54   ├─ /downloads/explanatory/UT-E106.md/ (+1ms) 
17:49:54   ├─ /downloads/explanatory/UT-E107.md/ (+1ms) 
17:49:54   ├─ /downloads/explanatory/UT-E108.md/ (+0ms) 
17:49:54   ├─ /downloads/explanatory/UT-E109.md/ (+0ms) 
17:49:54   ├─ /downloads/explanatory/UT-E110.md/ (+0ms) 
17:49:54   ├─ /downloads/explanatory/UT-E111.md/ (+0ms) 
17:49:54   ├─ /downloads/explanatory/UT-E112.md/ (+1ms) 
17:49:54   ├─ /downloads/explanatory/UT-E113.md/ (+0ms) 
17:49:54   ├─ /downloads/explanatory/UT-E114.md/ (+1ms) 
17:49:54   ├─ /downloads/explanatory/UT-E115.md/ (+1ms) 
17:49:54   ├─ /downloads/explanatory/UT-E116.md/ (+1ms) 
17:49:54   ├─ /downloads/explanatory/UT-E117.md/ (+1ms) 
17:49:54   ├─ /downloads/explanatory/UT-E118.md/ (+1ms) 
17:49:54   ├─ /downloads/explanatory/UT-E119.md/ (+1ms) 
17:49:54   ├─ /downloads/explanatory/UT-E120.md/ (+0ms) 
17:49:54   ├─ /downloads/explanatory/UT-E121.md/ (+0ms) 
17:49:54   ├─ /downloads/explanatory/UT-E122.md/ (+0ms) 
17:49:54   ├─ /downloads/explanatory/UT-O101.md/ (+1ms) 
17:49:54   ├─ /downloads/explanatory/UT-O102.md/ (+1ms) 
17:49:54   ├─ /downloads/explanatory/UT-O103.md/ (+1ms) 
17:49:54   ├─ /downloads/explanatory/UT-O104.md/ (+0ms) 
17:49:54   ├─ /downloads/explanatory/UT-O105.md/ (+0ms) 
17:49:54   ├─ /downloads/explanatory/UT-O106.md/ (+0ms) 
17:49:54   ├─ /downloads/explanatory/UT-O107.md/ (+0ms) 
17:49:54   ├─ /downloads/explanatory/UT-O108.md/ (+0ms) 
17:49:54   ├─ /downloads/explanatory/DOC-ARTICLE-STRUCTURES.md/ (+1ms) 
17:49:54   ├─ /downloads/explanatory/DOC-ARTICLE-UNIT.md/ (+1ms) 
17:49:54   ├─ /downloads/explanatory/DOC-CONCEPT-INTERACTIONS.md/ (+1ms) 
17:49:54   ├─ /downloads/explanatory/DOC-CONCEPT-RECURSION.md/ (+1ms) 
17:49:54   ├─ /downloads/explanatory/DOC-CONCEPT-STABILITY.md/ (+1ms) 
17:49:54   ├─ /downloads/explanatory/DOC-CONCEPTS.md/ (+0ms) 
17:49:54   ├─ /downloads/explanatory/DOC-EVIDENCE.md/ (+0ms) 
17:49:54   ├─ /downloads/explanatory/DOC-EXAMPLE-CELL.md/ (+0ms) 
17:49:54   ├─ /downloads/explanatory/DOC-EXAMPLE-LIFE.md/ (+0ms) 
17:49:54   ├─ /downloads/explanatory/DOC-EXAMPLE-MOLECULE.md/ (+55ms) 
17:49:55   ├─ /downloads/explanatory/DOC-EXAMPLE-STAR.md/ (+28ms) 
17:49:55   ├─ /downloads/explanatory/DOC-EXAMPLE-STRING.md/ (+15ms) 
17:49:55   ├─ /downloads/explanatory/DOC-EXAMPLE-WATER.md/ (+12ms) 
17:49:55   ├─ /downloads/explanatory/DOC-EXAMPLES.md/ (+2ms) 
17:49:55   ├─ /downloads/explanatory/DOC-HOME.md/ (+1ms) 
17:49:55   ├─ /downloads/explanatory/DOC-SOURCE-LINKS.md/ (+3ms) 
17:49:55   ├─ /downloads/explanatory/DOC-START.md/ (+6ms) 
17:49:55   ├─ /downloads/explanatory/DOC-LIBRARY.md/ (+1ms) 
17:49:55   ├─ /downloads/original/R-CURRENT-AUDIT.md/ (+0ms) 
17:49:55   ├─ /downloads/original/R-CURRENT-AUTHORITY.md/ (+0ms) 
17:49:55   ├─ /downloads/original/R-CURRENT-BACKGROUND.md/ (+5ms) 
17:49:55   ├─ /downloads/original/R-CURRENT-CATALOGUE.md/ (+1ms) 
17:49:55   ├─ /downloads/original/R-CURRENT-CHANGELOG.md/ (+1ms) 
17:49:55   ├─ /downloads/original/R-CURRENT-CHECKS-PACKAGE-VALIDATION-JSON.json/ (+1ms) 
17:49:55   ├─ /downloads/original/R-CURRENT-CHECKS-VERIFICATION-RESULTS-JSON.json/ (+2ms) 
17:49:55   ├─ /downloads/original/R-CURRENT-CHECKS-VERIFY-SMALL-RESULTS-PY.py/ (+2ms) 
17:49:55   ├─ /downloads/original/R-CURRENT-CLAIMS.md/ (+1ms) 
17:49:55   ├─ /downloads/original/R-CURRENT-CONTROL.md/ (+1ms) 
17:49:55   ├─ /downloads/original/R-CURRENT-CORE.md/ (+2ms) 
17:49:55   ├─ /downloads/original/R-CURRENT-FOUNDATIONS-ERRATA-MD.md/ (+1ms) 
17:49:55   ├─ /downloads/original/R-CURRENT-GUIDE.md/ (+1ms) 
17:49:55   ├─ /downloads/original/R-CURRENT-ILLUSTRATIONS.md/ (+2ms) 
17:49:55   ├─ /downloads/original/R-CURRENT-MATH.md/ (+1ms) 
17:49:55   ├─ /downloads/original/R-CURRENT-REGISTER.json/ (+1ms) 
17:49:55   ├─ /downloads/original/R-CURRENT-SCIENCE.md/ (+1ms) 
17:49:55   ├─ /downloads/original/R-CURRENT-WORLD.md/ (+1ms) 
17:49:55   ├─ /downloads/release.json/ (+1ms) 
17:49:55   ├─ /downloads/SHA256SUMS/ (+1ms) 
17:49:55   ├─ /downloads/unity-theory-publication-site-2026.10.05-m6-private-preview.zip/ (+3ms) 
17:49:55   ├─ /fixtures/math/index.html (+9ms) 
17:49:55   ├─ /legal/index.html (+11ms) 
17:49:55   ├─ /references/index.html (+21ms) 
17:49:55   ├─ /rss.xml (+5ms) 
17:49:55   ├─ /search/index.html (+3ms) 
17:49:55   ├─ /sitemap.xml (+9ms) 
17:49:55   ├─ /start/index.html (+18ms) 
17:49:55   ├─ /index.html (+52ms) 
17:49:55   ├─ /research-status/index.html (+65ms) 
17:49:55   ├─ /research-status/proof-matrix/index.html (+22ms) 
17:49:55   ├─ /concepts/geometry-and-modes/index.html (+12ms) 
17:49:55   ├─ /documents/locked-core/index.html (+120ms) 
17:49:55   ├─ /changes/index.html (+52ms) 
17:49:55   ├─ /framework/index.html (+390ms) 
17:49:55   ├─ /math/index.html (+514ms) 
17:49:56   ├─ /evidence/interactions/index.html (+85ms) 
17:49:56   ├─ /evidence/additional/index.html (+66ms) 
17:49:56   ├─ /open-problems/index.html (+38ms) 
17:49:56   ├─ /changes/source-history/index.html (+29ms) 
17:49:56   ├─ /documents/world-explanation/index.html (+148ms) 
17:49:56   ├─ /framework/recursive-background/index.html (+733ms) 
17:49:57   ├─ /math/illustrations/index.html (+177ms) 
17:49:57   ├─ /evidence/catalogue/index.html (+76ms) 
17:49:57   ├─ /research-status/claims/index.html (+22ms) 
17:49:57   ├─ /documents/reading-guide/index.html (+85ms) 
17:49:57   ├─ /documents/source-authority/index.html (+6ms) 
17:49:57   ├─ /documents/foundation-errata/index.html (+8ms) 
17:49:57   ├─ /claims/UT-D01/index.html (+4ms) 
17:49:57   ├─ /claims/UT-D02/index.html (+4ms) 
17:49:57   ├─ /claims/UT-D03/index.html (+7ms) 
17:49:57   ├─ /claims/UT-D04/index.html (+6ms) 
17:49:57   ├─ /claims/UT-D05/index.html (+4ms) 
17:49:57   ├─ /claims/UT-D06/index.html (+5ms) 
17:49:57   ├─ /claims/UT-D07/index.html (+6ms) 
17:49:57   ├─ /claims/UT-D08/index.html (+8ms) 
17:49:57   ├─ /claims/UT-D09/index.html (+7ms) 
17:49:57   ├─ /claims/UT-C01/index.html (+7ms) 
17:49:57   ├─ /claims/UT-C02/index.html (+4ms) 
17:49:57   ├─ /claims/UT-O01/index.html (+4ms) 
17:49:57   ├─ /claims/UT-O02/index.html (+3ms) 
17:49:57   ├─ /claims/UT-O03/index.html (+7ms) 
17:49:57   ├─ /claims/UT-O04/index.html (+3ms) 
17:49:57   ├─ /claims/UT-O05/index.html (+4ms) 
17:49:57   ├─ /claims/UT-O06/index.html (+5ms) 
17:49:57   ├─ /claims/UT-E01/index.html (+4ms) 
17:49:57   ├─ /claims/UT-E02/index.html (+4ms) 
17:49:57   ├─ /claims/UT-E03/index.html (+5ms) 
17:49:57   ├─ /claims/UT-E04/index.html (+4ms) 
17:49:57   ├─ /claims/UT-E05/index.html (+4ms) 
17:49:57   ├─ /claims/UT-E06/index.html (+4ms) 
17:49:58   ├─ /claims/UT-E07/index.html (+3ms) 
17:49:58   ├─ /claims/UT-E08/index.html (+9ms) 
17:49:58   ├─ /claims/UT-E09/index.html (+13ms) 
17:49:58   ├─ /claims/UT-E10/index.html (+13ms) 
17:49:58   ├─ /claims/UT-E11/index.html (+9ms) 
17:49:58   ├─ /claims/UT-E12/index.html (+119ms) 
17:49:58   ├─ /claims/UT-E101/index.html (+47ms) 
17:49:58   ├─ /claims/UT-E102/index.html (+9ms) 
17:49:58   ├─ /claims/UT-E103/index.html (+12ms) 
17:49:58   ├─ /claims/UT-E104/index.html (+10ms) 
17:49:58   ├─ /claims/UT-E105/index.html (+18ms) 
17:49:58   ├─ /claims/UT-E106/index.html (+13ms) 
17:49:58   ├─ /claims/UT-E107/index.html (+13ms) 
17:49:58   ├─ /claims/UT-E108/index.html (+19ms) 
17:49:58   ├─ /claims/UT-E109/index.html (+7ms) 
17:49:58   ├─ /claims/UT-E110/index.html (+10ms) 
17:49:58   ├─ /claims/UT-E111/index.html (+27ms) 
17:49:58   ├─ /claims/UT-E112/index.html (+33ms) 
17:49:58   ├─ /claims/UT-E113/index.html (+9ms) 
17:49:58   ├─ /claims/UT-E114/index.html (+32ms) 
17:49:58   ├─ /claims/UT-E115/index.html (+3ms) 
17:49:58   ├─ /claims/UT-E116/index.html (+6ms) 
17:49:58   ├─ /claims/UT-E117/index.html (+5ms) 
17:49:58   ├─ /claims/UT-E118/index.html (+7ms) 
17:49:58   ├─ /claims/UT-E119/index.html (+8ms) 
17:49:58   ├─ /claims/UT-E120/index.html (+6ms) 
17:49:58   ├─ /claims/UT-E121/index.html (+6ms) 
17:49:58   ├─ /claims/UT-E122/index.html (+6ms) 
17:49:58   ├─ /claims/UT-O101/index.html (+3ms) 
17:49:58   ├─ /claims/UT-O102/index.html (+3ms) 
17:49:58   ├─ /claims/UT-O103/index.html (+5ms) 
17:49:58   ├─ /claims/UT-O104/index.html (+4ms) 
17:49:58   ├─ /claims/UT-O105/index.html (+5ms) 
17:49:58   ├─ /claims/UT-O106/index.html (+3ms) 
17:49:58   ├─ /claims/UT-O107/index.html (+3ms) 
17:49:58   ├─ /claims/UT-O108/index.html (+3ms) 
17:49:58   ├─ /articles/how-existing-structures-make-new-organization-possible/index.html (+4ms) 
17:49:58   ├─ /articles/when-can-a-whole-be-treated-as-one-useful-unit/index.html (+7ms) 
17:49:58   ├─ /concepts/effective-interactions/index.html (+9ms) 
17:49:58   ├─ /concepts/recursion/index.html (+5ms) 
17:49:58   ├─ /concepts/stability/index.html (+9ms) 
17:49:58   ├─ /concepts/index.html (+6ms) 
17:49:58   ├─ /evidence/index.html (+8ms) 
17:49:58   ├─ /examples/cell/index.html (+6ms) 
17:49:58   ├─ /examples/life-environment/index.html (+3ms) 
17:49:58   ├─ /examples/molecule/index.html (+3ms) 
17:49:58   ├─ /examples/star/index.html (+5ms) 
17:49:58   ├─ /examples/string/index.html (+4ms) 
17:49:58   ├─ /examples/water/index.html (+5ms) 
17:49:58   ├─ /examples/index.html (+5ms) 
17:49:58   ├─ /evidence/source-links/index.html (+96ms) 
17:49:58   ├─ /documents/index.html (+102ms) 
17:49:58 ✓ Completed in 12.29s.

17:49:58 [build] ✓ Completed in 13.21s.
17:49:58 [build] 104 page(s) built in 18.27s
17:49:58 [build] Complete!
preview artifact: /Users/new/RiderProjects/RPG_theory/dist/source-link-r2/subpath; deployEligible=false
