17:49:07 [content] Syncing content
17:49:09 [content] Synced content
17:49:09 [types] Generated 3.92s
17:49:09 [build] output: "static"
17:49:09 [build] mode: "static"
17:49:09 [build] directory: /Users/new/RiderProjects/RPG_theory/dist/source-link-r2/root/
17:49:09 [build] Collecting build info...
17:49:09 [build] ✓ Completed in 3.96s.
17:49:09 [build] Building static entrypoints...
17:49:10 [vite] ✓ built in 650ms
17:49:10 [vite] ✓ built in 48ms
17:49:10 [build] Rearranging server assets...

 generating static routes 
17:49:18   ├─ /404.html (+360ms) 
17:49:18   ├─ /about/index.html (+4ms) 
17:49:18   ├─ /articles/index.html (+6ms) 
17:49:18   ├─ /cite/index.html (+3.71s) 
17:49:22   ├─ /downloads/THIRD-PARTY-NOTICES.txt/ (+2ms) 
17:49:22   ├─ /downloads/explanatory/DOC-STATUS.md/ (+3ms) 
17:49:22   ├─ /downloads/explanatory/DOC-CONCEPT-GEOMETRY.md/ (+32ms) 
17:49:22   ├─ /downloads/explanatory/DOC-CORE.md/ (+8ms) 
17:49:22   ├─ /downloads/explanatory/DOC-CONTROL.md/ (+14ms) 
17:49:22   ├─ /downloads/explanatory/DOC-FRAMEWORK.md/ (+4ms) 
17:49:22   ├─ /downloads/explanatory/DOC-MATH.md/ (+1ms) 
17:49:22   ├─ /downloads/explanatory/DOC-OPEN-PROBLEMS.md/ (+2ms) 
17:49:22   ├─ /downloads/explanatory/DOC-SOURCE-CHANGES.md/ (+2ms) 
17:49:22   ├─ /downloads/explanatory/DOC-WORLD.md/ (+2ms) 
17:49:22   ├─ /downloads/explanatory/DOC-BACKGROUND.md/ (+1ms) 
17:49:22   ├─ /downloads/explanatory/DOC-ILLUSTRATIONS.md/ (+2ms) 
17:49:22   ├─ /downloads/explanatory/DOC-CATALOGUE.md/ (+2ms) 
17:49:22   ├─ /downloads/explanatory/DOC-CLAIM-COVERAGE.md/ (+1ms) 
17:49:22   ├─ /downloads/explanatory/DOC-READING-GUIDE.md/ (+1ms) 
17:49:22   ├─ /downloads/explanatory/DOC-AUTHORITY.md/ (+1ms) 
17:49:22   ├─ /downloads/explanatory/DOC-FOUNDATION-ERRATA.md/ (+1ms) 
17:49:22   ├─ /downloads/explanatory/UT-D01.md/ (+1ms) 
17:49:22   ├─ /downloads/explanatory/UT-D02.md/ (+1ms) 
17:49:22   ├─ /downloads/explanatory/UT-D03.md/ (+1ms) 
17:49:22   ├─ /downloads/explanatory/UT-D04.md/ (+1ms) 
17:49:22   ├─ /downloads/explanatory/UT-D05.md/ (+3ms) 
17:49:22   ├─ /downloads/explanatory/UT-D06.md/ (+4ms) 
17:49:22   ├─ /downloads/explanatory/UT-D07.md/ (+2ms) 
17:49:22   ├─ /downloads/explanatory/UT-D08.md/ (+1ms) 
17:49:22   ├─ /downloads/explanatory/UT-D09.md/ (+2ms) 
17:49:22   ├─ /downloads/explanatory/UT-C01.md/ (+9ms) 
17:49:22   ├─ /downloads/explanatory/UT-C02.md/ (+2ms) 
17:49:22   ├─ /downloads/explanatory/UT-E101.md/ (+1ms) 
17:49:22   ├─ /downloads/explanatory/UT-E102.md/ (+1ms) 
17:49:22   ├─ /downloads/explanatory/UT-E103.md/ (+1ms) 
17:49:22   ├─ /downloads/explanatory/UT-E104.md/ (+3ms) 
17:49:22   ├─ /downloads/explanatory/UT-E105.md/ (+2ms) 
17:49:22   ├─ /downloads/explanatory/UT-E106.md/ (+2ms) 
17:49:22   ├─ /downloads/explanatory/UT-E107.md/ (+1ms) 
17:49:22   ├─ /downloads/explanatory/UT-E108.md/ (+1ms) 
17:49:22   ├─ /downloads/explanatory/UT-E109.md/ (+1ms) 
17:49:22   ├─ /downloads/explanatory/UT-E110.md/ (+1ms) 
17:49:22   ├─ /downloads/explanatory/UT-E111.md/ (+1ms) 
17:49:22   ├─ /downloads/explanatory/UT-E112.md/ (+1ms) 
17:49:22   ├─ /downloads/explanatory/UT-E113.md/ (+1ms) 
17:49:22   ├─ /downloads/explanatory/UT-E114.md/ (+1ms) 
17:49:22   ├─ /downloads/explanatory/UT-E115.md/ (+1ms) 
17:49:22   ├─ /downloads/explanatory/UT-E116.md/ (+2ms) 
17:49:22   ├─ /downloads/explanatory/UT-E117.md/ (+3ms) 
17:49:22   ├─ /downloads/explanatory/UT-E118.md/ (+2ms) 
17:49:22   ├─ /downloads/explanatory/UT-E119.md/ (+1ms) 
17:49:22   ├─ /downloads/explanatory/UT-E120.md/ (+2ms) 
17:49:22   ├─ /downloads/explanatory/UT-E121.md/ (+3ms) 
17:49:22   ├─ /downloads/explanatory/UT-E122.md/ (+3ms) 
17:49:22   ├─ /downloads/explanatory/UT-O101.md/ (+2ms) 
17:49:22   ├─ /downloads/explanatory/UT-O102.md/ (+1ms) 
17:49:22   ├─ /downloads/explanatory/UT-O103.md/ (+3ms) 
17:49:22   ├─ /downloads/explanatory/UT-O104.md/ (+2ms) 
17:49:22   ├─ /downloads/explanatory/UT-O105.md/ (+1ms) 
17:49:22   ├─ /downloads/explanatory/UT-O106.md/ (+1ms) 
17:49:22   ├─ /downloads/explanatory/UT-O107.md/ (+1ms) 
17:49:22   ├─ /downloads/explanatory/UT-O108.md/ (+1ms) 
17:49:22   ├─ /downloads/explanatory/DOC-ARTICLE-STRUCTURES.md/ (+1ms) 
17:49:22   ├─ /downloads/explanatory/DOC-ARTICLE-UNIT.md/ (+1ms) 
17:49:22   ├─ /downloads/explanatory/DOC-CONCEPT-INTERACTIONS.md/ (+1ms) 
17:49:22   ├─ /downloads/explanatory/DOC-CONCEPT-RECURSION.md/ (+0ms) 
17:49:22   ├─ /downloads/explanatory/DOC-CONCEPT-STABILITY.md/ (+1ms) 
17:49:22   ├─ /downloads/explanatory/DOC-CONCEPTS.md/ (+0ms) 
17:49:22   ├─ /downloads/explanatory/DOC-EVIDENCE.md/ (+1ms) 
17:49:22   ├─ /downloads/explanatory/DOC-EXAMPLE-CELL.md/ (+1ms) 
17:49:22   ├─ /downloads/explanatory/DOC-EXAMPLE-LIFE.md/ (+1ms) 
17:49:22   ├─ /downloads/explanatory/DOC-EXAMPLE-MOLECULE.md/ (+1ms) 
17:49:22   ├─ /downloads/explanatory/DOC-EXAMPLE-STAR.md/ (+2ms) 
17:49:22   ├─ /downloads/explanatory/DOC-EXAMPLE-STRING.md/ (+1ms) 
17:49:22   ├─ /downloads/explanatory/DOC-EXAMPLE-WATER.md/ (+3ms) 
17:49:22   ├─ /downloads/explanatory/DOC-EXAMPLES.md/ (+3ms) 
17:49:22   ├─ /downloads/explanatory/DOC-HOME.md/ (+4ms) 
17:49:22   ├─ /downloads/explanatory/DOC-SOURCE-LINKS.md/ (+10ms) 
17:49:22   ├─ /downloads/explanatory/DOC-START.md/ (+7ms) 
17:49:22   ├─ /downloads/explanatory/DOC-LIBRARY.md/ (+2ms) 
17:49:22   ├─ /downloads/original/R-CURRENT-AUDIT.md/ (+2ms) 
17:49:22   ├─ /downloads/original/R-CURRENT-AUTHORITY.md/ (+2ms) 
17:49:22   ├─ /downloads/original/R-CURRENT-BACKGROUND.md/ (+1ms) 
17:49:22   ├─ /downloads/original/R-CURRENT-CATALOGUE.md/ (+1ms) 
17:49:22   ├─ /downloads/original/R-CURRENT-CHANGELOG.md/ (+8ms) 
17:49:22   ├─ /downloads/original/R-CURRENT-CHECKS-PACKAGE-VALIDATION-JSON.json/ (+1ms) 
17:49:22   ├─ /downloads/original/R-CURRENT-CHECKS-VERIFICATION-RESULTS-JSON.json/ (+1ms) 
17:49:22   ├─ /downloads/original/R-CURRENT-CHECKS-VERIFY-SMALL-RESULTS-PY.py/ (+1ms) 
17:49:22   ├─ /downloads/original/R-CURRENT-CLAIMS.md/ (+2ms) 
17:49:22   ├─ /downloads/original/R-CURRENT-CONTROL.md/ (+5ms) 
17:49:22   ├─ /downloads/original/R-CURRENT-CORE.md/ (+3ms) 
17:49:22   ├─ /downloads/original/R-CURRENT-FOUNDATIONS-ERRATA-MD.md/ (+11ms) 
17:49:22   ├─ /downloads/original/R-CURRENT-GUIDE.md/ (+2ms) 
17:49:22   ├─ /downloads/original/R-CURRENT-ILLUSTRATIONS.md/ (+2ms) 
17:49:22   ├─ /downloads/original/R-CURRENT-MATH.md/ (+1ms) 
17:49:22   ├─ /downloads/original/R-CURRENT-REGISTER.json/ (+2ms) 
17:49:22   ├─ /downloads/original/R-CURRENT-SCIENCE.md/ (+5ms) 
17:49:22   ├─ /downloads/original/R-CURRENT-WORLD.md/ (+3ms) 
17:49:22   ├─ /downloads/release.json/ (+10ms) 
17:49:22   ├─ /downloads/SHA256SUMS/ (+11ms) 
17:49:22   ├─ /downloads/unity-theory-publication-site-2026.10.05-m6-private-preview.zip/ (+5ms) 
17:49:22   ├─ /fixtures/math/index.html (+9ms) 
17:49:22   ├─ /legal/index.html (+5ms) 
17:49:22   ├─ /references/index.html (+8ms) 
17:49:22   ├─ /rss.xml (+5ms) 
17:49:22   ├─ /search/index.html (+10ms) 
17:49:22   ├─ /sitemap.xml (+5ms) 
17:49:22   ├─ /start/index.html (+24ms) 
17:49:22   ├─ /index.html (+19ms) 
17:49:22   ├─ /research-status/index.html (+35ms) 
17:49:22   ├─ /research-status/proof-matrix/index.html (+9ms) 
17:49:22   ├─ /concepts/geometry-and-modes/index.html (+8ms) 
17:49:22   ├─ /documents/locked-core/index.html (+38ms) 
17:49:22   ├─ /changes/index.html (+14ms) 
17:49:22   ├─ /framework/index.html (+134ms) 
17:49:22   ├─ /math/index.html (+299ms) 
17:49:22   ├─ /evidence/interactions/index.html (+25ms) 
17:49:23   ├─ /evidence/additional/index.html (+50ms) 
17:49:23   ├─ /open-problems/index.html (+18ms) 
17:49:23   ├─ /changes/source-history/index.html (+23ms) 
17:49:23   ├─ /documents/world-explanation/index.html (+81ms) 
17:49:23   ├─ /framework/recursive-background/index.html (+322ms) 
17:49:23   ├─ /math/illustrations/index.html (+417ms) 
17:49:23   ├─ /evidence/catalogue/index.html (+413ms) 
17:49:24   ├─ /research-status/claims/index.html (+99ms) 
17:49:24   ├─ /documents/reading-guide/index.html (+101ms) 
17:49:24   ├─ /documents/source-authority/index.html (+56ms) 
17:49:24   ├─ /documents/foundation-errata/index.html (+13ms) 
17:49:24   ├─ /claims/UT-D01/index.html (+7ms) 
17:49:24   ├─ /claims/UT-D02/index.html (+15ms) 
17:49:24   ├─ /claims/UT-D03/index.html (+18ms) 
17:49:24   ├─ /claims/UT-D04/index.html (+9ms) 
17:49:24   ├─ /claims/UT-D05/index.html (+9ms) 
17:49:24   ├─ /claims/UT-D06/index.html (+8ms) 
17:49:24   ├─ /claims/UT-D07/index.html (+6ms) 
17:49:24   ├─ /claims/UT-D08/index.html (+58ms) 
17:49:24   ├─ /claims/UT-D09/index.html (+15ms) 
17:49:24   ├─ /claims/UT-C01/index.html (+28ms) 
17:49:24   ├─ /claims/UT-C02/index.html (+4ms) 
17:49:24   ├─ /claims/UT-O01/index.html (+5ms) 
17:49:24   ├─ /claims/UT-O02/index.html (+4ms) 
17:49:24   ├─ /claims/UT-O03/index.html (+4ms) 
17:49:24   ├─ /claims/UT-O04/index.html (+2ms) 
17:49:24   ├─ /claims/UT-O05/index.html (+4ms) 
17:49:24   ├─ /claims/UT-O06/index.html (+4ms) 
17:49:24   ├─ /claims/UT-E01/index.html (+3ms) 
17:49:24   ├─ /claims/UT-E02/index.html (+4ms) 
17:49:24   ├─ /claims/UT-E03/index.html (+9ms) 
17:49:24   ├─ /claims/UT-E04/index.html (+10ms) 
17:49:24   ├─ /claims/UT-E05/index.html (+3ms) 
17:49:24   ├─ /claims/UT-E06/index.html (+4ms) 
17:49:24   ├─ /claims/UT-E07/index.html (+5ms) 
17:49:24   ├─ /claims/UT-E08/index.html (+4ms) 
17:49:24   ├─ /claims/UT-E09/index.html (+4ms) 
17:49:24   ├─ /claims/UT-E10/index.html (+8ms) 
17:49:24   ├─ /claims/UT-E11/index.html (+10ms) 
17:49:24   ├─ /claims/UT-E12/index.html (+49ms) 
17:49:24   ├─ /claims/UT-E101/index.html (+209ms) 
17:49:25   ├─ /claims/UT-E102/index.html (+63ms) 
17:49:25   ├─ /claims/UT-E103/index.html (+19ms) 
17:49:25   ├─ /claims/UT-E104/index.html (+7ms) 
17:49:25   ├─ /claims/UT-E105/index.html (+5ms) 
17:49:25   ├─ /claims/UT-E106/index.html (+8ms) 
17:49:25   ├─ /claims/UT-E107/index.html (+3ms) 
17:49:25   ├─ /claims/UT-E108/index.html (+4ms) 
17:49:25   ├─ /claims/UT-E109/index.html (+9ms) 
17:49:25   ├─ /claims/UT-E110/index.html (+4ms) 
17:49:25   ├─ /claims/UT-E111/index.html (+10ms) 
17:49:25   ├─ /claims/UT-E112/index.html (+7ms) 
17:49:25   ├─ /claims/UT-E113/index.html (+13ms) 
17:49:25   ├─ /claims/UT-E114/index.html (+8ms) 
17:49:25   ├─ /claims/UT-E115/index.html (+30ms) 
17:49:25   ├─ /claims/UT-E116/index.html (+35ms) 
17:49:25   ├─ /claims/UT-E117/index.html (+11ms) 
17:49:25   ├─ /claims/UT-E118/index.html (+14ms) 
17:49:25   ├─ /claims/UT-E119/index.html (+12ms) 
17:49:25   ├─ /claims/UT-E120/index.html (+7ms) 
17:49:25   ├─ /claims/UT-E121/index.html (+8ms) 
17:49:25   ├─ /claims/UT-E122/index.html (+8ms) 
17:49:25   ├─ /claims/UT-O101/index.html (+58ms) 
17:49:25   ├─ /claims/UT-O102/index.html (+100ms) 
17:49:25   ├─ /claims/UT-O103/index.html (+22ms) 
17:49:25   ├─ /claims/UT-O104/index.html (+8ms) 
17:49:25   ├─ /claims/UT-O105/index.html (+3ms) 
17:49:25   ├─ /claims/UT-O106/index.html (+4ms) 
17:49:25   ├─ /claims/UT-O107/index.html (+4ms) 
17:49:25   ├─ /claims/UT-O108/index.html (+6ms) 
17:49:25   ├─ /articles/how-existing-structures-make-new-organization-possible/index.html (+6ms) 
17:49:25   ├─ /articles/when-can-a-whole-be-treated-as-one-useful-unit/index.html (+6ms) 
17:49:25   ├─ /concepts/effective-interactions/index.html (+6ms) 
17:49:25   ├─ /concepts/recursion/index.html (+9ms) 
17:49:25   ├─ /concepts/stability/index.html (+7ms) 
17:49:25   ├─ /concepts/index.html (+8ms) 
17:49:25   ├─ /evidence/index.html (+114ms) 
17:49:25   ├─ /examples/cell/index.html (+4ms) 
17:49:25   ├─ /examples/life-environment/index.html (+3ms) 
17:49:25   ├─ /examples/molecule/index.html (+2ms) 
17:49:25   ├─ /examples/star/index.html (+3ms) 
17:49:25   ├─ /examples/string/index.html (+12ms) 
17:49:25   ├─ /examples/water/index.html (+20ms) 
17:49:25   ├─ /examples/index.html (+5ms) 
17:49:25   ├─ /evidence/source-links/index.html (+235ms) 
17:49:26   ├─ /documents/index.html (+71ms) 
17:49:26 ✓ Completed in 15.64s.

17:49:26 [build] ✓ Completed in 16.40s.
17:49:26 [build] 104 page(s) built in 20.36s
17:49:26 [build] Complete!
preview artifact: /Users/new/RiderProjects/RPG_theory/dist/source-link-r2/root; deployEligible=false
