✔ M4 explanatory exports mirror canonical parsed statements, retain adapters and have usable destinations at both bases (9917.616084ms)
✔ M4 ZIP manifests preserve original bytes and exclude administrative evidence/history; tampered members fail (3706.914792ms)
✔ M4 approved selection filters draft/history/withdrawn downloads and emits dated article RSS at both bases (840.764625ms)
✔ M4 duplicate article routes and stale source numbers refuse; document source rename does not rename its route (2705.826833ms)
✔ M4 citation remains inactive for actual missing decisions; prepared CFF uses only supplied approved metadata (6017.5795ms)
✔ M4 print CSS admits page layout and literal citation targets while refusing resource-bearing attr forms (0.630458ms)
✔ selected current cases use their actual inventory; document-scoped C1 and E labels retain distinct meanings (3523.260917ms)
✔ adapted check exposes duplicate cases/DOIs, unknown claims and incomplete selected inventory (5773.20575ms)
✔ adapted check rejects label collisions, wrong editions and case-to-paper substitutions (3075.180125ms)
✔ version/access links retain every BIB target without displaying independent duplicate publications (3.949291ms)
✔ HTML, explanatory downloads and ZIP preserve scoped findings and original bytes at both bases (10222.355875ms)
✔ document links, reference-style links and case sections resolve to real HTML at both bases (166.13125ms)
✔ current source downloads preserve exact bytes and correct file types; historical drafts stay outside exports and navigation (3147.727708ms)
✔ intake contentReview accepted cannot qualify actual or synthetic bytes; historical approvals stay separate (1602.931042ms)
✔ hashed exact fidelity evidence is required; scientific approval or request-only data cannot substitute (1126.856667ms)
✔ bounded fidelity decisions need no linked scientific acceptance; dependency changes still stale the decision (1304.950125ms)
✔ complete isolated fidelity inventory derives qualification, while synthetic scope and missing reviews refuse it (1095.823334ms)
✔ null, primitive and incomplete stale evidence fail with the intended typed diagnostic (865.450208ms)
✔ review dates cannot predate the reviewed material, including dependency updates (962.289167ms)
✔ receipt paths reject traversal, symlink files and symlink ancestors (857.371208ms)
✔ review inputs independently capture rendered plain language and the actual home projection without aliasing (878.596292ms)
✔ stale decisions retain internally coherent dates, source excerpts, dependencies and projection reads (21313.646333ms)
✔ receipt paths reject control characters even when a matching regular file exists (3213.899917ms)
✔ a real loader roundtrip validates hashed decisions and qualifies only the reviewed selection, ignoring unrelated drafts and historical scientific registry bytes (64952.624916ms)
ℹ tests 24
ℹ suites 0
ℹ pass 24
ℹ fail 0
ℹ cancelled 0
ℹ skipped 0
ℹ todo 0
ℹ duration_ms 99271.426666
