✔ M4 explanatory exports mirror canonical parsed statements, retain adapters and have usable destinations at both bases (30147.227083ms)
✔ M4 ZIP manifests preserve original bytes and exclude administrative evidence/history; tampered members fail (10252.666542ms)
✔ M4 approved selection filters draft/history/withdrawn downloads and emits dated article RSS at both bases (2540.719167ms)
✔ M4 duplicate article routes and stale source numbers refuse; document source rename does not rename its route (3447.701916ms)
✔ M4 citation remains inactive for actual missing decisions; prepared CFF uses only supplied approved metadata (5913.81875ms)
✔ M4 print CSS admits page layout and literal citation targets while refusing resource-bearing attr forms (1.988666ms)
✔ selected current cases use their actual inventory; document-scoped C1 and E labels retain distinct meanings (11767.828667ms)
✔ adapted check exposes duplicate cases/DOIs, unknown claims and incomplete selected inventory (17003.193667ms)
✔ adapted check rejects label collisions, wrong editions and case-to-paper substitutions (8833.262042ms)
✖ version/access links retain every BIB target without displaying independent duplicate publications (2761.749459ms)
✔ a displayed alternate is bound to its parent user review and remains local to that publication (5.5885ms)
✔ HTML, explanatory downloads and ZIP preserve scoped findings and original bytes at both bases (13295.736ms)
✔ document links, reference-style links and case sections resolve to real HTML at both bases (536.041542ms)
✔ current source downloads preserve exact bytes and correct file types; historical drafts stay outside exports and navigation (9807.020458ms)
✔ intake contentReview accepted cannot qualify actual or synthetic bytes; historical approvals stay separate (4190.99625ms)
✔ hashed exact fidelity evidence is required; scientific approval or request-only data cannot substitute (2880.37175ms)
✔ bounded fidelity decisions need no linked scientific acceptance; dependency changes still stale the decision (3442.546542ms)
✔ complete isolated fidelity inventory derives qualification, while synthetic scope and missing reviews refuse it (4143.406625ms)
✔ null, primitive and incomplete stale evidence fail with the intended typed diagnostic (3161.072708ms)
✔ review dates cannot predate the reviewed material, including dependency updates (2928.957458ms)
✔ receipt paths reject traversal, symlink files and symlink ancestors (2481.3355ms)
✔ review inputs independently capture rendered plain language and the actual home projection without aliasing (2133.226208ms)
✔ stale decisions retain internally coherent dates, source excerpts, dependencies and projection reads (35415.612917ms)
✔ receipt paths reject control characters even when a matching regular file exists (1744.328583ms)
✔ a real loader roundtrip validates hashed decisions and qualifies only the reviewed selection, ignoring unrelated drafts and historical scientific registry bytes (52702.524125ms)
ℹ tests 25
ℹ suites 0
ℹ pass 24
ℹ fail 1
ℹ cancelled 0
ℹ skipped 0
ℹ todo 0
ℹ duration_ms 116765.706375

✖ failing tests:

test at tests/content/source-link-r2.test.ts:1:3450
✖ version/access links retain every BIB target without displaying independent duplicate publications (2761.749459ms)
  AssertionError [ERR_ASSERTION]: The expression evaluated to a falsy value:
  
    assert.ok(html.includes(`id="${id(alt)}"`))
  
      at TestContext.<anonymous> (/Users/new/RiderProjects/RPG_theory/tests/content/source-link-r2.test.ts:48:12)
      at Test.runInAsyncScope (node:async_hooks:227:14)
      at Test.run (node:internal/test_runner/test:1325:25)
      at Test.processPendingSubtests (node:internal/test_runner/test:911:18)
      at Test.postRun (node:internal/test_runner/test:1465:19)
      at Test.run (node:internal/test_runner/test:1390:12)
      at async Test.processPendingSubtests (node:internal/test_runner/test:911:7) {
    generatedMessage: true,
    code: 'ERR_ASSERTION',
    actual: false,
    expected: true,
    operator: '==',
    diff: 'simple'
  }
