node:internal/modules/run_main:107
    triggerUncaughtException(
    ^

browserType.launch: Target page, context or browser has been closed
Browser logs:

<launching> /Users/new/RiderProjects/RPG_theory/node_modules/.cache/ms-playwright/chromium_headless_shell-1243/chrome-headless-shell-mac-arm64/chrome-headless-shell --disable-field-trial-config --disable-background-networking --disable-background-timer-throttling --disable-backgrounding-occluded-windows --disable-back-forward-cache --disable-breakpad --disable-client-side-phishing-detection --disable-component-extensions-with-background-pages --disable-component-update --no-default-browser-check --disable-default-apps --disable-dev-shm-usage --disable-edgeupdater --disable-extensions --disable-features=AvoidUnnecessaryBeforeUnloadCheckSync,DestroyProfileOnBrowserClose,DialMediaRouteProvider,GlobalMediaControls,HttpsUpgrades,LensOverlay,MediaRouter,PaintHolding,ThirdPartyStoragePartitioning,BlockOriginHeaderModificationOnRedirect,Translate,AutoDeElevate,OptimizationHints,msForceBrowserSignIn,msEdgeUpdateLaunchServicesPreferredVersion --enable-features=CDPScreenshotNewSurface --allow-pre-commit-input --disable-hang-monitor --disable-ipc-flooding-protection --disable-popup-blocking --disable-prompt-on-repost --disable-renderer-backgrounding --disable-updater-scheduler --force-color-profile=srgb --metrics-recording-only --no-first-run --password-store=basic --use-mock-keychain --no-service-autorun --export-tagged-pdf --disable-search-engine-choice-screen --unsafely-disable-devtools-self-xss-warnings --edge-skip-compat-layer-relaunch --disable-infobars --disable-search-engine-choice-screen --disable-sync --enable-unsafe-swiftshader --headless --hide-scrollbars --mute-audio --blink-settings=primaryHoverType=2,availableHoverTypes=2,primaryPointerType=4,availablePointerTypes=4 --no-sandbox --user-data-dir=/var/folders/4y/hgpkn41s2790bvj08tkc9b000000gn/T/playwright_chromiumdev_profile-0JYiKZ --remote-debugging-pipe --no-startup-window
<launched> pid=41720
[pid=41720][err] [1001/225238.242287:ERROR:base/power_monitor/thermal_state_observer_mac.mm:140] ThermalStateObserverMac unable to register to power notifications. Result: 9
[pid=41720][err] [1001/225238.244876:ERROR:net/dns/dns_config_service_posix.cc:138] DNS config watch failed to start.
[pid=41720][err] [1001/225238.245747:FATAL:base/apple/mach_port_rendezvous_mac.cc:159] Check failed: kr == KERN_SUCCESS. bootstrap_check_in org.chromium.Chromium.MachPortRendezvousServer.41720: Permission denied (1100)
[pid=41720] <process did exit: exitCode=null, signal=SIGTRAP>
[pid=41720] starting temporary directories cleanup
Call log:
[2m  - <launching> /Users/new/RiderProjects/RPG_theory/node_modules/.cache/ms-playwright/chromium_headless_shell-1243/chrome-headless-shell-mac-arm64/chrome-headless-shell --disable-field-trial-config --disable-background-networking --disable-background-timer-throttling --disable-backgrounding-occluded-windows --disable-back-forward-cache --disable-breakpad --disable-client-side-phishing-detection --disable-component-extensions-with-background-pages --disable-component-update --no-default-browser-check --disable-default-apps --disable-dev-shm-usage --disable-edgeupdater --disable-extensions --disable-features=AvoidUnnecessaryBeforeUnloadCheckSync,DestroyProfileOnBrowserClose,DialMediaRouteProvider,GlobalMediaControls,HttpsUpgrades,LensOverlay,MediaRouter,PaintHolding,ThirdPartyStoragePartitioning,BlockOriginHeaderModificationOnRedirect,Translate,AutoDeElevate,OptimizationHints,msForceBrowserSignIn,msEdgeUpdateLaunchServicesPreferredVersion --enable-features=CDPScreenshotNewSurface --allow-pre-commit-input --disable-hang-monitor --disable-ipc-flooding-protection --disable-popup-blocking --disable-prompt-on-repost --disable-renderer-backgrounding --disable-updater-scheduler --force-color-profile=srgb --metrics-recording-only --no-first-run --password-store=basic --use-mock-keychain --no-service-autorun --export-tagged-pdf --disable-search-engine-choice-screen --unsafely-disable-devtools-self-xss-warnings --edge-skip-compat-layer-relaunch --disable-infobars --disable-search-engine-choice-screen --disable-sync --enable-unsafe-swiftshader --headless --hide-scrollbars --mute-audio --blink-settings=primaryHoverType=2,availableHoverTypes=2,primaryPointerType=4,availablePointerTypes=4 --no-sandbox --user-data-dir=/var/folders/4y/hgpkn41s2790bvj08tkc9b000000gn/T/playwright_chromiumdev_profile-0JYiKZ --remote-debugging-pipe --no-startup-window[22m
[2m  - <launched> pid=41720[22m
[2m  - [pid=41720][err] [1001/225238.242287:ERROR:base/power_monitor/thermal_state_observer_mac.mm:140] ThermalStateObserverMac unable to register to power notifications. Result: 9[22m
[2m  - [pid=41720][err] [1001/225238.244876:ERROR:net/dns/dns_config_service_posix.cc:138] DNS config watch failed to start.[22m
[2m  - [pid=41720][err] [1001/225238.245747:FATAL:base/apple/mach_port_rendezvous_mac.cc:159] Check failed: kr == KERN_SUCCESS. bootstrap_check_in org.chromium.Chromium.MachPortRendezvousServer.41720: Permission denied (1100)[22m
[2m  - [pid=41720] <process did exit: exitCode=null, signal=SIGTRAP>[22m
[2m  - [pid=41720] starting temporary directories cleanup[22m
[2m  - [pid=41720] <gracefully close start>[22m
[2m  - [pid=41720] <kill>[22m
[2m  - [pid=41720] <skipped force kill spawnedProcess.killed=false processClosed=true>[22m
[2m  - [pid=41720] finished temporary directories cleanup[22m
[2m  - [pid=41720] <gracefully close end>[22m

    at <anonymous> (/Users/new/RiderProjects/RPG_theory/docs/evidence/m1/review-recheck/visual-capture.ts:8:30) {
  log: [
    '  - <launching> /Users/new/RiderProjects/RPG_theory/node_modules/.cache/ms-playwright/chromium_headless_shell-1243/chrome-headless-shell-mac-arm64/chrome-headless-shell --disable-field-trial-config --disable-background-networking --disable-background-timer-throttling --disable-backgrounding-occluded-windows --disable-back-forward-cache --disable-breakpad --disable-client-side-phishing-detection --disable-component-extensions-with-background-pages --disable-component-update --no-default-browser-check --disable-default-apps --disable-dev-shm-usage --disable-edgeupdater --disable-extensions --disable-features=AvoidUnnecessaryBeforeUnloadCheckSync,DestroyProfileOnBrowserClose,DialMediaRouteProvider,GlobalMediaControls,HttpsUpgrades,LensOverlay,MediaRouter,PaintHolding,ThirdPartyStoragePartitioning,BlockOriginHeaderModificationOnRedirect,Translate,AutoDeElevate,OptimizationHints,msForceBrowserSignIn,msEdgeUpdateLaunchServicesPreferredVersion --enable-features=CDPScreenshotNewSurface --allow-pre-commit-input --disable-hang-monitor --disable-ipc-flooding-protection --disable-popup-blocking --disable-prompt-on-repost --disable-renderer-backgrounding --disable-updater-scheduler --force-color-profile=srgb --metrics-recording-only --no-first-run --password-store=basic --use-mock-keychain --no-service-autorun --export-tagged-pdf --disable-search-engine-choice-screen --unsafely-disable-devtools-self-xss-warnings --edge-skip-compat-layer-relaunch --disable-infobars --disable-search-engine-choice-screen --disable-sync --enable-unsafe-swiftshader --headless --hide-scrollbars --mute-audio --blink-settings=primaryHoverType=2,availableHoverTypes=2,primaryPointerType=4,availablePointerTypes=4 --no-sandbox --user-data-dir=/var/folders/4y/hgpkn41s2790bvj08tkc9b000000gn/T/playwright_chromiumdev_profile-0JYiKZ --remote-debugging-pipe --no-startup-window',
    '  - <launched> pid=41720',
    '  - [pid=41720][err] [1001/225238.242287:ERROR:base/power_monitor/thermal_state_observer_mac.mm:140] ThermalStateObserverMac unable to register to power notifications. Result: 9',
    '  - [pid=41720][err] [1001/225238.244876:ERROR:net/dns/dns_config_service_posix.cc:138] DNS config watch failed to start.',
    '  - [pid=41720][err] [1001/225238.245747:FATAL:base/apple/mach_port_rendezvous_mac.cc:159] Check failed: kr == KERN_SUCCESS. bootstrap_check_in org.chromium.Chromium.MachPortRendezvousServer.41720: Permission denied (1100)',
    '  - [pid=41720] <process did exit: exitCode=null, signal=SIGTRAP>',
    '  - [pid=41720] starting temporary directories cleanup',
    '  - [pid=41720] <gracefully close start>',
    '  - [pid=41720] <kill>',
    '  - [pid=41720] <skipped force kill spawnedProcess.killed=false processClosed=true>',
    '  - [pid=41720] finished temporary directories cleanup',
    '  - [pid=41720] <gracefully close end>'
  ]
}

Node.js v24.18.0
