10:55:10 [content] Syncing content
10:55:10 [content] Astro config changed
10:55:10 [content] Clearing content store
10:55:10 [content] Synced content
10:55:10 [types] Generated 591ms
10:55:10 [build] output: "static"
10:55:10 [build] mode: "static"
10:55:10 [build] directory: /Users/new/RiderProjects/RPG_theory/dist/m6/acceptance-subpath/
10:55:10 [build] Collecting build info...
10:55:10 [build] ✓ Completed in 600ms.
10:55:10 [build] Building static entrypoints...
10:55:10 [vite] ✓ built in 113ms
10:55:10 [vite] ✓ built in 9ms
10:55:10 [build] Rearranging server assets...

 generating static routes 
10:55:11   ├─ /404.html (+10ms) 
10:55:11   ├─ /about/index.html (+3ms) 
10:55:11   ├─ /articles/index.html (+3ms) 
10:55:11   ├─ /cite/index.html (+299ms) 
10:55:11   ├─ /downloads/THIRD-PARTY-NOTICES.txt/ (+2ms) 
10:55:11   ├─ /downloads/explanatory/DOC-STATUS.md/ (+1ms) 
10:55:11   ├─ /downloads/explanatory/DOC-PROOF.md/ (+1ms) 
10:55:11   ├─ /downloads/explanatory/DOC-CONCEPT-GEOMETRY.md/ (+0ms) 
10:55:11   ├─ /downloads/explanatory/DOC-CORE.md/ (+1ms) 
10:55:11   ├─ /downloads/explanatory/DOC-CONTROL.md/ (+1ms) 
10:55:11   ├─ /downloads/explanatory/DOC-FRAMEWORK.md/ (+0ms) 
10:55:11   ├─ /downloads/explanatory/DOC-MATH.md/ (+0ms) 
10:55:11   ├─ /downloads/explanatory/DOC-INTERACTION-EVIDENCE.md/ (+0ms) 
10:55:11   ├─ /downloads/explanatory/DOC-ADDITIONAL-EVIDENCE.md/ (+0ms) 
10:55:11   ├─ /downloads/explanatory/DOC-OPEN-PROBLEMS.md/ (+0ms) 
10:55:11   ├─ /downloads/explanatory/DOC-SOURCE-CHANGES.md/ (+0ms) 
10:55:11   ├─ /downloads/explanatory/UT-D01.md/ (+0ms) 
10:55:11   ├─ /downloads/explanatory/UT-D02.md/ (+0ms) 
10:55:11   ├─ /downloads/explanatory/UT-D03.md/ (+0ms) 
10:55:11   ├─ /downloads/explanatory/UT-D04.md/ (+0ms) 
10:55:11   ├─ /downloads/explanatory/UT-D05.md/ (+0ms) 
10:55:11   ├─ /downloads/explanatory/UT-D06.md/ (+0ms) 
10:55:11   ├─ /downloads/explanatory/UT-D07.md/ (+0ms) 
10:55:11   ├─ /downloads/explanatory/UT-D08.md/ (+0ms) 
10:55:11   ├─ /downloads/explanatory/UT-D09.md/ (+0ms) 
10:55:11   ├─ /downloads/explanatory/UT-C01.md/ (+0ms) 
10:55:11   ├─ /downloads/explanatory/UT-C02.md/ (+0ms) 
10:55:11   ├─ /downloads/explanatory/UT-O01.md/ (+0ms) 
10:55:11   ├─ /downloads/explanatory/UT-O02.md/ (+0ms) 
10:55:11   ├─ /downloads/explanatory/UT-O03.md/ (+0ms) 
10:55:11   ├─ /downloads/explanatory/UT-O04.md/ (+0ms) 
10:55:11   ├─ /downloads/explanatory/UT-O05.md/ (+0ms) 
10:55:11   ├─ /downloads/explanatory/UT-O06.md/ (+0ms) 
10:55:11   ├─ /downloads/explanatory/UT-E01.md/ (+0ms) 
10:55:11   ├─ /downloads/explanatory/UT-E02.md/ (+0ms) 
10:55:11   ├─ /downloads/explanatory/UT-E03.md/ (+0ms) 
10:55:11   ├─ /downloads/explanatory/UT-E04.md/ (+0ms) 
10:55:11   ├─ /downloads/explanatory/UT-E05.md/ (+1ms) 
10:55:11   ├─ /downloads/explanatory/UT-E06.md/ (+1ms) 
10:55:11   ├─ /downloads/explanatory/UT-E07.md/ (+3ms) 
10:55:11   ├─ /downloads/explanatory/UT-E08.md/ (+9ms) 
10:55:11   ├─ /downloads/explanatory/UT-E09.md/ (+1ms) 
10:55:11   ├─ /downloads/explanatory/UT-E10.md/ (+5ms) 
10:55:11   ├─ /downloads/explanatory/UT-E11.md/ (+2ms) 
10:55:11   ├─ /downloads/explanatory/UT-E12.md/ (+0ms) 
10:55:11   ├─ /downloads/explanatory/DOC-ARTICLE-STRUCTURES.md/ (+0ms) 
10:55:11   ├─ /downloads/explanatory/DOC-ARTICLE-UNIT.md/ (+2ms) 
10:55:11   ├─ /downloads/explanatory/DOC-CONCEPT-INTERACTIONS.md/ (+1ms) 
10:55:11   ├─ /downloads/explanatory/DOC-CONCEPT-RECURSION.md/ (+2ms) 
10:55:11   ├─ /downloads/explanatory/DOC-CONCEPT-STABILITY.md/ (+1ms) 
10:55:11   ├─ /downloads/explanatory/DOC-CONCEPTS.md/ (+2ms) 
10:55:11   ├─ /downloads/explanatory/DOC-EVIDENCE.md/ (+5ms) 
10:55:11   ├─ /downloads/explanatory/DOC-EXAMPLE-CELL.md/ (+1ms) 
10:55:11   ├─ /downloads/explanatory/DOC-EXAMPLE-LIFE.md/ (+1ms) 
10:55:11   ├─ /downloads/explanatory/DOC-EXAMPLE-MOLECULE.md/ (+1ms) 
10:55:11   ├─ /downloads/explanatory/DOC-EXAMPLE-STAR.md/ (+1ms) 
10:55:11   ├─ /downloads/explanatory/DOC-EXAMPLE-STRING.md/ (+1ms) 
10:55:11   ├─ /downloads/explanatory/DOC-EXAMPLE-WATER.md/ (+1ms) 
10:55:11   ├─ /downloads/explanatory/DOC-EXAMPLES.md/ (+1ms) 
10:55:11   ├─ /downloads/explanatory/DOC-HOME.md/ (+1ms) 
10:55:11   ├─ /downloads/explanatory/DOC-START.md/ (+1ms) 
10:55:11   ├─ /downloads/explanatory/DOC-LIBRARY.md/ (+0ms) 
10:55:11   ├─ /downloads/original/R-CURRENT-ADDITIONAL.md/ (+1ms) 
10:55:11   ├─ /downloads/original/R-CURRENT-CHANGELOG.md/ (+1ms) 
10:55:11   ├─ /downloads/original/R-CURRENT-CONTROL.md/ (+1ms) 
10:55:11   ├─ /downloads/original/R-CURRENT-CORE.md/ (+1ms) 
10:55:11   ├─ /downloads/original/R-CURRENT-INTERACTIONS.md/ (+1ms) 
10:55:11   ├─ /downloads/original/R-CURRENT-MATH.md/ (+0ms) 
10:55:11   ├─ /downloads/original/R-CURRENT-PROOF.md/ (+0ms) 
10:55:11   ├─ /downloads/original/R-CURRENT-SCIENCE.md/ (+1ms) 
10:55:11   ├─ /downloads/original/R-CURRENT-STATUS.md/ (+1ms) 
10:55:11   ├─ /downloads/original/R-CURRENT-WORLD.md/ (+1ms) 
10:55:11   ├─ /downloads/release.json/ (+1ms) 
10:55:11   ├─ /downloads/SHA256SUMS/ (+1ms) 
10:55:11   ├─ /downloads/unity-theory-publication-site-2026.10.05-m6-private-preview.zip/ (+1ms) 
10:55:11   ├─ /fixtures/math/index.html (+12ms) 
10:55:12   ├─ /legal/index.html (+4ms) 
10:55:12   ├─ /references/index.html (+4ms) 
10:55:12   ├─ /rss.xml (+6ms) 
10:55:12   ├─ /search/index.html (+4ms) 
10:55:12   ├─ /sitemap.xml (+1ms) 
10:55:12   ├─ /start/index.html (+10ms) 
10:55:12   ├─ /index.html (+17ms) 
10:55:12   ├─ /research-status/index.html (+10ms) 
10:55:12   ├─ /research-status/proof-matrix/index.html (+6ms) 
10:55:12   ├─ /concepts/geometry-and-modes/index.html (+4ms) 
10:55:12   ├─ /documents/locked-core/index.html (+16ms) 
10:55:12   ├─ /changes/index.html (+6ms) 
10:55:12   ├─ /framework/index.html (+75ms) 
10:55:12   ├─ /math/index.html (+129ms) 
10:55:12   ├─ /evidence/interactions/index.html (+15ms) 
10:55:12   ├─ /evidence/additional/index.html (+11ms) 
10:55:12   ├─ /open-problems/index.html (+6ms) 
10:55:12   ├─ /changes/source-history/index.html (+6ms) 
10:55:12   ├─ /claims/UT-D01/index.html (+3ms) 
10:55:12   ├─ /claims/UT-D02/index.html (+2ms) 
10:55:12   ├─ /claims/UT-D03/index.html (+2ms) 
10:55:12   ├─ /claims/UT-D04/index.html (+2ms) 
10:55:12   ├─ /claims/UT-D05/index.html (+2ms) 
10:55:12   ├─ /claims/UT-D06/index.html (+3ms) 
10:55:12   ├─ /claims/UT-D07/index.html (+3ms) 
10:55:12   ├─ /claims/UT-D08/index.html (+4ms) 
10:55:12   ├─ /claims/UT-D09/index.html (+3ms) 
10:55:12   ├─ /claims/UT-C01/index.html (+2ms) 
10:55:12   ├─ /claims/UT-C02/index.html (+2ms) 
10:55:12   ├─ /claims/UT-O01/index.html (+2ms) 
10:55:12   ├─ /claims/UT-O02/index.html (+1ms) 
10:55:12   ├─ /claims/UT-O03/index.html (+1ms) 
10:55:12   ├─ /claims/UT-O04/index.html (+2ms) 
10:55:12   ├─ /claims/UT-O05/index.html (+1ms) 
10:55:12   ├─ /claims/UT-O06/index.html (+1ms) 
10:55:12   ├─ /claims/UT-E01/index.html (+2ms) 
10:55:12   ├─ /claims/UT-E02/index.html (+2ms) 
10:55:12   ├─ /claims/UT-E03/index.html (+2ms) 
10:55:12   ├─ /claims/UT-E04/index.html (+2ms) 
10:55:12   ├─ /claims/UT-E05/index.html (+2ms) 
10:55:12   ├─ /claims/UT-E06/index.html (+2ms) 
10:55:12   ├─ /claims/UT-E07/index.html (+2ms) 
10:55:12   ├─ /claims/UT-E08/index.html (+2ms) 
10:55:12   ├─ /claims/UT-E09/index.html (+2ms) 
10:55:12   ├─ /claims/UT-E10/index.html (+3ms) 
10:55:12   ├─ /claims/UT-E11/index.html (+3ms) 
10:55:12   ├─ /claims/UT-E12/index.html (+5ms) 
10:55:12   ├─ /articles/how-existing-structures-make-new-organization-possible/index.html (+4ms) 
10:55:12   ├─ /articles/when-can-a-whole-be-treated-as-one-useful-unit/index.html (+4ms) 
10:55:12   ├─ /concepts/effective-interactions/index.html (+6ms) 
10:55:12   ├─ /concepts/recursion/index.html (+3ms) 
10:55:12   ├─ /concepts/stability/index.html (+3ms) 
10:55:12   ├─ /concepts/index.html (+3ms) 
10:55:12   ├─ /evidence/index.html (+5ms) 
10:55:12   ├─ /examples/cell/index.html (+3ms) 
10:55:12   ├─ /examples/life-environment/index.html (+3ms) 
10:55:12   ├─ /examples/molecule/index.html (+2ms) 
10:55:12   ├─ /examples/star/index.html (+2ms) 
10:55:12   ├─ /examples/string/index.html (+2ms) 
10:55:12   ├─ /examples/water/index.html (+2ms) 
10:55:12   ├─ /examples/index.html (+3ms) 
10:55:12   ├─ /documents/index.html (+19ms) 
10:55:12 ✓ Completed in 1.70s.

10:55:12 [build] ✓ Completed in 1.85s.
10:55:12 [build] 65 page(s) built in 2.45s
10:55:12 [build] Complete!
preview artifact: /Users/new/RiderProjects/RPG_theory/dist/m6/acceptance-subpath; deployEligible=false
