
> unity-theory@0.0.1 verify
> tsx scripts/verify.ts --output-root dist/m1-website-fidelity-quality-recheck --evidence-dir docs/evidence/m1/website-fidelity-quality-recheck


Running npm run check

> unity-theory@0.0.1 check
> astro check

13:31:43 [content] Syncing content
13:31:43 [content] Astro config changed
13:31:43 [content] Clearing content store
13:31:43 [content] Synced content
13:31:43 [types] Generated 790ms
13:31:43 [check] Getting diagnostics for Astro files in /Users/new/RiderProjects/RPG_theory...
Result (50 files): 
- 0 errors
- 0 warnings
- 0 hints


Running npm run check:sources -- --scope history

> unity-theory@0.0.1 check:sources
> tsx scripts/check-sources.ts --scope history

{"status":"PASS","historicalFiles":14,"noticeTranscriptions":2,"authorityNoticeOnly":true}

Running npm run check:sources -- --scope current

> unity-theory@0.0.1 check:sources
> tsx scripts/check-sources.ts --scope current

{"availability":"AVAILABLE_BYTES_VERIFIED","bytesVerified":true,"corpusScope":"current","currentSourceQualified":false,"qualificationBasis":"website-source-fidelity/1","files":13,"coreSha256":"b6d3e7c75285889afe94cabf083ba5fb80f401c656613ba6a80d2f0149b655e1","inventorySeal":"25d4e1e9476da06972bd30245ea4d6abe6be0a0e9bc56aaa0ae9e09179a6386a","edition":"RRG v0.2 locked + evidence updates; promoted 2026-10-01","sourceBoundEntries":31,"websiteFidelity":"pending","scientificCertification":"out-of-scope"}

Running npm run check:content

> unity-theory@0.0.1 check:content
> tsx scripts/check-content.ts

{"schema":"unity-content-check/1","status":"PASS","date":"2026-10-02T10:31:51.375Z","admission":{"availability":"AVAILABLE_BYTES_VERIFIED","bytesVerified":true,"corpusScope":"current","currentSourceQualified":false,"qualificationBasis":"website-source-fidelity/1","files":13,"coreSha256":"b6d3e7c75285889afe94cabf083ba5fb80f401c656613ba6a80d2f0149b655e1","inventorySeal":"25d4e1e9476da06972bd30245ea4d6abe6be0a0e9bc56aaa0ae9e09179a6386a","edition":"RRG v0.2 locked + evidence updates; promoted 2026-10-01"},"entries":34,"affected":[],"reviewPurpose":"website-source-fidelity/1","scientificCertification":"out-of-scope","acceptedReviews":0,"reviewStates":{"accepted":0,"pending":0,"stale":34,"rejected":0}}

Running npm run test:content

> unity-theory@0.0.1 test:content
> tsx --test tests/content/*.test.ts

✔ missing current sources reach CURRENT_SOURCE_PACKAGE_MISSING (0.734625ms)
✔ one-byte history mutation reaches HISTORICAL_INTEGRITY_FAILURE (1.586083ms)
✔ unrecorded core change reaches LOCKED_CORE_MISMATCH (1.445792ms)
✔ missing required manifest member reaches CURRENT_MANIFEST_INCOMPLETE (1.293833ms)
✔ mixed stale sibling with matching core reaches SOURCE_INTEGRITY_FAILURE (1.72425ms)
✔ wrong source/excerpt binding reaches SOURCE_BINDING_FAILURE (1.441583ms)
✔ history offered as current reaches LEGACY_SOURCE_REJECTED (0.726583ms)
✔ complete justified revised synthetic edition passes without historical-pin veto (1.106416ms)
✔ silent edition-pin reset still fails (0.690209ms)
✔ recorded membership omissions, duplicates and unknown manifest formats fail against actual text (1.315125ms)
✔ root, subpath, file endpoints and path collisions use the same URL owner (0.187625ms)
✔ release with fixture host or unqualified scientific corpus fails closed (0.238916ms)
✔ root-only asset in subpath output reaches BASE_PATH_FAILURE (2090.404042ms)
✔ output audit requires routes, rejects extra private files and stale/relabelled identity (2602.009333ms)
✔ absolute same-site links/fragments are local; unsafe links and remote resources fail (4779.4155ms)
✔ artifact audit rejects false source identity and active SVG files (1323.001792ms)
✔ Markdown renders MathML, prefixes links and rejects HTML/unsafe destinations (3.611666ms)
✔ Markdown reference links/images share safety and base handling (7.635458ms)
✔ math macros cannot leak between documents and trusted HTML commands emit no active link (1.57125ms)
✔ safe archive extraction rejects traversal, absolute paths, symlinks, collisions and unexpected roots (142.103833ms)
✔ output audit rejects changed source-bound display, manifest substitutions and draft sentinels (757.432333ms)
✔ output audit binds bibliography text, destinations, support limits, status, projection and navigation (3395.7455ms)
✔ output audit rejects multiply encoded local traversal (607.3925ms)
✔ document metadata comparison scopes the title to the head, preserving accessible SVG titles (606.960417ms)
✔ each additional-evidence mapping declares every core clause named by its actual excerpt (828.613833ms)
✔ the actual start explanation tracks emergent evidence, its support metadata and current status (382.528958ms)
✔ background-extension changes invalidate the actual E12 interpretation and its consumers (454.365708ms)
✔ review fingerprints track real URL, selection, style and pinned rendering dependency inputs (1342.692917ms)
✔ historical representation decisions do not populate website fidelity or qualify the source (207.527333ms)
✔ independent statement, bad binding range/hash, wrong record kind, duplicates and unknown sources fail (155.099875ms)
✔ source-scoped aliases keep historical S01 local; duplicates and unresolved aliases fail (19.079208ms)
✔ source URL aliases preserve case-sensitive paths while DOI identity remains case insensitive (230.563791ms)
✔ non-DOI citation identity preserves added or removed trailing path separators (214.613583ms)
✔ missing or cyclic semantic dependency fails; related feedback does not create proof cycles (239.239375ms)
✔ authority notes cannot supply scientific excerpts; invalid states and real dates fail (41.795416ms)
✔ safe directives render actual canonical explanations, extract dependencies and reject executable/unknown syntax (4.753791ms)
✔ dependency changes stale exact reviews and report reverse dependants; unrelated bibliography is local (150.134042ms)
✔ changing a relevant source verification scope or relevant citation stales its review (281.313542ms)
✔ shared release selector refuses actual pending corpus, missing/stale reviews, future publication and rights (930.0285ms)
✔ one manifest excludes drafts from every production surface and rejects published draft dependencies (219.271125ms)
✖ withdrawn history is explicitly selected as a tombstone; former body is removed (277.661334ms)
✔ source display adapters preserve raw bindings while rendering status/math/table consumers (413.182375ms)
✔ source revision transaction refuses missing prior-byte preservation and incomplete core proof gate (322.184916ms)
✔ actual supplied 07 and 08 cannot disappear behind a matching core (5.265541ms)
✔ a missing or mismatched actual local citation alias fails the source adapter (21.392875ms)
✔ project reproduction cannot be asserted with an invented execution receipt (27.668125ms)
✔ Markdown directive export uses ordinary links and leaves code examples untouched (2.169542ms)
✔ statement directives are order-independent; nested references and cycles reach the shared graph (291.87725ms)
✔ scientific identities cannot bypass proposal provenance or masquerade as documents (61.73925ms)
✔ retained historical excerpts remain historical; supersession is reciprocal and draft history stays out of discovery (285.646542ms)
✔ review rejection is distinct from pending; alternate citation review binds its primary metadata (141.180292ms)
✔ source, bibliography, execution and renderer identity changes report or stale their actual dependants (91.705834ms)
✔ actual status, proof and home summaries depend on their core definitions and emergent evidence (369.436125ms)
✖ withdrawal removes old title, scope, source mapping, evidence and bibliography from all rendered regions (130.06ms)
✔ bibliographic verification cannot retain a checked label after metadata substitution (45.166333ms)
✔ release rejects future updates and reviews independently of the publication date (266.634125ms)
✔ qualification uses reviewed production selection; a preview cannot be relabelled qualification (189.582917ms)
✔ Markdown export validates safety, expands nested references and leaves math samples intact (97.427042ms)
✔ directives cannot create nested anchors in link labels or Markdown exports (1.94675ms)
✔ proposals display non-adoption and cannot supersede source-authoritative records (147.779166ms)
✔ revision impact retains predecessor dependants when the next graph removes an edge (218.408417ms)
✔ real home/start emit withdrawal tombstones through the shared consumer and output auditor (15119.030291ms)
✔ real revision CLI validates preserved editions and reports pending dependants; it cannot write approvals (9418.976708ms)
✔ real revision CLI accounts for both rename paths without inventing a core-byte change: 04_status_and_blockers.md (6462.312583ms)
✔ real revision CLI accounts for both rename paths without inventing a core-byte change: 00_LOCKED_CORE.md (4757.701208ms)
✔ intake contentReview accepted cannot qualify actual or synthetic bytes; historical approvals stay separate (674.854459ms)
✔ hashed exact fidelity evidence is required; scientific approval or request-only data cannot substitute (487.053792ms)
✔ bounded fidelity decisions need no linked scientific acceptance; dependency changes still stale the decision (467.594209ms)
✔ complete isolated fidelity inventory derives qualification, while synthetic scope and missing reviews refuse it (309.977417ms)
✔ null, primitive and incomplete stale evidence fail with the intended typed diagnostic (312.369042ms)
✔ review dates cannot predate the reviewed material, including dependency updates (312.467417ms)
✔ receipt paths reject traversal, symlink files and symlink ancestors (359.467792ms)
✔ review inputs independently capture rendered plain language and the actual home projection without aliasing (289.304ms)
✔ stale decisions retain internally coherent dates, source excerpts, dependencies and projection reads (4220.166833ms)
✔ receipt paths reject control characters even when a matching regular file exists (212.828958ms)
✔ a real loader roundtrip validates hashed decisions and qualifies only the reviewed selection, ignoring unrelated drafts and historical scientific registry bytes (3789.765083ms)
ℹ tests 76
ℹ suites 0
ℹ pass 74
ℹ fail 2
ℹ cancelled 0
ℹ skipped 0
ℹ todo 0
ℹ duration_ms 18538.121625

✖ failing tests:

test at tests/content/m1.test.ts:118:1
✖ withdrawn history is explicitly selected as a tombstone; former body is removed (277.661334ms)
  Error [ContractError]: WEBSITE_REVIEW_EVIDENCE_REQUIRED: docs/evidence/UT-D01.json
      at validateWebsiteReviews (/Users/new/RiderProjects/RPG_theory/src/lib/website-review.ts:88:21)
      at qualifyWebsiteCorpus (/Users/new/RiderProjects/RPG_theory/src/lib/website-review.ts:105:3)
      at selectPublication (/Users/new/RiderProjects/RPG_theory/src/lib/publication.ts:35:63)
      at TestContext.<anonymous> (/Users/new/RiderProjects/RPG_theory/tests/content/m1.test.ts:120:15)
      at Test.runInAsyncScope (node:async_hooks:227:14)
      at Test.run (node:internal/test_runner/test:1325:25)
      at Test.processPendingSubtests (node:internal/test_runner/test:911:18)
      at Test.postRun (node:internal/test_runner/test:1465:19)
      at Test.run (node:internal/test_runner/test:1390:12)
      at async Test.processPendingSubtests (node:internal/test_runner/test:911:7) {
    code: 'WEBSITE_REVIEW_EVIDENCE_REQUIRED'
  }

test at tests/content/m1.test.ts:219:1
✖ withdrawal removes old title, scope, source mapping, evidence and bibliography from all rendered regions (130.06ms)
  Error [ContractError]: WEBSITE_REVIEW_EVIDENCE_REQUIRED: docs/evidence/UT-D01.json
      at validateWebsiteReviews (/Users/new/RiderProjects/RPG_theory/src/lib/website-review.ts:88:21)
      at qualifyWebsiteCorpus (/Users/new/RiderProjects/RPG_theory/src/lib/website-review.ts:105:3)
      at selectPublication (/Users/new/RiderProjects/RPG_theory/src/lib/publication.ts:35:63)
      at TestContext.<anonymous> (/Users/new/RiderProjects/RPG_theory/tests/content/m1.test.ts:223:17)
      at Test.runInAsyncScope (node:async_hooks:227:14)
      at Test.run (node:internal/test_runner/test:1325:25)
      at Test.processPendingSubtests (node:internal/test_runner/test:911:18)
      at Test.postRun (node:internal/test_runner/test:1465:19)
      at Test.run (node:internal/test_runner/test:1390:12)
      at async Test.processPendingSubtests (node:internal/test_runner/test:911:7) {
    code: 'WEBSITE_REVIEW_EVIDENCE_REQUIRED'
  }
