18:35:20 [content] Syncing content
18:35:20 [content] Astro config changed
18:35:20 [content] Clearing content store
18:35:25 [content] Synced content
18:35:25 [types] Generated 5.85s
18:35:25 [build] output: "static"
18:35:25 [build] mode: "static"
18:35:25 [build] directory: /Users/new/RiderProjects/RPG_theory/dist/source-link-r2-accepted/subpath/
18:35:25 [build] Collecting build info...
18:35:25 [build] ✓ Completed in 5.87s.
18:35:25 [build] Building static entrypoints...
18:35:25 [vite] ✓ built in 258ms
18:35:25 [vite] ✓ built in 19ms
18:35:25 [build] Rearranging server assets...

 generating static routes 
18:35:35   ├─ /404.html (+24ms) 
18:35:35   ├─ /about/index.html (+32ms) 
18:35:35   ├─ /articles/index.html (+8ms) 
18:35:35   ├─ /cite/index.html (+1.01s) 
18:35:36   ├─ /downloads/THIRD-PARTY-NOTICES.txt/ (+7ms) 
18:35:36   ├─ /downloads/explanatory/DOC-STATUS.md/ (+1ms) 
18:35:36   ├─ /downloads/explanatory/DOC-CONCEPT-GEOMETRY.md/ (+7ms) 
18:35:36   ├─ /downloads/explanatory/DOC-CORE.md/ (+1ms) 
18:35:36   ├─ /downloads/explanatory/DOC-CONTROL.md/ (+1ms) 
18:35:36   ├─ /downloads/explanatory/DOC-FRAMEWORK.md/ (+2ms) 
18:35:36   ├─ /downloads/explanatory/DOC-MATH.md/ (+2ms) 
18:35:36   ├─ /downloads/explanatory/DOC-OPEN-PROBLEMS.md/ (+4ms) 
18:35:36   ├─ /downloads/explanatory/DOC-SOURCE-CHANGES.md/ (+9ms) 
18:35:36   ├─ /downloads/explanatory/DOC-WORLD.md/ (+10ms) 
18:35:36   ├─ /downloads/explanatory/DOC-BACKGROUND.md/ (+4ms) 
18:35:36   ├─ /downloads/explanatory/DOC-ILLUSTRATIONS.md/ (+4ms) 
18:35:36   ├─ /downloads/explanatory/DOC-CATALOGUE.md/ (+36ms) 
18:35:36   ├─ /downloads/explanatory/DOC-CLAIM-COVERAGE.md/ (+7ms) 
18:35:36   ├─ /downloads/explanatory/DOC-READING-GUIDE.md/ (+4ms) 
18:35:36   ├─ /downloads/explanatory/DOC-AUTHORITY.md/ (+3ms) 
18:35:36   ├─ /downloads/explanatory/DOC-FOUNDATION-ERRATA.md/ (+1ms) 
18:35:36   ├─ /downloads/explanatory/UT-D01.md/ (+1ms) 
18:35:36   ├─ /downloads/explanatory/UT-D02.md/ (+6ms) 
18:35:36   ├─ /downloads/explanatory/UT-D03.md/ (+5ms) 
18:35:36   ├─ /downloads/explanatory/UT-D04.md/ (+3ms) 
18:35:36   ├─ /downloads/explanatory/UT-D05.md/ (+8ms) 
18:35:36   ├─ /downloads/explanatory/UT-D06.md/ (+2ms) 
18:35:36   ├─ /downloads/explanatory/UT-D07.md/ (+8ms) 
18:35:36   ├─ /downloads/explanatory/UT-D08.md/ (+11ms) 
18:35:36   ├─ /downloads/explanatory/UT-D09.md/ (+5ms) 
18:35:36   ├─ /downloads/explanatory/UT-C01.md/ (+3ms) 
18:35:36   ├─ /downloads/explanatory/UT-C02.md/ (+1ms) 
18:35:36   ├─ /downloads/explanatory/UT-E101.md/ (+5ms) 
18:35:36   ├─ /downloads/explanatory/UT-E102.md/ (+1ms) 
18:35:36   ├─ /downloads/explanatory/UT-E103.md/ (+2ms) 
18:35:36   ├─ /downloads/explanatory/UT-E104.md/ (+1ms) 
18:35:36   ├─ /downloads/explanatory/UT-E105.md/ (+1ms) 
18:35:36   ├─ /downloads/explanatory/UT-E106.md/ (+4ms) 
18:35:36   ├─ /downloads/explanatory/UT-E107.md/ (+1ms) 
18:35:36   ├─ /downloads/explanatory/UT-E108.md/ (+2ms) 
18:35:36   ├─ /downloads/explanatory/UT-E109.md/ (+1ms) 
18:35:36   ├─ /downloads/explanatory/UT-E110.md/ (+2ms) 
18:35:36   ├─ /downloads/explanatory/UT-E111.md/ (+1ms) 
18:35:36   ├─ /downloads/explanatory/UT-E112.md/ (+1ms) 
18:35:36   ├─ /downloads/explanatory/UT-E113.md/ (+0ms) 
18:35:36   ├─ /downloads/explanatory/UT-E114.md/ (+2ms) 
18:35:36   ├─ /downloads/explanatory/UT-E115.md/ (+11ms) 
18:35:36   ├─ /downloads/explanatory/UT-E116.md/ (+2ms) 
18:35:36   ├─ /downloads/explanatory/UT-E117.md/ (+1ms) 
18:35:36   ├─ /downloads/explanatory/UT-E118.md/ (+0ms) 
18:35:36   ├─ /downloads/explanatory/UT-E119.md/ (+1ms) 
18:35:36   ├─ /downloads/explanatory/UT-E120.md/ (+1ms) 
18:35:36   ├─ /downloads/explanatory/UT-E121.md/ (+2ms) 
18:35:36   ├─ /downloads/explanatory/UT-E122.md/ (+5ms) 
18:35:36   ├─ /downloads/explanatory/UT-O101.md/ (+1ms) 
18:35:36   ├─ /downloads/explanatory/UT-O102.md/ (+1ms) 
18:35:36   ├─ /downloads/explanatory/UT-O103.md/ (+1ms) 
18:35:36   ├─ /downloads/explanatory/UT-O104.md/ (+2ms) 
18:35:36   ├─ /downloads/explanatory/UT-O105.md/ (+1ms) 
18:35:36   ├─ /downloads/explanatory/UT-O106.md/ (+1ms) 
18:35:36   ├─ /downloads/explanatory/UT-O107.md/ (+3ms) 
18:35:36   ├─ /downloads/explanatory/UT-O108.md/ (+1ms) 
18:35:36   ├─ /downloads/explanatory/DOC-ARTICLE-STRUCTURES.md/ (+2ms) 
18:35:36   ├─ /downloads/explanatory/DOC-ARTICLE-UNIT.md/ (+1ms) 
18:35:36   ├─ /downloads/explanatory/DOC-CONCEPT-INTERACTIONS.md/ (+5ms) 
18:35:36   ├─ /downloads/explanatory/DOC-CONCEPT-RECURSION.md/ (+2ms) 
18:35:36   ├─ /downloads/explanatory/DOC-CONCEPT-STABILITY.md/ (+1ms) 
18:35:36   ├─ /downloads/explanatory/DOC-CONCEPTS.md/ (+1ms) 
18:35:36   ├─ /downloads/explanatory/DOC-EVIDENCE.md/ (+2ms) 
18:35:36   ├─ /downloads/explanatory/DOC-EXAMPLE-CELL.md/ (+1ms) 
18:35:36   ├─ /downloads/explanatory/DOC-EXAMPLE-LIFE.md/ (+3ms) 
18:35:36   ├─ /downloads/explanatory/DOC-EXAMPLE-MOLECULE.md/ (+1ms) 
18:35:36   ├─ /downloads/explanatory/DOC-EXAMPLE-STAR.md/ (+1ms) 
18:35:36   ├─ /downloads/explanatory/DOC-EXAMPLE-STRING.md/ (+1ms) 
18:35:36   ├─ /downloads/explanatory/DOC-EXAMPLE-WATER.md/ (+2ms) 
18:35:36   ├─ /downloads/explanatory/DOC-EXAMPLES.md/ (+2ms) 
18:35:36   ├─ /downloads/explanatory/DOC-HOME.md/ (+8ms) 
18:35:36   ├─ /downloads/explanatory/DOC-SOURCE-LINKS.md/ (+1ms) 
18:35:36   ├─ /downloads/explanatory/DOC-START.md/ (+9ms) 
18:35:36   ├─ /downloads/explanatory/DOC-LIBRARY.md/ (+5ms) 
18:35:36   ├─ /downloads/original/R-CURRENT-AUDIT.md/ (+2ms) 
18:35:36   ├─ /downloads/original/R-CURRENT-AUTHORITY.md/ (+1ms) 
18:35:36   ├─ /downloads/original/R-CURRENT-BACKGROUND.md/ (+4ms) 
18:35:36   ├─ /downloads/original/R-CURRENT-CATALOGUE.md/ (+1ms) 
18:35:36   ├─ /downloads/original/R-CURRENT-CHANGELOG.md/ (+1ms) 
18:35:36   ├─ /downloads/original/R-CURRENT-CHECKS-PACKAGE-VALIDATION-JSON.json/ (+3ms) 
18:35:36   ├─ /downloads/original/R-CURRENT-CHECKS-VERIFICATION-RESULTS-JSON.json/ (+1ms) 
18:35:36   ├─ /downloads/original/R-CURRENT-CHECKS-VERIFY-SMALL-RESULTS-PY.py/ (+4ms) 
18:35:36   ├─ /downloads/original/R-CURRENT-CLAIMS.md/ (+3ms) 
18:35:36   ├─ /downloads/original/R-CURRENT-CONTROL.md/ (+3ms) 
18:35:36   ├─ /downloads/original/R-CURRENT-CORE.md/ (+9ms) 
18:35:36   ├─ /downloads/original/R-CURRENT-FOUNDATIONS-ERRATA-MD.md/ (+5ms) 
18:35:36   ├─ /downloads/original/R-CURRENT-GUIDE.md/ (+10ms) 
18:35:36   ├─ /downloads/original/R-CURRENT-ILLUSTRATIONS.md/ (+7ms) 
18:35:36   ├─ /downloads/original/R-CURRENT-MATH.md/ (+9ms) 
18:35:36   ├─ /downloads/original/R-CURRENT-REGISTER.json/ (+1ms) 
18:35:36   ├─ /downloads/original/R-CURRENT-SCIENCE.md/ (+1ms) 
18:35:36   ├─ /downloads/original/R-CURRENT-WORLD.md/ (+3ms) 
18:35:36   ├─ /downloads/release.json/ (+0ms) 
18:35:36   ├─ /downloads/SHA256SUMS/ (+0ms) 
18:35:36   ├─ /downloads/unity-theory-publication-site-2026.10.05-m6-private-preview.zip/ (+1ms) 
18:35:36   ├─ /fixtures/math/index.html (+7ms) 
18:35:36   ├─ /legal/index.html (+5ms) 
18:35:36   ├─ /references/index.html (+9ms) 
18:35:36   ├─ /rss.xml (+5ms) 
18:35:36   ├─ /search/index.html (+2ms) 
18:35:36   ├─ /sitemap.xml (+2ms) 
18:35:36   ├─ /start/index.html (+11ms) 
18:35:36   ├─ /index.html (+17ms) 
18:35:36   ├─ /research-status/index.html (+33ms) 
18:35:36   ├─ /research-status/proof-matrix/index.html (+8ms) 
18:35:36   ├─ /concepts/geometry-and-modes/index.html (+13ms) 
18:35:36   ├─ /documents/locked-core/index.html (+27ms) 
18:35:36   ├─ /changes/index.html (+7ms) 
18:35:36   ├─ /framework/index.html (+109ms) 
18:35:37   ├─ /math/index.html (+185ms) 
18:35:37   ├─ /evidence/interactions/index.html (+36ms) 
18:35:37   ├─ /evidence/additional/index.html (+25ms) 
18:35:37   ├─ /open-problems/index.html (+8ms) 
18:35:37   ├─ /changes/source-history/index.html (+9ms) 
18:35:37   ├─ /documents/world-explanation/index.html (+56ms) 
18:35:37   ├─ /framework/recursive-background/index.html (+211ms) 
18:35:37   ├─ /math/illustrations/index.html (+82ms) 
18:35:37   ├─ /evidence/catalogue/index.html (+54ms) 
18:35:37   ├─ /research-status/claims/index.html (+16ms) 
18:35:37   ├─ /documents/reading-guide/index.html (+19ms) 
18:35:37   ├─ /documents/source-authority/index.html (+9ms) 
18:35:37   ├─ /documents/foundation-errata/index.html (+9ms) 
18:35:37   ├─ /claims/UT-D01/index.html (+10ms) 
18:35:37   ├─ /claims/UT-D02/index.html (+4ms) 
18:35:37   ├─ /claims/UT-D03/index.html (+4ms) 
18:35:37   ├─ /claims/UT-D04/index.html (+10ms) 
18:35:37   ├─ /claims/UT-D05/index.html (+3ms) 
18:35:37   ├─ /claims/UT-D06/index.html (+7ms) 
18:35:37   ├─ /claims/UT-D07/index.html (+6ms) 
18:35:37   ├─ /claims/UT-D08/index.html (+4ms) 
18:35:37   ├─ /claims/UT-D09/index.html (+14ms) 
18:35:37   ├─ /claims/UT-C01/index.html (+8ms) 
18:35:37   ├─ /claims/UT-C02/index.html (+14ms) 
18:35:37   ├─ /claims/UT-O01/index.html (+19ms) 
18:35:37   ├─ /claims/UT-O02/index.html (+25ms) 
18:35:37   ├─ /claims/UT-O03/index.html (+21ms) 
18:35:37   ├─ /claims/UT-O04/index.html (+16ms) 
18:35:37   ├─ /claims/UT-O05/index.html (+10ms) 
18:35:37   ├─ /claims/UT-O06/index.html (+5ms) 
18:35:37   ├─ /claims/UT-E01/index.html (+4ms) 
18:35:37   ├─ /claims/UT-E02/index.html (+4ms) 
18:35:37   ├─ /claims/UT-E03/index.html (+5ms) 
18:35:37   ├─ /claims/UT-E04/index.html (+3ms) 
18:35:37   ├─ /claims/UT-E05/index.html (+4ms) 
18:35:37   ├─ /claims/UT-E06/index.html (+6ms) 
18:35:37   ├─ /claims/UT-E07/index.html (+11ms) 
18:35:38   ├─ /claims/UT-E08/index.html (+5ms) 
18:35:38   ├─ /claims/UT-E09/index.html (+4ms) 
18:35:38   ├─ /claims/UT-E10/index.html (+14ms) 
18:35:38   ├─ /claims/UT-E11/index.html (+8ms) 
18:35:38   ├─ /claims/UT-E12/index.html (+5ms) 
18:35:38   ├─ /claims/UT-E101/index.html (+3ms) 
18:35:38   ├─ /claims/UT-E102/index.html (+3ms) 
18:35:38   ├─ /claims/UT-E103/index.html (+11ms) 
18:35:38   ├─ /claims/UT-E104/index.html (+3ms) 
18:35:38   ├─ /claims/UT-E105/index.html (+3ms) 
18:35:38   ├─ /claims/UT-E106/index.html (+3ms) 
18:35:38   ├─ /claims/UT-E107/index.html (+3ms) 
18:35:38   ├─ /claims/UT-E108/index.html (+4ms) 
18:35:38   ├─ /claims/UT-E109/index.html (+3ms) 
18:35:38   ├─ /claims/UT-E110/index.html (+5ms) 
18:35:38   ├─ /claims/UT-E111/index.html (+3ms) 
18:35:38   ├─ /claims/UT-E112/index.html (+3ms) 
18:35:38   ├─ /claims/UT-E113/index.html (+4ms) 
18:35:38   ├─ /claims/UT-E114/index.html (+4ms) 
18:35:38   ├─ /claims/UT-E115/index.html (+7ms) 
18:35:38   ├─ /claims/UT-E116/index.html (+3ms) 
18:35:38   ├─ /claims/UT-E117/index.html (+5ms) 
18:35:38   ├─ /claims/UT-E118/index.html (+7ms) 
18:35:38   ├─ /claims/UT-E119/index.html (+6ms) 
18:35:38   ├─ /claims/UT-E120/index.html (+4ms) 
18:35:38   ├─ /claims/UT-E121/index.html (+3ms) 
18:35:38   ├─ /claims/UT-E122/index.html (+3ms) 
18:35:38   ├─ /claims/UT-O101/index.html (+9ms) 
18:35:38   ├─ /claims/UT-O102/index.html (+3ms) 
18:35:38   ├─ /claims/UT-O103/index.html (+3ms) 
18:35:38   ├─ /claims/UT-O104/index.html (+2ms) 
18:35:38   ├─ /claims/UT-O105/index.html (+2ms) 
18:35:38   ├─ /claims/UT-O106/index.html (+2ms) 
18:35:38   ├─ /claims/UT-O107/index.html (+3ms) 
18:35:38   ├─ /claims/UT-O108/index.html (+7ms) 
18:35:38   ├─ /articles/how-existing-structures-make-new-organization-possible/index.html (+6ms) 
18:35:38   ├─ /articles/when-can-a-whole-be-treated-as-one-useful-unit/index.html (+5ms) 
18:35:38   ├─ /concepts/effective-interactions/index.html (+7ms) 
18:35:38   ├─ /concepts/recursion/index.html (+5ms) 
18:35:38   ├─ /concepts/stability/index.html (+4ms) 
18:35:38   ├─ /concepts/index.html (+4ms) 
18:35:38   ├─ /evidence/index.html (+21ms) 
18:35:38   ├─ /examples/cell/index.html (+5ms) 
18:35:38   ├─ /examples/life-environment/index.html (+4ms) 
18:35:38   ├─ /examples/molecule/index.html (+5ms) 
18:35:38   ├─ /examples/star/index.html (+5ms) 
18:35:38   ├─ /examples/string/index.html (+3ms) 
18:35:38   ├─ /examples/water/index.html (+8ms) 
18:35:38   ├─ /examples/index.html (+6ms) 
18:35:38   ├─ /evidence/source-links/index.html (+51ms) 
18:35:38   ├─ /documents/index.html (+20ms) 
18:35:38 ✓ Completed in 12.53s.

18:35:38 [build] ✓ Completed in 12.86s.
18:35:38 [build] 104 page(s) built in 18.73s
18:35:38 [build] Complete!
preview artifact: /Users/new/RiderProjects/RPG_theory/dist/source-link-r2-accepted/subpath; deployEligible=false
