
> unity-theory@0.0.1 verify
> tsx scripts/verify.ts --output-root dist/m2-introduction --evidence-dir docs/evidence/m2/implementation


Running npm run check

> unity-theory@0.0.1 check
> astro check

17:01:29 [content] Syncing content
17:01:29 [content] Astro config changed
17:01:29 [content] Clearing content store
17:01:30 [content] Synced content
17:01:30 [types] Generated 1.59s
17:01:30 [check] Getting diagnostics for Astro files in /Users/new/RiderProjects/RPG_theory...
Result (53 files): 
- 0 errors
- 0 warnings
- 0 hints


Running npm run check:sources -- --scope history

> unity-theory@0.0.1 check:sources
> tsx scripts/check-sources.ts --scope history

{"status":"PASS","historicalFiles":14,"noticeTranscriptions":2,"authorityNoticeOnly":true}

Running npm run check:sources -- --scope current

> unity-theory@0.0.1 check:sources
> tsx scripts/check-sources.ts --scope current

{"availability":"AVAILABLE_BYTES_VERIFIED","bytesVerified":true,"corpusScope":"current","currentSourceQualified":false,"qualificationBasis":"website-source-fidelity/1","files":13,"coreSha256":"b6d3e7c75285889afe94cabf083ba5fb80f401c656613ba6a80d2f0149b655e1","inventorySeal":"25d4e1e9476da06972bd30245ea4d6abe6be0a0e9bc56aaa0ae9e09179a6386a","edition":"RRG v0.2 locked + evidence updates; promoted 2026-10-01","sourceBoundEntries":31,"websiteFidelity":"pending","scientificCertification":"out-of-scope"}

Running npm run check:content

> unity-theory@0.0.1 check:content
> tsx scripts/check-content.ts

{"schema":"unity-content-check/1","status":"PASS","date":"2026-10-03T14:01:50.036Z","admission":{"availability":"AVAILABLE_BYTES_VERIFIED","bytesVerified":true,"corpusScope":"current","currentSourceQualified":false,"qualificationBasis":"website-source-fidelity/1","files":13,"coreSha256":"b6d3e7c75285889afe94cabf083ba5fb80f401c656613ba6a80d2f0149b655e1","inventorySeal":"25d4e1e9476da06972bd30245ea4d6abe6be0a0e9bc56aaa0ae9e09179a6386a","edition":"RRG v0.2 locked + evidence updates; promoted 2026-10-01"},"entries":45,"affected":[],"reviewPurpose":"website-source-fidelity/1","scientificCertification":"out-of-scope","acceptedReviews":0,"reviewStates":{"accepted":0,"pending":11,"stale":34,"rejected":0}}

Running npm run test:content

> unity-theory@0.0.1 test:content
> tsx --test tests/content/*.test.ts

✔ missing current sources reach CURRENT_SOURCE_PACKAGE_MISSING (8.478958ms)
✔ one-byte history mutation reaches HISTORICAL_INTEGRITY_FAILURE (4.788333ms)
✔ unrecorded core change reaches LOCKED_CORE_MISMATCH (5.72025ms)
✔ missing required manifest member reaches CURRENT_MANIFEST_INCOMPLETE (2.756125ms)
✔ mixed stale sibling with matching core reaches SOURCE_INTEGRITY_FAILURE (8.762625ms)
✔ wrong source/excerpt binding reaches SOURCE_BINDING_FAILURE (39.571459ms)
✔ history offered as current reaches LEGACY_SOURCE_REJECTED (1.246166ms)
✔ complete justified revised synthetic edition passes without historical-pin veto (20.886666ms)
✔ silent edition-pin reset still fails (7.043625ms)
✔ recorded membership omissions, duplicates and unknown manifest formats fail against actual text (41.815833ms)
✔ root, subpath, file endpoints and path collisions use the same URL owner (0.410917ms)
✔ release with fixture host or unqualified scientific corpus fails closed (0.629834ms)
✔ root-only asset in subpath output reaches BASE_PATH_FAILURE (4710.45475ms)
✔ output audit requires routes, rejects extra private files and stale/relabelled identity (4571.943208ms)
✔ absolute same-site links/fragments are local; unsafe links and remote resources fail (12295.104583ms)
✔ artifact audit rejects false source identity and active SVG files (4236.238791ms)
✔ Markdown renders MathML, prefixes links and rejects HTML/unsafe destinations (3.539875ms)
✔ Markdown reference links/images share safety and base handling (4.226834ms)
✔ math macros cannot leak between documents and trusted HTML commands emit no active link (2.069791ms)
✔ safe archive extraction rejects traversal, absolute paths, symlinks, collisions and unexpected roots (152.806875ms)
✔ output audit rejects changed source-bound display, manifest substitutions and draft sentinels (2647.338958ms)
✖ output audit binds bibliography text, destinations, support limits, status, projection and navigation (6172.3935ms)
✔ output audit rejects multiply encoded local traversal (1232.99675ms)
✔ document metadata comparison scopes the title to the head, preserving accessible SVG titles (1145.934125ms)
✔ output audit rejects changed or duplicate social metadata, visible descriptions and private indexing controls (5501.188166ms)
✔ output audit keeps all responsive, media, SVG and form loads local and refuses rebasing or redirects (8245.923958ms)
✔ output audit inspects normalized CSS loading syntax in files and inline styles without bypassing data URLs (22501.078042ms)
✔ output audit checks SVG presentation URLs and refuses XML rebasing in inline and standalone SVG (13416.924834ms)
✔ output audit preserves CSS string and URL semantics and refuses unsupported resource syntax (14313.486958ms)
✔ standalone SVG refuses stylesheet and unknown processing instructions while allowing its XML declaration (1703.284542ms)
✔ output audit rejects missing, altered or duplicate beginner schematics at their own control (1778.663875ms)
✔ each additional-evidence mapping declares every core clause named by its actual excerpt (1631.956458ms)
✔ the actual start explanation tracks emergent evidence, its support metadata and current status (1340.9545ms)
✔ background-extension changes invalidate the actual E12 interpretation and its consumers (963.934625ms)
✔ review fingerprints track real URL, selection, style and pinned rendering dependency inputs (2849.268708ms)
✔ historical representation decisions do not populate website fidelity or qualify the source (720.854666ms)
✔ independent statement, bad binding range/hash, wrong record kind, duplicates and unknown sources fail (186.535209ms)
✔ source-scoped aliases keep historical S01 local; duplicates and unresolved aliases fail (16.8395ms)
✔ source URL aliases preserve case-sensitive paths while DOI identity remains case insensitive (444.214334ms)
✔ non-DOI citation identity preserves added or removed trailing path separators (428.158166ms)
✔ missing or cyclic semantic dependency fails; related feedback does not create proof cycles (603.925541ms)
✔ authority notes cannot supply scientific excerpts; invalid states and real dates fail (103.527541ms)
✔ safe directives render actual canonical explanations, extract dependencies and reject executable/unknown syntax (6.480458ms)
✔ dependency changes stale exact reviews and report reverse dependants; unrelated bibliography is local (448.873417ms)
✔ changing a relevant source verification scope or relevant citation stales its review (465.462375ms)
✔ shared release selector refuses actual pending corpus, missing/stale reviews, future publication and rights (1777.843125ms)
✔ one manifest excludes drafts from every production surface and rejects published draft dependencies (307.738125ms)
✔ withdrawn history is explicitly selected as a tombstone; former body is removed (229.97ms)
✔ source display adapters preserve raw bindings while rendering status/math/table consumers (637.527ms)
✔ source revision transaction refuses missing prior-byte preservation and incomplete core proof gate (718.573084ms)
✔ actual supplied 07 and 08 cannot disappear behind a matching core (7.342583ms)
✔ a missing or mismatched actual local citation alias fails the source adapter (185.7935ms)
✔ project reproduction cannot be asserted with an invented execution receipt (111.281458ms)
✔ Markdown directive export uses ordinary links and leaves code examples untouched (15.369667ms)
✔ statement directives are order-independent; nested references and cycles reach the shared graph (847.720959ms)
✔ scientific identities cannot bypass proposal provenance or masquerade as documents (108.130458ms)
✔ retained historical excerpts remain historical; supersession is reciprocal and draft history stays out of discovery (362.486041ms)
✔ review rejection is distinct from pending; alternate citation review binds its primary metadata (162.780208ms)
✔ source, bibliography, execution and renderer identity changes report or stale their actual dependants (156.1035ms)
✔ actual status, proof and home summaries depend on their core definitions and emergent evidence (402.145625ms)
✔ withdrawal removes old title, scope, source mapping, evidence and bibliography from all rendered regions (122.677208ms)
✔ bibliographic verification cannot retain a checked label after metadata substitution (78.464417ms)
✔ release rejects future updates and reviews independently of the publication date (325.510167ms)
✔ qualification uses reviewed production selection; a preview cannot be relabelled qualification (267.559375ms)
✔ Markdown export validates safety, expands nested references and leaves math samples intact (143.619625ms)
✔ directives cannot create nested anchors in link labels or Markdown exports (0.882125ms)
✔ proposals display non-adoption and cannot supersede source-authoritative records (207.557208ms)
✔ revision impact retains predecessor dependants when the next graph removes an edge (338.184375ms)
✔ M2 examples and concepts use the admitted source edition and explicit original-source mappings (0.883875ms)
✔ M2 misleading editorial candidates are surfaced and cannot become a qualified selection without independent review (2840.8255ms)
✔ M2 preserves predecessor approvals as stale rather than refreshing changed rendering policy (14.584042ms)
✔ real home/start emit withdrawal tombstones through the shared consumer and output auditor (36557.551375ms)
✖ real revision CLI validates preserved editions and reports pending dependants; it cannot write approvals (6245.196833ms)
✖ real revision CLI accounts for both rename paths without inventing a core-byte change: 04_status_and_blockers.md (5177.5885ms)
✖ real revision CLI accounts for both rename paths without inventing a core-byte change: 00_LOCKED_CORE.md (3272.353375ms)
✔ intake contentReview accepted cannot qualify actual or synthetic bytes; historical approvals stay separate (1959.572ms)
✔ hashed exact fidelity evidence is required; scientific approval or request-only data cannot substitute (1172.63825ms)
✔ bounded fidelity decisions need no linked scientific acceptance; dependency changes still stale the decision (773.243833ms)
✔ complete isolated fidelity inventory derives qualification, while synthetic scope and missing reviews refuse it (724.874833ms)
✔ null, primitive and incomplete stale evidence fail with the intended typed diagnostic (523.4645ms)
✔ review dates cannot predate the reviewed material, including dependency updates (746.205208ms)
✔ receipt paths reject traversal, symlink files and symlink ancestors (582.647542ms)
✔ review inputs independently capture rendered plain language and the actual home projection without aliasing (567.828083ms)
✔ stale decisions retain internally coherent dates, source excerpts, dependencies and projection reads (6451.027375ms)
✔ receipt paths reject control characters even when a matching regular file exists (524.471625ms)
✔ a real loader roundtrip validates hashed decisions and qualifies only the reviewed selection, ignoring unrelated drafts and historical scientific registry bytes (13270.330583ms)
ℹ tests 86
ℹ suites 0
ℹ pass 82
ℹ fail 4
ℹ cancelled 0
ℹ skipped 0
ℹ todo 0
ℹ duration_ms 110420.245458

✖ failing tests:

test at tests/content/contracts.test.ts:230:1
✖ output audit binds bibliography text, destinations, support limits, status, projection and navigation (6172.3935ms)
  AssertionError [ERR_ASSERTION]: How does a collection become a whole?</h1>
      at <anonymous> (/Users/new/RiderProjects/RPG_theory/tests/content/contracts.test.ts:242:79)
      at outputFixture (/Users/new/RiderProjects/RPG_theory/tests/content/contracts.test.ts:137:5)
      at TestContext.<anonymous> (/Users/new/RiderProjects/RPG_theory/tests/content/contracts.test.ts:230:114)
      at Test.runInAsyncScope (node:async_hooks:227:14)
      at Test.run (node:internal/test_runner/test:1325:25)
      at Test.processPendingSubtests (node:internal/test_runner/test:911:18)
      at Test.postRun (node:internal/test_runner/test:1465:19)
      at Test.run (node:internal/test_runner/test:1390:12)
      at async Test.processPendingSubtests (node:internal/test_runner/test:911:7) {
    generatedMessage: false,
    code: 'ERR_ASSERTION',
    actual: false,
    expected: true,
    operator: '==',
    diff: 'simple'
  }

test at tests/content/revision-cli.test.ts:9:1
✖ real revision CLI validates preserved editions and reports pending dependants; it cannot write approvals (6245.196833ms)
  AssertionError [ERR_ASSERTION]: /Users/new/RiderProjects/RPG_theory/src/lib/content.ts:20
  function fail(code: string, message: string): never { throw new ContractError(code, message); }
                                                              ^
  
  ContractError: SOURCE_EDITION_MISMATCH: DOC-CONCEPT-INTERACTIONS
      at fail (/Users/new/RiderProjects/RPG_theory/src/lib/content.ts:20:61)
      at validateCorpus (/Users/new/RiderProjects/RPG_theory/src/lib/content.ts:87:116)
      at loadCanonicalCorpus (/Users/new/RiderProjects/RPG_theory/src/lib/content.ts:195:10)
      at <anonymous> (/Users/new/RiderProjects/RPG_theory/scripts/check-source-revision.ts:18:49)
      at ModuleJob.run (node:internal/modules/esm/module_job:439:25)
      at async node:internal/modules/esm/loader:643:26
      at async asyncRunEntryPointWithESMLoader (node:internal/modules/run_main:101:5) {
    code: 'SOURCE_EDITION_MISMATCH'
  }
  
  Node.js v24.18.0
  
  
  1 !== 0
  
      at TestContext.<anonymous> (/Users/new/RiderProjects/RPG_theory/tests/content/revision-cli.test.ts:51:86)
      at Test.runInAsyncScope (node:async_hooks:227:14)
      at Test.run (node:internal/test_runner/test:1325:25)
      at Test.start (node:internal/test_runner/test:1191:17)
      at startSubtestAfterBootstrap (node:internal/test_runner/harness:385:17) {
    generatedMessage: false,
    code: 'ERR_ASSERTION',
    actual: 1,
    expected: 0,
    operator: 'strictEqual',
    diff: 'simple'
  }

test at tests/content/revision-inventory-cli.test.ts:9:72
✖ real revision CLI accounts for both rename paths without inventing a core-byte change: 04_status_and_blockers.md (5177.5885ms)
  AssertionError [ERR_ASSERTION]: /Users/new/RiderProjects/RPG_theory/src/lib/content.ts:20
  function fail(code: string, message: string): never { throw new ContractError(code, message); }
                                                              ^
  
  ContractError: SOURCE_EDITION_MISMATCH: DOC-CONCEPT-INTERACTIONS
      at fail (/Users/new/RiderProjects/RPG_theory/src/lib/content.ts:20:61)
      at validateCorpus (/Users/new/RiderProjects/RPG_theory/src/lib/content.ts:87:116)
      at loadCanonicalCorpus (/Users/new/RiderProjects/RPG_theory/src/lib/content.ts:195:10)
      at <anonymous> (/Users/new/RiderProjects/RPG_theory/scripts/check-source-revision.ts:18:49)
      at ModuleJob.run (node:internal/modules/esm/module_job:439:25)
      at async node:internal/modules/esm/loader:643:26
      at async asyncRunEntryPointWithESMLoader (node:internal/modules/run_main:101:5) {
    code: 'SOURCE_EDITION_MISMATCH'
  }
  
  Node.js v24.18.0
  
  
  1 !== 0
  
      at TestContext.<anonymous> (/Users/new/RiderProjects/RPG_theory/tests/content/revision-inventory-cli.test.ts:55:36)
      at Test.runInAsyncScope (node:async_hooks:227:14)
      at Test.run (node:internal/test_runner/test:1325:25)
      at Test.start (node:internal/test_runner/test:1191:17)
      at startSubtestAfterBootstrap (node:internal/test_runner/harness:385:17) {
    generatedMessage: false,
    code: 'ERR_ASSERTION',
    actual: 1,
    expected: 0,
    operator: 'strictEqual',
    diff: 'simple'
  }

test at tests/content/revision-inventory-cli.test.ts:9:72
✖ real revision CLI accounts for both rename paths without inventing a core-byte change: 00_LOCKED_CORE.md (3272.353375ms)
  AssertionError [ERR_ASSERTION]: /Users/new/RiderProjects/RPG_theory/src/lib/content.ts:20
  function fail(code: string, message: string): never { throw new ContractError(code, message); }
                                                              ^
  
  ContractError: SOURCE_EDITION_MISMATCH: DOC-CONCEPT-INTERACTIONS
      at fail (/Users/new/RiderProjects/RPG_theory/src/lib/content.ts:20:61)
      at validateCorpus (/Users/new/RiderProjects/RPG_theory/src/lib/content.ts:87:116)
      at loadCanonicalCorpus (/Users/new/RiderProjects/RPG_theory/src/lib/content.ts:195:10)
      at <anonymous> (/Users/new/RiderProjects/RPG_theory/scripts/check-source-revision.ts:18:49)
      at ModuleJob.run (node:internal/modules/esm/module_job:439:25)
      at async node:internal/modules/esm/loader:643:26
      at async asyncRunEntryPointWithESMLoader (node:internal/modules/run_main:101:5) {
    code: 'SOURCE_EDITION_MISMATCH'
  }
  
  Node.js v24.18.0
  
  
  1 !== 0
  
      at TestContext.<anonymous> (/Users/new/RiderProjects/RPG_theory/tests/content/revision-inventory-cli.test.ts:55:36)
      at Test.runInAsyncScope (node:async_hooks:227:14)
      at Test.run (node:internal/test_runner/test:1325:25)
      at Test.processPendingSubtests (node:internal/test_runner/test:911:18)
      at Test.postRun (node:internal/test_runner/test:1465:19)
      at Test.run (node:internal/test_runner/test:1390:12)
      at async startSubtestAfterBootstrap (node:internal/test_runner/harness:385:3) {
    generatedMessage: false,
    code: 'ERR_ASSERTION',
    actual: 1,
    expected: 0,
    operator: 'strictEqual',
    diff: 'simple'
  }
