
> unity-theory@0.0.1 verify
> tsx scripts/verify.ts --output-root dist/m1-website-fidelity-recheck-final --evidence-dir docs/evidence/m1/website-fidelity-recheck


Running npm run check

> unity-theory@0.0.1 check
> astro check

12:19:35 [content] Syncing content
12:19:35 [content] Astro config changed
12:19:35 [content] Clearing content store
12:19:36 [content] Synced content
12:19:36 [types] Generated 950ms
12:19:36 [check] Getting diagnostics for Astro files in /Users/new/RiderProjects/RPG_theory...
Result (50 files): 
- 0 errors
- 0 warnings
- 0 hints


Running npm run check:sources -- --scope history

> unity-theory@0.0.1 check:sources
> tsx scripts/check-sources.ts --scope history

{"status":"PASS","historicalFiles":14,"noticeTranscriptions":2,"authorityNoticeOnly":true}

Running npm run check:sources -- --scope current

> unity-theory@0.0.1 check:sources
> tsx scripts/check-sources.ts --scope current

{"availability":"AVAILABLE_BYTES_VERIFIED","bytesVerified":true,"corpusScope":"current","currentSourceQualified":false,"qualificationBasis":"website-source-fidelity/1","files":13,"coreSha256":"b6d3e7c75285889afe94cabf083ba5fb80f401c656613ba6a80d2f0149b655e1","inventorySeal":"25d4e1e9476da06972bd30245ea4d6abe6be0a0e9bc56aaa0ae9e09179a6386a","edition":"RRG v0.2 locked + evidence updates; promoted 2026-10-01","sourceBoundEntries":31,"websiteFidelity":"pending","scientificCertification":"out-of-scope"}

Running npm run check:content

> unity-theory@0.0.1 check:content
> tsx scripts/check-content.ts

{"schema":"unity-content-check/1","status":"PASS","date":"2026-10-02T09:19:43.343Z","admission":{"availability":"AVAILABLE_BYTES_VERIFIED","bytesVerified":true,"corpusScope":"current","currentSourceQualified":false,"qualificationBasis":"website-source-fidelity/1","files":13,"coreSha256":"b6d3e7c75285889afe94cabf083ba5fb80f401c656613ba6a80d2f0149b655e1","inventorySeal":"25d4e1e9476da06972bd30245ea4d6abe6be0a0e9bc56aaa0ae9e09179a6386a","edition":"RRG v0.2 locked + evidence updates; promoted 2026-10-01"},"entries":34,"affected":[],"reviewPurpose":"website-source-fidelity/1","scientificCertification":"out-of-scope","acceptedReviews":0,"reviewStates":{"accepted":0,"pending":34,"stale":0,"rejected":0}}

Running npm run test:content

> unity-theory@0.0.1 test:content
> tsx --test tests/content/*.test.ts

✔ missing current sources reach CURRENT_SOURCE_PACKAGE_MISSING (1.585875ms)
✔ one-byte history mutation reaches HISTORICAL_INTEGRITY_FAILURE (21.042125ms)
✔ unrecorded core change reaches LOCKED_CORE_MISMATCH (1.027459ms)
✔ missing required manifest member reaches CURRENT_MANIFEST_INCOMPLETE (0.74975ms)
✔ mixed stale sibling with matching core reaches SOURCE_INTEGRITY_FAILURE (0.928ms)
✔ wrong source/excerpt binding reaches SOURCE_BINDING_FAILURE (1.15775ms)
✔ history offered as current reaches LEGACY_SOURCE_REJECTED (0.754042ms)
✔ complete justified revised synthetic edition passes without historical-pin veto (1.180583ms)
✔ silent edition-pin reset still fails (0.954334ms)
✔ recorded membership omissions, duplicates and unknown manifest formats fail against actual text (1.895958ms)
✔ root, subpath, file endpoints and path collisions use the same URL owner (0.210542ms)
✔ release with fixture host or unqualified scientific corpus fails closed (0.272125ms)
✔ root-only asset in subpath output reaches BASE_PATH_FAILURE (1986.454ms)
✔ output audit requires routes, rejects extra private files and stale/relabelled identity (1942.212875ms)
✔ absolute same-site links/fragments are local; unsafe links and remote resources fail (3860.612042ms)
✔ artifact audit rejects false source identity and active SVG files (1258.065292ms)
✔ Markdown renders MathML, prefixes links and rejects HTML/unsafe destinations (3.1445ms)
✔ Markdown reference links/images share safety and base handling (2.522833ms)
✔ math macros cannot leak between documents and trusted HTML commands emit no active link (1.46075ms)
✔ safe archive extraction rejects traversal, absolute paths, symlinks, collisions and unexpected roots (130.083083ms)
✔ output audit rejects changed source-bound display, manifest substitutions and draft sentinels (968.495458ms)
✔ output audit binds bibliography text, destinations, support limits, status, projection and navigation (3766.059292ms)
✔ output audit rejects multiply encoded local traversal (945.2645ms)
✔ document metadata comparison scopes the title to the head, preserving accessible SVG titles (872.39125ms)
✔ each additional-evidence mapping declares every core clause named by its actual excerpt (478.516125ms)
✔ the actual start explanation tracks emergent evidence, its support metadata and current status (267.037916ms)
✔ background-extension changes invalidate the actual E12 interpretation and its consumers (289.239041ms)
✔ review fingerprints track real URL, selection, style and pinned rendering dependency inputs (1201.713458ms)
✔ historical representation decisions do not populate website fidelity or qualify the source (0.941291ms)
✔ independent statement, bad binding range/hash, wrong record kind, duplicates and unknown sources fail (148.68125ms)
✔ source-scoped aliases keep historical S01 local; duplicates and unresolved aliases fail (38.499875ms)
✔ source URL aliases preserve case-sensitive paths while DOI identity remains case insensitive (199.404ms)
✔ non-DOI citation identity preserves added or removed trailing path separators (209.679ms)
✔ missing or cyclic semantic dependency fails; related feedback does not create proof cycles (319.536125ms)
✔ authority notes cannot supply scientific excerpts; invalid states and real dates fail (128.45225ms)
✔ safe directives render actual canonical explanations, extract dependencies and reject executable/unknown syntax (11.094292ms)
✔ dependency changes stale exact reviews and report reverse dependants; unrelated bibliography is local (161.876792ms)
✔ changing a relevant source verification scope or relevant citation stales its review (300.582375ms)
✔ shared release selector refuses actual pending corpus, missing/stale reviews, future publication and rights (657.884416ms)
✔ one manifest excludes drafts from every production surface and rejects published draft dependencies (172.030417ms)
✔ withdrawn history is explicitly selected as a tombstone; former body is removed (111.02825ms)
✔ source display adapters preserve raw bindings while rendering status/math/table consumers (265.232583ms)
✔ source revision transaction refuses missing prior-byte preservation and incomplete core proof gate (307.3105ms)
✔ actual supplied 07 and 08 cannot disappear behind a matching core (4.130208ms)
✔ a missing or mismatched actual local citation alias fails the source adapter (38.990833ms)
✔ project reproduction cannot be asserted with an invented execution receipt (9.727917ms)
✔ Markdown directive export uses ordinary links and leaves code examples untouched (17.873417ms)
✔ statement directives are order-independent; nested references and cycles reach the shared graph (228.286ms)
✔ scientific identities cannot bypass proposal provenance or masquerade as documents (38.454834ms)
✔ retained historical excerpts remain historical; supersession is reciprocal and draft history stays out of discovery (297.221125ms)
✔ review rejection is distinct from pending; alternate citation review binds its primary metadata (117.561958ms)
✔ source, bibliography, execution and renderer identity changes report or stale their actual dependants (99.341459ms)
✔ actual status, proof and home summaries depend on their core definitions and emergent evidence (319.680625ms)
✔ withdrawal removes old title, scope, source mapping, evidence and bibliography from all rendered regions (101.707208ms)
✔ bibliographic verification cannot retain a checked label after metadata substitution (157.108583ms)
✔ release rejects future updates and reviews independently of the publication date (244.205875ms)
✔ qualification uses reviewed production selection; a preview cannot be relabelled qualification (161.782542ms)
✔ Markdown export validates safety, expands nested references and leaves math samples intact (83.709209ms)
✔ directives cannot create nested anchors in link labels or Markdown exports (7.88875ms)
✔ proposals display non-adoption and cannot supersede source-authoritative records (151.065666ms)
✔ revision impact retains predecessor dependants when the next graph removes an edge (233.934292ms)
✔ real home/start emit withdrawal tombstones through the shared consumer and output auditor (14351.104333ms)
✔ real revision CLI validates preserved editions and reports pending dependants; it cannot write approvals (8410.73625ms)
✔ real revision CLI accounts for both rename paths without inventing a core-byte change: 04_status_and_blockers.md (5064.124208ms)
✔ real revision CLI accounts for both rename paths without inventing a core-byte change: 00_LOCKED_CORE.md (4617.163541ms)
✔ intake contentReview accepted cannot qualify actual or synthetic bytes; historical approvals stay separate (493.976209ms)
✔ hashed exact fidelity evidence is required; scientific approval or request-only data cannot substitute (365.378375ms)
✔ bounded fidelity decisions need no linked scientific acceptance; dependency changes still stale the decision (309.585417ms)
✔ complete isolated fidelity inventory derives qualification, while synthetic scope and missing reviews refuse it (319.26625ms)
✔ null, primitive and incomplete stale evidence fail with the intended typed diagnostic (175.912666ms)
✔ review dates cannot predate the reviewed material, including dependency updates (216.766125ms)
✔ receipt paths reject traversal, symlink files and symlink ancestors (208.455625ms)
✔ review inputs independently capture rendered plain language and the actual home projection without aliasing (274.605458ms)
✔ a real loader roundtrip validates hashed decisions and qualifies only the reviewed selection, ignoring unrelated drafts and historical scientific registry bytes (4608.483791ms)
ℹ tests 74
ℹ suites 0
ℹ pass 74
ℹ fail 0
ℹ cancelled 0
ℹ skipped 0
ℹ todo 0
ℹ duration_ms 17439.342208

Running npm run build -- --mode preview --config config/site.json --output dist/m1-website-fidelity-recheck-final/preview-root

> unity-theory@0.0.1 build
> tsx scripts/build.ts --mode preview --config config/site.json --output dist/m1-website-fidelity-recheck-final/preview-root

12:20:03 [vite] Re-optimizing dependencies because vite config has changed
12:20:03 [content] Syncing content
12:20:03 [content] Synced content
12:20:03 [types] Generated 741ms
12:20:03 [build] output: "static"
12:20:03 [build] mode: "static"
12:20:03 [build] directory: /Users/new/RiderProjects/RPG_theory/dist/m1-website-fidelity-recheck-final/preview-root/
12:20:03 [build] Collecting build info...
12:20:03 [build] ✓ Completed in 772ms.
12:20:03 [build] Building static entrypoints...
12:20:04 [vite] ✓ built in 181ms
12:20:04 [vite] ✓ built in 47ms
12:20:04 [build] Rearranging server assets...

 generating static routes 
12:20:04   ├─ /404.html (+16ms) 
12:20:04   ├─ /fixtures/math/index.html (+29ms) 
12:20:04   ├─ /references/index.html (+8ms) 
12:20:04   ├─ /start/index.html (+5ms) 
12:20:04   ├─ /index.html (+9ms) 
12:20:04   ├─ /research-status/index.html (+21ms) 
12:20:04   ├─ /research-status/proof-matrix/index.html (+15ms) 
12:20:04   ├─ /concepts/geometry-and-modes/index.html (+19ms) 
12:20:04   ├─ /claims/UT-D01/index.html (+18ms) 
12:20:04   ├─ /claims/UT-D02/index.html (+6ms) 
12:20:04   ├─ /claims/UT-D03/index.html (+5ms) 
12:20:04   ├─ /claims/UT-D04/index.html (+5ms) 
12:20:04   ├─ /claims/UT-D05/index.html (+5ms) 
12:20:04   ├─ /claims/UT-D06/index.html (+5ms) 
12:20:04   ├─ /claims/UT-D07/index.html (+3ms) 
12:20:04   ├─ /claims/UT-D08/index.html (+8ms) 
12:20:04   ├─ /claims/UT-D09/index.html (+3ms) 
12:20:04   ├─ /claims/UT-C01/index.html (+2ms) 
12:20:04   ├─ /claims/UT-C02/index.html (+2ms) 
12:20:04   ├─ /claims/UT-O01/index.html (+1ms) 
12:20:04   ├─ /claims/UT-O02/index.html (+3ms) 
12:20:04   ├─ /claims/UT-O03/index.html (+3ms) 
12:20:04   ├─ /claims/UT-O04/index.html (+2ms) 
12:20:04   ├─ /claims/UT-O05/index.html (+2ms) 
12:20:04   ├─ /claims/UT-O06/index.html (+3ms) 
12:20:04   ├─ /claims/UT-E01/index.html (+4ms) 
12:20:04   ├─ /claims/UT-E02/index.html (+3ms) 
12:20:04   ├─ /claims/UT-E03/index.html (+5ms) 
12:20:04   ├─ /claims/UT-E04/index.html (+3ms) 
12:20:04   ├─ /claims/UT-E05/index.html (+3ms) 
12:20:04   ├─ /claims/UT-E06/index.html (+3ms) 
12:20:04   ├─ /claims/UT-E07/index.html (+8ms) 
12:20:04   ├─ /claims/UT-E08/index.html (+6ms) 
12:20:04   ├─ /claims/UT-E09/index.html (+6ms) 
12:20:04   ├─ /claims/UT-E10/index.html (+7ms) 
12:20:04   ├─ /claims/UT-E11/index.html (+5ms) 
12:20:04   ├─ /claims/UT-E12/index.html (+5ms) 
12:20:04 ✓ Completed in 387ms.

12:20:04 [build] ✓ Completed in 652ms.
12:20:04 [build] 37 page(s) built in 1.43s
12:20:04 [build] Complete!
Private preview artifact: /Users/new/RiderProjects/RPG_theory/dist/m1-website-fidelity-recheck-final/preview-root; deployEligible=false

Running npm run audit:output -- --dir dist/m1-website-fidelity-recheck-final/preview-root

> unity-theory@0.0.1 audit:output
> tsx scripts/audit-output.ts --dir dist/m1-website-fidelity-recheck-final/preview-root

{"status":"PASS","mode":"preview","basePath":"/","deployEligible":false,"files":101,"artifactSha256":"03e842021cb7a6d464f7786d530e6e279d91cd7f05e64cdc6d0ea36419f42a04"}

Running npm run test:e2e -- --output dist/m1-website-fidelity-recheck-final/preview-root

> unity-theory@0.0.1 test:e2e
> tsx scripts/test-e2e.ts --output dist/m1-website-fidelity-recheck-final/preview-root


Running 7 tests using 1 worker

(node:8213) Warning: The 'NO_COLOR' env is ignored due to the 'FORCE_COLOR' env being set.
(Use `node --trace-warnings ...` to show where the warning was created)
  ✓  1 tests/e2e/reading.spec.ts:7:1 › home and start read without JavaScript, navigate by keyboard and show source state (393ms)
  ✓  2 tests/e2e/reading.spec.ts:30:1 › home, nested reading and math pass automated accessibility and 320px reflow (1.6s)
  ✓  3 tests/e2e/reading.spec.ts:57:1 › dark-mode reading remains accessible (632ms)
  ✓  4 tests/e2e/reading.spec.ts:64:1 › unknown routes return real 404 and nested assets use the configured base (243ms)
  ✓  5 tests/e2e/reading.spec.ts:79:1 › M1 consumers retain source roles and reported evidence independently of website fidelity (743ms)
  ✓  6 tests/e2e/reading.spec.ts:116:1 › M1 claims, concepts, status, matrix and bibliography pass axe and 320px reflow (2.6s)
  ✓  7 tests/e2e/reading.spec.ts:130:1 › literature has source-backed DOI identities and usable source extraction details without JS (933ms)

  7 passed (8.0s)

Running npm run build -- --mode preview --config tests/fixtures/site-subpath.json --output dist/m1-website-fidelity-recheck-final/preview-subpath

> unity-theory@0.0.1 build
> tsx scripts/build.ts --mode preview --config tests/fixtures/site-subpath.json --output dist/m1-website-fidelity-recheck-final/preview-subpath

12:20:19 [content] Syncing content
12:20:19 [content] Astro config changed
12:20:19 [content] Clearing content store
12:20:19 [content] Synced content
12:20:19 [types] Generated 1.16s
12:20:19 [build] output: "static"
12:20:19 [build] mode: "static"
12:20:19 [build] directory: /Users/new/RiderProjects/RPG_theory/dist/m1-website-fidelity-recheck-final/preview-subpath/
12:20:19 [build] Collecting build info...
12:20:19 [build] ✓ Completed in 1.18s.
12:20:19 [build] Building static entrypoints...
12:20:19 [vite] ✓ built in 350ms
12:20:19 [vite] ✓ built in 36ms
12:20:19 [build] Rearranging server assets...

 generating static routes 
12:20:20   ├─ /404.html (+13ms) 
12:20:20   ├─ /fixtures/math/index.html (+70ms) 
12:20:20   ├─ /references/index.html (+7ms) 
12:20:20   ├─ /start/index.html (+16ms) 
12:20:20   ├─ /index.html (+91ms) 
12:20:20   ├─ /research-status/index.html (+63ms) 
12:20:20   ├─ /research-status/proof-matrix/index.html (+11ms) 
12:20:20   ├─ /concepts/geometry-and-modes/index.html (+5ms) 
12:20:20   ├─ /claims/UT-D01/index.html (+46ms) 
12:20:20   ├─ /claims/UT-D02/index.html (+5ms) 
12:20:20   ├─ /claims/UT-D03/index.html (+7ms) 
12:20:20   ├─ /claims/UT-D04/index.html (+6ms) 
12:20:20   ├─ /claims/UT-D05/index.html (+3ms) 
12:20:20   ├─ /claims/UT-D06/index.html (+5ms) 
12:20:20   ├─ /claims/UT-D07/index.html (+5ms) 
12:20:20   ├─ /claims/UT-D08/index.html (+82ms) 
12:20:20   ├─ /claims/UT-D09/index.html (+17ms) 
12:20:20   ├─ /claims/UT-C01/index.html (+5ms) 
12:20:20   ├─ /claims/UT-C02/index.html (+2ms) 
12:20:20   ├─ /claims/UT-O01/index.html (+1ms) 
12:20:20   ├─ /claims/UT-O02/index.html (+1ms) 
12:20:20   ├─ /claims/UT-O03/index.html (+1ms) 
12:20:20   ├─ /claims/UT-O04/index.html (+2ms) 
12:20:20   ├─ /claims/UT-O05/index.html (+1ms) 
12:20:20   ├─ /claims/UT-O06/index.html (+1ms) 
12:20:20   ├─ /claims/UT-E01/index.html (+3ms) 
12:20:20   ├─ /claims/UT-E02/index.html (+3ms) 
12:20:20   ├─ /claims/UT-E03/index.html (+3ms) 
12:20:20   ├─ /claims/UT-E04/index.html (+3ms) 
12:20:20   ├─ /claims/UT-E05/index.html (+2ms) 
12:20:20   ├─ /claims/UT-E06/index.html (+2ms) 
12:20:20   ├─ /claims/UT-E07/index.html (+2ms) 
12:20:20   ├─ /claims/UT-E08/index.html (+3ms) 
12:20:20   ├─ /claims/UT-E09/index.html (+2ms) 
12:20:20   ├─ /claims/UT-E10/index.html (+6ms) 
12:20:20   ├─ /claims/UT-E11/index.html (+5ms) 
12:20:20   ├─ /claims/UT-E12/index.html (+4ms) 
12:20:20 ✓ Completed in 1.02s.

12:20:20 [build] ✓ Completed in 1.46s.
12:20:20 [build] 37 page(s) built in 2.67s
12:20:20 [build] Complete!
Private preview artifact: /Users/new/RiderProjects/RPG_theory/dist/m1-website-fidelity-recheck-final/preview-subpath; deployEligible=false

Running npm run audit:output -- --dir dist/m1-website-fidelity-recheck-final/preview-subpath

> unity-theory@0.0.1 audit:output
> tsx scripts/audit-output.ts --dir dist/m1-website-fidelity-recheck-final/preview-subpath

{"status":"PASS","mode":"preview","basePath":"/unity-theory/","deployEligible":false,"files":101,"artifactSha256":"f411fc7021582a051f421cc395168e33e320af70ca97a433b9bacce121d159bc"}

Running npm run test:e2e -- --output dist/m1-website-fidelity-recheck-final/preview-subpath

> unity-theory@0.0.1 test:e2e
> tsx scripts/test-e2e.ts --output dist/m1-website-fidelity-recheck-final/preview-subpath


Running 7 tests using 1 worker

(node:8819) Warning: The 'NO_COLOR' env is ignored due to the 'FORCE_COLOR' env being set.
(Use `node --trace-warnings ...` to show where the warning was created)
  ✓  1 tests/e2e/reading.spec.ts:7:1 › home and start read without JavaScript, navigate by keyboard and show source state (459ms)
  ✓  2 tests/e2e/reading.spec.ts:30:1 › home, nested reading and math pass automated accessibility and 320px reflow (1.6s)
  ✓  3 tests/e2e/reading.spec.ts:57:1 › dark-mode reading remains accessible (631ms)
  ✓  4 tests/e2e/reading.spec.ts:64:1 › unknown routes return real 404 and nested assets use the configured base (230ms)
  ✓  5 tests/e2e/reading.spec.ts:79:1 › M1 consumers retain source roles and reported evidence independently of website fidelity (758ms)
  ✓  6 tests/e2e/reading.spec.ts:116:1 › M1 claims, concepts, status, matrix and bibliography pass axe and 320px reflow (2.8s)
  ✓  7 tests/e2e/reading.spec.ts:130:1 › literature has source-backed DOI identities and usable source extraction details without JS (7.2s)

  7 passed (15.0s)
