23:50:50 [content] Syncing content
23:50:50 [content] Astro config changed
23:50:50 [content] Clearing content store
23:50:51 [content] Synced content
23:50:51 [types] Generated 2.38s
23:50:51 [build] output: "static"
23:50:51 [build] mode: "static"
23:50:51 [build] directory: /Users/new/RiderProjects/RPG_theory/dist/m5/preview-subpath/
23:50:51 [build] Collecting build info...
23:50:51 [build] ✓ Completed in 2.40s.
23:50:51 [build] Building static entrypoints...
23:50:51 [vite] ✓ built in 425ms
23:50:51 [vite] ✓ built in 64ms
23:50:51 [build] Rearranging server assets...

 generating static routes 
23:50:54   ├─ /404.html (+48ms) 
23:50:54   ├─ /about/index.html (+5ms) 
23:50:54   ├─ /articles/index.html (+9ms) 
23:50:54   ├─ /cite/index.html (+687ms) 
23:50:55   ├─ /downloads/THIRD-PARTY-NOTICES.txt/ (+28ms) 
23:50:55   ├─ /downloads/explanatory/DOC-STATUS.md/ (+3ms) 
23:50:55   ├─ /downloads/explanatory/DOC-PROOF.md/ (+2ms) 
23:50:55   ├─ /downloads/explanatory/DOC-CONCEPT-GEOMETRY.md/ (+1ms) 
23:50:55   ├─ /downloads/explanatory/DOC-CORE.md/ (+1ms) 
23:50:55   ├─ /downloads/explanatory/DOC-CONTROL.md/ (+1ms) 
23:50:55   ├─ /downloads/explanatory/DOC-FRAMEWORK.md/ (+2ms) 
23:50:55   ├─ /downloads/explanatory/DOC-MATH.md/ (+1ms) 
23:50:55   ├─ /downloads/explanatory/DOC-INTERACTION-EVIDENCE.md/ (+1ms) 
23:50:55   ├─ /downloads/explanatory/DOC-ADDITIONAL-EVIDENCE.md/ (+4ms) 
23:50:55   ├─ /downloads/explanatory/DOC-OPEN-PROBLEMS.md/ (+2ms) 
23:50:55   ├─ /downloads/explanatory/DOC-SOURCE-CHANGES.md/ (+1ms) 
23:50:55   ├─ /downloads/explanatory/UT-D01.md/ (+1ms) 
23:50:55   ├─ /downloads/explanatory/UT-D02.md/ (+1ms) 
23:50:55   ├─ /downloads/explanatory/UT-D03.md/ (+2ms) 
23:50:55   ├─ /downloads/explanatory/UT-D04.md/ (+1ms) 
23:50:55   ├─ /downloads/explanatory/UT-D05.md/ (+2ms) 
23:50:55   ├─ /downloads/explanatory/UT-D06.md/ (+2ms) 
23:50:55   ├─ /downloads/explanatory/UT-D07.md/ (+2ms) 
23:50:55   ├─ /downloads/explanatory/UT-D08.md/ (+1ms) 
23:50:55   ├─ /downloads/explanatory/UT-D09.md/ (+1ms) 
23:50:55   ├─ /downloads/explanatory/UT-C01.md/ (+2ms) 
23:50:55   ├─ /downloads/explanatory/UT-C02.md/ (+2ms) 
23:50:55   ├─ /downloads/explanatory/UT-O01.md/ (+2ms) 
23:50:55   ├─ /downloads/explanatory/UT-O02.md/ (+1ms) 
23:50:55   ├─ /downloads/explanatory/UT-O03.md/ (+1ms) 
23:50:55   ├─ /downloads/explanatory/UT-O04.md/ (+1ms) 
23:50:55   ├─ /downloads/explanatory/UT-O05.md/ (+1ms) 
23:50:55   ├─ /downloads/explanatory/UT-O06.md/ (+3ms) 
23:50:55   ├─ /downloads/explanatory/UT-E01.md/ (+2ms) 
23:50:55   ├─ /downloads/explanatory/UT-E02.md/ (+1ms) 
23:50:55   ├─ /downloads/explanatory/UT-E03.md/ (+1ms) 
23:50:55   ├─ /downloads/explanatory/UT-E04.md/ (+1ms) 
23:50:55   ├─ /downloads/explanatory/UT-E05.md/ (+1ms) 
23:50:55   ├─ /downloads/explanatory/UT-E06.md/ (+1ms) 
23:50:55   ├─ /downloads/explanatory/UT-E07.md/ (+2ms) 
23:50:55   ├─ /downloads/explanatory/UT-E08.md/ (+1ms) 
23:50:55   ├─ /downloads/explanatory/UT-E09.md/ (+1ms) 
23:50:55   ├─ /downloads/explanatory/UT-E10.md/ (+2ms) 
23:50:55   ├─ /downloads/explanatory/UT-E11.md/ (+2ms) 
23:50:55   ├─ /downloads/explanatory/UT-E12.md/ (+2ms) 
23:50:55   ├─ /downloads/explanatory/DOC-ARTICLE-STRUCTURES.md/ (+1ms) 
23:50:55   ├─ /downloads/explanatory/DOC-ARTICLE-UNIT.md/ (+2ms) 
23:50:55   ├─ /downloads/explanatory/DOC-CONCEPT-INTERACTIONS.md/ (+2ms) 
23:50:55   ├─ /downloads/explanatory/DOC-CONCEPT-RECURSION.md/ (+2ms) 
23:50:55   ├─ /downloads/explanatory/DOC-CONCEPT-STABILITY.md/ (+1ms) 
23:50:55   ├─ /downloads/explanatory/DOC-CONCEPTS.md/ (+1ms) 
23:50:55   ├─ /downloads/explanatory/DOC-EVIDENCE.md/ (+1ms) 
23:50:55   ├─ /downloads/explanatory/DOC-EXAMPLE-CELL.md/ (+1ms) 
23:50:55   ├─ /downloads/explanatory/DOC-EXAMPLE-LIFE.md/ (+2ms) 
23:50:55   ├─ /downloads/explanatory/DOC-EXAMPLE-MOLECULE.md/ (+1ms) 
23:50:55   ├─ /downloads/explanatory/DOC-EXAMPLE-STAR.md/ (+1ms) 
23:50:55   ├─ /downloads/explanatory/DOC-EXAMPLE-STRING.md/ (+1ms) 
23:50:55   ├─ /downloads/explanatory/DOC-EXAMPLE-WATER.md/ (+1ms) 
23:50:55   ├─ /downloads/explanatory/DOC-EXAMPLES.md/ (+1ms) 
23:50:55   ├─ /downloads/explanatory/DOC-HOME.md/ (+2ms) 
23:50:55   ├─ /downloads/explanatory/DOC-START.md/ (+2ms) 
23:50:55   ├─ /downloads/explanatory/DOC-LIBRARY.md/ (+2ms) 
23:50:55   ├─ /downloads/original/R-CURRENT-ADDITIONAL.md/ (+2ms) 
23:50:55   ├─ /downloads/original/R-CURRENT-CHANGELOG.md/ (+1ms) 
23:50:55   ├─ /downloads/original/R-CURRENT-CONTROL.md/ (+2ms) 
23:50:55   ├─ /downloads/original/R-CURRENT-CORE.md/ (+1ms) 
23:50:55   ├─ /downloads/original/R-CURRENT-INTERACTIONS.md/ (+1ms) 
23:50:55   ├─ /downloads/original/R-CURRENT-MATH.md/ (+2ms) 
23:50:55   ├─ /downloads/original/R-CURRENT-PROOF.md/ (+1ms) 
23:50:55   ├─ /downloads/original/R-CURRENT-SCIENCE.md/ (+4ms) 
23:50:55   ├─ /downloads/original/R-CURRENT-STATUS.md/ (+3ms) 
23:50:55   ├─ /downloads/original/R-CURRENT-WORLD.md/ (+3ms) 
23:50:55   ├─ /downloads/release.json/ (+2ms) 
23:50:55   ├─ /downloads/SHA256SUMS/ (+2ms) 
23:50:55   ├─ /downloads/unity-theory-publication-site-2026.10.04-m5-private-preview.zip/ (+2ms) 
23:50:55   ├─ /fixtures/math/index.html (+11ms) 
23:50:55   ├─ /legal/index.html (+4ms) 
23:50:55   ├─ /references/index.html (+10ms) 
23:50:55   ├─ /rss.xml (+4ms) 
23:50:55   ├─ /start/index.html (+10ms) 
23:50:55   ├─ /index.html (+22ms) 
23:50:55   ├─ /research-status/index.html (+88ms) 
23:50:55   ├─ /research-status/proof-matrix/index.html (+19ms) 
23:50:55   ├─ /concepts/geometry-and-modes/index.html (+15ms) 
23:50:55   ├─ /documents/locked-core/index.html (+97ms) 
23:50:55   ├─ /changes/index.html (+35ms) 
23:50:55   ├─ /framework/index.html (+144ms) 
23:50:55   ├─ /math/index.html (+293ms) 
23:50:55   ├─ /evidence/interactions/index.html (+52ms) 
23:50:55   ├─ /evidence/additional/index.html (+44ms) 
23:50:56   ├─ /open-problems/index.html (+22ms) 
23:50:56   ├─ /changes/source-history/index.html (+61ms) 
23:50:56   ├─ /claims/UT-D01/index.html (+8ms) 
23:50:56   ├─ /claims/UT-D02/index.html (+12ms) 
23:50:56   ├─ /claims/UT-D03/index.html (+20ms) 
23:50:56   ├─ /claims/UT-D04/index.html (+14ms) 
23:50:56   ├─ /claims/UT-D05/index.html (+9ms) 
23:50:56   ├─ /claims/UT-D06/index.html (+9ms) 
23:50:56   ├─ /claims/UT-D07/index.html (+11ms) 
23:50:56   ├─ /claims/UT-D08/index.html (+6ms) 
23:50:56   ├─ /claims/UT-D09/index.html (+6ms) 
23:50:56   ├─ /claims/UT-C01/index.html (+4ms) 
23:50:56   ├─ /claims/UT-C02/index.html (+9ms) 
23:50:56   ├─ /claims/UT-O01/index.html (+4ms) 
23:50:56   ├─ /claims/UT-O02/index.html (+4ms) 
23:50:56   ├─ /claims/UT-O03/index.html (+6ms) 
23:50:56   ├─ /claims/UT-O04/index.html (+3ms) 
23:50:56   ├─ /claims/UT-O05/index.html (+62ms) 
23:50:56   ├─ /claims/UT-O06/index.html (+24ms) 
23:50:56   ├─ /claims/UT-E01/index.html (+24ms) 
23:50:56   ├─ /claims/UT-E02/index.html (+19ms) 
23:50:56   ├─ /claims/UT-E03/index.html (+7ms) 
23:50:56   ├─ /claims/UT-E04/index.html (+5ms) 
23:50:56   ├─ /claims/UT-E05/index.html (+12ms) 
23:50:56   ├─ /claims/UT-E06/index.html (+6ms) 
23:50:56   ├─ /claims/UT-E07/index.html (+13ms) 
23:50:56   ├─ /claims/UT-E08/index.html (+7ms) 
23:50:56   ├─ /claims/UT-E09/index.html (+7ms) 
23:50:56   ├─ /claims/UT-E10/index.html (+4ms) 
23:50:56   ├─ /claims/UT-E11/index.html (+5ms) 
23:50:56   ├─ /claims/UT-E12/index.html (+10ms) 
23:50:56   ├─ /articles/how-existing-structures-make-new-organization-possible/index.html (+4ms) 
23:50:56   ├─ /articles/when-can-a-whole-be-treated-as-one-useful-unit/index.html (+6ms) 
23:50:56   ├─ /concepts/effective-interactions/index.html (+17ms) 
23:50:56   ├─ /concepts/recursion/index.html (+6ms) 
23:50:56   ├─ /concepts/stability/index.html (+7ms) 
23:50:56   ├─ /concepts/index.html (+5ms) 
23:50:56   ├─ /evidence/index.html (+20ms) 
23:50:56   ├─ /examples/cell/index.html (+8ms) 
23:50:56   ├─ /examples/life-environment/index.html (+6ms) 
23:50:56   ├─ /examples/molecule/index.html (+7ms) 
23:50:56   ├─ /examples/star/index.html (+6ms) 
23:50:56   ├─ /examples/string/index.html (+5ms) 
23:50:56   ├─ /examples/water/index.html (+8ms) 
23:50:56   ├─ /examples/index.html (+6ms) 
23:50:56   ├─ /documents/index.html (+82ms) 
23:50:56 ✓ Completed in 4.64s.

23:50:56 [build] ✓ Completed in 5.26s.
23:50:56 [build] 64 page(s) built in 7.66s
23:50:56 [build] Complete!
Private preview artifact: /Users/new/RiderProjects/RPG_theory/dist/m5/preview-subpath; deployEligible=false
