23:50:11 [content] Syncing content
23:50:11 [content] Synced content
23:50:11 [types] Generated 1.16s
23:50:11 [build] output: "static"
23:50:11 [build] mode: "static"
23:50:11 [build] directory: /Users/new/RiderProjects/RPG_theory/dist/m5/preview-root/
23:50:11 [build] Collecting build info...
23:50:11 [build] ✓ Completed in 1.17s.
23:50:11 [build] Building static entrypoints...
23:50:12 [vite] ✓ built in 352ms
23:50:12 [vite] ✓ built in 18ms
23:50:12 [build] Rearranging server assets...

 generating static routes 
23:50:13   ├─ /404.html (+21ms) 
23:50:13   ├─ /about/index.html (+3ms) 
23:50:13   ├─ /articles/index.html (+3ms) 
23:50:13   ├─ /cite/index.html (+434ms) 
23:50:14   ├─ /downloads/THIRD-PARTY-NOTICES.txt/ (+3ms) 
23:50:14   ├─ /downloads/explanatory/DOC-STATUS.md/ (+2ms) 
23:50:14   ├─ /downloads/explanatory/DOC-PROOF.md/ (+2ms) 
23:50:14   ├─ /downloads/explanatory/DOC-CONCEPT-GEOMETRY.md/ (+2ms) 
23:50:14   ├─ /downloads/explanatory/DOC-CORE.md/ (+3ms) 
23:50:14   ├─ /downloads/explanatory/DOC-CONTROL.md/ (+2ms) 
23:50:14   ├─ /downloads/explanatory/DOC-FRAMEWORK.md/ (+1ms) 
23:50:14   ├─ /downloads/explanatory/DOC-MATH.md/ (+1ms) 
23:50:14   ├─ /downloads/explanatory/DOC-INTERACTION-EVIDENCE.md/ (+2ms) 
23:50:14   ├─ /downloads/explanatory/DOC-ADDITIONAL-EVIDENCE.md/ (+1ms) 
23:50:14   ├─ /downloads/explanatory/DOC-OPEN-PROBLEMS.md/ (+2ms) 
23:50:14   ├─ /downloads/explanatory/DOC-SOURCE-CHANGES.md/ (+3ms) 
23:50:14   ├─ /downloads/explanatory/UT-D01.md/ (+1ms) 
23:50:14   ├─ /downloads/explanatory/UT-D02.md/ (+2ms) 
23:50:14   ├─ /downloads/explanatory/UT-D03.md/ (+1ms) 
23:50:14   ├─ /downloads/explanatory/UT-D04.md/ (+1ms) 
23:50:14   ├─ /downloads/explanatory/UT-D05.md/ (+1ms) 
23:50:14   ├─ /downloads/explanatory/UT-D06.md/ (+1ms) 
23:50:14   ├─ /downloads/explanatory/UT-D07.md/ (+3ms) 
23:50:14   ├─ /downloads/explanatory/UT-D08.md/ (+1ms) 
23:50:14   ├─ /downloads/explanatory/UT-D09.md/ (+3ms) 
23:50:14   ├─ /downloads/explanatory/UT-C01.md/ (+1ms) 
23:50:14   ├─ /downloads/explanatory/UT-C02.md/ (+1ms) 
23:50:14   ├─ /downloads/explanatory/UT-O01.md/ (+1ms) 
23:50:14   ├─ /downloads/explanatory/UT-O02.md/ (+1ms) 
23:50:14   ├─ /downloads/explanatory/UT-O03.md/ (+2ms) 
23:50:14   ├─ /downloads/explanatory/UT-O04.md/ (+1ms) 
23:50:14   ├─ /downloads/explanatory/UT-O05.md/ (+1ms) 
23:50:14   ├─ /downloads/explanatory/UT-O06.md/ (+1ms) 
23:50:14   ├─ /downloads/explanatory/UT-E01.md/ (+2ms) 
23:50:14   ├─ /downloads/explanatory/UT-E02.md/ (+1ms) 
23:50:14   ├─ /downloads/explanatory/UT-E03.md/ (+1ms) 
23:50:14   ├─ /downloads/explanatory/UT-E04.md/ (+2ms) 
23:50:14   ├─ /downloads/explanatory/UT-E05.md/ (+1ms) 
23:50:14   ├─ /downloads/explanatory/UT-E06.md/ (+1ms) 
23:50:14   ├─ /downloads/explanatory/UT-E07.md/ (+1ms) 
23:50:14   ├─ /downloads/explanatory/UT-E08.md/ (+1ms) 
23:50:14   ├─ /downloads/explanatory/UT-E09.md/ (+1ms) 
23:50:14   ├─ /downloads/explanatory/UT-E10.md/ (+1ms) 
23:50:14   ├─ /downloads/explanatory/UT-E11.md/ (+1ms) 
23:50:14   ├─ /downloads/explanatory/UT-E12.md/ (+1ms) 
23:50:14   ├─ /downloads/explanatory/DOC-ARTICLE-STRUCTURES.md/ (+1ms) 
23:50:14   ├─ /downloads/explanatory/DOC-ARTICLE-UNIT.md/ (+1ms) 
23:50:14   ├─ /downloads/explanatory/DOC-CONCEPT-INTERACTIONS.md/ (+1ms) 
23:50:14   ├─ /downloads/explanatory/DOC-CONCEPT-RECURSION.md/ (+2ms) 
23:50:14   ├─ /downloads/explanatory/DOC-CONCEPT-STABILITY.md/ (+2ms) 
23:50:14   ├─ /downloads/explanatory/DOC-CONCEPTS.md/ (+2ms) 
23:50:14   ├─ /downloads/explanatory/DOC-EVIDENCE.md/ (+1ms) 
23:50:14   ├─ /downloads/explanatory/DOC-EXAMPLE-CELL.md/ (+1ms) 
23:50:14   ├─ /downloads/explanatory/DOC-EXAMPLE-LIFE.md/ (+1ms) 
23:50:14   ├─ /downloads/explanatory/DOC-EXAMPLE-MOLECULE.md/ (+1ms) 
23:50:14   ├─ /downloads/explanatory/DOC-EXAMPLE-STAR.md/ (+1ms) 
23:50:14   ├─ /downloads/explanatory/DOC-EXAMPLE-STRING.md/ (+1ms) 
23:50:14   ├─ /downloads/explanatory/DOC-EXAMPLE-WATER.md/ (+1ms) 
23:50:14   ├─ /downloads/explanatory/DOC-EXAMPLES.md/ (+2ms) 
23:50:14   ├─ /downloads/explanatory/DOC-HOME.md/ (+1ms) 
23:50:14   ├─ /downloads/explanatory/DOC-START.md/ (+1ms) 
23:50:14   ├─ /downloads/explanatory/DOC-LIBRARY.md/ (+1ms) 
23:50:14   ├─ /downloads/original/R-CURRENT-ADDITIONAL.md/ (+2ms) 
23:50:14   ├─ /downloads/original/R-CURRENT-CHANGELOG.md/ (+1ms) 
23:50:14   ├─ /downloads/original/R-CURRENT-CONTROL.md/ (+2ms) 
23:50:14   ├─ /downloads/original/R-CURRENT-CORE.md/ (+1ms) 
23:50:14   ├─ /downloads/original/R-CURRENT-INTERACTIONS.md/ (+2ms) 
23:50:14   ├─ /downloads/original/R-CURRENT-MATH.md/ (+2ms) 
23:50:14   ├─ /downloads/original/R-CURRENT-PROOF.md/ (+1ms) 
23:50:14   ├─ /downloads/original/R-CURRENT-SCIENCE.md/ (+1ms) 
23:50:14   ├─ /downloads/original/R-CURRENT-STATUS.md/ (+1ms) 
23:50:14   ├─ /downloads/original/R-CURRENT-WORLD.md/ (+1ms) 
23:50:14   ├─ /downloads/release.json/ (+1ms) 
23:50:14   ├─ /downloads/SHA256SUMS/ (+1ms) 
23:50:14   ├─ /downloads/unity-theory-publication-site-2026.10.04-m5-private-preview.zip/ (+1ms) 
23:50:14   ├─ /fixtures/math/index.html (+8ms) 
23:50:14   ├─ /legal/index.html (+3ms) 
23:50:14   ├─ /references/index.html (+4ms) 
23:50:14   ├─ /rss.xml (+4ms) 
23:50:14   ├─ /start/index.html (+12ms) 
23:50:14   ├─ /index.html (+12ms) 
23:50:14   ├─ /research-status/index.html (+12ms) 
23:50:14   ├─ /research-status/proof-matrix/index.html (+7ms) 
23:50:14   ├─ /concepts/geometry-and-modes/index.html (+7ms) 
23:50:14   ├─ /documents/locked-core/index.html (+22ms) 
23:50:14   ├─ /changes/index.html (+11ms) 
23:50:14   ├─ /framework/index.html (+88ms) 
23:50:14   ├─ /math/index.html (+217ms) 
23:50:14   ├─ /evidence/interactions/index.html (+30ms) 
23:50:14   ├─ /evidence/additional/index.html (+21ms) 
23:50:14   ├─ /open-problems/index.html (+9ms) 
23:50:14   ├─ /changes/source-history/index.html (+6ms) 
23:50:14   ├─ /claims/UT-D01/index.html (+6ms) 
23:50:14   ├─ /claims/UT-D02/index.html (+4ms) 
23:50:14   ├─ /claims/UT-D03/index.html (+4ms) 
23:50:14   ├─ /claims/UT-D04/index.html (+5ms) 
23:50:14   ├─ /claims/UT-D05/index.html (+3ms) 
23:50:14   ├─ /claims/UT-D06/index.html (+9ms) 
23:50:14   ├─ /claims/UT-D07/index.html (+7ms) 
23:50:14   ├─ /claims/UT-D08/index.html (+7ms) 
23:50:14   ├─ /claims/UT-D09/index.html (+9ms) 
23:50:14   ├─ /claims/UT-C01/index.html (+4ms) 
23:50:14   ├─ /claims/UT-C02/index.html (+9ms) 
23:50:14   ├─ /claims/UT-O01/index.html (+2ms) 
23:50:14   ├─ /claims/UT-O02/index.html (+5ms) 
23:50:14   ├─ /claims/UT-O03/index.html (+3ms) 
23:50:14   ├─ /claims/UT-O04/index.html (+3ms) 
23:50:14   ├─ /claims/UT-O05/index.html (+2ms) 
23:50:14   ├─ /claims/UT-O06/index.html (+4ms) 
23:50:14   ├─ /claims/UT-E01/index.html (+5ms) 
23:50:14   ├─ /claims/UT-E02/index.html (+5ms) 
23:50:14   ├─ /claims/UT-E03/index.html (+5ms) 
23:50:14   ├─ /claims/UT-E04/index.html (+7ms) 
23:50:14   ├─ /claims/UT-E05/index.html (+3ms) 
23:50:14   ├─ /claims/UT-E06/index.html (+3ms) 
23:50:14   ├─ /claims/UT-E07/index.html (+9ms) 
23:50:14   ├─ /claims/UT-E08/index.html (+9ms) 
23:50:14   ├─ /claims/UT-E09/index.html (+4ms) 
23:50:14   ├─ /claims/UT-E10/index.html (+9ms) 
23:50:14   ├─ /claims/UT-E11/index.html (+6ms) 
23:50:14   ├─ /claims/UT-E12/index.html (+7ms) 
23:50:14   ├─ /articles/how-existing-structures-make-new-organization-possible/index.html (+5ms) 
23:50:14   ├─ /articles/when-can-a-whole-be-treated-as-one-useful-unit/index.html (+6ms) 
23:50:14   ├─ /concepts/effective-interactions/index.html (+10ms) 
23:50:14   ├─ /concepts/recursion/index.html (+8ms) 
23:50:14   ├─ /concepts/stability/index.html (+10ms) 
23:50:14   ├─ /concepts/index.html (+8ms) 
23:50:14   ├─ /evidence/index.html (+8ms) 
23:50:14   ├─ /examples/cell/index.html (+5ms) 
23:50:14   ├─ /examples/life-environment/index.html (+7ms) 
23:50:14   ├─ /examples/molecule/index.html (+5ms) 
23:50:14   ├─ /examples/star/index.html (+7ms) 
23:50:14   ├─ /examples/string/index.html (+4ms) 
23:50:14   ├─ /examples/water/index.html (+27ms) 
23:50:14   ├─ /examples/index.html (+4ms) 
23:50:14   ├─ /documents/index.html (+85ms) 
23:50:14 ✓ Completed in 2.78s.

23:50:14 [build] ✓ Completed in 3.19s.
23:50:14 [build] 64 page(s) built in 4.37s
23:50:14 [build] Complete!
Private preview artifact: /Users/new/RiderProjects/RPG_theory/dist/m5/preview-root; deployEligible=false
