07:41:49 [content] Syncing content
07:41:49 [content] Astro config changed
07:41:49 [content] Clearing content store
07:41:49 [content] Synced content
07:41:49 [types] Generated 591ms
07:41:49 [build] output: "static"
07:41:49 [build] mode: "static"
07:41:49 [build] directory: /Users/new/RiderProjects/RPG_theory/dist/m5-final/preview-root/
07:41:49 [build] Collecting build info...
07:41:49 [build] ✓ Completed in 605ms.
07:41:49 [build] Building static entrypoints...
07:41:49 [vite] ✓ built in 152ms
07:41:49 [vite] ✓ built in 9ms
07:41:49 [build] Rearranging server assets...

 generating static routes 
07:41:50   ├─ /404.html (+10ms) 
07:41:50   ├─ /about/index.html (+3ms) 
07:41:50   ├─ /articles/index.html (+2ms) 
07:41:50   ├─ /cite/index.html (+273ms) 
07:41:50   ├─ /downloads/THIRD-PARTY-NOTICES.txt/ (+1ms) 
07:41:50   ├─ /downloads/explanatory/DOC-STATUS.md/ (+1ms) 
07:41:50   ├─ /downloads/explanatory/DOC-PROOF.md/ (+1ms) 
07:41:50   ├─ /downloads/explanatory/DOC-CONCEPT-GEOMETRY.md/ (+0ms) 
07:41:50   ├─ /downloads/explanatory/DOC-CORE.md/ (+1ms) 
07:41:50   ├─ /downloads/explanatory/DOC-CONTROL.md/ (+1ms) 
07:41:50   ├─ /downloads/explanatory/DOC-FRAMEWORK.md/ (+0ms) 
07:41:50   ├─ /downloads/explanatory/DOC-MATH.md/ (+0ms) 
07:41:50   ├─ /downloads/explanatory/DOC-INTERACTION-EVIDENCE.md/ (+0ms) 
07:41:50   ├─ /downloads/explanatory/DOC-ADDITIONAL-EVIDENCE.md/ (+0ms) 
07:41:50   ├─ /downloads/explanatory/DOC-OPEN-PROBLEMS.md/ (+0ms) 
07:41:50   ├─ /downloads/explanatory/DOC-SOURCE-CHANGES.md/ (+0ms) 
07:41:50   ├─ /downloads/explanatory/UT-D01.md/ (+0ms) 
07:41:50   ├─ /downloads/explanatory/UT-D02.md/ (+0ms) 
07:41:50   ├─ /downloads/explanatory/UT-D03.md/ (+0ms) 
07:41:50   ├─ /downloads/explanatory/UT-D04.md/ (+0ms) 
07:41:50   ├─ /downloads/explanatory/UT-D05.md/ (+0ms) 
07:41:50   ├─ /downloads/explanatory/UT-D06.md/ (+0ms) 
07:41:50   ├─ /downloads/explanatory/UT-D07.md/ (+0ms) 
07:41:50   ├─ /downloads/explanatory/UT-D08.md/ (+0ms) 
07:41:50   ├─ /downloads/explanatory/UT-D09.md/ (+0ms) 
07:41:50   ├─ /downloads/explanatory/UT-C01.md/ (+0ms) 
07:41:50   ├─ /downloads/explanatory/UT-C02.md/ (+0ms) 
07:41:50   ├─ /downloads/explanatory/UT-O01.md/ (+0ms) 
07:41:50   ├─ /downloads/explanatory/UT-O02.md/ (+0ms) 
07:41:50   ├─ /downloads/explanatory/UT-O03.md/ (+0ms) 
07:41:50   ├─ /downloads/explanatory/UT-O04.md/ (+0ms) 
07:41:50   ├─ /downloads/explanatory/UT-O05.md/ (+0ms) 
07:41:50   ├─ /downloads/explanatory/UT-O06.md/ (+0ms) 
07:41:50   ├─ /downloads/explanatory/UT-E01.md/ (+0ms) 
07:41:50   ├─ /downloads/explanatory/UT-E02.md/ (+0ms) 
07:41:50   ├─ /downloads/explanatory/UT-E03.md/ (+0ms) 
07:41:50   ├─ /downloads/explanatory/UT-E04.md/ (+0ms) 
07:41:50   ├─ /downloads/explanatory/UT-E05.md/ (+0ms) 
07:41:50   ├─ /downloads/explanatory/UT-E06.md/ (+0ms) 
07:41:50   ├─ /downloads/explanatory/UT-E07.md/ (+0ms) 
07:41:50   ├─ /downloads/explanatory/UT-E08.md/ (+0ms) 
07:41:50   ├─ /downloads/explanatory/UT-E09.md/ (+0ms) 
07:41:50   ├─ /downloads/explanatory/UT-E10.md/ (+0ms) 
07:41:50   ├─ /downloads/explanatory/UT-E11.md/ (+0ms) 
07:41:50   ├─ /downloads/explanatory/UT-E12.md/ (+0ms) 
07:41:50   ├─ /downloads/explanatory/DOC-ARTICLE-STRUCTURES.md/ (+0ms) 
07:41:50   ├─ /downloads/explanatory/DOC-ARTICLE-UNIT.md/ (+0ms) 
07:41:50   ├─ /downloads/explanatory/DOC-CONCEPT-INTERACTIONS.md/ (+0ms) 
07:41:50   ├─ /downloads/explanatory/DOC-CONCEPT-RECURSION.md/ (+0ms) 
07:41:50   ├─ /downloads/explanatory/DOC-CONCEPT-STABILITY.md/ (+0ms) 
07:41:50   ├─ /downloads/explanatory/DOC-CONCEPTS.md/ (+0ms) 
07:41:50   ├─ /downloads/explanatory/DOC-EVIDENCE.md/ (+0ms) 
07:41:50   ├─ /downloads/explanatory/DOC-EXAMPLE-CELL.md/ (+0ms) 
07:41:50   ├─ /downloads/explanatory/DOC-EXAMPLE-LIFE.md/ (+0ms) 
07:41:50   ├─ /downloads/explanatory/DOC-EXAMPLE-MOLECULE.md/ (+0ms) 
07:41:50   ├─ /downloads/explanatory/DOC-EXAMPLE-STAR.md/ (+0ms) 
07:41:50   ├─ /downloads/explanatory/DOC-EXAMPLE-STRING.md/ (+0ms) 
07:41:50   ├─ /downloads/explanatory/DOC-EXAMPLE-WATER.md/ (+0ms) 
07:41:50   ├─ /downloads/explanatory/DOC-EXAMPLES.md/ (+0ms) 
07:41:50   ├─ /downloads/explanatory/DOC-HOME.md/ (+0ms) 
07:41:50   ├─ /downloads/explanatory/DOC-START.md/ (+0ms) 
07:41:50   ├─ /downloads/explanatory/DOC-LIBRARY.md/ (+0ms) 
07:41:50   ├─ /downloads/original/R-CURRENT-ADDITIONAL.md/ (+0ms) 
07:41:50   ├─ /downloads/original/R-CURRENT-CHANGELOG.md/ (+0ms) 
07:41:50   ├─ /downloads/original/R-CURRENT-CONTROL.md/ (+0ms) 
07:41:50   ├─ /downloads/original/R-CURRENT-CORE.md/ (+1ms) 
07:41:50   ├─ /downloads/original/R-CURRENT-INTERACTIONS.md/ (+0ms) 
07:41:50   ├─ /downloads/original/R-CURRENT-MATH.md/ (+0ms) 
07:41:50   ├─ /downloads/original/R-CURRENT-PROOF.md/ (+0ms) 
07:41:50   ├─ /downloads/original/R-CURRENT-SCIENCE.md/ (+0ms) 
07:41:50   ├─ /downloads/original/R-CURRENT-STATUS.md/ (+0ms) 
07:41:50   ├─ /downloads/original/R-CURRENT-WORLD.md/ (+0ms) 
07:41:50   ├─ /downloads/release.json/ (+0ms) 
07:41:50   ├─ /downloads/SHA256SUMS/ (+0ms) 
07:41:50   ├─ /downloads/unity-theory-publication-site-2026.10.04-m5-private-preview.zip/ (+0ms) 
07:41:50   ├─ /fixtures/math/index.html (+5ms) 
07:41:50   ├─ /legal/index.html (+1ms) 
07:41:50   ├─ /references/index.html (+2ms) 
07:41:50   ├─ /rss.xml (+1ms) 
07:41:50   ├─ /start/index.html (+7ms) 
07:41:50   ├─ /index.html (+7ms) 
07:41:50   ├─ /research-status/index.html (+9ms) 
07:41:50   ├─ /research-status/proof-matrix/index.html (+5ms) 
07:41:50   ├─ /concepts/geometry-and-modes/index.html (+3ms) 
07:41:50   ├─ /documents/locked-core/index.html (+14ms) 
07:41:50   ├─ /changes/index.html (+5ms) 
07:41:50   ├─ /framework/index.html (+59ms) 
07:41:50   ├─ /math/index.html (+122ms) 
07:41:50   ├─ /evidence/interactions/index.html (+17ms) 
07:41:50   ├─ /evidence/additional/index.html (+11ms) 
07:41:50   ├─ /open-problems/index.html (+5ms) 
07:41:50   ├─ /changes/source-history/index.html (+3ms) 
07:41:50   ├─ /claims/UT-D01/index.html (+2ms) 
07:41:50   ├─ /claims/UT-D02/index.html (+2ms) 
07:41:50   ├─ /claims/UT-D03/index.html (+3ms) 
07:41:50   ├─ /claims/UT-D04/index.html (+2ms) 
07:41:50   ├─ /claims/UT-D05/index.html (+2ms) 
07:41:50   ├─ /claims/UT-D06/index.html (+3ms) 
07:41:50   ├─ /claims/UT-D07/index.html (+5ms) 
07:41:50   ├─ /claims/UT-D08/index.html (+4ms) 
07:41:50   ├─ /claims/UT-D09/index.html (+2ms) 
07:41:50   ├─ /claims/UT-C01/index.html (+1ms) 
07:41:50   ├─ /claims/UT-C02/index.html (+1ms) 
07:41:50   ├─ /claims/UT-O01/index.html (+1ms) 
07:41:50   ├─ /claims/UT-O02/index.html (+1ms) 
07:41:50   ├─ /claims/UT-O03/index.html (+1ms) 
07:41:50   ├─ /claims/UT-O04/index.html (+1ms) 
07:41:50   ├─ /claims/UT-O05/index.html (+1ms) 
07:41:50   ├─ /claims/UT-O06/index.html (+1ms) 
07:41:50   ├─ /claims/UT-E01/index.html (+2ms) 
07:41:50   ├─ /claims/UT-E02/index.html (+2ms) 
07:41:50   ├─ /claims/UT-E03/index.html (+2ms) 
07:41:50   ├─ /claims/UT-E04/index.html (+2ms) 
07:41:50   ├─ /claims/UT-E05/index.html (+2ms) 
07:41:50   ├─ /claims/UT-E06/index.html (+2ms) 
07:41:50   ├─ /claims/UT-E07/index.html (+2ms) 
07:41:50   ├─ /claims/UT-E08/index.html (+2ms) 
07:41:50   ├─ /claims/UT-E09/index.html (+2ms) 
07:41:50   ├─ /claims/UT-E10/index.html (+3ms) 
07:41:50   ├─ /claims/UT-E11/index.html (+3ms) 
07:41:50   ├─ /claims/UT-E12/index.html (+3ms) 
07:41:50   ├─ /articles/how-existing-structures-make-new-organization-possible/index.html (+3ms) 
07:41:50   ├─ /articles/when-can-a-whole-be-treated-as-one-useful-unit/index.html (+3ms) 
07:41:50   ├─ /concepts/effective-interactions/index.html (+7ms) 
07:41:50   ├─ /concepts/recursion/index.html (+3ms) 
07:41:50   ├─ /concepts/stability/index.html (+3ms) 
07:41:50   ├─ /concepts/index.html (+3ms) 
07:41:50   ├─ /evidence/index.html (+5ms) 
07:41:50   ├─ /examples/cell/index.html (+2ms) 
07:41:50   ├─ /examples/life-environment/index.html (+2ms) 
07:41:50   ├─ /examples/molecule/index.html (+2ms) 
07:41:50   ├─ /examples/star/index.html (+2ms) 
07:41:50   ├─ /examples/string/index.html (+2ms) 
07:41:50   ├─ /examples/water/index.html (+2ms) 
07:41:50   ├─ /examples/index.html (+2ms) 
07:41:50   ├─ /documents/index.html (+18ms) 
07:41:51 ✓ Completed in 1.52s.

07:41:51 [build] ✓ Completed in 1.70s.
07:41:51 [build] 64 page(s) built in 2.31s
07:41:51 [build] Complete!
Private preview artifact: /Users/new/RiderProjects/RPG_theory/dist/m5-final/preview-root; deployEligible=false
