21:20:09 [content] Syncing content
21:20:12 [content] Synced content
21:20:12 [types] Generated 4.50s
21:20:12 [build] output: "static"
21:20:12 [build] mode: "static"
21:20:12 [build] directory: /Users/new/RiderProjects/RPG_theory/dist/m3-acceptance-root/
21:20:12 [build] Collecting build info...
21:20:12 [build] ✓ Completed in 4.54s.
21:20:12 [build] Building static entrypoints...
21:20:12 [vite] ✓ built in 282ms
21:20:12 [vite] ✓ built in 28ms
21:20:13 [build] Rearranging server assets...

 generating static routes 
21:20:16   ├─ /404.html (+11ms) 
21:20:16   ├─ /fixtures/math/index.html (+7ms) 
21:20:16   ├─ /references/index.html (+4ms) 
21:20:16   ├─ /start/index.html (+7ms) 
21:20:16   ├─ /index.html (+8ms) 
21:20:16   ├─ /research-status/index.html (+59ms) 
21:20:16   ├─ /research-status/proof-matrix/index.html (+12ms) 
21:20:16   ├─ /concepts/geometry-and-modes/index.html (+10ms) 
21:20:16   ├─ /documents/locked-core/index.html (+34ms) 
21:20:16   ├─ /changes/index.html (+7ms) 
21:20:16   ├─ /framework/index.html (+135ms) 
21:20:16   ├─ /math/index.html (+222ms) 
21:20:17   ├─ /evidence/interactions/index.html (+40ms) 
21:20:17   ├─ /evidence/additional/index.html (+19ms) 
21:20:17   ├─ /open-problems/index.html (+13ms) 
21:20:17   ├─ /changes/source-history/index.html (+7ms) 
21:20:17   ├─ /claims/UT-D01/index.html (+7ms) 
21:20:17   ├─ /claims/UT-D02/index.html (+4ms) 
21:20:17   ├─ /claims/UT-D03/index.html (+4ms) 
21:20:17   ├─ /claims/UT-D04/index.html (+3ms) 
21:20:17   ├─ /claims/UT-D05/index.html (+7ms) 
21:20:17   ├─ /claims/UT-D06/index.html (+4ms) 
21:20:17   ├─ /claims/UT-D07/index.html (+7ms) 
21:20:17   ├─ /claims/UT-D08/index.html (+9ms) 
21:20:17   ├─ /claims/UT-D09/index.html (+4ms) 
21:20:17   ├─ /claims/UT-C01/index.html (+5ms) 
21:20:17   ├─ /claims/UT-C02/index.html (+5ms) 
21:20:17   ├─ /claims/UT-O01/index.html (+2ms) 
21:20:17   ├─ /claims/UT-O02/index.html (+4ms) 
21:20:17   ├─ /claims/UT-O03/index.html (+2ms) 
21:20:17   ├─ /claims/UT-O04/index.html (+3ms) 
21:20:17   ├─ /claims/UT-O05/index.html (+2ms) 
21:20:17   ├─ /claims/UT-O06/index.html (+4ms) 
21:20:17   ├─ /claims/UT-E01/index.html (+7ms) 
21:20:17   ├─ /claims/UT-E02/index.html (+5ms) 
21:20:17   ├─ /claims/UT-E03/index.html (+4ms) 
21:20:17   ├─ /claims/UT-E04/index.html (+3ms) 
21:20:17   ├─ /claims/UT-E05/index.html (+22ms) 
21:20:17   ├─ /claims/UT-E06/index.html (+6ms) 
21:20:17   ├─ /claims/UT-E07/index.html (+3ms) 
21:20:17   ├─ /claims/UT-E08/index.html (+3ms) 
21:20:17   ├─ /claims/UT-E09/index.html (+6ms) 
21:20:17   ├─ /claims/UT-E10/index.html (+5ms) 
21:20:17   ├─ /claims/UT-E11/index.html (+5ms) 
21:20:17   ├─ /claims/UT-E12/index.html (+15ms) 
21:20:17   ├─ /concepts/effective-interactions/index.html (+11ms) 
21:20:17   ├─ /concepts/recursion/index.html (+5ms) 
21:20:17   ├─ /concepts/stability/index.html (+5ms) 
21:20:17   ├─ /concepts/index.html (+5ms) 
21:20:17   ├─ /evidence/index.html (+17ms) 
21:20:17   ├─ /examples/cell/index.html (+5ms) 
21:20:17   ├─ /examples/life-environment/index.html (+3ms) 
21:20:17   ├─ /examples/molecule/index.html (+3ms) 
21:20:17   ├─ /examples/star/index.html (+6ms) 
21:20:17   ├─ /examples/string/index.html (+6ms) 
21:20:17   ├─ /examples/water/index.html (+5ms) 
21:20:17   ├─ /examples/index.html (+8ms) 
21:20:17   ├─ /documents/index.html (+4ms) 
21:20:17 ✓ Completed in 4.47s.

21:20:17 [build] ✓ Completed in 4.81s.
21:20:17 [build] 58 page(s) built in 9.37s
21:20:17 [build] Complete!
Private preview artifact: /Users/new/RiderProjects/RPG_theory/dist/m3-acceptance-root; deployEligible=false
