21:03:57 [content] Syncing content
21:03:57 [content] Astro config changed
21:03:57 [content] Clearing content store
21:04:00 [content] Synced content
21:04:00 [types] Generated 3.11s
21:04:00 [build] output: "static"
21:04:00 [build] mode: "static"
21:04:00 [build] directory: /Users/new/RiderProjects/RPG_theory/dist/m3-acceptance-subpath/
21:04:00 [build] Collecting build info...
21:04:00 [build] ✓ Completed in 3.11s.
21:04:00 [build] Building static entrypoints...
21:04:00 [vite] ✓ built in 442ms
21:04:00 [vite] ✓ built in 17ms
21:04:00 [build] Rearranging server assets...

 generating static routes 
21:04:04   ├─ /404.html (+16ms) 
21:04:04   ├─ /fixtures/math/index.html (+10ms) 
21:04:04   ├─ /references/index.html (+6ms) 
21:04:04   ├─ /start/index.html (+8ms) 
21:04:04   ├─ /index.html (+11ms) 
21:04:04   ├─ /research-status/index.html (+56ms) 
21:04:04   ├─ /research-status/proof-matrix/index.html (+22ms) 
21:04:04   ├─ /concepts/geometry-and-modes/index.html (+5ms) 
21:04:04   ├─ /documents/locked-core/index.html (+34ms) 
21:04:04   ├─ /changes/index.html (+15ms) 
21:04:04   ├─ /framework/index.html (+101ms) 
21:04:04   ├─ /math/index.html (+248ms) 
21:04:04   ├─ /evidence/interactions/index.html (+53ms) 
21:04:04   ├─ /evidence/additional/index.html (+19ms) 
21:04:04   ├─ /open-problems/index.html (+11ms) 
21:04:04   ├─ /changes/source-history/index.html (+7ms) 
21:04:04   ├─ /claims/UT-D01/index.html (+5ms) 
21:04:04   ├─ /claims/UT-D02/index.html (+5ms) 
21:04:04   ├─ /claims/UT-D03/index.html (+4ms) 
21:04:04   ├─ /claims/UT-D04/index.html (+3ms) 
21:04:04   ├─ /claims/UT-D05/index.html (+3ms) 
21:04:05   ├─ /claims/UT-D06/index.html (+5ms) 
21:04:05   ├─ /claims/UT-D07/index.html (+11ms) 
21:04:05   ├─ /claims/UT-D08/index.html (+12ms) 
21:04:05   ├─ /claims/UT-D09/index.html (+4ms) 
21:04:05   ├─ /claims/UT-C01/index.html (+3ms) 
21:04:05   ├─ /claims/UT-C02/index.html (+2ms) 
21:04:05   ├─ /claims/UT-O01/index.html (+2ms) 
21:04:05   ├─ /claims/UT-O02/index.html (+4ms) 
21:04:05   ├─ /claims/UT-O03/index.html (+2ms) 
21:04:05   ├─ /claims/UT-O04/index.html (+2ms) 
21:04:05   ├─ /claims/UT-O05/index.html (+3ms) 
21:04:05   ├─ /claims/UT-O06/index.html (+2ms) 
21:04:05   ├─ /claims/UT-E01/index.html (+3ms) 
21:04:05   ├─ /claims/UT-E02/index.html (+4ms) 
21:04:05   ├─ /claims/UT-E03/index.html (+3ms) 
21:04:05   ├─ /claims/UT-E04/index.html (+3ms) 
21:04:05   ├─ /claims/UT-E05/index.html (+5ms) 
21:04:05   ├─ /claims/UT-E06/index.html (+3ms) 
21:04:05   ├─ /claims/UT-E07/index.html (+3ms) 
21:04:05   ├─ /claims/UT-E08/index.html (+16ms) 
21:04:05   ├─ /claims/UT-E09/index.html (+3ms) 
21:04:05   ├─ /claims/UT-E10/index.html (+6ms) 
21:04:05   ├─ /claims/UT-E11/index.html (+6ms) 
21:04:05   ├─ /claims/UT-E12/index.html (+5ms) 
21:04:05   ├─ /concepts/effective-interactions/index.html (+8ms) 
21:04:05   ├─ /concepts/recursion/index.html (+5ms) 
21:04:05   ├─ /concepts/stability/index.html (+14ms) 
21:04:05   ├─ /concepts/index.html (+5ms) 
21:04:05   ├─ /evidence/index.html (+9ms) 
21:04:05   ├─ /examples/cell/index.html (+3ms) 
21:04:05   ├─ /examples/life-environment/index.html (+7ms) 
21:04:05   ├─ /examples/molecule/index.html (+4ms) 
21:04:05   ├─ /examples/star/index.html (+4ms) 
21:04:05   ├─ /examples/string/index.html (+4ms) 
21:04:05   ├─ /examples/water/index.html (+3ms) 
21:04:05   ├─ /examples/index.html (+4ms) 
21:04:05   ├─ /documents/index.html (+7ms) 
21:04:05 ✓ Completed in 4.34s.

21:04:05 [build] ✓ Completed in 4.88s.
21:04:05 [build] 58 page(s) built in 7.99s
21:04:05 [build] Complete!
Private preview artifact: /Users/new/RiderProjects/RPG_theory/dist/m3-acceptance-subpath; deployEligible=false
