21:20:32 [content] Syncing content
21:20:32 [content] Astro config changed
21:20:32 [content] Clearing content store
21:20:33 [content] Synced content
21:20:33 [types] Generated 2.53s
21:20:33 [build] output: "static"
21:20:33 [build] mode: "static"
21:20:33 [build] directory: /Users/new/RiderProjects/RPG_theory/dist/m3-acceptance-subpath/
21:20:33 [build] Collecting build info...
21:20:33 [build] ✓ Completed in 2.54s.
21:20:33 [build] Building static entrypoints...
21:20:34 [vite] ✓ built in 241ms
21:20:34 [vite] ✓ built in 58ms
21:20:34 [build] Rearranging server assets...

 generating static routes 
21:20:37   ├─ /404.html (+26ms) 
21:20:37   ├─ /fixtures/math/index.html (+9ms) 
21:20:37   ├─ /references/index.html (+5ms) 
21:20:37   ├─ /start/index.html (+8ms) 
21:20:37   ├─ /index.html (+9ms) 
21:20:37   ├─ /research-status/index.html (+17ms) 
21:20:37   ├─ /research-status/proof-matrix/index.html (+10ms) 
21:20:37   ├─ /concepts/geometry-and-modes/index.html (+9ms) 
21:20:37   ├─ /documents/locked-core/index.html (+32ms) 
21:20:37   ├─ /changes/index.html (+10ms) 
21:20:37   ├─ /framework/index.html (+104ms) 
21:20:37   ├─ /math/index.html (+190ms) 
21:20:37   ├─ /evidence/interactions/index.html (+32ms) 
21:20:37   ├─ /evidence/additional/index.html (+16ms) 
21:20:37   ├─ /open-problems/index.html (+6ms) 
21:20:37   ├─ /changes/source-history/index.html (+5ms) 
21:20:37   ├─ /claims/UT-D01/index.html (+6ms) 
21:20:37   ├─ /claims/UT-D02/index.html (+5ms) 
21:20:37   ├─ /claims/UT-D03/index.html (+3ms) 
21:20:37   ├─ /claims/UT-D04/index.html (+4ms) 
21:20:37   ├─ /claims/UT-D05/index.html (+3ms) 
21:20:37   ├─ /claims/UT-D06/index.html (+5ms) 
21:20:37   ├─ /claims/UT-D07/index.html (+4ms) 
21:20:37   ├─ /claims/UT-D08/index.html (+11ms) 
21:20:37   ├─ /claims/UT-D09/index.html (+3ms) 
21:20:37   ├─ /claims/UT-C01/index.html (+3ms) 
21:20:37   ├─ /claims/UT-C02/index.html (+2ms) 
21:20:37   ├─ /claims/UT-O01/index.html (+2ms) 
21:20:37   ├─ /claims/UT-O02/index.html (+3ms) 
21:20:37   ├─ /claims/UT-O03/index.html (+2ms) 
21:20:37   ├─ /claims/UT-O04/index.html (+2ms) 
21:20:37   ├─ /claims/UT-O05/index.html (+4ms) 
21:20:37   ├─ /claims/UT-O06/index.html (+3ms) 
21:20:37   ├─ /claims/UT-E01/index.html (+2ms) 
21:20:37   ├─ /claims/UT-E02/index.html (+2ms) 
21:20:37   ├─ /claims/UT-E03/index.html (+3ms) 
21:20:37   ├─ /claims/UT-E04/index.html (+3ms) 
21:20:37   ├─ /claims/UT-E05/index.html (+3ms) 
21:20:37   ├─ /claims/UT-E06/index.html (+4ms) 
21:20:37   ├─ /claims/UT-E07/index.html (+5ms) 
21:20:37   ├─ /claims/UT-E08/index.html (+3ms) 
21:20:37   ├─ /claims/UT-E09/index.html (+40ms) 
21:20:37   ├─ /claims/UT-E10/index.html (+10ms) 
21:20:37   ├─ /claims/UT-E11/index.html (+6ms) 
21:20:37   ├─ /claims/UT-E12/index.html (+5ms) 
21:20:37   ├─ /concepts/effective-interactions/index.html (+9ms) 
21:20:37   ├─ /concepts/recursion/index.html (+4ms) 
21:20:37   ├─ /concepts/stability/index.html (+6ms) 
21:20:37   ├─ /concepts/index.html (+4ms) 
21:20:37   ├─ /evidence/index.html (+10ms) 
21:20:37   ├─ /examples/cell/index.html (+4ms) 
21:20:37   ├─ /examples/life-environment/index.html (+3ms) 
21:20:37   ├─ /examples/molecule/index.html (+6ms) 
21:20:37   ├─ /examples/star/index.html (+3ms) 
21:20:38   ├─ /examples/string/index.html (+5ms) 
21:20:38   ├─ /examples/water/index.html (+4ms) 
21:20:38   ├─ /examples/index.html (+5ms) 
21:20:38   ├─ /documents/index.html (+6ms) 
21:20:38 ✓ Completed in 3.75s.

21:20:38 [build] ✓ Completed in 4.09s.
21:20:38 [build] 58 page(s) built in 6.65s
21:20:38 [build] Complete!
Private preview artifact: /Users/new/RiderProjects/RPG_theory/dist/m3-acceptance-subpath; deployEligible=false
