21:03:28 [content] Syncing content
21:03:31 [content] Synced content
21:03:31 [types] Generated 3.36s
21:03:31 [build] output: "static"
21:03:31 [build] mode: "static"
21:03:31 [build] directory: /Users/new/RiderProjects/RPG_theory/dist/m3-acceptance-root/
21:03:31 [build] Collecting build info...
21:03:31 [build] ✓ Completed in 3.39s.
21:03:31 [build] Building static entrypoints...
21:03:31 [vite] ✓ built in 343ms
21:03:31 [vite] ✓ built in 26ms
21:03:31 [build] Rearranging server assets...

 generating static routes 
21:03:35   ├─ /404.html (+40ms) 
21:03:35   ├─ /fixtures/math/index.html (+9ms) 
21:03:35   ├─ /references/index.html (+4ms) 
21:03:35   ├─ /start/index.html (+10ms) 
21:03:35   ├─ /index.html (+9ms) 
21:03:35   ├─ /research-status/index.html (+15ms) 
21:03:35   ├─ /research-status/proof-matrix/index.html (+14ms) 
21:03:35   ├─ /concepts/geometry-and-modes/index.html (+7ms) 
21:03:35   ├─ /documents/locked-core/index.html (+42ms) 
21:03:35   ├─ /changes/index.html (+9ms) 
21:03:35   ├─ /framework/index.html (+120ms) 
21:03:35   ├─ /math/index.html (+256ms) 
21:03:35   ├─ /evidence/interactions/index.html (+57ms) 
21:03:35   ├─ /evidence/additional/index.html (+18ms) 
21:03:35   ├─ /open-problems/index.html (+9ms) 
21:03:35   ├─ /changes/source-history/index.html (+32ms) 
21:03:35   ├─ /claims/UT-D01/index.html (+58ms) 
21:03:36   ├─ /claims/UT-D02/index.html (+41ms) 
21:03:36   ├─ /claims/UT-D03/index.html (+5ms) 
21:03:36   ├─ /claims/UT-D04/index.html (+4ms) 
21:03:36   ├─ /claims/UT-D05/index.html (+3ms) 
21:03:36   ├─ /claims/UT-D06/index.html (+6ms) 
21:03:36   ├─ /claims/UT-D07/index.html (+7ms) 
21:03:36   ├─ /claims/UT-D08/index.html (+11ms) 
21:03:36   ├─ /claims/UT-D09/index.html (+8ms) 
21:03:36   ├─ /claims/UT-C01/index.html (+4ms) 
21:03:36   ├─ /claims/UT-C02/index.html (+3ms) 
21:03:36   ├─ /claims/UT-O01/index.html (+4ms) 
21:03:36   ├─ /claims/UT-O02/index.html (+2ms) 
21:03:36   ├─ /claims/UT-O03/index.html (+2ms) 
21:03:36   ├─ /claims/UT-O04/index.html (+2ms) 
21:03:36   ├─ /claims/UT-O05/index.html (+8ms) 
21:03:36   ├─ /claims/UT-O06/index.html (+3ms) 
21:03:36   ├─ /claims/UT-E01/index.html (+3ms) 
21:03:36   ├─ /claims/UT-E02/index.html (+3ms) 
21:03:36   ├─ /claims/UT-E03/index.html (+3ms) 
21:03:36   ├─ /claims/UT-E04/index.html (+7ms) 
21:03:36   ├─ /claims/UT-E05/index.html (+3ms) 
21:03:36   ├─ /claims/UT-E06/index.html (+4ms) 
21:03:36   ├─ /claims/UT-E07/index.html (+3ms) 
21:03:36   ├─ /claims/UT-E08/index.html (+2ms) 
21:03:36   ├─ /claims/UT-E09/index.html (+3ms) 
21:03:36   ├─ /claims/UT-E10/index.html (+5ms) 
21:03:36   ├─ /claims/UT-E11/index.html (+7ms) 
21:03:36   ├─ /claims/UT-E12/index.html (+5ms) 
21:03:36   ├─ /concepts/effective-interactions/index.html (+7ms) 
21:03:36   ├─ /concepts/recursion/index.html (+4ms) 
21:03:36   ├─ /concepts/stability/index.html (+10ms) 
21:03:36   ├─ /concepts/index.html (+4ms) 
21:03:36   ├─ /evidence/index.html (+10ms) 
21:03:36   ├─ /examples/cell/index.html (+8ms) 
21:03:36   ├─ /examples/life-environment/index.html (+4ms) 
21:03:36   ├─ /examples/molecule/index.html (+3ms) 
21:03:36   ├─ /examples/star/index.html (+3ms) 
21:03:36   ├─ /examples/string/index.html (+3ms) 
21:03:36   ├─ /examples/water/index.html (+2ms) 
21:03:36   ├─ /examples/index.html (+3ms) 
21:03:36   ├─ /documents/index.html (+4ms) 
21:03:36 ✓ Completed in 4.31s.

21:03:36 [build] ✓ Completed in 4.71s.
21:03:36 [build] 58 page(s) built in 8.10s
21:03:36 [build] Complete!
Private preview artifact: /Users/new/RiderProjects/RPG_theory/dist/m3-acceptance-root; deployEligible=false
