✔ M3 technical readings extract each complete original body with retained addenda and source provenance (834.652417ms)
✔ M3 evidence retains all source-local entries, bibliography identities and reported access limitations (18.45975ms)
✔ open questions and status preserve actual 04/06 mapping and separate model failure tests from definitions (25.052208ms)
✔ technical guides use actual heading anchors and selected routes at both bases (8933.6155ms)
✔ M3 preserves issued decisions without turning new readings or builds into approvals (7.148166ms)
✔ the disclosed section 39 display repair preserves three separate formulas and refuses a changed boundary (4.8275ms)
✔ intake contentReview accepted cannot qualify actual or synthetic bytes; historical approvals stay separate (3029.543459ms)
✔ hashed exact fidelity evidence is required; scientific approval or request-only data cannot substitute (2422.492167ms)
✔ bounded fidelity decisions need no linked scientific acceptance; dependency changes still stale the decision (2316.933792ms)
✔ complete isolated fidelity inventory derives qualification, while synthetic scope and missing reviews refuse it (2280.98275ms)
✔ null, primitive and incomplete stale evidence fail with the intended typed diagnostic (2440.077917ms)
✔ review dates cannot predate the reviewed material, including dependency updates (2378.122667ms)
✔ receipt paths reject traversal, symlink files and symlink ancestors (2206.2045ms)
✔ review inputs independently capture rendered plain language and the actual home projection without aliasing (2139.420542ms)
✔ stale decisions retain internally coherent dates, source excerpts, dependencies and projection reads (32459.67375ms)
✔ receipt paths reject control characters even when a matching regular file exists (2082.109208ms)
✔ a real loader roundtrip validates hashed decisions and qualifies only the reviewed selection, ignoring unrelated drafts and historical scientific registry bytes (8579.299916ms)
ℹ tests 17
ℹ suites 0
ℹ pass 17
ℹ fail 0
ℹ cancelled 0
ℹ skipped 0
ℹ todo 0
ℹ duration_ms 63227.628333
