21:16:02 [vite] Re-optimizing dependencies because vite config has changed
21:16:02 [content] Syncing content
21:16:03 [content] Synced content
21:16:03 [types] Generated 1.30s
21:16:03 [build] output: "static"
21:16:03 [build] mode: "static"
21:16:03 [build] directory: /Users/new/RiderProjects/RPG_theory/dist/m3-display-repair-root/
21:16:03 [build] Collecting build info...
21:16:03 [build] ✓ Completed in 1.31s.
21:16:03 [build] Building static entrypoints...
21:16:03 [vite] ✓ built in 334ms
21:16:03 [vite] ✓ built in 28ms
21:16:03 [build] Rearranging server assets...

 generating static routes 
21:16:04   ├─ /404.html (+44ms) 
21:16:04   ├─ /fixtures/math/index.html (+60ms) 
21:16:04   ├─ /references/index.html (+6ms) 
21:16:04   ├─ /start/index.html (+12ms) 
21:16:04   ├─ /index.html (+11ms) 
21:16:04   ├─ /research-status/index.html (+31ms) 
21:16:04   ├─ /research-status/proof-matrix/index.html (+9ms) 
21:16:04   ├─ /concepts/geometry-and-modes/index.html (+6ms) 
21:16:04   ├─ /documents/locked-core/index.html (+63ms) 
21:16:04   ├─ /changes/index.html (+8ms) 
21:16:04   ├─ /framework/index.html (+145ms) 
21:16:04   ├─ /math/index.html (+235ms) 
21:16:04   ├─ /evidence/interactions/index.html (+17ms) 
21:16:04   ├─ /evidence/additional/index.html (+15ms) 
21:16:04   ├─ /open-problems/index.html (+7ms) 
21:16:04   ├─ /changes/source-history/index.html (+8ms) 
21:16:04   ├─ /claims/UT-D01/index.html (+3ms) 
21:16:04   ├─ /claims/UT-D02/index.html (+3ms) 
21:16:04   ├─ /claims/UT-D03/index.html (+3ms) 
21:16:04   ├─ /claims/UT-D04/index.html (+3ms) 
21:16:04   ├─ /claims/UT-D05/index.html (+2ms) 
21:16:04   ├─ /claims/UT-D06/index.html (+5ms) 
21:16:04   ├─ /claims/UT-D07/index.html (+3ms) 
21:16:04   ├─ /claims/UT-D08/index.html (+4ms) 
21:16:04   ├─ /claims/UT-D09/index.html (+7ms) 
21:16:04   ├─ /claims/UT-C01/index.html (+5ms) 
21:16:04   ├─ /claims/UT-C02/index.html (+3ms) 
21:16:04   ├─ /claims/UT-O01/index.html (+5ms) 
21:16:04   ├─ /claims/UT-O02/index.html (+3ms) 
21:16:04   ├─ /claims/UT-O03/index.html (+19ms) 
21:16:04   ├─ /claims/UT-O04/index.html (+5ms) 
21:16:04   ├─ /claims/UT-O05/index.html (+5ms) 
21:16:04   ├─ /claims/UT-O06/index.html (+2ms) 
21:16:04   ├─ /claims/UT-E01/index.html (+3ms) 
21:16:04   ├─ /claims/UT-E02/index.html (+5ms) 
21:16:04   ├─ /claims/UT-E03/index.html (+4ms) 
21:16:04   ├─ /claims/UT-E04/index.html (+7ms) 
21:16:04   ├─ /claims/UT-E05/index.html (+4ms) 
21:16:04   ├─ /claims/UT-E06/index.html (+4ms) 
21:16:04   ├─ /claims/UT-E07/index.html (+3ms) 
21:16:04   ├─ /claims/UT-E08/index.html (+4ms) 
21:16:04   ├─ /claims/UT-E09/index.html (+3ms) 
21:16:04   ├─ /claims/UT-E10/index.html (+7ms) 
21:16:04   ├─ /claims/UT-E11/index.html (+7ms) 
21:16:04   ├─ /claims/UT-E12/index.html (+5ms) 
21:16:04   ├─ /concepts/effective-interactions/index.html (+11ms) 
21:16:04   ├─ /concepts/recursion/index.html (+8ms) 
21:16:04   ├─ /concepts/stability/index.html (+12ms) 
21:16:05   ├─ /concepts/index.html (+39ms) 
21:16:05   ├─ /evidence/index.html (+8ms) 
21:16:05   ├─ /examples/cell/index.html (+5ms) 
21:16:05   ├─ /examples/life-environment/index.html (+4ms) 
21:16:05   ├─ /examples/molecule/index.html (+4ms) 
21:16:05   ├─ /examples/star/index.html (+4ms) 
21:16:05   ├─ /examples/string/index.html (+5ms) 
21:16:05   ├─ /examples/water/index.html (+4ms) 
21:16:05   ├─ /examples/index.html (+7ms) 
21:16:05   ├─ /documents/index.html (+7ms) 
21:16:05 ✓ Completed in 1.39s.

21:16:05 [build] ✓ Completed in 1.78s.
21:16:05 [build] 58 page(s) built in 3.09s
21:16:05 [build] Complete!
Private preview artifact: /Users/new/RiderProjects/RPG_theory/dist/m3-display-repair-root; deployEligible=false
