
> unity-theory@0.0.1 build
> tsx scripts/build.ts --config tests/fixtures/site-root.json --output dist/github-pages-rebind/preview-root

20:32:56 [vite] Re-optimizing dependencies because vite config has changed
20:32:56 [content] Syncing content
20:32:56 [content] Astro config changed
20:32:56 [content] Clearing content store
20:32:58 [content] Synced content
20:32:58 [types] Generated 2.30s
20:32:58 [build] output: "static"
20:32:58 [build] mode: "static"
20:32:58 [build] directory: /Users/new/RiderProjects/RPG_theory/dist/github-pages-rebind/preview-root/
20:32:58 [build] Collecting build info...
20:32:58 [build] ✓ Completed in 2.31s.
20:32:58 [build] Building static entrypoints...
20:32:58 [vite] ✓ built in 285ms
20:32:58 [vite] ✓ built in 25ms
20:32:58 [build] Rearranging server assets...

 generating static routes 
20:33:02   ├─ /404.html (+23ms) 
20:33:02   ├─ /about/index.html (+16ms) 
20:33:02   ├─ /articles/index.html (+4ms) 
20:33:02   ├─ /cite/index.html (+1.48s) 
20:33:03   ├─ /downloads/THIRD-PARTY-NOTICES.txt/ (+3ms) 
20:33:03   ├─ /downloads/explanatory/DOC-STATUS.md/ (+2ms) 
20:33:03   ├─ /downloads/explanatory/DOC-CONCEPT-GEOMETRY.md/ (+1ms) 
20:33:03   ├─ /downloads/explanatory/DOC-CORE.md/ (+1ms) 
20:33:03   ├─ /downloads/explanatory/DOC-CONTROL.md/ (+1ms) 
20:33:03   ├─ /downloads/explanatory/DOC-FRAMEWORK.md/ (+1ms) 
20:33:03   ├─ /downloads/explanatory/DOC-MATH.md/ (+1ms) 
20:33:03   ├─ /downloads/explanatory/DOC-OPEN-PROBLEMS.md/ (+2ms) 
20:33:03   ├─ /downloads/explanatory/DOC-SOURCE-CHANGES.md/ (+2ms) 
20:33:03   ├─ /downloads/explanatory/DOC-WORLD.md/ (+1ms) 
20:33:03   ├─ /downloads/explanatory/DOC-BACKGROUND.md/ (+0ms) 
20:33:03   ├─ /downloads/explanatory/DOC-ILLUSTRATIONS.md/ (+0ms) 
20:33:03   ├─ /downloads/explanatory/DOC-CATALOGUE.md/ (+0ms) 
20:33:03   ├─ /downloads/explanatory/DOC-CLAIM-COVERAGE.md/ (+0ms) 
20:33:03   ├─ /downloads/explanatory/DOC-READING-GUIDE.md/ (+5ms) 
20:33:03   ├─ /downloads/explanatory/DOC-AUTHORITY.md/ (+2ms) 
20:33:03   ├─ /downloads/explanatory/DOC-FOUNDATION-ERRATA.md/ (+1ms) 
20:33:03   ├─ /downloads/explanatory/UT-D01.md/ (+0ms) 
20:33:03   ├─ /downloads/explanatory/UT-D02.md/ (+1ms) 
20:33:03   ├─ /downloads/explanatory/UT-D03.md/ (+0ms) 
20:33:03   ├─ /downloads/explanatory/UT-D04.md/ (+1ms) 
20:33:03   ├─ /downloads/explanatory/UT-D05.md/ (+1ms) 
20:33:03   ├─ /downloads/explanatory/UT-D06.md/ (+0ms) 
20:33:03   ├─ /downloads/explanatory/UT-D07.md/ (+4ms) 
20:33:03   ├─ /downloads/explanatory/UT-D08.md/ (+3ms) 
20:33:03   ├─ /downloads/explanatory/UT-D09.md/ (+1ms) 
20:33:03   ├─ /downloads/explanatory/UT-C01.md/ (+1ms) 
20:33:03   ├─ /downloads/explanatory/UT-C02.md/ (+0ms) 
20:33:03   ├─ /downloads/explanatory/UT-E101.md/ (+0ms) 
20:33:03   ├─ /downloads/explanatory/UT-E102.md/ (+0ms) 
20:33:03   ├─ /downloads/explanatory/UT-E103.md/ (+1ms) 
20:33:03   ├─ /downloads/explanatory/UT-E104.md/ (+1ms) 
20:33:03   ├─ /downloads/explanatory/UT-E105.md/ (+1ms) 
20:33:03   ├─ /downloads/explanatory/UT-E106.md/ (+2ms) 
20:33:03   ├─ /downloads/explanatory/UT-E107.md/ (+0ms) 
20:33:03   ├─ /downloads/explanatory/UT-E108.md/ (+1ms) 
20:33:03   ├─ /downloads/explanatory/UT-E109.md/ (+2ms) 
20:33:03   ├─ /downloads/explanatory/UT-E110.md/ (+1ms) 
20:33:03   ├─ /downloads/explanatory/UT-E111.md/ (+0ms) 
20:33:03   ├─ /downloads/explanatory/UT-E112.md/ (+0ms) 
20:33:03   ├─ /downloads/explanatory/UT-E113.md/ (+1ms) 
20:33:03   ├─ /downloads/explanatory/UT-E114.md/ (+3ms) 
20:33:03   ├─ /downloads/explanatory/UT-E115.md/ (+3ms) 
20:33:03   ├─ /downloads/explanatory/UT-E116.md/ (+5ms) 
20:33:03   ├─ /downloads/explanatory/UT-E117.md/ (+1ms) 
20:33:03   ├─ /downloads/explanatory/UT-E118.md/ (+1ms) 
20:33:03   ├─ /downloads/explanatory/UT-E119.md/ (+1ms) 
20:33:03   ├─ /downloads/explanatory/UT-E120.md/ (+2ms) 
20:33:03   ├─ /downloads/explanatory/UT-E121.md/ (+1ms) 
20:33:03   ├─ /downloads/explanatory/UT-E122.md/ (+0ms) 
20:33:03   ├─ /downloads/explanatory/UT-O101.md/ (+2ms) 
20:33:03   ├─ /downloads/explanatory/UT-O102.md/ (+1ms) 
20:33:03   ├─ /downloads/explanatory/UT-O103.md/ (+1ms) 
20:33:03   ├─ /downloads/explanatory/UT-O104.md/ (+2ms) 
20:33:03   ├─ /downloads/explanatory/UT-O105.md/ (+1ms) 
20:33:03   ├─ /downloads/explanatory/UT-O106.md/ (+1ms) 
20:33:03   ├─ /downloads/explanatory/UT-O107.md/ (+1ms) 
20:33:03   ├─ /downloads/explanatory/UT-O108.md/ (+1ms) 
20:33:03   ├─ /downloads/explanatory/DOC-ARTICLE-STRUCTURES.md/ (+1ms) 
20:33:03   ├─ /downloads/explanatory/DOC-ARTICLE-UNIT.md/ (+1ms) 
20:33:03   ├─ /downloads/explanatory/DOC-CONCEPT-INTERACTIONS.md/ (+1ms) 
20:33:03   ├─ /downloads/explanatory/DOC-CONCEPT-RECURSION.md/ (+1ms) 
20:33:03   ├─ /downloads/explanatory/DOC-CONCEPT-STABILITY.md/ (+0ms) 
20:33:03   ├─ /downloads/explanatory/DOC-CONCEPTS.md/ (+0ms) 
20:33:03   ├─ /downloads/explanatory/DOC-EVIDENCE.md/ (+0ms) 
20:33:03   ├─ /downloads/explanatory/DOC-EXAMPLE-CELL.md/ (+0ms) 
20:33:03   ├─ /downloads/explanatory/DOC-EXAMPLE-LIFE.md/ (+0ms) 
20:33:03   ├─ /downloads/explanatory/DOC-EXAMPLE-MOLECULE.md/ (+0ms) 
20:33:03   ├─ /downloads/explanatory/DOC-EXAMPLE-STAR.md/ (+0ms) 
20:33:03   ├─ /downloads/explanatory/DOC-EXAMPLE-STRING.md/ (+0ms) 
20:33:03   ├─ /downloads/explanatory/DOC-EXAMPLE-WATER.md/ (+0ms) 
20:33:03   ├─ /downloads/explanatory/DOC-EXAMPLES.md/ (+1ms) 
20:33:03   ├─ /downloads/explanatory/DOC-HOME.md/ (+0ms) 
20:33:03   ├─ /downloads/explanatory/DOC-SOURCE-LINKS.md/ (+0ms) 
20:33:03   ├─ /downloads/explanatory/DOC-START.md/ (+1ms) 
20:33:03   ├─ /downloads/explanatory/DOC-LIBRARY.md/ (+0ms) 
20:33:03   ├─ /downloads/original/R-CURRENT-AUDIT.md/ (+0ms) 
20:33:03   ├─ /downloads/original/R-CURRENT-AUTHORITY.md/ (+0ms) 
20:33:03   ├─ /downloads/original/R-CURRENT-BACKGROUND.md/ (+0ms) 
20:33:03   ├─ /downloads/original/R-CURRENT-CATALOGUE.md/ (+0ms) 
20:33:03   ├─ /downloads/original/R-CURRENT-CHANGELOG.md/ (+0ms) 
20:33:03   ├─ /downloads/original/R-CURRENT-CHECKS-PACKAGE-VALIDATION-JSON.json/ (+0ms) 
20:33:03   ├─ /downloads/original/R-CURRENT-CHECKS-VERIFICATION-RESULTS-JSON.json/ (+1ms) 
20:33:03   ├─ /downloads/original/R-CURRENT-CHECKS-VERIFY-SMALL-RESULTS-PY.py/ (+0ms) 
20:33:03   ├─ /downloads/original/R-CURRENT-CLAIMS.md/ (+0ms) 
20:33:03   ├─ /downloads/original/R-CURRENT-CONTROL.md/ (+1ms) 
20:33:03   ├─ /downloads/original/R-CURRENT-CORE.md/ (+0ms) 
20:33:03   ├─ /downloads/original/R-CURRENT-FOUNDATIONS-ERRATA-MD.md/ (+0ms) 
20:33:03   ├─ /downloads/original/R-CURRENT-GUIDE.md/ (+0ms) 
20:33:03   ├─ /downloads/original/R-CURRENT-ILLUSTRATIONS.md/ (+0ms) 
20:33:03   ├─ /downloads/original/R-CURRENT-MATH.md/ (+0ms) 
20:33:03   ├─ /downloads/original/R-CURRENT-REGISTER.json/ (+0ms) 
20:33:03   ├─ /downloads/original/R-CURRENT-SCIENCE.md/ (+0ms) 
20:33:03   ├─ /downloads/original/R-CURRENT-WORLD.md/ (+0ms) 
20:33:03   ├─ /downloads/release.json/ (+0ms) 
20:33:03   ├─ /downloads/SHA256SUMS/ (+0ms) 
20:33:03   ├─ /downloads/unity-theory-publication-site-2026.10.05-m6-private-preview.zip/ (+1ms) 
20:33:03   ├─ /fixtures/math/index.html (+7ms) 
20:33:03   ├─ /legal/index.html (+4ms) 
20:33:03   ├─ /references/index.html (+5ms) 
20:33:03   ├─ /rss.xml (+2ms) 
20:33:03   ├─ /search/index.html (+2ms) 
20:33:03   ├─ /sitemap.xml (+1ms) 
20:33:03   ├─ /start/index.html (+9ms) 
20:33:03   ├─ /index.html (+15ms) 
20:33:03   ├─ /research-status/index.html (+25ms) 
20:33:04   ├─ /research-status/proof-matrix/index.html (+8ms) 
20:33:04   ├─ /concepts/geometry-and-modes/index.html (+4ms) 
20:33:04   ├─ /documents/locked-core/index.html (+20ms) 
20:33:04   ├─ /changes/index.html (+8ms) 
20:33:04   ├─ /framework/index.html (+128ms) 
20:33:04   ├─ /math/index.html (+339ms) 
20:33:04   ├─ /evidence/interactions/index.html (+35ms) 
20:33:04   ├─ /evidence/additional/index.html (+44ms) 
20:33:04   ├─ /open-problems/index.html (+11ms) 
20:33:04   ├─ /changes/source-history/index.html (+18ms) 
20:33:04   ├─ /documents/world-explanation/index.html (+207ms) 
20:33:04   ├─ /framework/recursive-background/index.html (+462ms) 
20:33:05   ├─ /math/illustrations/index.html (+226ms) 
20:33:05   ├─ /evidence/catalogue/index.html (+53ms) 
20:33:05   ├─ /research-status/claims/index.html (+15ms) 
20:33:05   ├─ /documents/reading-guide/index.html (+13ms) 
20:33:05   ├─ /documents/source-authority/index.html (+7ms) 
20:33:05   ├─ /documents/foundation-errata/index.html (+10ms) 
20:33:05   ├─ /claims/UT-D01/index.html (+6ms) 
20:33:05   ├─ /claims/UT-D02/index.html (+6ms) 
20:33:05   ├─ /claims/UT-D03/index.html (+10ms) 
20:33:05   ├─ /claims/UT-D04/index.html (+5ms) 
20:33:05   ├─ /claims/UT-D05/index.html (+3ms) 
20:33:05   ├─ /claims/UT-D06/index.html (+4ms) 
20:33:05   ├─ /claims/UT-D07/index.html (+9ms) 
20:33:05   ├─ /claims/UT-D08/index.html (+5ms) 
20:33:05   ├─ /claims/UT-D09/index.html (+4ms) 
20:33:05   ├─ /claims/UT-C01/index.html (+2ms) 
20:33:05   ├─ /claims/UT-C02/index.html (+2ms) 
20:33:05   ├─ /claims/UT-O01/index.html (+6ms) 
20:33:05   ├─ /claims/UT-O02/index.html (+4ms) 
20:33:05   ├─ /claims/UT-O03/index.html (+3ms) 
20:33:05   ├─ /claims/UT-O04/index.html (+2ms) 
20:33:05   ├─ /claims/UT-O05/index.html (+2ms) 
20:33:05   ├─ /claims/UT-O06/index.html (+3ms) 
20:33:05   ├─ /claims/UT-E01/index.html (+4ms) 
20:33:05   ├─ /claims/UT-E02/index.html (+4ms) 
20:33:05   ├─ /claims/UT-E03/index.html (+5ms) 
20:33:05   ├─ /claims/UT-E04/index.html (+8ms) 
20:33:05   ├─ /claims/UT-E05/index.html (+5ms) 
20:33:05   ├─ /claims/UT-E06/index.html (+3ms) 
20:33:05   ├─ /claims/UT-E07/index.html (+4ms) 
20:33:05   ├─ /claims/UT-E08/index.html (+4ms) 
20:33:05   ├─ /claims/UT-E09/index.html (+4ms) 
20:33:05   ├─ /claims/UT-E10/index.html (+6ms) 
20:33:05   ├─ /claims/UT-E11/index.html (+9ms) 
20:33:05   ├─ /claims/UT-E12/index.html (+6ms) 
20:33:05   ├─ /claims/UT-E101/index.html (+4ms) 
20:33:05   ├─ /claims/UT-E102/index.html (+3ms) 
20:33:05   ├─ /claims/UT-E103/index.html (+3ms) 
20:33:05   ├─ /claims/UT-E104/index.html (+4ms) 
20:33:05   ├─ /claims/UT-E105/index.html (+4ms) 
20:33:05   ├─ /claims/UT-E106/index.html (+3ms) 
20:33:05   ├─ /claims/UT-E107/index.html (+4ms) 
20:33:05   ├─ /claims/UT-E108/index.html (+4ms) 
20:33:05   ├─ /claims/UT-E109/index.html (+4ms) 
20:33:05   ├─ /claims/UT-E110/index.html (+4ms) 
20:33:05   ├─ /claims/UT-E111/index.html (+3ms) 
20:33:05   ├─ /claims/UT-E112/index.html (+4ms) 
20:33:05   ├─ /claims/UT-E113/index.html (+8ms) 
20:33:05   ├─ /claims/UT-E114/index.html (+3ms) 
20:33:05   ├─ /claims/UT-E115/index.html (+3ms) 
20:33:05   ├─ /claims/UT-E116/index.html (+7ms) 
20:33:05   ├─ /claims/UT-E117/index.html (+4ms) 
20:33:05   ├─ /claims/UT-E118/index.html (+4ms) 
20:33:05   ├─ /claims/UT-E119/index.html (+5ms) 
20:33:05   ├─ /claims/UT-E120/index.html (+3ms) 
20:33:05   ├─ /claims/UT-E121/index.html (+4ms) 
20:33:05   ├─ /claims/UT-E122/index.html (+4ms) 
20:33:05   ├─ /claims/UT-O101/index.html (+6ms) 
20:33:05   ├─ /claims/UT-O102/index.html (+2ms) 
20:33:05   ├─ /claims/UT-O103/index.html (+7ms) 
20:33:05   ├─ /claims/UT-O104/index.html (+33ms) 
20:33:05   ├─ /claims/UT-O105/index.html (+10ms) 
20:33:05   ├─ /claims/UT-O106/index.html (+10ms) 
20:33:05   ├─ /claims/UT-O107/index.html (+3ms) 
20:33:05   ├─ /claims/UT-O108/index.html (+7ms) 
20:33:05   ├─ /articles/how-existing-structures-make-new-organization-possible/index.html (+5ms) 
20:33:05   ├─ /articles/when-can-a-whole-be-treated-as-one-useful-unit/index.html (+5ms) 
20:33:05   ├─ /concepts/effective-interactions/index.html (+9ms) 
20:33:05   ├─ /concepts/recursion/index.html (+6ms) 
20:33:05   ├─ /concepts/stability/index.html (+7ms) 
20:33:05   ├─ /concepts/index.html (+3ms) 
20:33:05   ├─ /evidence/index.html (+8ms) 
20:33:05   ├─ /examples/cell/index.html (+3ms) 
20:33:05   ├─ /examples/life-environment/index.html (+3ms) 
20:33:05   ├─ /examples/molecule/index.html (+3ms) 
20:33:05   ├─ /examples/star/index.html (+3ms) 
20:33:05   ├─ /examples/string/index.html (+3ms) 
20:33:05   ├─ /examples/water/index.html (+3ms) 
20:33:05   ├─ /examples/index.html (+3ms) 
20:33:05   ├─ /evidence/source-links/index.html (+52ms) 
20:33:06   ├─ /documents/index.html (+19ms) 
20:33:06 ✓ Completed in 7.42s.

20:33:06 [build] ✓ Completed in 7.75s.
20:33:06 [build] 104 page(s) built in 10.11s
20:33:06 [build] Complete!
preview artifact: /Users/new/RiderProjects/RPG_theory/dist/github-pages-rebind/preview-root; deployEligible=false

> unity-theory@0.0.1 audit:output
> tsx scripts/audit-output.ts --dir dist/github-pages-rebind/preview-root

{"status":"PASS","mode":"preview","basePath":"/","deployEligible":false,"files":269,"artifactSha256":"1df3c367a238852da5f046e86ac3fb5997bb4959a9441eca3fb44b3d9895183e"}

> unity-theory@0.0.1 build
> tsx scripts/build.ts --config tests/fixtures/site-subpath.json --output dist/github-pages-rebind/preview-subpath

20:33:30 [content] Syncing content
20:33:30 [content] Astro config changed
20:33:30 [content] Clearing content store
20:33:31 [content] Synced content
20:33:31 [types] Generated 1.88s
20:33:31 [build] output: "static"
20:33:31 [build] mode: "static"
20:33:31 [build] directory: /Users/new/RiderProjects/RPG_theory/dist/github-pages-rebind/preview-subpath/
20:33:31 [build] Collecting build info...
20:33:31 [build] ✓ Completed in 1.91s.
20:33:31 [build] Building static entrypoints...
20:33:32 [vite] ✓ built in 286ms
20:33:32 [vite] ✓ built in 23ms
20:33:32 [build] Rearranging server assets...

 generating static routes 
20:33:35   ├─ /404.html (+16ms) 
20:33:35   ├─ /about/index.html (+5ms) 
20:33:35   ├─ /articles/index.html (+3ms) 
20:33:35   ├─ /cite/index.html (+1.13s) 
20:33:36   ├─ /downloads/THIRD-PARTY-NOTICES.txt/ (+1ms) 
20:33:36   ├─ /downloads/explanatory/DOC-STATUS.md/ (+1ms) 
20:33:36   ├─ /downloads/explanatory/DOC-CONCEPT-GEOMETRY.md/ (+0ms) 
20:33:36   ├─ /downloads/explanatory/DOC-CORE.md/ (+0ms) 
20:33:36   ├─ /downloads/explanatory/DOC-CONTROL.md/ (+1ms) 
20:33:36   ├─ /downloads/explanatory/DOC-FRAMEWORK.md/ (+1ms) 
20:33:36   ├─ /downloads/explanatory/DOC-MATH.md/ (+0ms) 
20:33:36   ├─ /downloads/explanatory/DOC-OPEN-PROBLEMS.md/ (+0ms) 
20:33:36   ├─ /downloads/explanatory/DOC-SOURCE-CHANGES.md/ (+0ms) 
20:33:36   ├─ /downloads/explanatory/DOC-WORLD.md/ (+0ms) 
20:33:36   ├─ /downloads/explanatory/DOC-BACKGROUND.md/ (+0ms) 
20:33:36   ├─ /downloads/explanatory/DOC-ILLUSTRATIONS.md/ (+1ms) 
20:33:36   ├─ /downloads/explanatory/DOC-CATALOGUE.md/ (+0ms) 
20:33:36   ├─ /downloads/explanatory/DOC-CLAIM-COVERAGE.md/ (+0ms) 
20:33:36   ├─ /downloads/explanatory/DOC-READING-GUIDE.md/ (+0ms) 
20:33:36   ├─ /downloads/explanatory/DOC-AUTHORITY.md/ (+0ms) 
20:33:36   ├─ /downloads/explanatory/DOC-FOUNDATION-ERRATA.md/ (+1ms) 
20:33:36   ├─ /downloads/explanatory/UT-D01.md/ (+0ms) 
20:33:36   ├─ /downloads/explanatory/UT-D02.md/ (+0ms) 
20:33:36   ├─ /downloads/explanatory/UT-D03.md/ (+1ms) 
20:33:36   ├─ /downloads/explanatory/UT-D04.md/ (+0ms) 
20:33:36   ├─ /downloads/explanatory/UT-D05.md/ (+0ms) 
20:33:36   ├─ /downloads/explanatory/UT-D06.md/ (+0ms) 
20:33:36   ├─ /downloads/explanatory/UT-D07.md/ (+0ms) 
20:33:36   ├─ /downloads/explanatory/UT-D08.md/ (+0ms) 
20:33:36   ├─ /downloads/explanatory/UT-D09.md/ (+0ms) 
20:33:36   ├─ /downloads/explanatory/UT-C01.md/ (+0ms) 
20:33:36   ├─ /downloads/explanatory/UT-C02.md/ (+0ms) 
20:33:36   ├─ /downloads/explanatory/UT-E101.md/ (+0ms) 
20:33:36   ├─ /downloads/explanatory/UT-E102.md/ (+0ms) 
20:33:36   ├─ /downloads/explanatory/UT-E103.md/ (+0ms) 
20:33:36   ├─ /downloads/explanatory/UT-E104.md/ (+0ms) 
20:33:36   ├─ /downloads/explanatory/UT-E105.md/ (+1ms) 
20:33:36   ├─ /downloads/explanatory/UT-E106.md/ (+0ms) 
20:33:36   ├─ /downloads/explanatory/UT-E107.md/ (+0ms) 
20:33:36   ├─ /downloads/explanatory/UT-E108.md/ (+0ms) 
20:33:36   ├─ /downloads/explanatory/UT-E109.md/ (+0ms) 
20:33:36   ├─ /downloads/explanatory/UT-E110.md/ (+0ms) 
20:33:36   ├─ /downloads/explanatory/UT-E111.md/ (+0ms) 
20:33:36   ├─ /downloads/explanatory/UT-E112.md/ (+0ms) 
20:33:36   ├─ /downloads/explanatory/UT-E113.md/ (+1ms) 
20:33:36   ├─ /downloads/explanatory/UT-E114.md/ (+0ms) 
20:33:36   ├─ /downloads/explanatory/UT-E115.md/ (+0ms) 
20:33:36   ├─ /downloads/explanatory/UT-E116.md/ (+0ms) 
20:33:36   ├─ /downloads/explanatory/UT-E117.md/ (+0ms) 
20:33:36   ├─ /downloads/explanatory/UT-E118.md/ (+0ms) 
20:33:36   ├─ /downloads/explanatory/UT-E119.md/ (+0ms) 
20:33:36   ├─ /downloads/explanatory/UT-E120.md/ (+0ms) 
20:33:36   ├─ /downloads/explanatory/UT-E121.md/ (+0ms) 
20:33:36   ├─ /downloads/explanatory/UT-E122.md/ (+0ms) 
20:33:36   ├─ /downloads/explanatory/UT-O101.md/ (+0ms) 
20:33:36   ├─ /downloads/explanatory/UT-O102.md/ (+0ms) 
20:33:36   ├─ /downloads/explanatory/UT-O103.md/ (+0ms) 
20:33:36   ├─ /downloads/explanatory/UT-O104.md/ (+0ms) 
20:33:36   ├─ /downloads/explanatory/UT-O105.md/ (+0ms) 
20:33:36   ├─ /downloads/explanatory/UT-O106.md/ (+0ms) 
20:33:36   ├─ /downloads/explanatory/UT-O107.md/ (+0ms) 
20:33:36   ├─ /downloads/explanatory/UT-O108.md/ (+0ms) 
20:33:36   ├─ /downloads/explanatory/DOC-ARTICLE-STRUCTURES.md/ (+0ms) 
20:33:36   ├─ /downloads/explanatory/DOC-ARTICLE-UNIT.md/ (+0ms) 
20:33:36   ├─ /downloads/explanatory/DOC-CONCEPT-INTERACTIONS.md/ (+0ms) 
20:33:36   ├─ /downloads/explanatory/DOC-CONCEPT-RECURSION.md/ (+0ms) 
20:33:36   ├─ /downloads/explanatory/DOC-CONCEPT-STABILITY.md/ (+0ms) 
20:33:36   ├─ /downloads/explanatory/DOC-CONCEPTS.md/ (+0ms) 
20:33:36   ├─ /downloads/explanatory/DOC-EVIDENCE.md/ (+0ms) 
20:33:36   ├─ /downloads/explanatory/DOC-EXAMPLE-CELL.md/ (+0ms) 
20:33:36   ├─ /downloads/explanatory/DOC-EXAMPLE-LIFE.md/ (+0ms) 
20:33:36   ├─ /downloads/explanatory/DOC-EXAMPLE-MOLECULE.md/ (+0ms) 
20:33:36   ├─ /downloads/explanatory/DOC-EXAMPLE-STAR.md/ (+0ms) 
20:33:36   ├─ /downloads/explanatory/DOC-EXAMPLE-STRING.md/ (+0ms) 
20:33:36   ├─ /downloads/explanatory/DOC-EXAMPLE-WATER.md/ (+0ms) 
20:33:36   ├─ /downloads/explanatory/DOC-EXAMPLES.md/ (+0ms) 
20:33:36   ├─ /downloads/explanatory/DOC-HOME.md/ (+0ms) 
20:33:36   ├─ /downloads/explanatory/DOC-SOURCE-LINKS.md/ (+0ms) 
20:33:36   ├─ /downloads/explanatory/DOC-START.md/ (+0ms) 
20:33:36   ├─ /downloads/explanatory/DOC-LIBRARY.md/ (+0ms) 
20:33:36   ├─ /downloads/original/R-CURRENT-AUDIT.md/ (+0ms) 
20:33:36   ├─ /downloads/original/R-CURRENT-AUTHORITY.md/ (+0ms) 
20:33:36   ├─ /downloads/original/R-CURRENT-BACKGROUND.md/ (+0ms) 
20:33:36   ├─ /downloads/original/R-CURRENT-CATALOGUE.md/ (+0ms) 
20:33:36   ├─ /downloads/original/R-CURRENT-CHANGELOG.md/ (+0ms) 
20:33:36   ├─ /downloads/original/R-CURRENT-CHECKS-PACKAGE-VALIDATION-JSON.json/ (+0ms) 
20:33:36   ├─ /downloads/original/R-CURRENT-CHECKS-VERIFICATION-RESULTS-JSON.json/ (+0ms) 
20:33:36   ├─ /downloads/original/R-CURRENT-CHECKS-VERIFY-SMALL-RESULTS-PY.py/ (+0ms) 
20:33:36   ├─ /downloads/original/R-CURRENT-CLAIMS.md/ (+0ms) 
20:33:36   ├─ /downloads/original/R-CURRENT-CONTROL.md/ (+0ms) 
20:33:36   ├─ /downloads/original/R-CURRENT-CORE.md/ (+0ms) 
20:33:36   ├─ /downloads/original/R-CURRENT-FOUNDATIONS-ERRATA-MD.md/ (+0ms) 
20:33:36   ├─ /downloads/original/R-CURRENT-GUIDE.md/ (+0ms) 
20:33:36   ├─ /downloads/original/R-CURRENT-ILLUSTRATIONS.md/ (+1ms) 
20:33:36   ├─ /downloads/original/R-CURRENT-MATH.md/ (+1ms) 
20:33:36   ├─ /downloads/original/R-CURRENT-REGISTER.json/ (+1ms) 
20:33:36   ├─ /downloads/original/R-CURRENT-SCIENCE.md/ (+0ms) 
20:33:36   ├─ /downloads/original/R-CURRENT-WORLD.md/ (+0ms) 
20:33:36   ├─ /downloads/release.json/ (+0ms) 
20:33:36   ├─ /downloads/SHA256SUMS/ (+1ms) 
20:33:36   ├─ /downloads/unity-theory-publication-site-2026.10.05-m6-private-preview.zip/ (+1ms) 
20:33:36   ├─ /fixtures/math/index.html (+5ms) 
20:33:36   ├─ /legal/index.html (+3ms) 
20:33:36   ├─ /references/index.html (+14ms) 
20:33:36   ├─ /rss.xml (+13ms) 
20:33:36   ├─ /search/index.html (+32ms) 
20:33:36   ├─ /sitemap.xml (+4ms) 
20:33:36   ├─ /start/index.html (+12ms) 
20:33:36   ├─ /index.html (+71ms) 
20:33:36   ├─ /research-status/index.html (+47ms) 
20:33:36   ├─ /research-status/proof-matrix/index.html (+8ms) 
20:33:36   ├─ /concepts/geometry-and-modes/index.html (+5ms) 
20:33:36   ├─ /documents/locked-core/index.html (+21ms) 
20:33:36   ├─ /changes/index.html (+10ms) 
20:33:36   ├─ /framework/index.html (+183ms) 
20:33:36   ├─ /math/index.html (+319ms) 
20:33:36   ├─ /evidence/interactions/index.html (+37ms) 
20:33:37   ├─ /evidence/additional/index.html (+41ms) 
20:33:37   ├─ /open-problems/index.html (+15ms) 
20:33:37   ├─ /changes/source-history/index.html (+6ms) 
20:33:37   ├─ /documents/world-explanation/index.html (+86ms) 
20:33:37   ├─ /framework/recursive-background/index.html (+308ms) 
20:33:37   ├─ /math/illustrations/index.html (+108ms) 
20:33:37   ├─ /evidence/catalogue/index.html (+59ms) 
20:33:37   ├─ /research-status/claims/index.html (+15ms) 
20:33:37   ├─ /documents/reading-guide/index.html (+16ms) 
20:33:37   ├─ /documents/source-authority/index.html (+5ms) 
20:33:37   ├─ /documents/foundation-errata/index.html (+18ms) 
20:33:37   ├─ /claims/UT-D01/index.html (+7ms) 
20:33:37   ├─ /claims/UT-D02/index.html (+3ms) 
20:33:37   ├─ /claims/UT-D03/index.html (+5ms) 
20:33:37   ├─ /claims/UT-D04/index.html (+12ms) 
20:33:37   ├─ /claims/UT-D05/index.html (+10ms) 
20:33:37   ├─ /claims/UT-D06/index.html (+6ms) 
20:33:37   ├─ /claims/UT-D07/index.html (+8ms) 
20:33:37   ├─ /claims/UT-D08/index.html (+6ms) 
20:33:37   ├─ /claims/UT-D09/index.html (+3ms) 
20:33:37   ├─ /claims/UT-C01/index.html (+2ms) 
20:33:37   ├─ /claims/UT-C02/index.html (+2ms) 
20:33:37   ├─ /claims/UT-O01/index.html (+3ms) 
20:33:37   ├─ /claims/UT-O02/index.html (+3ms) 
20:33:37   ├─ /claims/UT-O03/index.html (+2ms) 
20:33:37   ├─ /claims/UT-O04/index.html (+1ms) 
20:33:37   ├─ /claims/UT-O05/index.html (+2ms) 
20:33:37   ├─ /claims/UT-O06/index.html (+3ms) 
20:33:37   ├─ /claims/UT-E01/index.html (+3ms) 
20:33:37   ├─ /claims/UT-E02/index.html (+3ms) 
20:33:37   ├─ /claims/UT-E03/index.html (+4ms) 
20:33:37   ├─ /claims/UT-E04/index.html (+3ms) 
20:33:37   ├─ /claims/UT-E05/index.html (+3ms) 
20:33:37   ├─ /claims/UT-E06/index.html (+3ms) 
20:33:37   ├─ /claims/UT-E07/index.html (+3ms) 
20:33:37   ├─ /claims/UT-E08/index.html (+3ms) 
20:33:37   ├─ /claims/UT-E09/index.html (+4ms) 
20:33:37   ├─ /claims/UT-E10/index.html (+6ms) 
20:33:37   ├─ /claims/UT-E11/index.html (+5ms) 
20:33:37   ├─ /claims/UT-E12/index.html (+5ms) 
20:33:37   ├─ /claims/UT-E101/index.html (+3ms) 
20:33:37   ├─ /claims/UT-E102/index.html (+3ms) 
20:33:37   ├─ /claims/UT-E103/index.html (+3ms) 
20:33:37   ├─ /claims/UT-E104/index.html (+2ms) 
20:33:37   ├─ /claims/UT-E105/index.html (+3ms) 
20:33:37   ├─ /claims/UT-E106/index.html (+3ms) 
20:33:37   ├─ /claims/UT-E107/index.html (+3ms) 
20:33:37   ├─ /claims/UT-E108/index.html (+2ms) 
20:33:37   ├─ /claims/UT-E109/index.html (+3ms) 
20:33:37   ├─ /claims/UT-E110/index.html (+3ms) 
20:33:37   ├─ /claims/UT-E111/index.html (+2ms) 
20:33:37   ├─ /claims/UT-E112/index.html (+3ms) 
20:33:37   ├─ /claims/UT-E113/index.html (+3ms) 
20:33:37   ├─ /claims/UT-E114/index.html (+3ms) 
20:33:37   ├─ /claims/UT-E115/index.html (+3ms) 
20:33:37   ├─ /claims/UT-E116/index.html (+3ms) 
20:33:37   ├─ /claims/UT-E117/index.html (+3ms) 
20:33:37   ├─ /claims/UT-E118/index.html (+2ms) 
20:33:37   ├─ /claims/UT-E119/index.html (+4ms) 
20:33:37   ├─ /claims/UT-E120/index.html (+3ms) 
20:33:37   ├─ /claims/UT-E121/index.html (+3ms) 
20:33:37   ├─ /claims/UT-E122/index.html (+2ms) 
20:33:37   ├─ /claims/UT-O101/index.html (+2ms) 
20:33:37   ├─ /claims/UT-O102/index.html (+2ms) 
20:33:37   ├─ /claims/UT-O103/index.html (+2ms) 
20:33:37   ├─ /claims/UT-O104/index.html (+2ms) 
20:33:37   ├─ /claims/UT-O105/index.html (+2ms) 
20:33:37   ├─ /claims/UT-O106/index.html (+3ms) 
20:33:37   ├─ /claims/UT-O107/index.html (+2ms) 
20:33:37   ├─ /claims/UT-O108/index.html (+2ms) 
20:33:37   ├─ /articles/how-existing-structures-make-new-organization-possible/index.html (+4ms) 
20:33:37   ├─ /articles/when-can-a-whole-be-treated-as-one-useful-unit/index.html (+4ms) 
20:33:37   ├─ /concepts/effective-interactions/index.html (+4ms) 
20:33:37   ├─ /concepts/recursion/index.html (+4ms) 
20:33:37   ├─ /concepts/stability/index.html (+4ms) 
20:33:37   ├─ /concepts/index.html (+3ms) 
20:33:37   ├─ /evidence/index.html (+7ms) 
20:33:37   ├─ /examples/cell/index.html (+3ms) 
20:33:37   ├─ /examples/life-environment/index.html (+3ms) 
20:33:37   ├─ /examples/molecule/index.html (+4ms) 
20:33:37   ├─ /examples/star/index.html (+2ms) 
20:33:37   ├─ /examples/string/index.html (+3ms) 
20:33:37   ├─ /examples/water/index.html (+3ms) 
20:33:37   ├─ /examples/index.html (+3ms) 
20:33:37   ├─ /evidence/source-links/index.html (+47ms) 
20:33:37   ├─ /documents/index.html (+19ms) 
20:33:38 ✓ Completed in 5.74s.

20:33:38 [build] ✓ Completed in 6.10s.
20:33:38 [build] 104 page(s) built in 8.04s
20:33:38 [build] Complete!
preview artifact: /Users/new/RiderProjects/RPG_theory/dist/github-pages-rebind/preview-subpath; deployEligible=false

> unity-theory@0.0.1 audit:output
> tsx scripts/audit-output.ts --dir dist/github-pages-rebind/preview-subpath

{"status":"PASS","mode":"preview","basePath":"/unity-theory/","deployEligible":false,"files":269,"artifactSha256":"0493f2b9a1748be0fa80c5fd93518b9441fb0b5dec801d6573737198cc68932b"}

> unity-theory@0.0.1 build
> tsx scripts/build.ts --config config/site.json --output dist/github-pages-rebind/preview-target

20:34:03 [content] Syncing content
20:34:03 [content] Astro config changed
20:34:03 [content] Clearing content store
20:34:04 [content] Synced content
20:34:04 [types] Generated 2.09s
20:34:04 [build] output: "static"
20:34:04 [build] mode: "static"
20:34:04 [build] directory: /Users/new/RiderProjects/RPG_theory/dist/github-pages-rebind/preview-target/
20:34:04 [build] Collecting build info...
20:34:04 [build] ✓ Completed in 2.13s.
20:34:05 [build] Building static entrypoints...
20:34:05 [vite] ✓ built in 309ms
20:34:05 [vite] ✓ built in 46ms
20:34:05 [build] Rearranging server assets...

 generating static routes 
20:34:08   ├─ /404.html (+28ms) 
20:34:08   ├─ /about/index.html (+17ms) 
20:34:08   ├─ /articles/index.html (+5ms) 
20:34:08   ├─ /cite/index.html (+1.37s) 
20:34:10   ├─ /downloads/THIRD-PARTY-NOTICES.txt/ (+3ms) 
20:34:10   ├─ /downloads/explanatory/DOC-STATUS.md/ (+5ms) 
20:34:10   ├─ /downloads/explanatory/DOC-CONCEPT-GEOMETRY.md/ (+1ms) 
20:34:10   ├─ /downloads/explanatory/DOC-CORE.md/ (+1ms) 
20:34:10   ├─ /downloads/explanatory/DOC-CONTROL.md/ (+1ms) 
20:34:10   ├─ /downloads/explanatory/DOC-FRAMEWORK.md/ (+6ms) 
20:34:10   ├─ /downloads/explanatory/DOC-MATH.md/ (+3ms) 
20:34:10   ├─ /downloads/explanatory/DOC-OPEN-PROBLEMS.md/ (+2ms) 
20:34:10   ├─ /downloads/explanatory/DOC-SOURCE-CHANGES.md/ (+5ms) 
20:34:10   ├─ /downloads/explanatory/DOC-WORLD.md/ (+2ms) 
20:34:10   ├─ /downloads/explanatory/DOC-BACKGROUND.md/ (+2ms) 
20:34:10   ├─ /downloads/explanatory/DOC-ILLUSTRATIONS.md/ (+5ms) 
20:34:10   ├─ /downloads/explanatory/DOC-CATALOGUE.md/ (+1ms) 
20:34:10   ├─ /downloads/explanatory/DOC-CLAIM-COVERAGE.md/ (+1ms) 
20:34:10   ├─ /downloads/explanatory/DOC-READING-GUIDE.md/ (+1ms) 
20:34:10   ├─ /downloads/explanatory/DOC-AUTHORITY.md/ (+1ms) 
20:34:10   ├─ /downloads/explanatory/DOC-FOUNDATION-ERRATA.md/ (+3ms) 
20:34:10   ├─ /downloads/explanatory/UT-D01.md/ (+2ms) 
20:34:10   ├─ /downloads/explanatory/UT-D02.md/ (+0ms) 
20:34:10   ├─ /downloads/explanatory/UT-D03.md/ (+1ms) 
20:34:10   ├─ /downloads/explanatory/UT-D04.md/ (+0ms) 
20:34:10   ├─ /downloads/explanatory/UT-D05.md/ (+0ms) 
20:34:10   ├─ /downloads/explanatory/UT-D06.md/ (+2ms) 
20:34:10   ├─ /downloads/explanatory/UT-D07.md/ (+2ms) 
20:34:10   ├─ /downloads/explanatory/UT-D08.md/ (+2ms) 
20:34:10   ├─ /downloads/explanatory/UT-D09.md/ (+1ms) 
20:34:10   ├─ /downloads/explanatory/UT-C01.md/ (+3ms) 
20:34:10   ├─ /downloads/explanatory/UT-C02.md/ (+3ms) 
20:34:10   ├─ /downloads/explanatory/UT-E101.md/ (+4ms) 
20:34:10   ├─ /downloads/explanatory/UT-E102.md/ (+1ms) 
20:34:10   ├─ /downloads/explanatory/UT-E103.md/ (+4ms) 
20:34:10   ├─ /downloads/explanatory/UT-E104.md/ (+1ms) 
20:34:10   ├─ /downloads/explanatory/UT-E105.md/ (+1ms) 
20:34:10   ├─ /downloads/explanatory/UT-E106.md/ (+0ms) 
20:34:10   ├─ /downloads/explanatory/UT-E107.md/ (+0ms) 
20:34:10   ├─ /downloads/explanatory/UT-E108.md/ (+1ms) 
20:34:10   ├─ /downloads/explanatory/UT-E109.md/ (+9ms) 
20:34:10   ├─ /downloads/explanatory/UT-E110.md/ (+1ms) 
20:34:10   ├─ /downloads/explanatory/UT-E111.md/ (+1ms) 
20:34:10   ├─ /downloads/explanatory/UT-E112.md/ (+1ms) 
20:34:10   ├─ /downloads/explanatory/UT-E113.md/ (+1ms) 
20:34:10   ├─ /downloads/explanatory/UT-E114.md/ (+3ms) 
20:34:10   ├─ /downloads/explanatory/UT-E115.md/ (+1ms) 
20:34:10   ├─ /downloads/explanatory/UT-E116.md/ (+1ms) 
20:34:10   ├─ /downloads/explanatory/UT-E117.md/ (+1ms) 
20:34:10   ├─ /downloads/explanatory/UT-E118.md/ (+1ms) 
20:34:10   ├─ /downloads/explanatory/UT-E119.md/ (+1ms) 
20:34:10   ├─ /downloads/explanatory/UT-E120.md/ (+1ms) 
20:34:10   ├─ /downloads/explanatory/UT-E121.md/ (+1ms) 
20:34:10   ├─ /downloads/explanatory/UT-E122.md/ (+1ms) 
20:34:10   ├─ /downloads/explanatory/UT-O101.md/ (+1ms) 
20:34:10   ├─ /downloads/explanatory/UT-O102.md/ (+0ms) 
20:34:10   ├─ /downloads/explanatory/UT-O103.md/ (+0ms) 
20:34:10   ├─ /downloads/explanatory/UT-O104.md/ (+0ms) 
20:34:10   ├─ /downloads/explanatory/UT-O105.md/ (+0ms) 
20:34:10   ├─ /downloads/explanatory/UT-O106.md/ (+0ms) 
20:34:10   ├─ /downloads/explanatory/UT-O107.md/ (+0ms) 
20:34:10   ├─ /downloads/explanatory/UT-O108.md/ (+1ms) 
20:34:10   ├─ /downloads/explanatory/DOC-ARTICLE-STRUCTURES.md/ (+1ms) 
20:34:10   ├─ /downloads/explanatory/DOC-ARTICLE-UNIT.md/ (+2ms) 
20:34:10   ├─ /downloads/explanatory/DOC-CONCEPT-INTERACTIONS.md/ (+1ms) 
20:34:10   ├─ /downloads/explanatory/DOC-CONCEPT-RECURSION.md/ (+0ms) 
20:34:10   ├─ /downloads/explanatory/DOC-CONCEPT-STABILITY.md/ (+0ms) 
20:34:10   ├─ /downloads/explanatory/DOC-CONCEPTS.md/ (+1ms) 
20:34:10   ├─ /downloads/explanatory/DOC-EVIDENCE.md/ (+0ms) 
20:34:10   ├─ /downloads/explanatory/DOC-EXAMPLE-CELL.md/ (+0ms) 
20:34:10   ├─ /downloads/explanatory/DOC-EXAMPLE-LIFE.md/ (+0ms) 
20:34:10   ├─ /downloads/explanatory/DOC-EXAMPLE-MOLECULE.md/ (+0ms) 
20:34:10   ├─ /downloads/explanatory/DOC-EXAMPLE-STAR.md/ (+0ms) 
20:34:10   ├─ /downloads/explanatory/DOC-EXAMPLE-STRING.md/ (+1ms) 
20:34:10   ├─ /downloads/explanatory/DOC-EXAMPLE-WATER.md/ (+0ms) 
20:34:10   ├─ /downloads/explanatory/DOC-EXAMPLES.md/ (+1ms) 
20:34:10   ├─ /downloads/explanatory/DOC-HOME.md/ (+0ms) 
20:34:10   ├─ /downloads/explanatory/DOC-SOURCE-LINKS.md/ (+0ms) 
20:34:10   ├─ /downloads/explanatory/DOC-START.md/ (+0ms) 
20:34:10   ├─ /downloads/explanatory/DOC-LIBRARY.md/ (+0ms) 
20:34:10   ├─ /downloads/original/R-CURRENT-AUDIT.md/ (+1ms) 
20:34:10   ├─ /downloads/original/R-CURRENT-AUTHORITY.md/ (+0ms) 
20:34:10   ├─ /downloads/original/R-CURRENT-BACKGROUND.md/ (+0ms) 
20:34:10   ├─ /downloads/original/R-CURRENT-CATALOGUE.md/ (+0ms) 
20:34:10   ├─ /downloads/original/R-CURRENT-CHANGELOG.md/ (+0ms) 
20:34:10   ├─ /downloads/original/R-CURRENT-CHECKS-PACKAGE-VALIDATION-JSON.json/ (+1ms) 
20:34:10   ├─ /downloads/original/R-CURRENT-CHECKS-VERIFICATION-RESULTS-JSON.json/ (+2ms) 
20:34:10   ├─ /downloads/original/R-CURRENT-CHECKS-VERIFY-SMALL-RESULTS-PY.py/ (+1ms) 
20:34:10   ├─ /downloads/original/R-CURRENT-CLAIMS.md/ (+0ms) 
20:34:10   ├─ /downloads/original/R-CURRENT-CONTROL.md/ (+1ms) 
20:34:10   ├─ /downloads/original/R-CURRENT-CORE.md/ (+1ms) 
20:34:10   ├─ /downloads/original/R-CURRENT-FOUNDATIONS-ERRATA-MD.md/ (+0ms) 
20:34:10   ├─ /downloads/original/R-CURRENT-GUIDE.md/ (+0ms) 
20:34:10   ├─ /downloads/original/R-CURRENT-ILLUSTRATIONS.md/ (+3ms) 
20:34:10   ├─ /downloads/original/R-CURRENT-MATH.md/ (+1ms) 
20:34:10   ├─ /downloads/original/R-CURRENT-REGISTER.json/ (+2ms) 
20:34:10   ├─ /downloads/original/R-CURRENT-SCIENCE.md/ (+1ms) 
20:34:10   ├─ /downloads/original/R-CURRENT-WORLD.md/ (+0ms) 
20:34:10   ├─ /downloads/release.json/ (+1ms) 
20:34:10   ├─ /downloads/SHA256SUMS/ (+1ms) 
20:34:10   ├─ /downloads/unity-theory-publication-site-2026.10.05-m6-private-preview.zip/ (+5ms) 
20:34:10   ├─ /fixtures/math/index.html (+15ms) 
20:34:10   ├─ /legal/index.html (+6ms) 
20:34:10   ├─ /references/index.html (+10ms) 
20:34:10   ├─ /rss.xml (+2ms) 
20:34:10   ├─ /search/index.html (+2ms) 
20:34:10   ├─ /sitemap.xml (+2ms) 
20:34:10   ├─ /start/index.html (+13ms) 
20:34:10   ├─ /index.html (+17ms) 
20:34:10   ├─ /research-status/index.html (+58ms) 
20:34:10   ├─ /research-status/proof-matrix/index.html (+20ms) 
20:34:10   ├─ /concepts/geometry-and-modes/index.html (+9ms) 
20:34:10   ├─ /documents/locked-core/index.html (+25ms) 
20:34:10   ├─ /changes/index.html (+11ms) 
20:34:10   ├─ /framework/index.html (+119ms) 
20:34:10   ├─ /math/index.html (+216ms) 
20:34:10   ├─ /evidence/interactions/index.html (+24ms) 
20:34:10   ├─ /evidence/additional/index.html (+32ms) 
20:34:10   ├─ /open-problems/index.html (+22ms) 
20:34:10   ├─ /changes/source-history/index.html (+10ms) 
20:34:10   ├─ /documents/world-explanation/index.html (+86ms) 
20:34:10   ├─ /framework/recursive-background/index.html (+239ms) 
20:34:11   ├─ /math/illustrations/index.html (+127ms) 
20:34:11   ├─ /evidence/catalogue/index.html (+62ms) 
20:34:11   ├─ /research-status/claims/index.html (+15ms) 
20:34:11   ├─ /documents/reading-guide/index.html (+19ms) 
20:34:11   ├─ /documents/source-authority/index.html (+8ms) 
20:34:11   ├─ /documents/foundation-errata/index.html (+8ms) 
20:34:11   ├─ /claims/UT-D01/index.html (+6ms) 
20:34:11   ├─ /claims/UT-D02/index.html (+4ms) 
20:34:11   ├─ /claims/UT-D03/index.html (+6ms) 
20:34:11   ├─ /claims/UT-D04/index.html (+7ms) 
20:34:11   ├─ /claims/UT-D05/index.html (+5ms) 
20:34:11   ├─ /claims/UT-D06/index.html (+5ms) 
20:34:11   ├─ /claims/UT-D07/index.html (+4ms) 
20:34:11   ├─ /claims/UT-D08/index.html (+5ms) 
20:34:11   ├─ /claims/UT-D09/index.html (+5ms) 
20:34:11   ├─ /claims/UT-C01/index.html (+3ms) 
20:34:11   ├─ /claims/UT-C02/index.html (+2ms) 
20:34:11   ├─ /claims/UT-O01/index.html (+2ms) 
20:34:11   ├─ /claims/UT-O02/index.html (+2ms) 
20:34:11   ├─ /claims/UT-O03/index.html (+3ms) 
20:34:11   ├─ /claims/UT-O04/index.html (+2ms) 
20:34:11   ├─ /claims/UT-O05/index.html (+2ms) 
20:34:11   ├─ /claims/UT-O06/index.html (+2ms) 
20:34:11   ├─ /claims/UT-E01/index.html (+4ms) 
20:34:11   ├─ /claims/UT-E02/index.html (+4ms) 
20:34:11   ├─ /claims/UT-E03/index.html (+3ms) 
20:34:11   ├─ /claims/UT-E04/index.html (+5ms) 
20:34:11   ├─ /claims/UT-E05/index.html (+4ms) 
20:34:11   ├─ /claims/UT-E06/index.html (+4ms) 
20:34:11   ├─ /claims/UT-E07/index.html (+4ms) 
20:34:11   ├─ /claims/UT-E08/index.html (+4ms) 
20:34:11   ├─ /claims/UT-E09/index.html (+4ms) 
20:34:11   ├─ /claims/UT-E10/index.html (+8ms) 
20:34:11   ├─ /claims/UT-E11/index.html (+7ms) 
20:34:11   ├─ /claims/UT-E12/index.html (+5ms) 
20:34:11   ├─ /claims/UT-E101/index.html (+4ms) 
20:34:11   ├─ /claims/UT-E102/index.html (+3ms) 
20:34:11   ├─ /claims/UT-E103/index.html (+3ms) 
20:34:11   ├─ /claims/UT-E104/index.html (+3ms) 
20:34:11   ├─ /claims/UT-E105/index.html (+3ms) 
20:34:11   ├─ /claims/UT-E106/index.html (+3ms) 
20:34:11   ├─ /claims/UT-E107/index.html (+3ms) 
20:34:11   ├─ /claims/UT-E108/index.html (+3ms) 
20:34:11   ├─ /claims/UT-E109/index.html (+3ms) 
20:34:11   ├─ /claims/UT-E110/index.html (+5ms) 
20:34:11   ├─ /claims/UT-E111/index.html (+4ms) 
20:34:11   ├─ /claims/UT-E112/index.html (+6ms) 
20:34:11   ├─ /claims/UT-E113/index.html (+4ms) 
20:34:11   ├─ /claims/UT-E114/index.html (+6ms) 
20:34:11   ├─ /claims/UT-E115/index.html (+9ms) 
20:34:11   ├─ /claims/UT-E116/index.html (+9ms) 
20:34:11   ├─ /claims/UT-E117/index.html (+9ms) 
20:34:11   ├─ /claims/UT-E118/index.html (+22ms) 
20:34:11   ├─ /claims/UT-E119/index.html (+12ms) 
20:34:11   ├─ /claims/UT-E120/index.html (+10ms) 
20:34:11   ├─ /claims/UT-E121/index.html (+12ms) 
20:34:11   ├─ /claims/UT-E122/index.html (+6ms) 
20:34:11   ├─ /claims/UT-O101/index.html (+6ms) 
20:34:11   ├─ /claims/UT-O102/index.html (+3ms) 
20:34:11   ├─ /claims/UT-O103/index.html (+3ms) 
20:34:11   ├─ /claims/UT-O104/index.html (+3ms) 
20:34:11   ├─ /claims/UT-O105/index.html (+4ms) 
20:34:11   ├─ /claims/UT-O106/index.html (+2ms) 
20:34:11   ├─ /claims/UT-O107/index.html (+2ms) 
20:34:11   ├─ /claims/UT-O108/index.html (+4ms) 
20:34:11   ├─ /articles/how-existing-structures-make-new-organization-possible/index.html (+4ms) 
20:34:11   ├─ /articles/when-can-a-whole-be-treated-as-one-useful-unit/index.html (+5ms) 
20:34:11   ├─ /concepts/effective-interactions/index.html (+10ms) 
20:34:11   ├─ /concepts/recursion/index.html (+5ms) 
20:34:11   ├─ /concepts/stability/index.html (+5ms) 
20:34:11   ├─ /concepts/index.html (+5ms) 
20:34:11   ├─ /evidence/index.html (+7ms) 
20:34:11   ├─ /examples/cell/index.html (+4ms) 
20:34:11   ├─ /examples/life-environment/index.html (+8ms) 
20:34:11   ├─ /examples/molecule/index.html (+5ms) 
20:34:11   ├─ /examples/star/index.html (+5ms) 
20:34:11   ├─ /examples/string/index.html (+7ms) 
20:34:11   ├─ /examples/water/index.html (+3ms) 
20:34:11   ├─ /examples/index.html (+5ms) 
20:34:11   ├─ /evidence/source-links/index.html (+63ms) 
20:34:11   ├─ /documents/index.html (+30ms) 
20:34:11 ✓ Completed in 6.44s.

20:34:11 [build] ✓ Completed in 6.89s.
20:34:11 [build] 104 page(s) built in 9.06s
20:34:11 [build] Complete!
preview artifact: /Users/new/RiderProjects/RPG_theory/dist/github-pages-rebind/preview-target; deployEligible=false

> unity-theory@0.0.1 audit:output
> tsx scripts/audit-output.ts --dir dist/github-pages-rebind/preview-target

{"status":"PASS","mode":"preview","basePath":"/RPG_theory/","deployEligible":false,"files":269,"artifactSha256":"665e6e5738631bbba24ad8ebbab87ec3078b1e2d280fb9fd4645912e7b1b0b2b"}
