✖ real revision CLI accounts for both rename paths without inventing a core-byte change: foundations/ERRATA.md (3425.331125ms)
ℹ tests 1
ℹ suites 0
ℹ pass 0
ℹ fail 1
ℹ cancelled 0
ℹ skipped 0
ℹ todo 0
ℹ duration_ms 3576.171916

✖ failing tests:

test at tests/content/revision-inventory-cli.test.ts:1:549
✖ real revision CLI accounts for both rename paths without inventing a core-byte change: foundations/ERRATA.md (3425.331125ms)
  AssertionError [ERR_ASSERTION]: The expression evaluated to a falsy value:
  
    assert.ok(receipt.affected.some((e:any)=>e.entryId==='DOC-HOME'))
  
      at TestContext.<anonymous> (/Users/new/RiderProjects/RPG_theory/tests/content/revision-inventory-cli.test.ts:66:149)
      at Test.runInAsyncScope (node:async_hooks:227:14)
      at Test.run (node:internal/test_runner/test:1325:25)
      at Test.start (node:internal/test_runner/test:1191:17)
      at startSubtestAfterBootstrap (node:internal/test_runner/harness:385:17) {
    generatedMessage: true,
    code: 'ERR_ASSERTION',
    actual: false,
    expected: true,
    operator: '==',
    diff: 'simple'
  }
