
> unity-theory@0.0.1 verify
> tsx scripts/verify.ts --output-root dist/github-pages-rebind --evidence-dir docs/evidence/github-pages-rebind/implementation/verify


Running npm run check

> unity-theory@0.0.1 check
> astro check

20:02:58 [content] Syncing content
20:02:58 [content] Astro config changed
20:02:58 [content] Clearing content store
20:03:02 [content] Synced content
20:03:02 [types] Generated 5.05s
20:03:02 [check] Getting diagnostics for Astro files in /Users/new/RiderProjects/RPG_theory...
Result (95 files): 
- 0 errors
- 0 warnings
- 0 hints


Running npm run check:sources -- --scope history

> unity-theory@0.0.1 check:sources
> tsx scripts/check-sources.ts --scope history

{"status":"PASS","historicalFiles":14,"noticeTranscriptions":2,"authorityNoticeOnly":true}

Running npm run check:sources -- --scope current

> unity-theory@0.0.1 check:sources
> tsx scripts/check-sources.ts --scope current

{"availability":"AVAILABLE_BYTES_VERIFIED","bytesVerified":true,"corpusScope":"current","currentSourceQualified":false,"qualificationBasis":"website-source-fidelity/1","files":24,"coreSha256":"b6d3e7c75285889afe94cabf083ba5fb80f401c656613ba6a80d2f0149b655e1","inventorySeal":"caaa7691bde318f188dcecf45950b05b5c0cdcc2cff9770474522395b67c8139","edition":"RRG v0.2.1 repository current; audited companion 2026-10-02; promoted 2026-10-05","sourceBoundEntries":77,"websiteFidelity":"pending","scientificCertification":"out-of-scope"}

Running npm run check:content

> unity-theory@0.0.1 check:content
> tsx scripts/check-content.ts

{"schema":"unity-content-check/1","status":"PASS","date":"2026-10-05T17:03:29.564Z","admission":{"availability":"AVAILABLE_BYTES_VERIFIED","bytesVerified":true,"corpusScope":"current","currentSourceQualified":false,"qualificationBasis":"website-source-fidelity/1","files":24,"coreSha256":"b6d3e7c75285889afe94cabf083ba5fb80f401c656613ba6a80d2f0149b655e1","inventorySeal":"caaa7691bde318f188dcecf45950b05b5c0cdcc2cff9770474522395b67c8139","edition":"RRG v0.2.1 repository current; audited companion 2026-10-02; promoted 2026-10-05"},"entries":96,"affected":[],"reviewPurpose":"website-source-fidelity/1","scientificCertification":"out-of-scope","acceptedReviews":0,"reviewStates":{"accepted":0,"pending":0,"stale":96,"rejected":0},"catalogueCheck":{"status":"PASS","scope":"selected repository inventory and editorial mapping; not original-bundle validation or scientific reproduction","primaryCases":22,"furtherReading":3,"documentQualifiedLabels":79,"caseEdges":31}}

Running npm run check:publication

> unity-theory@0.0.1 check:publication
> tsx scripts/check-publication.ts

{"status":"PASS","publicReady":false,"repositorySelection":"NOT_SELECTED","privateOrUnapprovedPaths":3429,"screenFindings":0,"deploymentGates":["MANUAL_MAIN_DEPLOYMENT_REQUIRED","PUBLIC_TARGET_NOT_AUTHORIZED","PUBLIC_CREDIT_DECISION_REQUIRED","PERMANENT_URL_REQUIRED","RIGHTS_DECISION_REQUIRED","SCOPED_RIGHTS_REVIEW_REQUIRED","PUBLIC_CONTENT_APPROVAL_REQUIRED","PUBLIC_REPOSITORY_PRIVACY_REVIEW_REQUIRED","CURRENT_SOURCE_NOT_QUALIFIED","M6_RELEASE_QUALIFICATION_REQUIRED","DEPLOYMENT_DISABLED"],"platformProtections":"NOT_CONFIGURED"}

Running npm run build -- --mode preview --config tests/fixtures/site-root.json --output dist/github-pages-rebind/preview-root

> unity-theory@0.0.1 build
> tsx scripts/build.ts --mode preview --config tests/fixtures/site-root.json --output dist/github-pages-rebind/preview-root

20:03:45 [content] Syncing content
20:03:45 [content] Astro config changed
20:03:45 [content] Clearing content store
20:03:48 [content] Synced content
20:03:48 [types] Generated 3.73s
20:03:48 [build] output: "static"
20:03:48 [build] mode: "static"
20:03:48 [build] directory: /Users/new/RiderProjects/RPG_theory/dist/github-pages-rebind/preview-root/
20:03:48 [build] Collecting build info...
20:03:48 [build] ✓ Completed in 3.76s.
20:03:48 [build] Building static entrypoints...
20:03:48 [vite] ✓ built in 510ms
20:03:48 [vite] ✓ built in 85ms
20:03:48 [build] Rearranging server assets...

 generating static routes 
20:03:53   ├─ /404.html (+39ms) 
20:03:53   ├─ /about/index.html (+46ms) 
20:03:53   ├─ /articles/index.html (+3ms) 
20:03:53   ├─ /cite/index.html (+2.02s) 
20:03:55   ├─ /downloads/THIRD-PARTY-NOTICES.txt/ (+4ms) 
20:03:55   ├─ /downloads/explanatory/DOC-STATUS.md/ (+3ms) 
20:03:55   ├─ /downloads/explanatory/DOC-CONCEPT-GEOMETRY.md/ (+1ms) 
20:03:55   ├─ /downloads/explanatory/DOC-CORE.md/ (+1ms) 
20:03:55   ├─ /downloads/explanatory/DOC-CONTROL.md/ (+1ms) 
20:03:55   ├─ /downloads/explanatory/DOC-FRAMEWORK.md/ (+1ms) 
20:03:55   ├─ /downloads/explanatory/DOC-MATH.md/ (+1ms) 
20:03:55   ├─ /downloads/explanatory/DOC-OPEN-PROBLEMS.md/ (+1ms) 
20:03:55   ├─ /downloads/explanatory/DOC-SOURCE-CHANGES.md/ (+0ms) 
20:03:55   ├─ /downloads/explanatory/DOC-WORLD.md/ (+0ms) 
20:03:55   ├─ /downloads/explanatory/DOC-BACKGROUND.md/ (+0ms) 
20:03:55   ├─ /downloads/explanatory/DOC-ILLUSTRATIONS.md/ (+0ms) 
20:03:55   ├─ /downloads/explanatory/DOC-CATALOGUE.md/ (+0ms) 
20:03:55   ├─ /downloads/explanatory/DOC-CLAIM-COVERAGE.md/ (+0ms) 
20:03:55   ├─ /downloads/explanatory/DOC-READING-GUIDE.md/ (+0ms) 
20:03:55   ├─ /downloads/explanatory/DOC-AUTHORITY.md/ (+0ms) 
20:03:55   ├─ /downloads/explanatory/DOC-FOUNDATION-ERRATA.md/ (+0ms) 
20:03:55   ├─ /downloads/explanatory/UT-D01.md/ (+0ms) 
20:03:55   ├─ /downloads/explanatory/UT-D02.md/ (+0ms) 
20:03:55   ├─ /downloads/explanatory/UT-D03.md/ (+0ms) 
20:03:55   ├─ /downloads/explanatory/UT-D04.md/ (+0ms) 
20:03:55   ├─ /downloads/explanatory/UT-D05.md/ (+0ms) 
20:03:55   ├─ /downloads/explanatory/UT-D06.md/ (+0ms) 
20:03:55   ├─ /downloads/explanatory/UT-D07.md/ (+5ms) 
20:03:55   ├─ /downloads/explanatory/UT-D08.md/ (+1ms) 
20:03:55   ├─ /downloads/explanatory/UT-D09.md/ (+1ms) 
20:03:55   ├─ /downloads/explanatory/UT-C01.md/ (+2ms) 
20:03:55   ├─ /downloads/explanatory/UT-C02.md/ (+2ms) 
20:03:55   ├─ /downloads/explanatory/UT-E101.md/ (+2ms) 
20:03:55   ├─ /downloads/explanatory/UT-E102.md/ (+1ms) 
20:03:55   ├─ /downloads/explanatory/UT-E103.md/ (+2ms) 
20:03:55   ├─ /downloads/explanatory/UT-E104.md/ (+1ms) 
20:03:55   ├─ /downloads/explanatory/UT-E105.md/ (+2ms) 
20:03:55   ├─ /downloads/explanatory/UT-E106.md/ (+3ms) 
20:03:55   ├─ /downloads/explanatory/UT-E107.md/ (+1ms) 
20:03:55   ├─ /downloads/explanatory/UT-E108.md/ (+1ms) 
20:03:55   ├─ /downloads/explanatory/UT-E109.md/ (+2ms) 
20:03:55   ├─ /downloads/explanatory/UT-E110.md/ (+1ms) 
20:03:55   ├─ /downloads/explanatory/UT-E111.md/ (+1ms) 
20:03:55   ├─ /downloads/explanatory/UT-E112.md/ (+1ms) 
20:03:55   ├─ /downloads/explanatory/UT-E113.md/ (+1ms) 
20:03:55   ├─ /downloads/explanatory/UT-E114.md/ (+0ms) 
20:03:55   ├─ /downloads/explanatory/UT-E115.md/ (+0ms) 
20:03:55   ├─ /downloads/explanatory/UT-E116.md/ (+0ms) 
20:03:55   ├─ /downloads/explanatory/UT-E117.md/ (+0ms) 
20:03:55   ├─ /downloads/explanatory/UT-E118.md/ (+0ms) 
20:03:55   ├─ /downloads/explanatory/UT-E119.md/ (+0ms) 
20:03:55   ├─ /downloads/explanatory/UT-E120.md/ (+0ms) 
20:03:55   ├─ /downloads/explanatory/UT-E121.md/ (+0ms) 
20:03:55   ├─ /downloads/explanatory/UT-E122.md/ (+0ms) 
20:03:55   ├─ /downloads/explanatory/UT-O101.md/ (+0ms) 
20:03:55   ├─ /downloads/explanatory/UT-O102.md/ (+0ms) 
20:03:55   ├─ /downloads/explanatory/UT-O103.md/ (+0ms) 
20:03:55   ├─ /downloads/explanatory/UT-O104.md/ (+0ms) 
20:03:55   ├─ /downloads/explanatory/UT-O105.md/ (+0ms) 
20:03:55   ├─ /downloads/explanatory/UT-O106.md/ (+0ms) 
20:03:55   ├─ /downloads/explanatory/UT-O107.md/ (+1ms) 
20:03:55   ├─ /downloads/explanatory/UT-O108.md/ (+0ms) 
20:03:55   ├─ /downloads/explanatory/DOC-ARTICLE-STRUCTURES.md/ (+0ms) 
20:03:55   ├─ /downloads/explanatory/DOC-ARTICLE-UNIT.md/ (+1ms) 
20:03:55   ├─ /downloads/explanatory/DOC-CONCEPT-INTERACTIONS.md/ (+2ms) 
20:03:55   ├─ /downloads/explanatory/DOC-CONCEPT-RECURSION.md/ (+1ms) 
20:03:55   ├─ /downloads/explanatory/DOC-CONCEPT-STABILITY.md/ (+1ms) 
20:03:55   ├─ /downloads/explanatory/DOC-CONCEPTS.md/ (+0ms) 
20:03:55   ├─ /downloads/explanatory/DOC-EVIDENCE.md/ (+0ms) 
20:03:55   ├─ /downloads/explanatory/DOC-EXAMPLE-CELL.md/ (+1ms) 
20:03:55   ├─ /downloads/explanatory/DOC-EXAMPLE-LIFE.md/ (+1ms) 
20:03:55   ├─ /downloads/explanatory/DOC-EXAMPLE-MOLECULE.md/ (+1ms) 
20:03:55   ├─ /downloads/explanatory/DOC-EXAMPLE-STAR.md/ (+1ms) 
20:03:55   ├─ /downloads/explanatory/DOC-EXAMPLE-STRING.md/ (+1ms) 
20:03:55   ├─ /downloads/explanatory/DOC-EXAMPLE-WATER.md/ (+1ms) 
20:03:55   ├─ /downloads/explanatory/DOC-EXAMPLES.md/ (+0ms) 
20:03:55   ├─ /downloads/explanatory/DOC-HOME.md/ (+0ms) 
20:03:55   ├─ /downloads/explanatory/DOC-SOURCE-LINKS.md/ (+1ms) 
20:03:55   ├─ /downloads/explanatory/DOC-START.md/ (+1ms) 
20:03:55   ├─ /downloads/explanatory/DOC-LIBRARY.md/ (+1ms) 
20:03:55   ├─ /downloads/original/R-CURRENT-AUDIT.md/ (+3ms) 
20:03:55   ├─ /downloads/original/R-CURRENT-AUTHORITY.md/ (+2ms) 
20:03:55   ├─ /downloads/original/R-CURRENT-BACKGROUND.md/ (+1ms) 
20:03:55   ├─ /downloads/original/R-CURRENT-CATALOGUE.md/ (+1ms) 
20:03:55   ├─ /downloads/original/R-CURRENT-CHANGELOG.md/ (+1ms) 
20:03:55   ├─ /downloads/original/R-CURRENT-CHECKS-PACKAGE-VALIDATION-JSON.json/ (+1ms) 
20:03:55   ├─ /downloads/original/R-CURRENT-CHECKS-VERIFICATION-RESULTS-JSON.json/ (+0ms) 
20:03:55   ├─ /downloads/original/R-CURRENT-CHECKS-VERIFY-SMALL-RESULTS-PY.py/ (+1ms) 
20:03:55   ├─ /downloads/original/R-CURRENT-CLAIMS.md/ (+1ms) 
20:03:55   ├─ /downloads/original/R-CURRENT-CONTROL.md/ (+1ms) 
20:03:55   ├─ /downloads/original/R-CURRENT-CORE.md/ (+1ms) 
20:03:55   ├─ /downloads/original/R-CURRENT-FOUNDATIONS-ERRATA-MD.md/ (+2ms) 
20:03:55   ├─ /downloads/original/R-CURRENT-GUIDE.md/ (+2ms) 
20:03:55   ├─ /downloads/original/R-CURRENT-ILLUSTRATIONS.md/ (+1ms) 
20:03:55   ├─ /downloads/original/R-CURRENT-MATH.md/ (+1ms) 
20:03:55   ├─ /downloads/original/R-CURRENT-REGISTER.json/ (+1ms) 
20:03:55   ├─ /downloads/original/R-CURRENT-SCIENCE.md/ (+1ms) 
20:03:55   ├─ /downloads/original/R-CURRENT-WORLD.md/ (+1ms) 
20:03:55   ├─ /downloads/release.json/ (+1ms) 
20:03:55   ├─ /downloads/SHA256SUMS/ (+1ms) 
20:03:55   ├─ /downloads/unity-theory-publication-site-2026.10.05-m6-private-preview.zip/ (+1ms) 
20:03:55   ├─ /fixtures/math/index.html (+8ms) 
20:03:55   ├─ /legal/index.html (+4ms) 
20:03:55   ├─ /references/index.html (+7ms) 
20:03:55   ├─ /rss.xml (+2ms) 
20:03:55   ├─ /search/index.html (+3ms) 
20:03:55   ├─ /sitemap.xml (+2ms) 
20:03:55   ├─ /start/index.html (+54ms) 
20:03:55   ├─ /index.html (+17ms) 
20:03:55   ├─ /research-status/index.html (+47ms) 
20:03:56   ├─ /research-status/proof-matrix/index.html (+37ms) 
20:03:56   ├─ /concepts/geometry-and-modes/index.html (+4ms) 
20:03:56   ├─ /documents/locked-core/index.html (+26ms) 
20:03:56   ├─ /changes/index.html (+9ms) 
20:03:56   ├─ /framework/index.html (+198ms) 
20:03:56   ├─ /math/index.html (+289ms) 
20:03:56   ├─ /evidence/interactions/index.html (+37ms) 
20:03:56   ├─ /evidence/additional/index.html (+42ms) 
20:03:56   ├─ /open-problems/index.html (+9ms) 
20:03:56   ├─ /changes/source-history/index.html (+6ms) 
20:03:56   ├─ /documents/world-explanation/index.html (+62ms) 
20:03:56   ├─ /framework/recursive-background/index.html (+287ms) 
20:03:57   ├─ /math/illustrations/index.html (+92ms) 
20:03:57   ├─ /evidence/catalogue/index.html (+61ms) 
20:03:57   ├─ /research-status/claims/index.html (+13ms) 
20:03:57   ├─ /documents/reading-guide/index.html (+24ms) 
20:03:57   ├─ /documents/source-authority/index.html (+12ms) 
20:03:57   ├─ /documents/foundation-errata/index.html (+13ms) 
20:03:57   ├─ /claims/UT-D01/index.html (+4ms) 
20:03:57   ├─ /claims/UT-D02/index.html (+7ms) 
20:03:57   ├─ /claims/UT-D03/index.html (+4ms) 
20:03:57   ├─ /claims/UT-D04/index.html (+4ms) 
20:03:57   ├─ /claims/UT-D05/index.html (+5ms) 
20:03:57   ├─ /claims/UT-D06/index.html (+5ms) 
20:03:57   ├─ /claims/UT-D07/index.html (+4ms) 
20:03:57   ├─ /claims/UT-D08/index.html (+10ms) 
20:03:57   ├─ /claims/UT-D09/index.html (+7ms) 
20:03:57   ├─ /claims/UT-C01/index.html (+4ms) 
20:03:57   ├─ /claims/UT-C02/index.html (+6ms) 
20:03:57   ├─ /claims/UT-O01/index.html (+3ms) 
20:03:57   ├─ /claims/UT-O02/index.html (+3ms) 
20:03:57   ├─ /claims/UT-O03/index.html (+2ms) 
20:03:57   ├─ /claims/UT-O04/index.html (+3ms) 
20:03:57   ├─ /claims/UT-O05/index.html (+2ms) 
20:03:57   ├─ /claims/UT-O06/index.html (+2ms) 
20:03:57   ├─ /claims/UT-E01/index.html (+5ms) 
20:03:57   ├─ /claims/UT-E02/index.html (+5ms) 
20:03:57   ├─ /claims/UT-E03/index.html (+5ms) 
20:03:57   ├─ /claims/UT-E04/index.html (+8ms) 
20:03:57   ├─ /claims/UT-E05/index.html (+5ms) 
20:03:57   ├─ /claims/UT-E06/index.html (+6ms) 
20:03:57   ├─ /claims/UT-E07/index.html (+5ms) 
20:03:57   ├─ /claims/UT-E08/index.html (+5ms) 
20:03:57   ├─ /claims/UT-E09/index.html (+7ms) 
20:03:57   ├─ /claims/UT-E10/index.html (+7ms) 
20:03:57   ├─ /claims/UT-E11/index.html (+6ms) 
20:03:57   ├─ /claims/UT-E12/index.html (+8ms) 
20:03:57   ├─ /claims/UT-E101/index.html (+5ms) 
20:03:57   ├─ /claims/UT-E102/index.html (+4ms) 
20:03:57   ├─ /claims/UT-E103/index.html (+4ms) 
20:03:57   ├─ /claims/UT-E104/index.html (+3ms) 
20:03:57   ├─ /claims/UT-E105/index.html (+4ms) 
20:03:57   ├─ /claims/UT-E106/index.html (+5ms) 
20:03:57   ├─ /claims/UT-E107/index.html (+4ms) 
20:03:57   ├─ /claims/UT-E108/index.html (+4ms) 
20:03:57   ├─ /claims/UT-E109/index.html (+3ms) 
20:03:57   ├─ /claims/UT-E110/index.html (+6ms) 
20:03:57   ├─ /claims/UT-E111/index.html (+4ms) 
20:03:57   ├─ /claims/UT-E112/index.html (+6ms) 
20:03:57   ├─ /claims/UT-E113/index.html (+6ms) 
20:03:57   ├─ /claims/UT-E114/index.html (+7ms) 
20:03:57   ├─ /claims/UT-E115/index.html (+3ms) 
20:03:57   ├─ /claims/UT-E116/index.html (+3ms) 
20:03:57   ├─ /claims/UT-E117/index.html (+4ms) 
20:03:57   ├─ /claims/UT-E118/index.html (+3ms) 
20:03:57   ├─ /claims/UT-E119/index.html (+4ms) 
20:03:57   ├─ /claims/UT-E120/index.html (+7ms) 
20:03:57   ├─ /claims/UT-E121/index.html (+8ms) 
20:03:57   ├─ /claims/UT-E122/index.html (+8ms) 
20:03:57   ├─ /claims/UT-O101/index.html (+5ms) 
20:03:57   ├─ /claims/UT-O102/index.html (+2ms) 
20:03:57   ├─ /claims/UT-O103/index.html (+4ms) 
20:03:57   ├─ /claims/UT-O104/index.html (+5ms) 
20:03:57   ├─ /claims/UT-O105/index.html (+6ms) 
20:03:57   ├─ /claims/UT-O106/index.html (+6ms) 
20:03:57   ├─ /claims/UT-O107/index.html (+4ms) 
20:03:57   ├─ /claims/UT-O108/index.html (+3ms) 
20:03:57   ├─ /articles/how-existing-structures-make-new-organization-possible/index.html (+4ms) 
20:03:57   ├─ /articles/when-can-a-whole-be-treated-as-one-useful-unit/index.html (+8ms) 
20:03:57   ├─ /concepts/effective-interactions/index.html (+5ms) 
20:03:57   ├─ /concepts/recursion/index.html (+6ms) 
20:03:57   ├─ /concepts/stability/index.html (+5ms) 
20:03:57   ├─ /concepts/index.html (+8ms) 
20:03:57   ├─ /evidence/index.html (+7ms) 
20:03:57   ├─ /examples/cell/index.html (+8ms) 
20:03:57   ├─ /examples/life-environment/index.html (+4ms) 
20:03:57   ├─ /examples/molecule/index.html (+7ms) 
20:03:57   ├─ /examples/star/index.html (+4ms) 
20:03:57   ├─ /examples/string/index.html (+5ms) 
20:03:57   ├─ /examples/water/index.html (+3ms) 
20:03:57   ├─ /examples/index.html (+4ms) 
20:03:57   ├─ /evidence/source-links/index.html (+51ms) 
20:03:57   ├─ /documents/index.html (+21ms) 
20:03:57 ✓ Completed in 8.85s.

20:03:57 [build] ✓ Completed in 9.55s.
20:03:57 [build] 104 page(s) built in 13.34s
20:03:57 [build] Complete!
preview artifact: /Users/new/RiderProjects/RPG_theory/dist/github-pages-rebind/preview-root; deployEligible=false

Running npm run audit:output -- --dir dist/github-pages-rebind/preview-root

> unity-theory@0.0.1 audit:output
> tsx scripts/audit-output.ts --dir dist/github-pages-rebind/preview-root

{"status":"PASS","mode":"preview","basePath":"/","deployEligible":false,"files":269,"artifactSha256":"56223c7e0bb9b0210212faa100f0e9068865d79cc0f3918a4a0882ccc8265e31"}

Running npm run build -- --mode preview --config tests/fixtures/site-subpath.json --output dist/github-pages-rebind/preview-subpath

> unity-theory@0.0.1 build
> tsx scripts/build.ts --mode preview --config tests/fixtures/site-subpath.json --output dist/github-pages-rebind/preview-subpath

20:04:18 [content] Syncing content
20:04:18 [content] Astro config changed
20:04:18 [content] Clearing content store
20:04:20 [content] Synced content
20:04:20 [types] Generated 2.05s
20:04:20 [build] output: "static"
20:04:20 [build] mode: "static"
20:04:20 [build] directory: /Users/new/RiderProjects/RPG_theory/dist/github-pages-rebind/preview-subpath/
20:04:20 [build] Collecting build info...
20:04:20 [build] ✓ Completed in 2.07s.
20:04:20 [build] Building static entrypoints...
20:04:20 [vite] ✓ built in 328ms
20:04:20 [vite] ✓ built in 14ms
20:04:20 [build] Rearranging server assets...

 generating static routes 
20:04:22   ├─ /404.html (+11ms) 
20:04:22   ├─ /about/index.html (+4ms) 
20:04:22   ├─ /articles/index.html (+3ms) 
20:04:22   ├─ /cite/index.html (+755ms) 
20:04:23   ├─ /downloads/THIRD-PARTY-NOTICES.txt/ (+18ms) 
20:04:23   ├─ /downloads/explanatory/DOC-STATUS.md/ (+48ms) 
20:04:23   ├─ /downloads/explanatory/DOC-CONCEPT-GEOMETRY.md/ (+2ms) 
20:04:23   ├─ /downloads/explanatory/DOC-CORE.md/ (+1ms) 
20:04:23   ├─ /downloads/explanatory/DOC-CONTROL.md/ (+1ms) 
20:04:23   ├─ /downloads/explanatory/DOC-FRAMEWORK.md/ (+1ms) 
20:04:23   ├─ /downloads/explanatory/DOC-MATH.md/ (+1ms) 
20:04:23   ├─ /downloads/explanatory/DOC-OPEN-PROBLEMS.md/ (+1ms) 
20:04:23   ├─ /downloads/explanatory/DOC-SOURCE-CHANGES.md/ (+1ms) 
20:04:23   ├─ /downloads/explanatory/DOC-WORLD.md/ (+1ms) 
20:04:23   ├─ /downloads/explanatory/DOC-BACKGROUND.md/ (+1ms) 
20:04:23   ├─ /downloads/explanatory/DOC-ILLUSTRATIONS.md/ (+1ms) 
20:04:23   ├─ /downloads/explanatory/DOC-CATALOGUE.md/ (+0ms) 
20:04:23   ├─ /downloads/explanatory/DOC-CLAIM-COVERAGE.md/ (+0ms) 
20:04:23   ├─ /downloads/explanatory/DOC-READING-GUIDE.md/ (+0ms) 
20:04:23   ├─ /downloads/explanatory/DOC-AUTHORITY.md/ (+0ms) 
20:04:23   ├─ /downloads/explanatory/DOC-FOUNDATION-ERRATA.md/ (+0ms) 
20:04:23   ├─ /downloads/explanatory/UT-D01.md/ (+0ms) 
20:04:23   ├─ /downloads/explanatory/UT-D02.md/ (+1ms) 
20:04:23   ├─ /downloads/explanatory/UT-D03.md/ (+0ms) 
20:04:23   ├─ /downloads/explanatory/UT-D04.md/ (+0ms) 
20:04:23   ├─ /downloads/explanatory/UT-D05.md/ (+0ms) 
20:04:23   ├─ /downloads/explanatory/UT-D06.md/ (+1ms) 
20:04:23   ├─ /downloads/explanatory/UT-D07.md/ (+0ms) 
20:04:23   ├─ /downloads/explanatory/UT-D08.md/ (+0ms) 
20:04:23   ├─ /downloads/explanatory/UT-D09.md/ (+0ms) 
20:04:23   ├─ /downloads/explanatory/UT-C01.md/ (+0ms) 
20:04:23   ├─ /downloads/explanatory/UT-C02.md/ (+0ms) 
20:04:23   ├─ /downloads/explanatory/UT-E101.md/ (+0ms) 
20:04:23   ├─ /downloads/explanatory/UT-E102.md/ (+1ms) 
20:04:23   ├─ /downloads/explanatory/UT-E103.md/ (+1ms) 
20:04:23   ├─ /downloads/explanatory/UT-E104.md/ (+1ms) 
20:04:23   ├─ /downloads/explanatory/UT-E105.md/ (+1ms) 
20:04:23   ├─ /downloads/explanatory/UT-E106.md/ (+0ms) 
20:04:23   ├─ /downloads/explanatory/UT-E107.md/ (+0ms) 
20:04:23   ├─ /downloads/explanatory/UT-E108.md/ (+0ms) 
20:04:23   ├─ /downloads/explanatory/UT-E109.md/ (+1ms) 
20:04:23   ├─ /downloads/explanatory/UT-E110.md/ (+1ms) 
20:04:23   ├─ /downloads/explanatory/UT-E111.md/ (+1ms) 
20:04:23   ├─ /downloads/explanatory/UT-E112.md/ (+0ms) 
20:04:23   ├─ /downloads/explanatory/UT-E113.md/ (+0ms) 
20:04:23   ├─ /downloads/explanatory/UT-E114.md/ (+0ms) 
20:04:23   ├─ /downloads/explanatory/UT-E115.md/ (+0ms) 
20:04:23   ├─ /downloads/explanatory/UT-E116.md/ (+0ms) 
20:04:23   ├─ /downloads/explanatory/UT-E117.md/ (+0ms) 
20:04:23   ├─ /downloads/explanatory/UT-E118.md/ (+0ms) 
20:04:23   ├─ /downloads/explanatory/UT-E119.md/ (+0ms) 
20:04:23   ├─ /downloads/explanatory/UT-E120.md/ (+0ms) 
20:04:23   ├─ /downloads/explanatory/UT-E121.md/ (+0ms) 
20:04:23   ├─ /downloads/explanatory/UT-E122.md/ (+0ms) 
20:04:23   ├─ /downloads/explanatory/UT-O101.md/ (+0ms) 
20:04:23   ├─ /downloads/explanatory/UT-O102.md/ (+1ms) 
20:04:23   ├─ /downloads/explanatory/UT-O103.md/ (+0ms) 
20:04:23   ├─ /downloads/explanatory/UT-O104.md/ (+0ms) 
20:04:23   ├─ /downloads/explanatory/UT-O105.md/ (+1ms) 
20:04:23   ├─ /downloads/explanatory/UT-O106.md/ (+1ms) 
20:04:23   ├─ /downloads/explanatory/UT-O107.md/ (+0ms) 
20:04:23   ├─ /downloads/explanatory/UT-O108.md/ (+1ms) 
20:04:23   ├─ /downloads/explanatory/DOC-ARTICLE-STRUCTURES.md/ (+0ms) 
20:04:23   ├─ /downloads/explanatory/DOC-ARTICLE-UNIT.md/ (+1ms) 
20:04:23   ├─ /downloads/explanatory/DOC-CONCEPT-INTERACTIONS.md/ (+0ms) 
20:04:23   ├─ /downloads/explanatory/DOC-CONCEPT-RECURSION.md/ (+0ms) 
20:04:23   ├─ /downloads/explanatory/DOC-CONCEPT-STABILITY.md/ (+0ms) 
20:04:23   ├─ /downloads/explanatory/DOC-CONCEPTS.md/ (+1ms) 
20:04:23   ├─ /downloads/explanatory/DOC-EVIDENCE.md/ (+0ms) 
20:04:23   ├─ /downloads/explanatory/DOC-EXAMPLE-CELL.md/ (+1ms) 
20:04:23   ├─ /downloads/explanatory/DOC-EXAMPLE-LIFE.md/ (+1ms) 
20:04:23   ├─ /downloads/explanatory/DOC-EXAMPLE-MOLECULE.md/ (+0ms) 
20:04:23   ├─ /downloads/explanatory/DOC-EXAMPLE-STAR.md/ (+0ms) 
20:04:23   ├─ /downloads/explanatory/DOC-EXAMPLE-STRING.md/ (+0ms) 
20:04:23   ├─ /downloads/explanatory/DOC-EXAMPLE-WATER.md/ (+1ms) 
20:04:23   ├─ /downloads/explanatory/DOC-EXAMPLES.md/ (+0ms) 
20:04:23   ├─ /downloads/explanatory/DOC-HOME.md/ (+0ms) 
20:04:23   ├─ /downloads/explanatory/DOC-SOURCE-LINKS.md/ (+1ms) 
20:04:23   ├─ /downloads/explanatory/DOC-START.md/ (+1ms) 
20:04:23   ├─ /downloads/explanatory/DOC-LIBRARY.md/ (+0ms) 
20:04:23   ├─ /downloads/original/R-CURRENT-AUDIT.md/ (+0ms) 
20:04:23   ├─ /downloads/original/R-CURRENT-AUTHORITY.md/ (+0ms) 
20:04:23   ├─ /downloads/original/R-CURRENT-BACKGROUND.md/ (+1ms) 
20:04:23   ├─ /downloads/original/R-CURRENT-CATALOGUE.md/ (+1ms) 
20:04:23   ├─ /downloads/original/R-CURRENT-CHANGELOG.md/ (+0ms) 
20:04:23   ├─ /downloads/original/R-CURRENT-CHECKS-PACKAGE-VALIDATION-JSON.json/ (+0ms) 
20:04:23   ├─ /downloads/original/R-CURRENT-CHECKS-VERIFICATION-RESULTS-JSON.json/ (+0ms) 
20:04:23   ├─ /downloads/original/R-CURRENT-CHECKS-VERIFY-SMALL-RESULTS-PY.py/ (+0ms) 
20:04:23   ├─ /downloads/original/R-CURRENT-CLAIMS.md/ (+0ms) 
20:04:23   ├─ /downloads/original/R-CURRENT-CONTROL.md/ (+0ms) 
20:04:23   ├─ /downloads/original/R-CURRENT-CORE.md/ (+1ms) 
20:04:23   ├─ /downloads/original/R-CURRENT-FOUNDATIONS-ERRATA-MD.md/ (+1ms) 
20:04:23   ├─ /downloads/original/R-CURRENT-GUIDE.md/ (+0ms) 
20:04:23   ├─ /downloads/original/R-CURRENT-ILLUSTRATIONS.md/ (+1ms) 
20:04:23   ├─ /downloads/original/R-CURRENT-MATH.md/ (+0ms) 
20:04:23   ├─ /downloads/original/R-CURRENT-REGISTER.json/ (+0ms) 
20:04:23   ├─ /downloads/original/R-CURRENT-SCIENCE.md/ (+1ms) 
20:04:23   ├─ /downloads/original/R-CURRENT-WORLD.md/ (+0ms) 
20:04:23   ├─ /downloads/release.json/ (+0ms) 
20:04:23   ├─ /downloads/SHA256SUMS/ (+0ms) 
20:04:23   ├─ /downloads/unity-theory-publication-site-2026.10.05-m6-private-preview.zip/ (+1ms) 
20:04:23   ├─ /fixtures/math/index.html (+7ms) 
20:04:23   ├─ /legal/index.html (+2ms) 
20:04:23   ├─ /references/index.html (+7ms) 
20:04:23   ├─ /rss.xml (+3ms) 
20:04:23   ├─ /search/index.html (+4ms) 
20:04:23   ├─ /sitemap.xml (+2ms) 
20:04:23   ├─ /start/index.html (+10ms) 
20:04:23   ├─ /index.html (+33ms) 
20:04:23   ├─ /research-status/index.html (+35ms) 
20:04:23   ├─ /research-status/proof-matrix/index.html (+10ms) 
20:04:23   ├─ /concepts/geometry-and-modes/index.html (+6ms) 
20:04:23   ├─ /documents/locked-core/index.html (+29ms) 
20:04:23   ├─ /changes/index.html (+8ms) 
20:04:23   ├─ /framework/index.html (+125ms) 
20:04:23   ├─ /math/index.html (+277ms) 
20:04:23   ├─ /evidence/interactions/index.html (+19ms) 
20:04:23   ├─ /evidence/additional/index.html (+49ms) 
20:04:23   ├─ /open-problems/index.html (+8ms) 
20:04:23   ├─ /changes/source-history/index.html (+8ms) 
20:04:23   ├─ /documents/world-explanation/index.html (+84ms) 
20:04:23   ├─ /framework/recursive-background/index.html (+280ms) 
20:04:24   ├─ /math/illustrations/index.html (+123ms) 
20:04:24   ├─ /evidence/catalogue/index.html (+70ms) 
20:04:24   ├─ /research-status/claims/index.html (+37ms) 
20:04:24   ├─ /documents/reading-guide/index.html (+17ms) 
20:04:24   ├─ /documents/source-authority/index.html (+9ms) 
20:04:24   ├─ /documents/foundation-errata/index.html (+15ms) 
20:04:24   ├─ /claims/UT-D01/index.html (+8ms) 
20:04:24   ├─ /claims/UT-D02/index.html (+8ms) 
20:04:24   ├─ /claims/UT-D03/index.html (+5ms) 
20:04:24   ├─ /claims/UT-D04/index.html (+7ms) 
20:04:24   ├─ /claims/UT-D05/index.html (+5ms) 
20:04:24   ├─ /claims/UT-D06/index.html (+6ms) 
20:04:24   ├─ /claims/UT-D07/index.html (+5ms) 
20:04:24   ├─ /claims/UT-D08/index.html (+6ms) 
20:04:24   ├─ /claims/UT-D09/index.html (+3ms) 
20:04:24   ├─ /claims/UT-C01/index.html (+8ms) 
20:04:24   ├─ /claims/UT-C02/index.html (+5ms) 
20:04:24   ├─ /claims/UT-O01/index.html (+2ms) 
20:04:24   ├─ /claims/UT-O02/index.html (+5ms) 
20:04:24   ├─ /claims/UT-O03/index.html (+5ms) 
20:04:24   ├─ /claims/UT-O04/index.html (+4ms) 
20:04:24   ├─ /claims/UT-O05/index.html (+3ms) 
20:04:24   ├─ /claims/UT-O06/index.html (+2ms) 
20:04:24   ├─ /claims/UT-E01/index.html (+3ms) 
20:04:24   ├─ /claims/UT-E02/index.html (+5ms) 
20:04:24   ├─ /claims/UT-E03/index.html (+6ms) 
20:04:24   ├─ /claims/UT-E04/index.html (+5ms) 
20:04:24   ├─ /claims/UT-E05/index.html (+8ms) 
20:04:24   ├─ /claims/UT-E06/index.html (+3ms) 
20:04:24   ├─ /claims/UT-E07/index.html (+3ms) 
20:04:24   ├─ /claims/UT-E08/index.html (+5ms) 
20:04:24   ├─ /claims/UT-E09/index.html (+8ms) 
20:04:24   ├─ /claims/UT-E10/index.html (+7ms) 
20:04:24   ├─ /claims/UT-E11/index.html (+19ms) 
20:04:24   ├─ /claims/UT-E12/index.html (+6ms) 
20:04:24   ├─ /claims/UT-E101/index.html (+5ms) 
20:04:24   ├─ /claims/UT-E102/index.html (+4ms) 
20:04:24   ├─ /claims/UT-E103/index.html (+4ms) 
20:04:24   ├─ /claims/UT-E104/index.html (+4ms) 
20:04:24   ├─ /claims/UT-E105/index.html (+7ms) 
20:04:24   ├─ /claims/UT-E106/index.html (+7ms) 
20:04:24   ├─ /claims/UT-E107/index.html (+3ms) 
20:04:24   ├─ /claims/UT-E108/index.html (+4ms) 
20:04:24   ├─ /claims/UT-E109/index.html (+5ms) 
20:04:24   ├─ /claims/UT-E110/index.html (+5ms) 
20:04:24   ├─ /claims/UT-E111/index.html (+3ms) 
20:04:24   ├─ /claims/UT-E112/index.html (+6ms) 
20:04:24   ├─ /claims/UT-E113/index.html (+3ms) 
20:04:24   ├─ /claims/UT-E114/index.html (+3ms) 
20:04:24   ├─ /claims/UT-E115/index.html (+6ms) 
20:04:24   ├─ /claims/UT-E116/index.html (+3ms) 
20:04:24   ├─ /claims/UT-E117/index.html (+3ms) 
20:04:24   ├─ /claims/UT-E118/index.html (+6ms) 
20:04:24   ├─ /claims/UT-E119/index.html (+6ms) 
20:04:24   ├─ /claims/UT-E120/index.html (+5ms) 
20:04:24   ├─ /claims/UT-E121/index.html (+3ms) 
20:04:24   ├─ /claims/UT-E122/index.html (+5ms) 
20:04:24   ├─ /claims/UT-O101/index.html (+5ms) 
20:04:24   ├─ /claims/UT-O102/index.html (+4ms) 
20:04:24   ├─ /claims/UT-O103/index.html (+6ms) 
20:04:24   ├─ /claims/UT-O104/index.html (+2ms) 
20:04:24   ├─ /claims/UT-O105/index.html (+5ms) 
20:04:24   ├─ /claims/UT-O106/index.html (+5ms) 
20:04:24   ├─ /claims/UT-O107/index.html (+2ms) 
20:04:24   ├─ /claims/UT-O108/index.html (+2ms) 
20:04:24   ├─ /articles/how-existing-structures-make-new-organization-possible/index.html (+7ms) 
20:04:24   ├─ /articles/when-can-a-whole-be-treated-as-one-useful-unit/index.html (+9ms) 
20:04:24   ├─ /concepts/effective-interactions/index.html (+5ms) 
20:04:24   ├─ /concepts/recursion/index.html (+11ms) 
20:04:24   ├─ /concepts/stability/index.html (+5ms) 
20:04:24   ├─ /concepts/index.html (+5ms) 
20:04:24   ├─ /evidence/index.html (+10ms) 
20:04:24   ├─ /examples/cell/index.html (+4ms) 
20:04:24   ├─ /examples/life-environment/index.html (+6ms) 
20:04:24   ├─ /examples/molecule/index.html (+6ms) 
20:04:24   ├─ /examples/star/index.html (+5ms) 
20:04:24   ├─ /examples/string/index.html (+3ms) 
20:04:24   ├─ /examples/water/index.html (+3ms) 
20:04:24   ├─ /examples/index.html (+5ms) 
20:04:24   ├─ /evidence/source-links/index.html (+72ms) 
20:04:24   ├─ /documents/index.html (+33ms) 
20:04:25 ✓ Completed in 4.45s.

20:04:25 [build] ✓ Completed in 4.82s.
20:04:25 [build] 104 page(s) built in 6.90s
20:04:25 [build] Complete!
preview artifact: /Users/new/RiderProjects/RPG_theory/dist/github-pages-rebind/preview-subpath; deployEligible=false

Running npm run audit:output -- --dir dist/github-pages-rebind/preview-subpath

> unity-theory@0.0.1 audit:output
> tsx scripts/audit-output.ts --dir dist/github-pages-rebind/preview-subpath

{"status":"PASS","mode":"preview","basePath":"/unity-theory/","deployEligible":false,"files":269,"artifactSha256":"081469ff4f4ed320494111f3acb3c8bae9287086450d640f99d38723e27339d6"}

Running npm run build -- --mode preview --config config/site.json --output dist/github-pages-rebind/preview-target

> unity-theory@0.0.1 build
> tsx scripts/build.ts --mode preview --config config/site.json --output dist/github-pages-rebind/preview-target

20:04:44 [content] Syncing content
20:04:44 [content] Astro config changed
20:04:44 [content] Clearing content store
20:04:45 [content] Synced content
20:04:45 [types] Generated 2.00s
20:04:45 [build] output: "static"
20:04:45 [build] mode: "static"
20:04:45 [build] directory: /Users/new/RiderProjects/RPG_theory/dist/github-pages-rebind/preview-target/
20:04:45 [build] Collecting build info...
20:04:45 [build] ✓ Completed in 2.01s.
20:04:45 [build] Building static entrypoints...
20:04:45 [vite] ✓ built in 218ms
20:04:45 [vite] ✓ built in 16ms
20:04:45 [build] Rearranging server assets...

 generating static routes 
20:04:48   ├─ /404.html (+16ms) 
20:04:48   ├─ /about/index.html (+3ms) 
20:04:48   ├─ /articles/index.html (+4ms) 
20:04:48   ├─ /cite/index.html (+1.09s) 
20:04:49   ├─ /downloads/THIRD-PARTY-NOTICES.txt/ (+2ms) 
20:04:49   ├─ /downloads/explanatory/DOC-STATUS.md/ (+1ms) 
20:04:49   ├─ /downloads/explanatory/DOC-CONCEPT-GEOMETRY.md/ (+1ms) 
20:04:49   ├─ /downloads/explanatory/DOC-CORE.md/ (+1ms) 
20:04:49   ├─ /downloads/explanatory/DOC-CONTROL.md/ (+0ms) 
20:04:49   ├─ /downloads/explanatory/DOC-FRAMEWORK.md/ (+1ms) 
20:04:49   ├─ /downloads/explanatory/DOC-MATH.md/ (+1ms) 
20:04:49   ├─ /downloads/explanatory/DOC-OPEN-PROBLEMS.md/ (+2ms) 
20:04:49   ├─ /downloads/explanatory/DOC-SOURCE-CHANGES.md/ (+1ms) 
20:04:49   ├─ /downloads/explanatory/DOC-WORLD.md/ (+1ms) 
20:04:49   ├─ /downloads/explanatory/DOC-BACKGROUND.md/ (+1ms) 
20:04:49   ├─ /downloads/explanatory/DOC-ILLUSTRATIONS.md/ (+1ms) 
20:04:49   ├─ /downloads/explanatory/DOC-CATALOGUE.md/ (+0ms) 
20:04:49   ├─ /downloads/explanatory/DOC-CLAIM-COVERAGE.md/ (+0ms) 
20:04:49   ├─ /downloads/explanatory/DOC-READING-GUIDE.md/ (+1ms) 
20:04:49   ├─ /downloads/explanatory/DOC-AUTHORITY.md/ (+0ms) 
20:04:49   ├─ /downloads/explanatory/DOC-FOUNDATION-ERRATA.md/ (+1ms) 
20:04:49   ├─ /downloads/explanatory/UT-D01.md/ (+0ms) 
20:04:49   ├─ /downloads/explanatory/UT-D02.md/ (+0ms) 
20:04:49   ├─ /downloads/explanatory/UT-D03.md/ (+0ms) 
20:04:49   ├─ /downloads/explanatory/UT-D04.md/ (+0ms) 
20:04:49   ├─ /downloads/explanatory/UT-D05.md/ (+0ms) 
20:04:49   ├─ /downloads/explanatory/UT-D06.md/ (+0ms) 
20:04:49   ├─ /downloads/explanatory/UT-D07.md/ (+0ms) 
20:04:49   ├─ /downloads/explanatory/UT-D08.md/ (+1ms) 
20:04:49   ├─ /downloads/explanatory/UT-D09.md/ (+0ms) 
20:04:49   ├─ /downloads/explanatory/UT-C01.md/ (+0ms) 
20:04:49   ├─ /downloads/explanatory/UT-C02.md/ (+0ms) 
20:04:49   ├─ /downloads/explanatory/UT-E101.md/ (+0ms) 
20:04:49   ├─ /downloads/explanatory/UT-E102.md/ (+0ms) 
20:04:49   ├─ /downloads/explanatory/UT-E103.md/ (+0ms) 
20:04:49   ├─ /downloads/explanatory/UT-E104.md/ (+0ms) 
20:04:49   ├─ /downloads/explanatory/UT-E105.md/ (+0ms) 
20:04:49   ├─ /downloads/explanatory/UT-E106.md/ (+1ms) 
20:04:49   ├─ /downloads/explanatory/UT-E107.md/ (+1ms) 
20:04:49   ├─ /downloads/explanatory/UT-E108.md/ (+0ms) 
20:04:49   ├─ /downloads/explanatory/UT-E109.md/ (+1ms) 
20:04:49   ├─ /downloads/explanatory/UT-E110.md/ (+0ms) 
20:04:49   ├─ /downloads/explanatory/UT-E111.md/ (+0ms) 
20:04:49   ├─ /downloads/explanatory/UT-E112.md/ (+1ms) 
20:04:49   ├─ /downloads/explanatory/UT-E113.md/ (+1ms) 
20:04:49   ├─ /downloads/explanatory/UT-E114.md/ (+0ms) 
20:04:49   ├─ /downloads/explanatory/UT-E115.md/ (+0ms) 
20:04:49   ├─ /downloads/explanatory/UT-E116.md/ (+0ms) 
20:04:49   ├─ /downloads/explanatory/UT-E117.md/ (+0ms) 
20:04:49   ├─ /downloads/explanatory/UT-E118.md/ (+0ms) 
20:04:49   ├─ /downloads/explanatory/UT-E119.md/ (+0ms) 
20:04:49   ├─ /downloads/explanatory/UT-E120.md/ (+0ms) 
20:04:49   ├─ /downloads/explanatory/UT-E121.md/ (+0ms) 
20:04:49   ├─ /downloads/explanatory/UT-E122.md/ (+0ms) 
20:04:49   ├─ /downloads/explanatory/UT-O101.md/ (+0ms) 
20:04:49   ├─ /downloads/explanatory/UT-O102.md/ (+0ms) 
20:04:49   ├─ /downloads/explanatory/UT-O103.md/ (+1ms) 
20:04:49   ├─ /downloads/explanatory/UT-O104.md/ (+1ms) 
20:04:49   ├─ /downloads/explanatory/UT-O105.md/ (+0ms) 
20:04:49   ├─ /downloads/explanatory/UT-O106.md/ (+0ms) 
20:04:49   ├─ /downloads/explanatory/UT-O107.md/ (+0ms) 
20:04:49   ├─ /downloads/explanatory/UT-O108.md/ (+1ms) 
20:04:49   ├─ /downloads/explanatory/DOC-ARTICLE-STRUCTURES.md/ (+0ms) 
20:04:49   ├─ /downloads/explanatory/DOC-ARTICLE-UNIT.md/ (+0ms) 
20:04:49   ├─ /downloads/explanatory/DOC-CONCEPT-INTERACTIONS.md/ (+0ms) 
20:04:49   ├─ /downloads/explanatory/DOC-CONCEPT-RECURSION.md/ (+0ms) 
20:04:49   ├─ /downloads/explanatory/DOC-CONCEPT-STABILITY.md/ (+0ms) 
20:04:49   ├─ /downloads/explanatory/DOC-CONCEPTS.md/ (+0ms) 
20:04:49   ├─ /downloads/explanatory/DOC-EVIDENCE.md/ (+1ms) 
20:04:49   ├─ /downloads/explanatory/DOC-EXAMPLE-CELL.md/ (+0ms) 
20:04:49   ├─ /downloads/explanatory/DOC-EXAMPLE-LIFE.md/ (+0ms) 
20:04:49   ├─ /downloads/explanatory/DOC-EXAMPLE-MOLECULE.md/ (+0ms) 
20:04:49   ├─ /downloads/explanatory/DOC-EXAMPLE-STAR.md/ (+0ms) 
20:04:49   ├─ /downloads/explanatory/DOC-EXAMPLE-STRING.md/ (+0ms) 
20:04:49   ├─ /downloads/explanatory/DOC-EXAMPLE-WATER.md/ (+1ms) 
20:04:49   ├─ /downloads/explanatory/DOC-EXAMPLES.md/ (+0ms) 
20:04:49   ├─ /downloads/explanatory/DOC-HOME.md/ (+0ms) 
20:04:49   ├─ /downloads/explanatory/DOC-SOURCE-LINKS.md/ (+0ms) 
20:04:49   ├─ /downloads/explanatory/DOC-START.md/ (+0ms) 
20:04:49   ├─ /downloads/explanatory/DOC-LIBRARY.md/ (+0ms) 
20:04:49   ├─ /downloads/original/R-CURRENT-AUDIT.md/ (+0ms) 
20:04:49   ├─ /downloads/original/R-CURRENT-AUTHORITY.md/ (+0ms) 
20:04:49   ├─ /downloads/original/R-CURRENT-BACKGROUND.md/ (+0ms) 
20:04:49   ├─ /downloads/original/R-CURRENT-CATALOGUE.md/ (+0ms) 
20:04:49   ├─ /downloads/original/R-CURRENT-CHANGELOG.md/ (+0ms) 
20:04:49   ├─ /downloads/original/R-CURRENT-CHECKS-PACKAGE-VALIDATION-JSON.json/ (+0ms) 
20:04:49   ├─ /downloads/original/R-CURRENT-CHECKS-VERIFICATION-RESULTS-JSON.json/ (+1ms) 
20:04:49   ├─ /downloads/original/R-CURRENT-CHECKS-VERIFY-SMALL-RESULTS-PY.py/ (+0ms) 
20:04:49   ├─ /downloads/original/R-CURRENT-CLAIMS.md/ (+0ms) 
20:04:49   ├─ /downloads/original/R-CURRENT-CONTROL.md/ (+0ms) 
20:04:49   ├─ /downloads/original/R-CURRENT-CORE.md/ (+0ms) 
20:04:49   ├─ /downloads/original/R-CURRENT-FOUNDATIONS-ERRATA-MD.md/ (+1ms) 
20:04:49   ├─ /downloads/original/R-CURRENT-GUIDE.md/ (+0ms) 
20:04:49   ├─ /downloads/original/R-CURRENT-ILLUSTRATIONS.md/ (+0ms) 
20:04:49   ├─ /downloads/original/R-CURRENT-MATH.md/ (+0ms) 
20:04:49   ├─ /downloads/original/R-CURRENT-REGISTER.json/ (+0ms) 
20:04:49   ├─ /downloads/original/R-CURRENT-SCIENCE.md/ (+0ms) 
20:04:49   ├─ /downloads/original/R-CURRENT-WORLD.md/ (+0ms) 
20:04:49   ├─ /downloads/release.json/ (+1ms) 
20:04:49   ├─ /downloads/SHA256SUMS/ (+0ms) 
20:04:49   ├─ /downloads/unity-theory-publication-site-2026.10.05-m6-private-preview.zip/ (+1ms) 
20:04:49   ├─ /fixtures/math/index.html (+6ms) 
20:04:49   ├─ /legal/index.html (+2ms) 
20:04:49   ├─ /references/index.html (+5ms) 
20:04:49   ├─ /rss.xml (+2ms) 
20:04:49   ├─ /search/index.html (+1ms) 
20:04:49   ├─ /sitemap.xml (+1ms) 
20:04:49   ├─ /start/index.html (+9ms) 
20:04:49   ├─ /index.html (+14ms) 
20:04:49   ├─ /research-status/index.html (+25ms) 
20:04:49   ├─ /research-status/proof-matrix/index.html (+7ms) 
20:04:49   ├─ /concepts/geometry-and-modes/index.html (+4ms) 
20:04:49   ├─ /documents/locked-core/index.html (+18ms) 
20:04:49   ├─ /changes/index.html (+8ms) 
20:04:49   ├─ /framework/index.html (+88ms) 
20:04:49   ├─ /math/index.html (+149ms) 
20:04:49   ├─ /evidence/interactions/index.html (+16ms) 
20:04:49   ├─ /evidence/additional/index.html (+22ms) 
20:04:49   ├─ /open-problems/index.html (+7ms) 
20:04:49   ├─ /changes/source-history/index.html (+5ms) 
20:04:49   ├─ /documents/world-explanation/index.html (+44ms) 
20:04:49   ├─ /framework/recursive-background/index.html (+165ms) 
20:04:50   ├─ /math/illustrations/index.html (+59ms) 
20:04:50   ├─ /evidence/catalogue/index.html (+44ms) 
20:04:50   ├─ /research-status/claims/index.html (+12ms) 
20:04:50   ├─ /documents/reading-guide/index.html (+22ms) 
20:04:50   ├─ /documents/source-authority/index.html (+6ms) 
20:04:50   ├─ /documents/foundation-errata/index.html (+8ms) 
20:04:50   ├─ /claims/UT-D01/index.html (+3ms) 
20:04:50   ├─ /claims/UT-D02/index.html (+4ms) 
20:04:50   ├─ /claims/UT-D03/index.html (+4ms) 
20:04:50   ├─ /claims/UT-D04/index.html (+3ms) 
20:04:50   ├─ /claims/UT-D05/index.html (+3ms) 
20:04:50   ├─ /claims/UT-D06/index.html (+3ms) 
20:04:50   ├─ /claims/UT-D07/index.html (+3ms) 
20:04:50   ├─ /claims/UT-D08/index.html (+4ms) 
20:04:50   ├─ /claims/UT-D09/index.html (+3ms) 
20:04:50   ├─ /claims/UT-C01/index.html (+2ms) 
20:04:50   ├─ /claims/UT-C02/index.html (+1ms) 
20:04:50   ├─ /claims/UT-O01/index.html (+1ms) 
20:04:50   ├─ /claims/UT-O02/index.html (+1ms) 
20:04:50   ├─ /claims/UT-O03/index.html (+1ms) 
20:04:50   ├─ /claims/UT-O04/index.html (+1ms) 
20:04:50   ├─ /claims/UT-O05/index.html (+1ms) 
20:04:50   ├─ /claims/UT-O06/index.html (+1ms) 
20:04:50   ├─ /claims/UT-E01/index.html (+3ms) 
20:04:50   ├─ /claims/UT-E02/index.html (+2ms) 
20:04:50   ├─ /claims/UT-E03/index.html (+3ms) 
20:04:50   ├─ /claims/UT-E04/index.html (+3ms) 
20:04:50   ├─ /claims/UT-E05/index.html (+2ms) 
20:04:50   ├─ /claims/UT-E06/index.html (+2ms) 
20:04:50   ├─ /claims/UT-E07/index.html (+2ms) 
20:04:50   ├─ /claims/UT-E08/index.html (+2ms) 
20:04:50   ├─ /claims/UT-E09/index.html (+2ms) 
20:04:50   ├─ /claims/UT-E10/index.html (+5ms) 
20:04:50   ├─ /claims/UT-E11/index.html (+5ms) 
20:04:50   ├─ /claims/UT-E12/index.html (+4ms) 
20:04:50   ├─ /claims/UT-E101/index.html (+2ms) 
20:04:50   ├─ /claims/UT-E102/index.html (+2ms) 
20:04:50   ├─ /claims/UT-E103/index.html (+2ms) 
20:04:50   ├─ /claims/UT-E104/index.html (+2ms) 
20:04:50   ├─ /claims/UT-E105/index.html (+2ms) 
20:04:50   ├─ /claims/UT-E106/index.html (+2ms) 
20:04:50   ├─ /claims/UT-E107/index.html (+2ms) 
20:04:50   ├─ /claims/UT-E108/index.html (+3ms) 
20:04:50   ├─ /claims/UT-E109/index.html (+2ms) 
20:04:50   ├─ /claims/UT-E110/index.html (+2ms) 
20:04:50   ├─ /claims/UT-E111/index.html (+2ms) 
20:04:50   ├─ /claims/UT-E112/index.html (+2ms) 
20:04:50   ├─ /claims/UT-E113/index.html (+2ms) 
20:04:50   ├─ /claims/UT-E114/index.html (+3ms) 
20:04:50   ├─ /claims/UT-E115/index.html (+2ms) 
20:04:50   ├─ /claims/UT-E116/index.html (+2ms) 
20:04:50   ├─ /claims/UT-E117/index.html (+3ms) 
20:04:50   ├─ /claims/UT-E118/index.html (+2ms) 
20:04:50   ├─ /claims/UT-E119/index.html (+3ms) 
20:04:50   ├─ /claims/UT-E120/index.html (+3ms) 
20:04:50   ├─ /claims/UT-E121/index.html (+2ms) 
20:04:50   ├─ /claims/UT-E122/index.html (+2ms) 
20:04:50   ├─ /claims/UT-O101/index.html (+1ms) 
20:04:50   ├─ /claims/UT-O102/index.html (+1ms) 
20:04:50   ├─ /claims/UT-O103/index.html (+1ms) 
20:04:50   ├─ /claims/UT-O104/index.html (+1ms) 
20:04:50   ├─ /claims/UT-O105/index.html (+2ms) 
20:04:50   ├─ /claims/UT-O106/index.html (+2ms) 
20:04:50   ├─ /claims/UT-O107/index.html (+1ms) 
20:04:50   ├─ /claims/UT-O108/index.html (+1ms) 
20:04:50   ├─ /articles/how-existing-structures-make-new-organization-possible/index.html (+3ms) 
20:04:50   ├─ /articles/when-can-a-whole-be-treated-as-one-useful-unit/index.html (+4ms) 
20:04:50   ├─ /concepts/effective-interactions/index.html (+4ms) 
20:04:50   ├─ /concepts/recursion/index.html (+3ms) 
20:04:50   ├─ /concepts/stability/index.html (+3ms) 
20:04:50   ├─ /concepts/index.html (+2ms) 
20:04:50   ├─ /evidence/index.html (+7ms) 
20:04:50   ├─ /examples/cell/index.html (+3ms) 
20:04:50   ├─ /examples/life-environment/index.html (+2ms) 
20:04:50   ├─ /examples/molecule/index.html (+2ms) 
20:04:50   ├─ /examples/star/index.html (+3ms) 
20:04:50   ├─ /examples/string/index.html (+2ms) 
20:04:50   ├─ /examples/water/index.html (+2ms) 
20:04:50   ├─ /examples/index.html (+3ms) 
20:04:50   ├─ /evidence/source-links/index.html (+46ms) 
20:04:50   ├─ /documents/index.html (+18ms) 
20:04:50 ✓ Completed in 4.65s.

20:04:50 [build] ✓ Completed in 4.91s.
20:04:50 [build] 104 page(s) built in 6.92s
20:04:50 [build] Complete!
preview artifact: /Users/new/RiderProjects/RPG_theory/dist/github-pages-rebind/preview-target; deployEligible=false

Running npm run audit:output -- --dir dist/github-pages-rebind/preview-target

> unity-theory@0.0.1 audit:output
> tsx scripts/audit-output.ts --dir dist/github-pages-rebind/preview-target

{"status":"PASS","mode":"preview","basePath":"/RPG_theory/","deployEligible":false,"files":269,"artifactSha256":"e2e05715857e4995d7f0d1c7b51a35ae5d99d08f4e3c9bb7b20e1d36a5f6dcbd"}

Running npm run test:content

> unity-theory@0.0.1 test:content
> tsx --test tests/content/*.test.ts


Interrupted while running:

⚠ tests/content/contracts.test.ts (tests/content/contracts.test.ts:1:1)
⚠ tests/content/m1-review.test.ts (tests/content/m1-review.test.ts:1:1)
⚠ tests/content/m1.test.ts (tests/content/m1.test.ts:1:1)
⚠ tests/content/m2.test.ts (tests/content/m2.test.ts:1:1)
⚠ tests/content/m3.test.ts (tests/content/m3.test.ts:1:1)
⚠ tests/content/m4.test.ts (tests/content/m4.test.ts:1:1)
⚠ tests/content/m5.test.ts (tests/content/m5.test.ts:1:1)
⚠ tests/content/m6.test.ts (tests/content/m6.test.ts:1:1)
⚠ tests/content/m7.test.ts (tests/content/m7.test.ts:1:1)
⚠ tests/content/page-lifecycle.test.ts (tests/content/page-lifecycle.test.ts:1:1)
⚠ tests/content/revision-cli.test.ts (tests/content/revision-cli.test.ts:1:1)
⚠ tests/content/revision-inventory-cli.test.ts (tests/content/revision-inventory-cli.test.ts:1:1)
⚠ tests/content/source-link-r2.test.ts (tests/content/source-link-r2.test.ts:1:1)
⚠ tests/content/source-reconciliation.test.ts (tests/content/source-reconciliation.test.ts:1:1)
⚠ tests/content/website-fidelity.test.ts (tests/content/website-fidelity.test.ts:1:1)
✖ tests/content/contracts.test.ts (550415.215625ms)
✔ each additional-evidence mapping declares every core clause named by its actual excerpt (2039.607542ms)
✔ the actual start explanation tracks emergent evidence, its support metadata and current status (1158.355041ms)
✔ background-extension changes invalidate the actual E12 interpretation and its consumers (1392.034333ms)
✔ review fingerprints track real URL, selection, style and pinned rendering dependency inputs (8232.885667ms)
✔ historical representation decisions do not populate website fidelity or qualify the source (895.8495ms)
✔ independent statement, bad binding range/hash, wrong record kind, duplicates and unknown sources fail (86.581875ms)
✔ source-scoped aliases keep historical S01 local; duplicates and unresolved aliases fail (16.422875ms)
✔ source URL aliases preserve case-sensitive paths while DOI identity remains case insensitive (839.2705ms)
✔ non-DOI citation identity preserves added or removed trailing path separators (1440.150667ms)
✔ missing or cyclic semantic dependency fails; related feedback does not create proof cycles (2580.622333ms)
✔ authority notes cannot supply scientific excerpts; invalid states and real dates fail (67.159458ms)
✔ safe directives render actual canonical explanations, extract dependencies and reject executable/unknown syntax (3.801083ms)
✔ dependency changes stale exact reviews and report reverse dependants; unrelated bibliography is local (1526.455625ms)
✔ changing a relevant source verification scope or relevant citation stales its review (2230.388667ms)
✔ shared release selector refuses actual pending corpus, missing/stale reviews, future publication and rights (4692.641833ms)
✔ one manifest excludes drafts from every production surface and rejects published draft dependencies (1211.004416ms)
✔ withdrawn history is explicitly selected as a tombstone; former body is removed (1356.265834ms)
✔ source display adapters preserve raw bindings while rendering status/math/table consumers (2109.60825ms)
✔ source revision transaction refuses missing prior-byte preservation and incomplete core proof gate (2024.958125ms)
✔ actual supplied 07 and 08 cannot disappear behind a matching core (8.292542ms)
✔ a missing or mismatched actual local citation alias fails the source adapter (29.87325ms)
✔ project reproduction cannot be asserted with an invented execution receipt (16.849375ms)
✔ Markdown directive export uses ordinary links and leaves code examples untouched (1.578417ms)
✔ statement directives are order-independent; nested references and cycles reach the shared graph (1058.713083ms)
✔ scientific identities cannot bypass proposal provenance or masquerade as documents (50.507958ms)
✔ package support is byte-admitted without becoming scientific authority (501.409333ms)
✔ retained historical excerpts remain historical; supersession is reciprocal and draft history stays out of discovery (954.043791ms)
✔ review rejection is distinct from pending; alternate citation review binds its primary metadata (446.414458ms)
✔ source, bibliography, execution and renderer identity changes report or stale their actual dependants (1159.627292ms)
✔ actual status, proof and home summaries depend on their core definitions and emergent evidence (3165.587333ms)
✔ withdrawal removes old title, scope, source mapping, evidence and bibliography from all rendered regions (803.391917ms)
✔ bibliographic verification cannot retain a checked label after metadata substitution (75.079958ms)
✔ release rejects future updates and reviews independently of the publication date (1295.56575ms)
✔ qualification uses reviewed production selection; a preview cannot be relabelled qualification (677.0705ms)
✔ Markdown export validates safety, expands nested references and leaves math samples intact (491.800208ms)
✔ directives cannot create nested anchors in link labels or Markdown exports (0.808333ms)
✔ proposals display non-adoption and cannot supersede source-authoritative records (857.690917ms)
✔ revision impact retains predecessor dependants when the next graph removes an edge (2168.454708ms)
✔ M2 examples and concepts use the admitted source edition and explicit original-source mappings (0.679709ms)
✔ M2 misleading editorial candidates are surfaced and cannot become a qualified selection without independent review (6351.825791ms)
✔ the real interaction relation is a display equation with an accessible local scrolling region (63.440416ms)
✔ optional beginner source details preserve visible proposal, correction, explanation and limits (1.926542ms)
✔ M2 rendering changes invalidate preserved predecessor decisions independently of later bounded reviews (1655.670125ms)
✔ M3 technical readings extract each complete original body with retained addenda and source provenance (1845.509917ms)
✔ selected catalogue retains all 22 case identities and source-reported two-axis classification (66.260541ms)
✔ current questions and audit preserve the promoted source scope while predecessor IDs remain historical (0.164708ms)
✔ technical guides use actual heading anchors and selected routes at both bases (9769.012625ms)
✔ M3 preserves issued decisions without turning new readings or builds into approvals (9.430666ms)
✔ the disclosed section 39 display repair preserves three separate formulas and refuses a changed boundary (8.078541ms)
✔ M4 explanatory exports mirror canonical parsed statements, retain adapters and have usable destinations at both bases (15970.829375ms)
✖ M4 ZIP manifests preserve original bytes and exclude administrative evidence/history; tampered members fail (4655.795833ms)
✔ M4 approved selection filters draft/history/withdrawn downloads and emits dated article RSS at both bases (735.2405ms)
✔ M4 duplicate article routes and stale source numbers refuse; document source rename does not rename its route (1214.695958ms)
✔ M4 citation remains inactive for actual missing decisions; prepared CFF uses only supplied approved metadata (1986.453334ms)
✔ M4 print CSS admits page layout and literal citation targets while refusing resource-bearing attr forms (6.035334ms)
✔ M5 actual identity stays pending and every rights surface preserves separate scope and lawful exceptions (97.588292ms)
✔ M5 explicit synthetic credit drives About/footer/CFF without inferred contact or identity (14.647ms)
✔ M5 deployment rejects PR, fixture host, unapproved target, missing identity and pending scoped rights with named reasons (1.677916ms)
✔ M5 scoped license declarations bind exact files; no additional license state cannot imply a grant (4.210791ms)
✔ M5 targeted legal-copy control flags the faux any-use royalty claim; a parser never certifies legal wording (1.084416ms)
✔ M5 actual workflow is read-only for PRs and manual artifact-bound for deploy; privileged PR mutation refuses (80.35125ms)
✔ M5 public repository screen refuses private/history paths and reports secret locations without values (1.256041ms)
✔ M5 actual website and ZIP carry the exact renderer notice without project licensing or administrative material (3759.499541ms)
✔ M6 real drafts never enter search/sitemap; private utility metadata invents no author or institution (2065.285958ms)
✔ M6 correction transaction invalidates dependants, requires explicit synthetic rereview and excludes the replaced route (1299.936667ms)
✔ M6 missing search body and misleading scope fail before indexing (1504.30175ms)
✔ M6 stale search identity and added source-map/private assets are refused in the actual artifact auditor (8946.734625ms)
✔ M7 live transport matches every qualified file, Git/input/seal identity and true 404 at both bases (90.913708ms)
✔ M7 live verification refuses actual private target and private/forged receipts before network access (1.316291ms)
✔ M7 live byte drift, redirects, mismatched same-run seal and soft 404 all fail (6.81825ms)
✔ M7 refuses bound-but-dirty or fixture build identities rather than qualifying their self-description (0.941458ms)
✔ M7 prepare receipts use the narrow ignored evidence directory; issued tracked evidence still makes Git dirty (623.772166ms)
✔ real home/start emit withdrawal tombstones through the shared consumer and output auditor (71329.283958ms)
✖ real revision CLI validates preserved editions and reports pending dependants; it cannot write approvals (3259.833334ms)
✖ real revision CLI accounts for both rename paths without inventing a core-byte change: 07_audit_report.md (3315.503166ms)
✖ real revision CLI accounts for both rename paths without inventing a core-byte change: 00_LOCKED_CORE.md (2644.131ms)
✔ selected current cases use their actual inventory; document-scoped C1 and E labels retain distinct meanings (3468.676834ms)
✔ adapted check exposes duplicate cases/DOIs, unknown claims and incomplete selected inventory (6955.149916ms)
✔ adapted check rejects label collisions, wrong editions and case-to-paper substitutions (2346.976ms)
✔ version/access links retain every BIB target without displaying independent duplicate publications (790.473333ms)
✔ a displayed alternate is bound to its parent user review and remains local to that publication (4.065792ms)
✔ HTML, explanatory downloads and ZIP preserve scoped findings and original bytes at both bases (7396.060708ms)
✔ document links, reference-style links and case sections resolve to real HTML at both bases (131.172666ms)
✔ current source downloads preserve exact bytes and correct file types; historical drafts stay outside exports and navigation (3853.306625ms)
✔ intake contentReview accepted cannot qualify actual or synthetic bytes; historical approvals stay separate (1026.47ms)
✔ hashed exact fidelity evidence is required; scientific approval or request-only data cannot substitute (1365.154625ms)
✔ bounded fidelity decisions need no linked scientific acceptance; dependency changes still stale the decision (1783.131417ms)
✔ complete isolated fidelity inventory derives qualification, while synthetic scope and missing reviews refuse it (1904.7625ms)
✔ null, primitive and incomplete stale evidence fail with the intended typed diagnostic (1771.551708ms)
✔ review dates cannot predate the reviewed material, including dependency updates (1513.797667ms)
✔ receipt paths reject traversal, symlink files and symlink ancestors (1077.874958ms)
✔ review inputs independently capture rendered plain language and the actual home projection without aliasing (794.29425ms)
✔ stale decisions retain internally coherent dates, source excerpts, dependencies and projection reads (18568.613ms)
✔ receipt paths reject control characters even when a matching regular file exists (716.89575ms)
✔ a real loader roundtrip validates hashed decisions and qualifies only the reviewed selection, ignoring unrelated drafts and historical scientific registry bytes (21599.3235ms)
ℹ tests 96
ℹ suites 0
ℹ pass 91
ℹ fail 4
ℹ cancelled 1
ℹ skipped 0
ℹ todo 0
ℹ duration_ms 550420.989917

✖ failing tests:

test at tests/content/contracts.test.ts:1:1
✖ tests/content/contracts.test.ts (550415.215625ms)
  'Promise resolution is still pending but the event loop has already resolved'

test at tests/content/m4.test.ts:51:1
✖ M4 ZIP manifests preserve original bytes and exclude administrative evidence/history; tampered members fail (4655.795833ms)
  AssertionError [ERR_ASSERTION]: The expression evaluated to a falsy value:
  
    assert.ok(src.declaredCurrent)
  
      at TestContext.<anonymous> (/Users/new/RiderProjects/RPG_theory/tests/content/m4.test.ts:54:92)
      at Test.runInAsyncScope (node:async_hooks:227:14)
      at Test.run (node:internal/test_runner/test:1325:25)
      at Test.processPendingSubtests (node:internal/test_runner/test:911:18)
      at Test.postRun (node:internal/test_runner/test:1465:19)
      at Test.run (node:internal/test_runner/test:1390:12)
      at async startSubtestAfterBootstrap (node:internal/test_runner/harness:385:3) {
    generatedMessage: true,
    code: 'ERR_ASSERTION',
    actual: false,
    expected: true,
    operator: '==',
    diff: 'simple'
  }

test at tests/content/revision-cli.test.ts:9:1
✖ real revision CLI validates preserved editions and reports pending dependants; it cannot write approvals (3259.833334ms)
  AssertionError [ERR_ASSERTION]: /Users/new/RiderProjects/RPG_theory/src/lib/content.ts:22
  function fail(code: string, message: string): never { throw new ContractError(code, message); }
                                                              ^
  
  ContractError: SOURCE_REGISTRY_FAILURE: R-CURRENT-FOUNDATIONS-01-WORLD-EXPLANATION-MD
      at fail (/Users/new/RiderProjects/RPG_theory/src/lib/content.ts:22:61)
      at validateCorpus (/Users/new/RiderProjects/RPG_theory/src/lib/content.ts:57:142)
      at loadCanonicalCorpus (/Users/new/RiderProjects/RPG_theory/src/lib/content.ts:205:10)
      at <anonymous> (/Users/new/RiderProjects/RPG_theory/scripts/check-source-revision.ts:18:49)
      at ModuleJob.run (node:internal/modules/esm/module_job:439:25)
      at async node:internal/modules/esm/loader:643:26
      at async asyncRunEntryPointWithESMLoader (node:internal/modules/run_main:101:5) {
    code: 'SOURCE_REGISTRY_FAILURE'
  }
  
  Node.js v24.18.0
  
  
  1 !== 0
  
      at TestContext.<anonymous> (/Users/new/RiderProjects/RPG_theory/tests/content/revision-cli.test.ts:52:86)
      at Test.runInAsyncScope (node:async_hooks:227:14)
      at Test.run (node:internal/test_runner/test:1325:25)
      at Test.start (node:internal/test_runner/test:1191:17)
      at startSubtestAfterBootstrap (node:internal/test_runner/harness:385:17) {
    generatedMessage: false,
    code: 'ERR_ASSERTION',
    actual: 1,
    expected: 0,
    operator: 'strictEqual',
    diff: 'simple'
  }

test at tests/content/revision-inventory-cli.test.ts:9:65
✖ real revision CLI accounts for both rename paths without inventing a core-byte change: 07_audit_report.md (3315.503166ms)
  AssertionError [ERR_ASSERTION]: /Users/new/RiderProjects/RPG_theory/src/lib/content.ts:22
  function fail(code: string, message: string): never { throw new ContractError(code, message); }
                                                              ^
  
  ContractError: SOURCE_REGISTRY_FAILURE: R-CURRENT-FOUNDATIONS-01-WORLD-EXPLANATION-MD
      at fail (/Users/new/RiderProjects/RPG_theory/src/lib/content.ts:22:61)
      at validateCorpus (/Users/new/RiderProjects/RPG_theory/src/lib/content.ts:57:142)
      at loadCanonicalCorpus (/Users/new/RiderProjects/RPG_theory/src/lib/content.ts:205:10)
      at <anonymous> (/Users/new/RiderProjects/RPG_theory/scripts/check-source-revision.ts:18:49)
      at ModuleJob.run (node:internal/modules/esm/module_job:439:25)
      at async node:internal/modules/esm/loader:643:26
      at async asyncRunEntryPointWithESMLoader (node:internal/modules/run_main:101:5) {
    code: 'SOURCE_REGISTRY_FAILURE'
  }
  
  Node.js v24.18.0
  
  
  1 !== 0
  
      at TestContext.<anonymous> (/Users/new/RiderProjects/RPG_theory/tests/content/revision-inventory-cli.test.ts:63:36)
      at Test.runInAsyncScope (node:async_hooks:227:14)
      at Test.run (node:internal/test_runner/test:1325:25)
      at Test.start (node:internal/test_runner/test:1191:17)
      at startSubtestAfterBootstrap (node:internal/test_runner/harness:385:17) {
    generatedMessage: false,
    code: 'ERR_ASSERTION',
    actual: 1,
    expected: 0,
    operator: 'strictEqual',
    diff: 'simple'
  }

test at tests/content/revision-inventory-cli.test.ts:9:65
✖ real revision CLI accounts for both rename paths without inventing a core-byte change: 00_LOCKED_CORE.md (2644.131ms)
  AssertionError [ERR_ASSERTION]: /Users/new/RiderProjects/RPG_theory/src/lib/content.ts:22
  function fail(code: string, message: string): never { throw new ContractError(code, message); }
                                                              ^
  
  ContractError: SOURCE_REGISTRY_FAILURE: R-CURRENT-FOUNDATIONS-01-WORLD-EXPLANATION-MD
      at fail (/Users/new/RiderProjects/RPG_theory/src/lib/content.ts:22:61)
      at validateCorpus (/Users/new/RiderProjects/RPG_theory/src/lib/content.ts:57:142)
      at loadCanonicalCorpus (/Users/new/RiderProjects/RPG_theory/src/lib/content.ts:205:10)
      at <anonymous> (/Users/new/RiderProjects/RPG_theory/scripts/check-source-revision.ts:18:49)
      at ModuleJob.run (node:internal/modules/esm/module_job:439:25)
      at async node:internal/modules/esm/loader:643:26
      at async asyncRunEntryPointWithESMLoader (node:internal/modules/run_main:101:5) {
    code: 'SOURCE_REGISTRY_FAILURE'
  }
  
  Node.js v24.18.0
  
  
  1 !== 0
  
      at TestContext.<anonymous> (/Users/new/RiderProjects/RPG_theory/tests/content/revision-inventory-cli.test.ts:63:36)
      at Test.runInAsyncScope (node:async_hooks:227:14)
      at Test.run (node:internal/test_runner/test:1325:25)
      at Test.processPendingSubtests (node:internal/test_runner/test:911:18)
      at Test.postRun (node:internal/test_runner/test:1465:19)
      at Test.run (node:internal/test_runner/test:1390:12)
      at async startSubtestAfterBootstrap (node:internal/test_runner/harness:385:3) {
    generatedMessage: false,
    code: 'ERR_ASSERTION',
    actual: 1,
    expected: 0,
    operator: 'strictEqual',
    diff: 'simple'
  }
