
> unity-theory@0.0.1 verify
> tsx scripts/verify.ts --output-root dist/m1-website-fidelity --evidence-dir docs/evidence/m1/website-fidelity-contract


Running npm run check

> unity-theory@0.0.1 check
> astro check

11:13:59 [content] Syncing content
11:13:59 [content] Astro config changed
11:13:59 [content] Clearing content store
11:13:59 [content] Synced content
11:13:59 [types] Generated 571ms
11:14:00 [check] Getting diagnostics for Astro files in /Users/new/RiderProjects/RPG_theory...
[96mscripts/audit-output.ts[0m:[93m8[0m:[93m19[0m - [93mwarning[0m[90m ts(6133): [0m'sourceState' is declared but its value is never read.

[7m8[0m import { filesIn, sourceState } from '../src/lib/source-admission.js';
[7m [0m [93m                  ~~~~~~~~~~~[0m

[96mscripts/check-content.ts[0m:[93m1[0m:[93m50[0m - [93mwarning[0m[90m ts(6133): [0m'reviewState' is declared but its value is never read.

[7m1[0m import { loadCanonicalCorpus, reviewFingerprint, reviewState, affectedEntries, renderEntrySync, dependencyClosure } from '../src/lib/content.js';
[7m [0m [93m                                                 ~~~~~~~~~~~[0m

[96mscripts/check-sources.ts[0m:[93m4[0m:[93m32[0m - [93mwarning[0m[90m ts(6133): [0m'readAdmission' is declared but its value is never read.

[7m4[0m import { qualifyCurrentSource, readAdmission, verifyIdentities } from '../src/lib/source-admission.js';
[7m [0m [93m                               ~~~~~~~~~~~~~[0m
[96mscripts/check-sources.ts[0m:[93m4[0m:[93m10[0m - [93mwarning[0m[90m ts(6133): [0m'qualifyCurrentSource' is declared but its value is never read.

[7m4[0m import { qualifyCurrentSource, readAdmission, verifyIdentities } from '../src/lib/source-admission.js';
[7m [0m [93m         ~~~~~~~~~~~~~~~~~~~~[0m

[96mtests/content/contracts.test.ts[0m:[93m9[0m:[93m67[0m - [93mwarning[0m[90m ts(6133): [0m'sourceState' is declared but its value is never read.

[7m9[0m import { qualifyCurrentSource, validateBinding, verifyIdentities, sourceState, type AdmissionRecord } from '../../src/lib/source-admission.js';
[7m [0m [93m                                                                  ~~~~~~~~~~~[0m

Result (49 files): 
- 0 errors
- 0 warnings
- 5 hints


Running npm run check:sources -- --scope history

> unity-theory@0.0.1 check:sources
> tsx scripts/check-sources.ts --scope history

{"status":"PASS","historicalFiles":14,"noticeTranscriptions":2,"authorityNoticeOnly":true}

Running npm run check:sources -- --scope current

> unity-theory@0.0.1 check:sources
> tsx scripts/check-sources.ts --scope current

{"availability":"AVAILABLE_BYTES_VERIFIED","bytesVerified":true,"corpusScope":"current","currentSourceQualified":false,"qualificationBasis":"website-source-fidelity/1","files":13,"coreSha256":"b6d3e7c75285889afe94cabf083ba5fb80f401c656613ba6a80d2f0149b655e1","inventorySeal":"25d4e1e9476da06972bd30245ea4d6abe6be0a0e9bc56aaa0ae9e09179a6386a","edition":"RRG v0.2 locked + evidence updates; promoted 2026-10-01","sourceBoundEntries":31,"websiteFidelity":"pending","scientificCertification":"out-of-scope"}

Running npm run check:content

> unity-theory@0.0.1 check:content
> tsx scripts/check-content.ts

{"schema":"unity-content-check/1","status":"PASS","date":"2026-10-02T08:14:05.768Z","admission":{"availability":"AVAILABLE_BYTES_VERIFIED","bytesVerified":true,"corpusScope":"current","currentSourceQualified":false,"qualificationBasis":"website-source-fidelity/1","files":13,"coreSha256":"b6d3e7c75285889afe94cabf083ba5fb80f401c656613ba6a80d2f0149b655e1","inventorySeal":"25d4e1e9476da06972bd30245ea4d6abe6be0a0e9bc56aaa0ae9e09179a6386a","edition":"RRG v0.2 locked + evidence updates; promoted 2026-10-01"},"entries":34,"affected":[],"reviewPurpose":"website-source-fidelity/1","scientificCertification":"out-of-scope","acceptedReviews":0,"historicalScientificReviews":19}

Running npm run test:content

> unity-theory@0.0.1 test:content
> tsx --test tests/content/*.test.ts

✔ missing current sources reach CURRENT_SOURCE_PACKAGE_MISSING (3.33575ms)
✔ one-byte history mutation reaches HISTORICAL_INTEGRITY_FAILURE (3.003708ms)
✔ unrecorded core change reaches LOCKED_CORE_MISMATCH (1.988291ms)
✔ missing required manifest member reaches CURRENT_MANIFEST_INCOMPLETE (2.16175ms)
✔ mixed stale sibling with matching core reaches SOURCE_INTEGRITY_FAILURE (1.502584ms)
✔ wrong source/excerpt binding reaches SOURCE_BINDING_FAILURE (1.43625ms)
✔ history offered as current reaches LEGACY_SOURCE_REJECTED (0.797709ms)
✔ complete justified revised synthetic edition passes without historical-pin veto (2.173291ms)
✔ silent edition-pin reset still fails (1.081209ms)
✔ recorded membership omissions, duplicates and unknown manifest formats fail against actual text (2.18925ms)
✔ root, subpath, file endpoints and path collisions use the same URL owner (0.22075ms)
✔ release with fixture host or unqualified scientific corpus fails closed (0.2535ms)
✔ root-only asset in subpath output reaches BASE_PATH_FAILURE (1461.487625ms)
✔ output audit requires routes, rejects extra private files and stale/relabelled identity (2013.296459ms)
✔ absolute same-site links/fragments are local; unsafe links and remote resources fail (3330.649458ms)
✔ artifact audit rejects false source identity and active SVG files (809.167334ms)
✔ Markdown renders MathML, prefixes links and rejects HTML/unsafe destinations (3.475041ms)
✔ Markdown reference links/images share safety and base handling (2.897167ms)
✔ math macros cannot leak between documents and trusted HTML commands emit no active link (1.826333ms)
✔ safe archive extraction rejects traversal, absolute paths, symlinks, collisions and unexpected roots (75.652ms)
✔ output audit rejects changed source-bound display, manifest substitutions and draft sentinels (747.21425ms)
✔ output audit binds bibliography text, destinations, support limits, status, projection and navigation (2604.620542ms)
✔ output audit rejects multiply encoded local traversal (538.195959ms)
✔ document metadata comparison scopes the title to the head, preserving accessible SVG titles (551.195875ms)
✔ each additional-evidence mapping declares every core clause named by its actual excerpt (399.422ms)
✔ the actual start explanation tracks emergent evidence, its support metadata and current status (110.595542ms)
✔ background-extension changes invalidate the actual E12 interpretation and its consumers (142.014125ms)
✔ review fingerprints track real URL, selection, style and pinned rendering dependency inputs (939.00975ms)
✔ historical representation decisions do not populate website fidelity or qualify the source (0.894791ms)
✔ independent statement, bad binding range/hash, wrong record kind, duplicates and unknown sources fail (142.5205ms)
✔ source-scoped aliases keep historical S01 local; duplicates and unresolved aliases fail (9.357791ms)
✔ source URL aliases preserve case-sensitive paths while DOI identity remains case insensitive (127.274084ms)
✔ non-DOI citation identity preserves added or removed trailing path separators (165.195042ms)
✔ missing or cyclic semantic dependency fails; related feedback does not create proof cycles (204.680417ms)
✔ authority notes cannot supply scientific excerpts; invalid states and real dates fail (33.884042ms)
✔ safe directives render actual canonical explanations, extract dependencies and reject executable/unknown syntax (27.245375ms)
✔ dependency changes stale exact reviews and report reverse dependants; unrelated bibliography is local (153.580875ms)
✔ changing a relevant source verification scope or relevant citation stales its review (179.044375ms)
✔ shared release selector refuses actual pending corpus, missing/stale reviews, future publication and rights (360.631708ms)
✔ one manifest excludes drafts from every production surface and rejects published draft dependencies (66.010291ms)
✔ withdrawn history is explicitly selected as a tombstone; former body is removed (86.63525ms)
✔ source display adapters preserve raw bindings while rendering status/math/table consumers (262.3545ms)
✔ source revision transaction refuses missing prior-byte preservation and incomplete core proof gate (236.498458ms)
✔ actual supplied 07 and 08 cannot disappear behind a matching core (5.658542ms)
✔ a missing or mismatched actual local citation alias fails the source adapter (45.099792ms)
✔ project reproduction cannot be asserted with an invented execution receipt (18.738375ms)
✔ Markdown directive export uses ordinary links and leaves code examples untouched (22.768625ms)
✔ statement directives are order-independent; nested references and cycles reach the shared graph (224.449334ms)
✔ scientific identities cannot bypass proposal provenance or masquerade as documents (36.935375ms)
✔ retained historical excerpts remain historical; supersession is reciprocal and draft history stays out of discovery (149.475375ms)
✔ review rejection is distinct from pending; alternate citation review binds its primary metadata (67.939333ms)
✔ source, bibliography, execution and renderer identity changes report or stale their actual dependants (65.524625ms)
✔ actual status, proof and home summaries depend on their core definitions and emergent evidence (171.275125ms)
✔ withdrawal removes old title, scope, source mapping, evidence and bibliography from all rendered regions (57.075084ms)
✔ bibliographic verification cannot retain a checked label after metadata substitution (85.737541ms)
✔ release rejects future updates and reviews independently of the publication date (360.358584ms)
✔ qualification uses reviewed production selection; a preview cannot be relabelled qualification (123.628042ms)
✔ Markdown export validates safety, expands nested references and leaves math samples intact (89.441875ms)
✔ directives cannot create nested anchors in link labels or Markdown exports (3.472459ms)
✔ proposals display non-adoption and cannot supersede source-authoritative records (89.954125ms)
✔ revision impact retains predecessor dependants when the next graph removes an edge (116.509667ms)
✔ real home/start emit withdrawal tombstones through the shared consumer and output auditor (10196.374084ms)
✔ real revision CLI validates preserved editions and reports pending dependants; it cannot write approvals (6213.436333ms)
✔ real revision CLI accounts for both rename paths without inventing a core-byte change: 04_status_and_blockers.md (3965.570416ms)
✔ real revision CLI accounts for both rename paths without inventing a core-byte change: 00_LOCKED_CORE.md (3450.803167ms)
✔ intake contentReview accepted cannot qualify actual or synthetic bytes; historical approvals stay separate (349.845875ms)
✖ hashed exact fidelity evidence is required; scientific approval or request-only data cannot substitute (237.243375ms)
✔ bounded fidelity decisions need no linked scientific acceptance; dependency changes still stale the decision (133.495667ms)
✔ complete isolated fidelity inventory derives qualification, while synthetic scope and missing reviews refuse it (177.232958ms)
ℹ tests 69
ℹ suites 0
ℹ pass 68
ℹ fail 1
ℹ cancelled 0
ℹ skipped 0
ℹ todo 0
ℹ duration_ms 13460.115125

✖ failing tests:

test at tests/content/website-fidelity.test.ts:24:1
✖ hashed exact fidelity evidence is required; scientific approval or request-only data cannot substitute (237.243375ms)
  AssertionError [ERR_ASSERTION]: Missing expected exception.
      at TestContext.<anonymous> (/Users/new/RiderProjects/RPG_theory/tests/content/website-fidelity.test.ts:38:117)
      at Test.runInAsyncScope (node:async_hooks:227:14)
      at Test.run (node:internal/test_runner/test:1325:25)
      at Test.processPendingSubtests (node:internal/test_runner/test:911:18)
      at Test.postRun (node:internal/test_runner/test:1465:19)
      at Test.run (node:internal/test_runner/test:1390:12)
      at async startSubtestAfterBootstrap (node:internal/test_runner/harness:385:3) {
    generatedMessage: false,
    code: 'ERR_ASSERTION',
    actual: undefined,
    expected: /WEBSITE_REVIEW_EVIDENCE_REQUIRED/,
    operator: 'throws',
    diff: 'simple'
  }
