✖ M7 browser selects all five query destinations at / and refuses a redirect (9.961208ms)
✖ M7 browser selects all five query destinations at /unity-theory/ and refuses a redirect (1.924334ms)
ℹ tests 2
ℹ suites 0
ℹ pass 0
ℹ fail 2
ℹ cancelled 0
ℹ skipped 0
ℹ todo 0
ℹ duration_ms 421.736

✖ failing tests:

test at tests/m7/live-browser.test.ts:1:435
✖ M7 browser selects all five query destinations at / and refuses a redirect (9.961208ms)
  browserType.launch: Executable doesn't exist at /Users/new/Library/Caches/ms-playwright/chromium_headless_shell-1243/chrome-headless-shell-mac-arm64/chrome-headless-shell
  ╔════════════════════════════════════════════════════════════╗
  ║ Looks like Playwright was just installed or updated.       ║
  ║ Please run the following command to download new browsers: ║
  ║                                                            ║
  ║     npx playwright install                                 ║
  ║                                                            ║
  ║ <3 Playwright Team                                         ║
  ╚════════════════════════════════════════════════════════════╝
      at TestContext.<anonymous> (/Users/new/RiderProjects/RPG_theory/tests/m7/live-browser.test.ts:12:32) {
    name: 'Error',
    log: []
  }

test at tests/m7/live-browser.test.ts:1:435
✖ M7 browser selects all five query destinations at /unity-theory/ and refuses a redirect (1.924334ms)
  browserType.launch: Executable doesn't exist at /Users/new/Library/Caches/ms-playwright/chromium_headless_shell-1243/chrome-headless-shell-mac-arm64/chrome-headless-shell
  ╔════════════════════════════════════════════════════════════╗
  ║ Looks like Playwright was just installed or updated.       ║
  ║ Please run the following command to download new browsers: ║
  ║                                                            ║
  ║     npx playwright install                                 ║
  ║                                                            ║
  ║ <3 Playwright Team                                         ║
  ╚════════════════════════════════════════════════════════════╝
      at TestContext.<anonymous> (/Users/new/RiderProjects/RPG_theory/tests/m7/live-browser.test.ts:12:32) {
    name: 'Error',
    log: []
  }
