✖ M7 browser selects all five query destinations at / and refuses a redirect (149.014542ms)
✖ M7 browser selects all five query destinations at /unity-theory/ and refuses a redirect (40.14975ms)
ℹ tests 2
ℹ suites 0
ℹ pass 0
ℹ fail 2
ℹ cancelled 0
ℹ skipped 0
ℹ todo 0
ℹ duration_ms 523.63375

✖ failing tests:

test at tests/m7/live-browser.test.ts:1:435
✖ M7 browser selects all five query destinations at / and refuses a redirect (149.014542ms)
  browserType.launch: Target page, context or browser has been closed
  Browser logs:
  
  <launching> /Users/new/RiderProjects/RPG_theory/node_modules/.cache/ms-playwright/chromium_headless_shell-1243/chrome-headless-shell-mac-arm64/chrome-headless-shell --disable-field-trial-config --disable-background-networking --disable-background-timer-throttling --disable-backgrounding-occluded-windows --disable-back-forward-cache --disable-breakpad --disable-client-side-phishing-detection --disable-component-extensions-with-background-pages --disable-component-update --no-default-browser-check --disable-default-apps --disable-dev-shm-usage --disable-edgeupdater --disable-extensions --disable-features=AvoidUnnecessaryBeforeUnloadCheckSync,DestroyProfileOnBrowserClose,DialMediaRouteProvider,GlobalMediaControls,HttpsUpgrades,LensOverlay,MediaRouter,PaintHolding,ThirdPartyStoragePartitioning,BlockOriginHeaderModificationOnRedirect,Translate,AutoDeElevate,OptimizationHints,msForceBrowserSignIn,msEdgeUpdateLaunchServicesPreferredVersion --enable-features=CDPScreenshotNewSurface --allow-pre-commit-input --disable-hang-monitor --disable-ipc-flooding-protection --disable-popup-blocking --disable-prompt-on-repost --disable-renderer-backgrounding --disable-updater-scheduler --force-color-profile=srgb --metrics-recording-only --no-first-run --password-store=basic --use-mock-keychain --no-service-autorun --export-tagged-pdf --disable-search-engine-choice-screen --unsafely-disable-devtools-self-xss-warnings --edge-skip-compat-layer-relaunch --disable-infobars --disable-search-engine-choice-screen --disable-sync --enable-unsafe-swiftshader --headless --hide-scrollbars --mute-audio --blink-settings=primaryHoverType=2,availableHoverTypes=2,primaryPointerType=4,availablePointerTypes=4 --no-sandbox --user-data-dir=/var/folders/4y/hgpkn41s2790bvj08tkc9b000000gn/T/playwright_chromiumdev_profile-Pv4PfW --remote-debugging-pipe --no-startup-window
  <launched> pid=99284
  [pid=99284][err] [1005/113943.632273:ERROR:base/power_monitor/thermal_state_observer_mac.mm:140] ThermalStateObserverMac unable to register to power notifications. Result: 9
  [pid=99284][err] [1005/113943.652117:ERROR:net/dns/dns_config_service_posix.cc:138] DNS config watch failed to start.
  [pid=99284][err] [1005/113943.655092:WARNING:net/dns/dns_config_service_posix.cc:197] Failed to read DnsConfig.
  [pid=99284][err] [1005/113943.662204:FATAL:base/apple/mach_port_rendezvous_mac.cc:159] Check failed: kr == KERN_SUCCESS. bootstrap_check_in org.chromium.Chromium.MachPortRendezvousServer.99284: Permission denied (1100)
  Call log:
  [2m  - <launching> /Users/new/RiderProjects/RPG_theory/node_modules/.cache/ms-playwright/chromium_headless_shell-1243/chrome-headless-shell-mac-arm64/chrome-headless-shell --disable-field-trial-config --disable-background-networking --disable-background-timer-throttling --disable-backgrounding-occluded-windows --disable-back-forward-cache --disable-breakpad --disable-client-side-phishing-detection --disable-component-extensions-with-background-pages --disable-component-update --no-default-browser-check --disable-default-apps --disable-dev-shm-usage --disable-edgeupdater --disable-extensions --disable-features=AvoidUnnecessaryBeforeUnloadCheckSync,DestroyProfileOnBrowserClose,DialMediaRouteProvider,GlobalMediaControls,HttpsUpgrades,LensOverlay,MediaRouter,PaintHolding,ThirdPartyStoragePartitioning,BlockOriginHeaderModificationOnRedirect,Translate,AutoDeElevate,OptimizationHints,msForceBrowserSignIn,msEdgeUpdateLaunchServicesPreferredVersion --enable-features=CDPScreenshotNewSurface --allow-pre-commit-input --disable-hang-monitor --disable-ipc-flooding-protection --disable-popup-blocking --disable-prompt-on-repost --disable-renderer-backgrounding --disable-updater-scheduler --force-color-profile=srgb --metrics-recording-only --no-first-run --password-store=basic --use-mock-keychain --no-service-autorun --export-tagged-pdf --disable-search-engine-choice-screen --unsafely-disable-devtools-self-xss-warnings --edge-skip-compat-layer-relaunch --disable-infobars --disable-search-engine-choice-screen --disable-sync --enable-unsafe-swiftshader --headless --hide-scrollbars --mute-audio --blink-settings=primaryHoverType=2,availableHoverTypes=2,primaryPointerType=4,availablePointerTypes=4 --no-sandbox --user-data-dir=/var/folders/4y/hgpkn41s2790bvj08tkc9b000000gn/T/playwright_chromiumdev_profile-Pv4PfW --remote-debugging-pipe --no-startup-window[22m
  [2m  - <launched> pid=99284[22m
  [2m  - [pid=99284][err] [1005/113943.632273:ERROR:base/power_monitor/thermal_state_observer_mac.mm:140] ThermalStateObserverMac unable to register to power notifications. Result: 9[22m
  [2m  - [pid=99284][err] [1005/113943.652117:ERROR:net/dns/dns_config_service_posix.cc:138] DNS config watch failed to start.[22m
  [2m  - [pid=99284][err] [1005/113943.655092:WARNING:net/dns/dns_config_service_posix.cc:197] Failed to read DnsConfig.[22m
  [2m  - [pid=99284][err] [1005/113943.662204:FATAL:base/apple/mach_port_rendezvous_mac.cc:159] Check failed: kr == KERN_SUCCESS. bootstrap_check_in org.chromium.Chromium.MachPortRendezvousServer.99284: Permission denied (1100)[22m
  [2m  - [pid=99284] <gracefully close start>[22m
  [2m  - [pid=99284] <kill>[22m
  [2m  - [pid=99284] <will force kill>[22m
  [2m  - [pid=99284] exception while trying to kill process: Error: kill EPERM[22m
  [2m  - [pid=99284] <process did exit: exitCode=null, signal=SIGTRAP>[22m
  [2m  - [pid=99284] starting temporary directories cleanup[22m
  [2m  - [pid=99284] finished temporary directories cleanup[22m
  [2m  - [pid=99284] <gracefully close end>[22m
  
      at TestContext.<anonymous> (/Users/new/RiderProjects/RPG_theory/tests/m7/live-browser.test.ts:12:32) {
    log: [ '  - <launching> /Users/new/RiderProjects/RPG_theory/node_modules/.cache/ms-playwright/chromium_headless_shell-1243/chrome-headless-shell-mac-arm64/chrome-headless-shell --disable-field-trial-config --disable-background-networking --disable-background-timer-throttling --disable-backgrounding-occluded-windows --disable-back-forward-cache --disable-breakpad --disable-client-side-phishing-detection --disable-component-extensions-with-background-pages --disable-component-update --no-default-browser-check --disable-default-apps --disable-dev-shm-usage --disable-edgeupdater --disable-extensions --disable-features=AvoidUnnecessaryBeforeUnloadCheckSync,DestroyProfileOnBrowserClose,DialMediaRouteProvider,GlobalMediaControls,HttpsUpgrades,LensOverlay,MediaRouter,PaintHolding,ThirdPartyStoragePartitioning,BlockOriginHeaderModificationOnRedirect,Translate,AutoDeElevate,OptimizationHints,msForceBrowserSignIn,msEdgeUpdateLaunchServicesPreferredVersion --enable-features=CDPScreenshotNewSurface --allow-pre-commit-input --disable-hang-monitor --disable-ipc-flooding-protection --disable-popup-blocking --disable-prompt-on-repost --disable-renderer-backgrounding --disable-updater-scheduler --force-color-profile=srgb --metrics-recording-only --no-first-run --password-store=basic --use-mock-keychain --no-service-autorun --export-tagged-pdf --disable-search-engine-choice-screen --unsafely-disable-devtools-self-xss-warnings --edge-skip-compat-layer-relaunch --disable-infobars --disable-search-engine-choice-screen --disable-sync --enable-unsafe-swiftshader --headless --hide-scrollbars --mute-audio --blink-settings=primaryHoverType=2,availableHoverTypes=2,primaryPointerType=4,availablePointerTypes=4 --no-sandbox --user-data-dir=/var/folders/4y/hgpkn41s2790bvj08tkc9b000000gn/T/playwright_chromiumdev_profile-Pv4PfW --remote-debugging-pipe --no-startup-window', '  - <launched> pid=99284', '  - [pid=99284][err] [1005/113943.632273:ERROR:base/power_monitor/thermal_state_observer_mac.mm:140] ThermalStateObserverMac unable to register to power notifications. Result: 9', '  - [pid=99284][err] [1005/113943.652117:ERROR:net/dns/dns_config_service_posix.cc:138] DNS config watch failed to start.', '  - [pid=99284][err] [1005/113943.655092:WARNING:net/dns/dns_config_service_posix.cc:197] Failed to read DnsConfig.', '  - [pid=99284][err] [1005/113943.662204:FATAL:base/apple/mach_port_rendezvous_mac.cc:159] Check failed: kr == KERN_SUCCESS. bootstrap_check_in org.chromium.Chromium.MachPortRendezvousServer.99284: Permission denied (1100)', '  - [pid=99284] <gracefully close start>', '  - [pid=99284] <kill>', '  - [pid=99284] <will force kill>', '  - [pid=99284] exception while trying to kill process: Error: kill EPERM', '  - [pid=99284] <process did exit: exitCode=null, signal=SIGTRAP>', '  - [pid=99284] starting temporary directories cleanup', '  - [pid=99284] finished temporary directories cleanup', '  - [pid=99284] <gracefully close end>' ]
  }

test at tests/m7/live-browser.test.ts:1:435
✖ M7 browser selects all five query destinations at /unity-theory/ and refuses a redirect (40.14975ms)
  browserType.launch: Target page, context or browser has been closed
  Browser logs:
  
  <launching> /Users/new/RiderProjects/RPG_theory/node_modules/.cache/ms-playwright/chromium_headless_shell-1243/chrome-headless-shell-mac-arm64/chrome-headless-shell --disable-field-trial-config --disable-background-networking --disable-background-timer-throttling --disable-backgrounding-occluded-windows --disable-back-forward-cache --disable-breakpad --disable-client-side-phishing-detection --disable-component-extensions-with-background-pages --disable-component-update --no-default-browser-check --disable-default-apps --disable-dev-shm-usage --disable-edgeupdater --disable-extensions --disable-features=AvoidUnnecessaryBeforeUnloadCheckSync,DestroyProfileOnBrowserClose,DialMediaRouteProvider,GlobalMediaControls,HttpsUpgrades,LensOverlay,MediaRouter,PaintHolding,ThirdPartyStoragePartitioning,BlockOriginHeaderModificationOnRedirect,Translate,AutoDeElevate,OptimizationHints,msForceBrowserSignIn,msEdgeUpdateLaunchServicesPreferredVersion --enable-features=CDPScreenshotNewSurface --allow-pre-commit-input --disable-hang-monitor --disable-ipc-flooding-protection --disable-popup-blocking --disable-prompt-on-repost --disable-renderer-backgrounding --disable-updater-scheduler --force-color-profile=srgb --metrics-recording-only --no-first-run --password-store=basic --use-mock-keychain --no-service-autorun --export-tagged-pdf --disable-search-engine-choice-screen --unsafely-disable-devtools-self-xss-warnings --edge-skip-compat-layer-relaunch --disable-infobars --disable-search-engine-choice-screen --disable-sync --enable-unsafe-swiftshader --headless --hide-scrollbars --mute-audio --blink-settings=primaryHoverType=2,availableHoverTypes=2,primaryPointerType=4,availablePointerTypes=4 --no-sandbox --user-data-dir=/var/folders/4y/hgpkn41s2790bvj08tkc9b000000gn/T/playwright_chromiumdev_profile-EniIlG --remote-debugging-pipe --no-startup-window
  <launched> pid=99285
  [pid=99285][err] [1005/113943.703159:ERROR:base/power_monitor/thermal_state_observer_mac.mm:140] ThermalStateObserverMac unable to register to power notifications. Result: 9
  [pid=99285][err] [1005/113943.704863:ERROR:net/dns/dns_config_service_posix.cc:138] DNS config watch failed to start.
  [pid=99285][err] [1005/113943.705308:WARNING:net/dns/dns_config_service_posix.cc:197] Failed to read DnsConfig.
  [pid=99285][err] [1005/113943.705318:FATAL:base/apple/mach_port_rendezvous_mac.cc:159] Check failed: kr == KERN_SUCCESS. bootstrap_check_in org.chromium.Chromium.MachPortRendezvousServer.99285: Permission denied (1100)
  [pid=99285] <process did exit: exitCode=null, signal=SIGTRAP>
  [pid=99285] starting temporary directories cleanup
  Call log:
  [2m  - <launching> /Users/new/RiderProjects/RPG_theory/node_modules/.cache/ms-playwright/chromium_headless_shell-1243/chrome-headless-shell-mac-arm64/chrome-headless-shell --disable-field-trial-config --disable-background-networking --disable-background-timer-throttling --disable-backgrounding-occluded-windows --disable-back-forward-cache --disable-breakpad --disable-client-side-phishing-detection --disable-component-extensions-with-background-pages --disable-component-update --no-default-browser-check --disable-default-apps --disable-dev-shm-usage --disable-edgeupdater --disable-extensions --disable-features=AvoidUnnecessaryBeforeUnloadCheckSync,DestroyProfileOnBrowserClose,DialMediaRouteProvider,GlobalMediaControls,HttpsUpgrades,LensOverlay,MediaRouter,PaintHolding,ThirdPartyStoragePartitioning,BlockOriginHeaderModificationOnRedirect,Translate,AutoDeElevate,OptimizationHints,msForceBrowserSignIn,msEdgeUpdateLaunchServicesPreferredVersion --enable-features=CDPScreenshotNewSurface --allow-pre-commit-input --disable-hang-monitor --disable-ipc-flooding-protection --disable-popup-blocking --disable-prompt-on-repost --disable-renderer-backgrounding --disable-updater-scheduler --force-color-profile=srgb --metrics-recording-only --no-first-run --password-store=basic --use-mock-keychain --no-service-autorun --export-tagged-pdf --disable-search-engine-choice-screen --unsafely-disable-devtools-self-xss-warnings --edge-skip-compat-layer-relaunch --disable-infobars --disable-search-engine-choice-screen --disable-sync --enable-unsafe-swiftshader --headless --hide-scrollbars --mute-audio --blink-settings=primaryHoverType=2,availableHoverTypes=2,primaryPointerType=4,availablePointerTypes=4 --no-sandbox --user-data-dir=/var/folders/4y/hgpkn41s2790bvj08tkc9b000000gn/T/playwright_chromiumdev_profile-EniIlG --remote-debugging-pipe --no-startup-window[22m
  [2m  - <launched> pid=99285[22m
  [2m  - [pid=99285][err] [1005/113943.703159:ERROR:base/power_monitor/thermal_state_observer_mac.mm:140] ThermalStateObserverMac unable to register to power notifications. Result: 9[22m
  [2m  - [pid=99285][err] [1005/113943.704863:ERROR:net/dns/dns_config_service_posix.cc:138] DNS config watch failed to start.[22m
  [2m  - [pid=99285][err] [1005/113943.705308:WARNING:net/dns/dns_config_service_posix.cc:197] Failed to read DnsConfig.[22m
  [2m  - [pid=99285][err] [1005/113943.705318:FATAL:base/apple/mach_port_rendezvous_mac.cc:159] Check failed: kr == KERN_SUCCESS. bootstrap_check_in org.chromium.Chromium.MachPortRendezvousServer.99285: Permission denied (1100)[22m
  [2m  - [pid=99285] <process did exit: exitCode=null, signal=SIGTRAP>[22m
  [2m  - [pid=99285] starting temporary directories cleanup[22m
  [2m  - [pid=99285] <gracefully close start>[22m
  [2m  - [pid=99285] <kill>[22m
  [2m  - [pid=99285] <skipped force kill spawnedProcess.killed=false processClosed=true>[22m
  [2m  - [pid=99285] finished temporary directories cleanup[22m
  [2m  - [pid=99285] <gracefully close end>[22m
  
      at TestContext.<anonymous> (/Users/new/RiderProjects/RPG_theory/tests/m7/live-browser.test.ts:12:32) {
    log: [ '  - <launching> /Users/new/RiderProjects/RPG_theory/node_modules/.cache/ms-playwright/chromium_headless_shell-1243/chrome-headless-shell-mac-arm64/chrome-headless-shell --disable-field-trial-config --disable-background-networking --disable-background-timer-throttling --disable-backgrounding-occluded-windows --disable-back-forward-cache --disable-breakpad --disable-client-side-phishing-detection --disable-component-extensions-with-background-pages --disable-component-update --no-default-browser-check --disable-default-apps --disable-dev-shm-usage --disable-edgeupdater --disable-extensions --disable-features=AvoidUnnecessaryBeforeUnloadCheckSync,DestroyProfileOnBrowserClose,DialMediaRouteProvider,GlobalMediaControls,HttpsUpgrades,LensOverlay,MediaRouter,PaintHolding,ThirdPartyStoragePartitioning,BlockOriginHeaderModificationOnRedirect,Translate,AutoDeElevate,OptimizationHints,msForceBrowserSignIn,msEdgeUpdateLaunchServicesPreferredVersion --enable-features=CDPScreenshotNewSurface --allow-pre-commit-input --disable-hang-monitor --disable-ipc-flooding-protection --disable-popup-blocking --disable-prompt-on-repost --disable-renderer-backgrounding --disable-updater-scheduler --force-color-profile=srgb --metrics-recording-only --no-first-run --password-store=basic --use-mock-keychain --no-service-autorun --export-tagged-pdf --disable-search-engine-choice-screen --unsafely-disable-devtools-self-xss-warnings --edge-skip-compat-layer-relaunch --disable-infobars --disable-search-engine-choice-screen --disable-sync --enable-unsafe-swiftshader --headless --hide-scrollbars --mute-audio --blink-settings=primaryHoverType=2,availableHoverTypes=2,primaryPointerType=4,availablePointerTypes=4 --no-sandbox --user-data-dir=/var/folders/4y/hgpkn41s2790bvj08tkc9b000000gn/T/playwright_chromiumdev_profile-EniIlG --remote-debugging-pipe --no-startup-window', '  - <launched> pid=99285', '  - [pid=99285][err] [1005/113943.703159:ERROR:base/power_monitor/thermal_state_observer_mac.mm:140] ThermalStateObserverMac unable to register to power notifications. Result: 9', '  - [pid=99285][err] [1005/113943.704863:ERROR:net/dns/dns_config_service_posix.cc:138] DNS config watch failed to start.', '  - [pid=99285][err] [1005/113943.705308:WARNING:net/dns/dns_config_service_posix.cc:197] Failed to read DnsConfig.', '  - [pid=99285][err] [1005/113943.705318:FATAL:base/apple/mach_port_rendezvous_mac.cc:159] Check failed: kr == KERN_SUCCESS. bootstrap_check_in org.chromium.Chromium.MachPortRendezvousServer.99285: Permission denied (1100)', '  - [pid=99285] <process did exit: exitCode=null, signal=SIGTRAP>', '  - [pid=99285] starting temporary directories cleanup', '  - [pid=99285] <gracefully close start>', '  - [pid=99285] <kill>', '  - [pid=99285] <skipped force kill spawnedProcess.killed=false processClosed=true>', '  - [pid=99285] finished temporary directories cleanup', '  - [pid=99285] <gracefully close end>' ]
  }
