
> unity-theory@0.0.1 verify
> tsx scripts/verify.ts --output-root dist/m1-qf1214-separate-review --evidence-dir docs/evidence/m1/qf1214-separate-review


Running npm run check

> unity-theory@0.0.1 check
> astro check

15:29:29 [content] Syncing content
15:29:29 [content] Astro config changed
15:29:29 [content] Clearing content store
15:29:31 [content] Synced content
15:29:31 [types] Generated 4.23s
15:29:31 [check] Getting diagnostics for Astro files in /Users/new/RiderProjects/RPG_theory...
Result (51 files): 
- 0 errors
- 0 warnings
- 0 hints


Running npm run check:sources -- --scope history

> unity-theory@0.0.1 check:sources
> tsx scripts/check-sources.ts --scope history

{"status":"PASS","historicalFiles":14,"noticeTranscriptions":2,"authorityNoticeOnly":true}

Running npm run check:sources -- --scope current

> unity-theory@0.0.1 check:sources
> tsx scripts/check-sources.ts --scope current

{"availability":"AVAILABLE_BYTES_VERIFIED","bytesVerified":true,"corpusScope":"current","currentSourceQualified":true,"qualificationBasis":"website-source-fidelity/1","files":13,"coreSha256":"b6d3e7c75285889afe94cabf083ba5fb80f401c656613ba6a80d2f0149b655e1","inventorySeal":"25d4e1e9476da06972bd30245ea4d6abe6be0a0e9bc56aaa0ae9e09179a6386a","edition":"RRG v0.2 locked + evidence updates; promoted 2026-10-01","sourceBoundEntries":31,"websiteFidelity":"accepted","scientificCertification":"out-of-scope"}

Running npm run check:content

> unity-theory@0.0.1 check:content
> tsx scripts/check-content.ts

{"schema":"unity-content-check/1","status":"PASS","date":"2026-10-03T12:30:04.268Z","admission":{"availability":"AVAILABLE_BYTES_VERIFIED","bytesVerified":true,"corpusScope":"current","currentSourceQualified":true,"qualificationBasis":"website-source-fidelity/1","files":13,"coreSha256":"b6d3e7c75285889afe94cabf083ba5fb80f401c656613ba6a80d2f0149b655e1","inventorySeal":"25d4e1e9476da06972bd30245ea4d6abe6be0a0e9bc56aaa0ae9e09179a6386a","edition":"RRG v0.2 locked + evidence updates; promoted 2026-10-01"},"entries":34,"affected":[],"reviewPurpose":"website-source-fidelity/1","scientificCertification":"out-of-scope","acceptedReviews":34,"reviewStates":{"accepted":34,"pending":0,"stale":0,"rejected":0}}

Running npm run test:content

> unity-theory@0.0.1 test:content
> tsx --test tests/content/*.test.ts

✔ missing current sources reach CURRENT_SOURCE_PACKAGE_MISSING (0.76675ms)
✔ one-byte history mutation reaches HISTORICAL_INTEGRITY_FAILURE (2.564125ms)
✔ unrecorded core change reaches LOCKED_CORE_MISMATCH (3.051583ms)
✔ missing required manifest member reaches CURRENT_MANIFEST_INCOMPLETE (0.978666ms)
✔ mixed stale sibling with matching core reaches SOURCE_INTEGRITY_FAILURE (1.269375ms)
✔ wrong source/excerpt binding reaches SOURCE_BINDING_FAILURE (1.365209ms)
✔ history offered as current reaches LEGACY_SOURCE_REJECTED (0.863583ms)
✔ complete justified revised synthetic edition passes without historical-pin veto (1.335917ms)
✔ silent edition-pin reset still fails (11.754583ms)
✔ recorded membership omissions, duplicates and unknown manifest formats fail against actual text (247.104292ms)
✔ root, subpath, file endpoints and path collisions use the same URL owner (0.251291ms)
✔ release with fixture host or unqualified scientific corpus fails closed (0.248917ms)
✔ root-only asset in subpath output reaches BASE_PATH_FAILURE (13661.246167ms)
✔ output audit requires routes, rejects extra private files and stale/relabelled identity (12229.440333ms)
✔ absolute same-site links/fragments are local; unsafe links and remote resources fail (16565.965041ms)
✔ artifact audit rejects false source identity and active SVG files (6850.99425ms)
✔ Markdown renders MathML, prefixes links and rejects HTML/unsafe destinations (2.869667ms)
✔ Markdown reference links/images share safety and base handling (2.476375ms)
✔ math macros cannot leak between documents and trusted HTML commands emit no active link (1.561416ms)
✔ safe archive extraction rejects traversal, absolute paths, symlinks, collisions and unexpected roots (166.594458ms)
✔ output audit rejects changed source-bound display, manifest substitutions and draft sentinels (5741.197625ms)
✔ output audit binds bibliography text, destinations, support limits, status, projection and navigation (8216.764834ms)
✔ output audit rejects multiply encoded local traversal (1541.671959ms)
✔ document metadata comparison scopes the title to the head, preserving accessible SVG titles (1575.22725ms)
✔ output audit rejects changed or duplicate social metadata, visible descriptions and private indexing controls (15867.856417ms)
✔ output audit keeps all responsive, media, SVG and form loads local and refuses rebasing or redirects (38454.275792ms)
✔ output audit inspects normalized CSS loading syntax in files and inline styles without bypassing data URLs (52088.175041ms)
✔ output audit checks SVG presentation URLs and refuses XML rebasing in inline and standalone SVG (43678.152917ms)
✔ output audit preserves CSS string and URL semantics and refuses unsupported resource syntax (40898.917458ms)
✔ standalone SVG refuses stylesheet and unknown processing instructions while allowing its XML declaration (9262.02575ms)
✔ each additional-evidence mapping declares every core clause named by its actual excerpt (4061.395625ms)
✔ the actual start explanation tracks emergent evidence, its support metadata and current status (4183.887958ms)
✔ background-extension changes invalidate the actual E12 interpretation and its consumers (2965.417583ms)
✔ review fingerprints track real URL, selection, style and pinned rendering dependency inputs (2719.170083ms)
✔ historical representation decisions do not populate website fidelity or qualify the source (46.5415ms)
✔ independent statement, bad binding range/hash, wrong record kind, duplicates and unknown sources fail (68.3745ms)
✔ source-scoped aliases keep historical S01 local; duplicates and unresolved aliases fail (6.985917ms)
✔ source URL aliases preserve case-sensitive paths while DOI identity remains case insensitive (56.406958ms)
✔ non-DOI citation identity preserves added or removed trailing path separators (90.279083ms)
✔ missing or cyclic semantic dependency fails; related feedback does not create proof cycles (127.287666ms)
✔ authority notes cannot supply scientific excerpts; invalid states and real dates fail (28.01375ms)
✔ safe directives render actual canonical explanations, extract dependencies and reject executable/unknown syntax (2.040292ms)
✔ dependency changes stale exact reviews and report reverse dependants; unrelated bibliography is local (118.751958ms)
✔ changing a relevant source verification scope or relevant citation stales its review (114.275334ms)
✔ shared release selector refuses actual pending corpus, missing/stale reviews, future publication and rights (347.550834ms)
✔ one manifest excludes drafts from every production surface and rejects published draft dependencies (79.633417ms)
✔ withdrawn history is explicitly selected as a tombstone; former body is removed (100.416166ms)
✔ source display adapters preserve raw bindings while rendering status/math/table consumers (867.621791ms)
✔ source revision transaction refuses missing prior-byte preservation and incomplete core proof gate (281.134417ms)
✔ actual supplied 07 and 08 cannot disappear behind a matching core (4.752125ms)
✔ a missing or mismatched actual local citation alias fails the source adapter (29.754792ms)
✔ project reproduction cannot be asserted with an invented execution receipt (9.88075ms)
✔ Markdown directive export uses ordinary links and leaves code examples untouched (1.75825ms)
✔ statement directives are order-independent; nested references and cycles reach the shared graph (114.727459ms)
✔ scientific identities cannot bypass proposal provenance or masquerade as documents (20.673875ms)
✔ retained historical excerpts remain historical; supersession is reciprocal and draft history stays out of discovery (107.852ms)
✔ review rejection is distinct from pending; alternate citation review binds its primary metadata (61.114791ms)
✔ source, bibliography, execution and renderer identity changes report or stale their actual dependants (46.73775ms)
✔ actual status, proof and home summaries depend on their core definitions and emergent evidence (163.617417ms)
✔ withdrawal removes old title, scope, source mapping, evidence and bibliography from all rendered regions (74.994083ms)
✔ bibliographic verification cannot retain a checked label after metadata substitution (41.248041ms)
✔ release rejects future updates and reviews independently of the publication date (124.811834ms)
✔ qualification uses reviewed production selection; a preview cannot be relabelled qualification (257.361375ms)
✔ Markdown export validates safety, expands nested references and leaves math samples intact (61.473167ms)
✔ directives cannot create nested anchors in link labels or Markdown exports (1.508667ms)
✔ proposals display non-adoption and cannot supersede source-authoritative records (83.185541ms)
✔ revision impact retains predecessor dependants when the next graph removes an edge (115.941459ms)
✔ real home/start emit withdrawal tombstones through the shared consumer and output auditor (41310.552958ms)
✔ real revision CLI validates preserved editions and reports pending dependants; it cannot write approvals (25934.082458ms)
✔ real revision CLI accounts for both rename paths without inventing a core-byte change: 04_status_and_blockers.md (17052.338459ms)
✔ real revision CLI accounts for both rename paths without inventing a core-byte change: 00_LOCKED_CORE.md (12565.075083ms)
✔ intake contentReview accepted cannot qualify actual or synthetic bytes; historical approvals stay separate (3864.24825ms)
✔ hashed exact fidelity evidence is required; scientific approval or request-only data cannot substitute (2898.03225ms)
✔ bounded fidelity decisions need no linked scientific acceptance; dependency changes still stale the decision (3170.014042ms)
✔ complete isolated fidelity inventory derives qualification, while synthetic scope and missing reviews refuse it (2172.086416ms)
✔ null, primitive and incomplete stale evidence fail with the intended typed diagnostic (2832.468541ms)
✔ review dates cannot predate the reviewed material, including dependency updates (2275.159167ms)
✔ receipt paths reject traversal, symlink files and symlink ancestors (1933.269667ms)
✔ review inputs independently capture rendered plain language and the actual home projection without aliasing (1500.815ms)
✔ stale decisions retain internally coherent dates, source excerpts, dependencies and projection reads (22216.567583ms)
✔ receipt paths reject control characters even when a matching regular file exists (947.051041ms)
✔ a real loader roundtrip validates hashed decisions and qualifies only the reviewed selection, ignoring unrelated drafts and historical scientific registry bytes (5361.649917ms)
ℹ tests 82
ℹ suites 0
ℹ pass 82
ℹ fail 0
ℹ cancelled 0
ℹ skipped 0
ℹ todo 0
ℹ duration_ms 276406.485875

Running npm run build -- --mode preview --config config/site.json --output dist/m1-qf1214-separate-review/preview-root

> unity-theory@0.0.1 build
> tsx scripts/build.ts --mode preview --config config/site.json --output dist/m1-qf1214-separate-review/preview-root

15:34:48 [vite] Re-optimizing dependencies because vite config has changed
15:34:49 [content] Syncing content
15:34:51 [content] Synced content
15:34:51 [types] Generated 3.18s
15:34:51 [build] output: "static"
15:34:51 [build] mode: "static"
15:34:51 [build] directory: /Users/new/RiderProjects/RPG_theory/dist/m1-qf1214-separate-review/preview-root/
15:34:51 [build] Collecting build info...
15:34:51 [build] ✓ Completed in 3.22s.
15:34:51 [build] Building static entrypoints...
15:34:51 [vite] ✓ built in 517ms
15:34:51 [vite] ✓ built in 31ms
15:34:51 [build] Rearranging server assets...

 generating static routes 
15:34:53   ├─ /404.html (+12ms) 
15:34:53   ├─ /fixtures/math/index.html (+11ms) 
15:34:53   ├─ /references/index.html (+5ms) 
15:34:53   ├─ /start/index.html (+7ms) 
15:34:53   ├─ /index.html (+21ms) 
15:34:53   ├─ /research-status/index.html (+7ms) 
15:34:53   ├─ /research-status/proof-matrix/index.html (+5ms) 
15:34:53   ├─ /concepts/geometry-and-modes/index.html (+3ms) 
15:34:53   ├─ /claims/UT-D01/index.html (+7ms) 
15:34:53   ├─ /claims/UT-D02/index.html (+4ms) 
15:34:53   ├─ /claims/UT-D03/index.html (+4ms) 
15:34:53   ├─ /claims/UT-D04/index.html (+56ms) 
15:34:53   ├─ /claims/UT-D05/index.html (+10ms) 
15:34:53   ├─ /claims/UT-D06/index.html (+25ms) 
15:34:53   ├─ /claims/UT-D07/index.html (+7ms) 
15:34:53   ├─ /claims/UT-D08/index.html (+8ms) 
15:34:53   ├─ /claims/UT-D09/index.html (+7ms) 
15:34:53   ├─ /claims/UT-C01/index.html (+3ms) 
15:34:53   ├─ /claims/UT-C02/index.html (+3ms) 
15:34:53   ├─ /claims/UT-O01/index.html (+23ms) 
15:34:53   ├─ /claims/UT-O02/index.html (+3ms) 
15:34:53   ├─ /claims/UT-O03/index.html (+7ms) 
15:34:53   ├─ /claims/UT-O04/index.html (+2ms) 
15:34:53   ├─ /claims/UT-O05/index.html (+1ms) 
15:34:53   ├─ /claims/UT-O06/index.html (+7ms) 
15:34:53   ├─ /claims/UT-E01/index.html (+3ms) 
15:34:53   ├─ /claims/UT-E02/index.html (+3ms) 
15:34:53   ├─ /claims/UT-E03/index.html (+3ms) 
15:34:53   ├─ /claims/UT-E04/index.html (+3ms) 
15:34:53   ├─ /claims/UT-E05/index.html (+3ms) 
15:34:53   ├─ /claims/UT-E06/index.html (+5ms) 
15:34:53   ├─ /claims/UT-E07/index.html (+3ms) 
15:34:53   ├─ /claims/UT-E08/index.html (+3ms) 
15:34:53   ├─ /claims/UT-E09/index.html (+2ms) 
15:34:53   ├─ /claims/UT-E10/index.html (+12ms) 
15:34:53   ├─ /claims/UT-E11/index.html (+9ms) 
15:34:53   ├─ /claims/UT-E12/index.html (+5ms) 
15:34:53 ✓ Completed in 1.70s.

15:34:53 [build] ✓ Completed in 2.28s.
15:34:53 [build] 37 page(s) built in 5.51s
15:34:53 [build] Complete!
Private preview artifact: /Users/new/RiderProjects/RPG_theory/dist/m1-qf1214-separate-review/preview-root; deployEligible=false

Running npm run audit:output -- --dir dist/m1-qf1214-separate-review/preview-root

> unity-theory@0.0.1 audit:output
> tsx scripts/audit-output.ts --dir dist/m1-qf1214-separate-review/preview-root

{"status":"PASS","mode":"preview","basePath":"/","deployEligible":false,"files":101,"artifactSha256":"f3daa36d15b41778cf4c2943d863ab60f3f4fda25c2c89b619a616adc5830628"}

Running npm run test:e2e -- --output dist/m1-qf1214-separate-review/preview-root

> unity-theory@0.0.1 test:e2e
> tsx scripts/test-e2e.ts --output dist/m1-qf1214-separate-review/preview-root


Running 7 tests using 1 worker

(node:52369) Warning: The 'NO_COLOR' env is ignored due to the 'FORCE_COLOR' env being set.
(Use `node --trace-warnings ...` to show where the warning was created)
  ✓  1 tests/e2e/reading.spec.ts:15:1 › home and start read without JavaScript, navigate by keyboard and show source state (579ms)
  ✓  2 tests/e2e/reading.spec.ts:38:1 › home, nested reading and math pass automated accessibility and 320px reflow (1.8s)
  ✓  3 tests/e2e/reading.spec.ts:65:1 › dark-mode reading remains accessible (662ms)
  ✓  4 tests/e2e/reading.spec.ts:72:1 › unknown routes return real 404 and nested assets use the configured base (235ms)
  ✓  5 tests/e2e/reading.spec.ts:87:1 › M1 consumers retain source roles and reported evidence independently of website fidelity (845ms)
  ✓  6 tests/e2e/reading.spec.ts:124:1 › M1 claims, concepts, status, matrix and bibliography pass axe and 320px reflow (2.8s)
  ✓  7 tests/e2e/reading.spec.ts:138:1 › literature has source-backed DOI identities and usable source extraction details without JS (1.1s)

  7 passed (9.3s)

Running npm run build -- --mode preview --config tests/fixtures/site-subpath.json --output dist/m1-qf1214-separate-review/preview-subpath

> unity-theory@0.0.1 build
> tsx scripts/build.ts --mode preview --config tests/fixtures/site-subpath.json --output dist/m1-qf1214-separate-review/preview-subpath

15:35:13 [content] Syncing content
15:35:13 [content] Astro config changed
15:35:13 [content] Clearing content store
15:35:15 [content] Synced content
15:35:15 [types] Generated 2.36s
15:35:15 [build] output: "static"
15:35:15 [build] mode: "static"
15:35:15 [build] directory: /Users/new/RiderProjects/RPG_theory/dist/m1-qf1214-separate-review/preview-subpath/
15:35:15 [build] Collecting build info...
15:35:15 [build] ✓ Completed in 2.41s.
15:35:15 [build] Building static entrypoints...
15:35:15 [vite] ✓ built in 384ms
15:35:15 [vite] ✓ built in 16ms
15:35:15 [build] Rearranging server assets...

 generating static routes 
15:35:17   ├─ /404.html (+11ms) 
15:35:17   ├─ /fixtures/math/index.html (+9ms) 
15:35:17   ├─ /references/index.html (+3ms) 
15:35:17   ├─ /start/index.html (+82ms) 
15:35:17   ├─ /index.html (+41ms) 
15:35:17   ├─ /research-status/index.html (+15ms) 
15:35:17   ├─ /research-status/proof-matrix/index.html (+10ms) 
15:35:17   ├─ /concepts/geometry-and-modes/index.html (+4ms) 
15:35:17   ├─ /claims/UT-D01/index.html (+8ms) 
15:35:17   ├─ /claims/UT-D02/index.html (+6ms) 
15:35:17   ├─ /claims/UT-D03/index.html (+4ms) 
15:35:17   ├─ /claims/UT-D04/index.html (+3ms) 
15:35:17   ├─ /claims/UT-D05/index.html (+80ms) 
15:35:17   ├─ /claims/UT-D06/index.html (+7ms) 
15:35:17   ├─ /claims/UT-D07/index.html (+4ms) 
15:35:17   ├─ /claims/UT-D08/index.html (+6ms) 
15:35:17   ├─ /claims/UT-D09/index.html (+3ms) 
15:35:17   ├─ /claims/UT-C01/index.html (+2ms) 
15:35:17   ├─ /claims/UT-C02/index.html (+2ms) 
15:35:17   ├─ /claims/UT-O01/index.html (+4ms) 
15:35:17   ├─ /claims/UT-O02/index.html (+3ms) 
15:35:17   ├─ /claims/UT-O03/index.html (+2ms) 
15:35:17   ├─ /claims/UT-O04/index.html (+4ms) 
15:35:17   ├─ /claims/UT-O05/index.html (+10ms) 
15:35:17   ├─ /claims/UT-O06/index.html (+4ms) 
15:35:17   ├─ /claims/UT-E01/index.html (+4ms) 
15:35:17   ├─ /claims/UT-E02/index.html (+2ms) 
15:35:17   ├─ /claims/UT-E03/index.html (+4ms) 
15:35:17   ├─ /claims/UT-E04/index.html (+3ms) 
15:35:17   ├─ /claims/UT-E05/index.html (+2ms) 
15:35:17   ├─ /claims/UT-E06/index.html (+2ms) 
15:35:17   ├─ /claims/UT-E07/index.html (+3ms) 
15:35:17   ├─ /claims/UT-E08/index.html (+5ms) 
15:35:17   ├─ /claims/UT-E09/index.html (+3ms) 
15:35:17   ├─ /claims/UT-E10/index.html (+4ms) 
15:35:17   ├─ /claims/UT-E11/index.html (+5ms) 
15:35:17   ├─ /claims/UT-E12/index.html (+6ms) 
15:35:17 ✓ Completed in 1.75s.

15:35:17 [build] ✓ Completed in 2.22s.
15:35:17 [build] 37 page(s) built in 4.64s
15:35:17 [build] Complete!
Private preview artifact: /Users/new/RiderProjects/RPG_theory/dist/m1-qf1214-separate-review/preview-subpath; deployEligible=false

Running npm run audit:output -- --dir dist/m1-qf1214-separate-review/preview-subpath

> unity-theory@0.0.1 audit:output
> tsx scripts/audit-output.ts --dir dist/m1-qf1214-separate-review/preview-subpath

{"status":"PASS","mode":"preview","basePath":"/unity-theory/","deployEligible":false,"files":101,"artifactSha256":"f632a2c3fb5fd2891a6c42d0f9ae80505b08508b09fe820cabe67001d12c691b"}

Running npm run test:e2e -- --output dist/m1-qf1214-separate-review/preview-subpath

> unity-theory@0.0.1 test:e2e
> tsx scripts/test-e2e.ts --output dist/m1-qf1214-separate-review/preview-subpath


Running 7 tests using 1 worker

(node:52535) Warning: The 'NO_COLOR' env is ignored due to the 'FORCE_COLOR' env being set.
(Use `node --trace-warnings ...` to show where the warning was created)
  ✓  1 tests/e2e/reading.spec.ts:15:1 › home and start read without JavaScript, navigate by keyboard and show source state (586ms)
  ✓  2 tests/e2e/reading.spec.ts:38:1 › home, nested reading and math pass automated accessibility and 320px reflow (1.7s)
  ✓  3 tests/e2e/reading.spec.ts:65:1 › dark-mode reading remains accessible (662ms)
  ✓  4 tests/e2e/reading.spec.ts:72:1 › unknown routes return real 404 and nested assets use the configured base (255ms)
  ✓  5 tests/e2e/reading.spec.ts:87:1 › M1 consumers retain source roles and reported evidence independently of website fidelity (864ms)
  ✓  6 tests/e2e/reading.spec.ts:124:1 › M1 claims, concepts, status, matrix and bibliography pass axe and 320px reflow (2.8s)
  ✓  7 tests/e2e/reading.spec.ts:138:1 › literature has source-backed DOI identities and usable source extraction details without JS (1.0s)

  7 passed (9.2s)
