✖ M2 rendering changes invalidate preserved predecessor decisions independently of later bounded reviews (2878.88125ms)
ℹ tests 1
ℹ suites 0
ℹ pass 0
ℹ fail 1
ℹ cancelled 0
ℹ skipped 0
ℹ todo 0
ℹ duration_ms 6531.35925

✖ failing tests:

test at tests/content/m2.test.ts:1:4515
✖ M2 rendering changes invalidate preserved predecessor decisions independently of later bounded reviews (2878.88125ms)
  AssertionError [ERR_ASSERTION]: Expected values to be strictly equal:
  
  true !== false
  
      at TestContext.<anonymous> (/Users/new/RiderProjects/RPG_theory/tests/content/m2.test.ts:75:10)
      at Test.runInAsyncScope (node:async_hooks:227:14)
      at Test.run (node:internal/test_runner/test:1325:25)
      at Test.start (node:internal/test_runner/test:1191:17)
      at startSubtestAfterBootstrap (node:internal/test_runner/harness:385:17) {
    generatedMessage: true,
    code: 'ERR_ASSERTION',
    actual: true,
    expected: false,
    operator: 'strictEqual',
    diff: 'simple'
  }
