09:32:21 [vite] Re-optimizing dependencies because vite config has changed
09:32:22 [content] Syncing content
09:32:22 [content] Synced content
09:32:22 [types] Generated 782ms
09:32:22 [build] output: "static"
09:32:22 [build] mode: "static"
09:32:22 [build] directory: /Users/new/RiderProjects/RPG_theory/dist/m6/preview-root/
09:32:22 [build] Collecting build info...
09:32:22 [build] ✓ Completed in 793ms.
09:32:22 [build] Building static entrypoints...
09:32:22 [vite] ✓ built in 130ms
09:32:22 [vite] ✓ built in 11ms
09:32:22 [build] Rearranging server assets...

 generating static routes 
09:32:23   ├─ /404.html (+17ms) 
09:32:23   ├─ /about/index.html (+6ms) 
09:32:23   ├─ /articles/index.html (+3ms) 
09:32:23   ├─ /cite/index.html (+353ms) 
09:32:24   ├─ /downloads/THIRD-PARTY-NOTICES.txt/ (+2ms) 
09:32:24   ├─ /downloads/explanatory/DOC-STATUS.md/ (+1ms) 
09:32:24   ├─ /downloads/explanatory/DOC-PROOF.md/ (+1ms) 
09:32:24   ├─ /downloads/explanatory/DOC-CONCEPT-GEOMETRY.md/ (+1ms) 
09:32:24   ├─ /downloads/explanatory/DOC-CORE.md/ (+2ms) 
09:32:24   ├─ /downloads/explanatory/DOC-CONTROL.md/ (+1ms) 
09:32:24   ├─ /downloads/explanatory/DOC-FRAMEWORK.md/ (+3ms) 
09:32:24   ├─ /downloads/explanatory/DOC-MATH.md/ (+2ms) 
09:32:24   ├─ /downloads/explanatory/DOC-INTERACTION-EVIDENCE.md/ (+1ms) 
09:32:24   ├─ /downloads/explanatory/DOC-ADDITIONAL-EVIDENCE.md/ (+1ms) 
09:32:24   ├─ /downloads/explanatory/DOC-OPEN-PROBLEMS.md/ (+1ms) 
09:32:24   ├─ /downloads/explanatory/DOC-SOURCE-CHANGES.md/ (+1ms) 
09:32:24   ├─ /downloads/explanatory/UT-D01.md/ (+1ms) 
09:32:24   ├─ /downloads/explanatory/UT-D02.md/ (+0ms) 
09:32:24   ├─ /downloads/explanatory/UT-D03.md/ (+0ms) 
09:32:24   ├─ /downloads/explanatory/UT-D04.md/ (+0ms) 
09:32:24   ├─ /downloads/explanatory/UT-D05.md/ (+0ms) 
09:32:24   ├─ /downloads/explanatory/UT-D06.md/ (+0ms) 
09:32:24   ├─ /downloads/explanatory/UT-D07.md/ (+0ms) 
09:32:24   ├─ /downloads/explanatory/UT-D08.md/ (+1ms) 
09:32:24   ├─ /downloads/explanatory/UT-D09.md/ (+0ms) 
09:32:24   ├─ /downloads/explanatory/UT-C01.md/ (+1ms) 
09:32:24   ├─ /downloads/explanatory/UT-C02.md/ (+1ms) 
09:32:24   ├─ /downloads/explanatory/UT-O01.md/ (+1ms) 
09:32:24   ├─ /downloads/explanatory/UT-O02.md/ (+1ms) 
09:32:24   ├─ /downloads/explanatory/UT-O03.md/ (+1ms) 
09:32:24   ├─ /downloads/explanatory/UT-O04.md/ (+1ms) 
09:32:24   ├─ /downloads/explanatory/UT-O05.md/ (+0ms) 
09:32:24   ├─ /downloads/explanatory/UT-O06.md/ (+0ms) 
09:32:24   ├─ /downloads/explanatory/UT-E01.md/ (+1ms) 
09:32:24   ├─ /downloads/explanatory/UT-E02.md/ (+1ms) 
09:32:24   ├─ /downloads/explanatory/UT-E03.md/ (+1ms) 
09:32:24   ├─ /downloads/explanatory/UT-E04.md/ (+1ms) 
09:32:24   ├─ /downloads/explanatory/UT-E05.md/ (+1ms) 
09:32:24   ├─ /downloads/explanatory/UT-E06.md/ (+1ms) 
09:32:24   ├─ /downloads/explanatory/UT-E07.md/ (+1ms) 
09:32:24   ├─ /downloads/explanatory/UT-E08.md/ (+1ms) 
09:32:24   ├─ /downloads/explanatory/UT-E09.md/ (+0ms) 
09:32:24   ├─ /downloads/explanatory/UT-E10.md/ (+0ms) 
09:32:24   ├─ /downloads/explanatory/UT-E11.md/ (+1ms) 
09:32:24   ├─ /downloads/explanatory/UT-E12.md/ (+1ms) 
09:32:24   ├─ /downloads/explanatory/DOC-ARTICLE-STRUCTURES.md/ (+0ms) 
09:32:24   ├─ /downloads/explanatory/DOC-ARTICLE-UNIT.md/ (+1ms) 
09:32:24   ├─ /downloads/explanatory/DOC-CONCEPT-INTERACTIONS.md/ (+1ms) 
09:32:24   ├─ /downloads/explanatory/DOC-CONCEPT-RECURSION.md/ (+2ms) 
09:32:24   ├─ /downloads/explanatory/DOC-CONCEPT-STABILITY.md/ (+1ms) 
09:32:24   ├─ /downloads/explanatory/DOC-CONCEPTS.md/ (+1ms) 
09:32:24   ├─ /downloads/explanatory/DOC-EVIDENCE.md/ (+1ms) 
09:32:24   ├─ /downloads/explanatory/DOC-EXAMPLE-CELL.md/ (+1ms) 
09:32:24   ├─ /downloads/explanatory/DOC-EXAMPLE-LIFE.md/ (+0ms) 
09:32:24   ├─ /downloads/explanatory/DOC-EXAMPLE-MOLECULE.md/ (+1ms) 
09:32:24   ├─ /downloads/explanatory/DOC-EXAMPLE-STAR.md/ (+0ms) 
09:32:24   ├─ /downloads/explanatory/DOC-EXAMPLE-STRING.md/ (+0ms) 
09:32:24   ├─ /downloads/explanatory/DOC-EXAMPLE-WATER.md/ (+1ms) 
09:32:24   ├─ /downloads/explanatory/DOC-EXAMPLES.md/ (+1ms) 
09:32:24   ├─ /downloads/explanatory/DOC-HOME.md/ (+1ms) 
09:32:24   ├─ /downloads/explanatory/DOC-START.md/ (+1ms) 
09:32:24   ├─ /downloads/explanatory/DOC-LIBRARY.md/ (+1ms) 
09:32:24   ├─ /downloads/original/R-CURRENT-ADDITIONAL.md/ (+3ms) 
09:32:24   ├─ /downloads/original/R-CURRENT-CHANGELOG.md/ (+1ms) 
09:32:24   ├─ /downloads/original/R-CURRENT-CONTROL.md/ (+1ms) 
09:32:24   ├─ /downloads/original/R-CURRENT-CORE.md/ (+1ms) 
09:32:24   ├─ /downloads/original/R-CURRENT-INTERACTIONS.md/ (+0ms) 
09:32:24   ├─ /downloads/original/R-CURRENT-MATH.md/ (+1ms) 
09:32:24   ├─ /downloads/original/R-CURRENT-PROOF.md/ (+1ms) 
09:32:24   ├─ /downloads/original/R-CURRENT-SCIENCE.md/ (+1ms) 
09:32:24   ├─ /downloads/original/R-CURRENT-STATUS.md/ (+1ms) 
09:32:24   ├─ /downloads/original/R-CURRENT-WORLD.md/ (+2ms) 
09:32:24   ├─ /downloads/release.json/ (+2ms) 
09:32:24   ├─ /downloads/SHA256SUMS/ (+3ms) 
09:32:24   ├─ /downloads/unity-theory-publication-site-2026.10.05-m6-private-preview.zip/ (+3ms) 
09:32:24   ├─ /fixtures/math/index.html (+9ms) 
09:32:24   ├─ /legal/index.html (+2ms) 
09:32:24   ├─ /references/index.html (+5ms) 
09:32:24   ├─ /rss.xml (+3ms) 
09:32:24   ├─ /search/index.html (+3ms) 
09:32:24   ├─ /sitemap.xml (+3ms) 
09:32:24   ├─ /start/index.html (+11ms) 
09:32:24   ├─ /index.html (+11ms) 
09:32:24   ├─ /research-status/index.html (+14ms) 
09:32:24   ├─ /research-status/proof-matrix/index.html (+8ms) 
09:32:24   ├─ /concepts/geometry-and-modes/index.html (+4ms) 
09:32:24   ├─ /documents/locked-core/index.html (+22ms) 
09:32:24   ├─ /changes/index.html (+8ms) 
09:32:24   ├─ /framework/index.html (+83ms) 
09:32:24   ├─ /math/index.html (+165ms) 
09:32:24   ├─ /evidence/interactions/index.html (+18ms) 
09:32:24   ├─ /evidence/additional/index.html (+15ms) 
09:32:24   ├─ /open-problems/index.html (+7ms) 
09:32:24   ├─ /changes/source-history/index.html (+8ms) 
09:32:24   ├─ /claims/UT-D01/index.html (+4ms) 
09:32:24   ├─ /claims/UT-D02/index.html (+5ms) 
09:32:24   ├─ /claims/UT-D03/index.html (+5ms) 
09:32:24   ├─ /claims/UT-D04/index.html (+3ms) 
09:32:24   ├─ /claims/UT-D05/index.html (+3ms) 
09:32:24   ├─ /claims/UT-D06/index.html (+5ms) 
09:32:24   ├─ /claims/UT-D07/index.html (+4ms) 
09:32:24   ├─ /claims/UT-D08/index.html (+4ms) 
09:32:24   ├─ /claims/UT-D09/index.html (+4ms) 
09:32:24   ├─ /claims/UT-C01/index.html (+3ms) 
09:32:24   ├─ /claims/UT-C02/index.html (+3ms) 
09:32:24   ├─ /claims/UT-O01/index.html (+2ms) 
09:32:24   ├─ /claims/UT-O02/index.html (+2ms) 
09:32:24   ├─ /claims/UT-O03/index.html (+3ms) 
09:32:24   ├─ /claims/UT-O04/index.html (+3ms) 
09:32:24   ├─ /claims/UT-O05/index.html (+3ms) 
09:32:24   ├─ /claims/UT-O06/index.html (+3ms) 
09:32:24   ├─ /claims/UT-E01/index.html (+5ms) 
09:32:24   ├─ /claims/UT-E02/index.html (+5ms) 
09:32:24   ├─ /claims/UT-E03/index.html (+6ms) 
09:32:24   ├─ /claims/UT-E04/index.html (+6ms) 
09:32:24   ├─ /claims/UT-E05/index.html (+4ms) 
09:32:24   ├─ /claims/UT-E06/index.html (+4ms) 
09:32:24   ├─ /claims/UT-E07/index.html (+3ms) 
09:32:24   ├─ /claims/UT-E08/index.html (+4ms) 
09:32:24   ├─ /claims/UT-E09/index.html (+5ms) 
09:32:24   ├─ /claims/UT-E10/index.html (+6ms) 
09:32:24   ├─ /claims/UT-E11/index.html (+5ms) 
09:32:24   ├─ /claims/UT-E12/index.html (+8ms) 
09:32:24   ├─ /articles/how-existing-structures-make-new-organization-possible/index.html (+5ms) 
09:32:24   ├─ /articles/when-can-a-whole-be-treated-as-one-useful-unit/index.html (+5ms) 
09:32:24   ├─ /concepts/effective-interactions/index.html (+8ms) 
09:32:24   ├─ /concepts/recursion/index.html (+5ms) 
09:32:24   ├─ /concepts/stability/index.html (+4ms) 
09:32:24   ├─ /concepts/index.html (+4ms) 
09:32:24   ├─ /evidence/index.html (+11ms) 
09:32:24   ├─ /examples/cell/index.html (+5ms) 
09:32:24   ├─ /examples/life-environment/index.html (+3ms) 
09:32:24   ├─ /examples/molecule/index.html (+6ms) 
09:32:24   ├─ /examples/star/index.html (+25ms) 
09:32:24   ├─ /examples/string/index.html (+8ms) 
09:32:24   ├─ /examples/water/index.html (+4ms) 
09:32:24   ├─ /examples/index.html (+4ms) 
09:32:24   ├─ /documents/index.html (+23ms) 
09:32:24 ✓ Completed in 2.08s.

09:32:24 [build] ✓ Completed in 2.25s.
09:32:24 [build] 65 page(s) built in 3.06s
09:32:24 [build] Complete!
preview artifact: /Users/new/RiderProjects/RPG_theory/dist/m6/preview-root; deployEligible=false
