09:32:39 [vite] Re-optimizing dependencies because vite config has changed
09:32:39 [content] Syncing content
09:32:39 [content] Astro config changed
09:32:39 [content] Clearing content store
09:32:40 [content] Synced content
09:32:40 [types] Generated 747ms
09:32:40 [build] output: "static"
09:32:40 [build] mode: "static"
09:32:40 [build] directory: /Users/new/RiderProjects/RPG_theory/dist/m6/preview-subpath/
09:32:40 [build] Collecting build info...
09:32:40 [build] ✓ Completed in 757ms.
09:32:40 [build] Building static entrypoints...
09:32:40 [vite] ✓ built in 124ms
09:32:40 [vite] ✓ built in 12ms
09:32:40 [build] Rearranging server assets...

 generating static routes 
09:32:41   ├─ /404.html (+23ms) 
09:32:41   ├─ /about/index.html (+17ms) 
09:32:41   ├─ /articles/index.html (+3ms) 
09:32:41   ├─ /cite/index.html (+346ms) 
09:32:41   ├─ /downloads/THIRD-PARTY-NOTICES.txt/ (+1ms) 
09:32:41   ├─ /downloads/explanatory/DOC-STATUS.md/ (+1ms) 
09:32:41   ├─ /downloads/explanatory/DOC-PROOF.md/ (+1ms) 
09:32:41   ├─ /downloads/explanatory/DOC-CONCEPT-GEOMETRY.md/ (+1ms) 
09:32:41   ├─ /downloads/explanatory/DOC-CORE.md/ (+1ms) 
09:32:41   ├─ /downloads/explanatory/DOC-CONTROL.md/ (+1ms) 
09:32:41   ├─ /downloads/explanatory/DOC-FRAMEWORK.md/ (+0ms) 
09:32:41   ├─ /downloads/explanatory/DOC-MATH.md/ (+0ms) 
09:32:41   ├─ /downloads/explanatory/DOC-INTERACTION-EVIDENCE.md/ (+0ms) 
09:32:41   ├─ /downloads/explanatory/DOC-ADDITIONAL-EVIDENCE.md/ (+0ms) 
09:32:41   ├─ /downloads/explanatory/DOC-OPEN-PROBLEMS.md/ (+0ms) 
09:32:41   ├─ /downloads/explanatory/DOC-SOURCE-CHANGES.md/ (+1ms) 
09:32:41   ├─ /downloads/explanatory/UT-D01.md/ (+1ms) 
09:32:41   ├─ /downloads/explanatory/UT-D02.md/ (+1ms) 
09:32:41   ├─ /downloads/explanatory/UT-D03.md/ (+0ms) 
09:32:41   ├─ /downloads/explanatory/UT-D04.md/ (+0ms) 
09:32:41   ├─ /downloads/explanatory/UT-D05.md/ (+0ms) 
09:32:41   ├─ /downloads/explanatory/UT-D06.md/ (+0ms) 
09:32:41   ├─ /downloads/explanatory/UT-D07.md/ (+0ms) 
09:32:41   ├─ /downloads/explanatory/UT-D08.md/ (+0ms) 
09:32:41   ├─ /downloads/explanatory/UT-D09.md/ (+1ms) 
09:32:41   ├─ /downloads/explanatory/UT-C01.md/ (+0ms) 
09:32:41   ├─ /downloads/explanatory/UT-C02.md/ (+0ms) 
09:32:41   ├─ /downloads/explanatory/UT-O01.md/ (+0ms) 
09:32:41   ├─ /downloads/explanatory/UT-O02.md/ (+0ms) 
09:32:41   ├─ /downloads/explanatory/UT-O03.md/ (+0ms) 
09:32:41   ├─ /downloads/explanatory/UT-O04.md/ (+0ms) 
09:32:41   ├─ /downloads/explanatory/UT-O05.md/ (+0ms) 
09:32:41   ├─ /downloads/explanatory/UT-O06.md/ (+0ms) 
09:32:41   ├─ /downloads/explanatory/UT-E01.md/ (+0ms) 
09:32:41   ├─ /downloads/explanatory/UT-E02.md/ (+0ms) 
09:32:41   ├─ /downloads/explanatory/UT-E03.md/ (+0ms) 
09:32:41   ├─ /downloads/explanatory/UT-E04.md/ (+1ms) 
09:32:41   ├─ /downloads/explanatory/UT-E05.md/ (+1ms) 
09:32:41   ├─ /downloads/explanatory/UT-E06.md/ (+1ms) 
09:32:41   ├─ /downloads/explanatory/UT-E07.md/ (+1ms) 
09:32:41   ├─ /downloads/explanatory/UT-E08.md/ (+1ms) 
09:32:41   ├─ /downloads/explanatory/UT-E09.md/ (+0ms) 
09:32:41   ├─ /downloads/explanatory/UT-E10.md/ (+0ms) 
09:32:41   ├─ /downloads/explanatory/UT-E11.md/ (+0ms) 
09:32:41   ├─ /downloads/explanatory/UT-E12.md/ (+0ms) 
09:32:41   ├─ /downloads/explanatory/DOC-ARTICLE-STRUCTURES.md/ (+1ms) 
09:32:41   ├─ /downloads/explanatory/DOC-ARTICLE-UNIT.md/ (+0ms) 
09:32:41   ├─ /downloads/explanatory/DOC-CONCEPT-INTERACTIONS.md/ (+0ms) 
09:32:41   ├─ /downloads/explanatory/DOC-CONCEPT-RECURSION.md/ (+0ms) 
09:32:41   ├─ /downloads/explanatory/DOC-CONCEPT-STABILITY.md/ (+0ms) 
09:32:41   ├─ /downloads/explanatory/DOC-CONCEPTS.md/ (+0ms) 
09:32:41   ├─ /downloads/explanatory/DOC-EVIDENCE.md/ (+0ms) 
09:32:41   ├─ /downloads/explanatory/DOC-EXAMPLE-CELL.md/ (+1ms) 
09:32:41   ├─ /downloads/explanatory/DOC-EXAMPLE-LIFE.md/ (+0ms) 
09:32:41   ├─ /downloads/explanatory/DOC-EXAMPLE-MOLECULE.md/ (+1ms) 
09:32:41   ├─ /downloads/explanatory/DOC-EXAMPLE-STAR.md/ (+0ms) 
09:32:41   ├─ /downloads/explanatory/DOC-EXAMPLE-STRING.md/ (+0ms) 
09:32:41   ├─ /downloads/explanatory/DOC-EXAMPLE-WATER.md/ (+1ms) 
09:32:41   ├─ /downloads/explanatory/DOC-EXAMPLES.md/ (+0ms) 
09:32:41   ├─ /downloads/explanatory/DOC-HOME.md/ (+0ms) 
09:32:41   ├─ /downloads/explanatory/DOC-START.md/ (+0ms) 
09:32:41   ├─ /downloads/explanatory/DOC-LIBRARY.md/ (+0ms) 
09:32:41   ├─ /downloads/original/R-CURRENT-ADDITIONAL.md/ (+0ms) 
09:32:41   ├─ /downloads/original/R-CURRENT-CHANGELOG.md/ (+0ms) 
09:32:41   ├─ /downloads/original/R-CURRENT-CONTROL.md/ (+0ms) 
09:32:41   ├─ /downloads/original/R-CURRENT-CORE.md/ (+0ms) 
09:32:41   ├─ /downloads/original/R-CURRENT-INTERACTIONS.md/ (+0ms) 
09:32:41   ├─ /downloads/original/R-CURRENT-MATH.md/ (+0ms) 
09:32:41   ├─ /downloads/original/R-CURRENT-PROOF.md/ (+0ms) 
09:32:41   ├─ /downloads/original/R-CURRENT-SCIENCE.md/ (+0ms) 
09:32:41   ├─ /downloads/original/R-CURRENT-STATUS.md/ (+0ms) 
09:32:41   ├─ /downloads/original/R-CURRENT-WORLD.md/ (+0ms) 
09:32:41   ├─ /downloads/release.json/ (+0ms) 
09:32:41   ├─ /downloads/SHA256SUMS/ (+5ms) 
09:32:41   ├─ /downloads/unity-theory-publication-site-2026.10.05-m6-private-preview.zip/ (+1ms) 
09:32:41   ├─ /fixtures/math/index.html (+6ms) 
09:32:41   ├─ /legal/index.html (+3ms) 
09:32:41   ├─ /references/index.html (+3ms) 
09:32:41   ├─ /rss.xml (+2ms) 
09:32:41   ├─ /search/index.html (+3ms) 
09:32:41   ├─ /sitemap.xml (+2ms) 
09:32:41   ├─ /start/index.html (+9ms) 
09:32:41   ├─ /index.html (+10ms) 
09:32:41   ├─ /research-status/index.html (+16ms) 
09:32:41   ├─ /research-status/proof-matrix/index.html (+7ms) 
09:32:41   ├─ /concepts/geometry-and-modes/index.html (+4ms) 
09:32:41   ├─ /documents/locked-core/index.html (+18ms) 
09:32:41   ├─ /changes/index.html (+7ms) 
09:32:41   ├─ /framework/index.html (+73ms) 
09:32:41   ├─ /math/index.html (+141ms) 
09:32:42   ├─ /evidence/interactions/index.html (+19ms) 
09:32:42   ├─ /evidence/additional/index.html (+13ms) 
09:32:42   ├─ /open-problems/index.html (+6ms) 
09:32:42   ├─ /changes/source-history/index.html (+10ms) 
09:32:42   ├─ /claims/UT-D01/index.html (+4ms) 
09:32:42   ├─ /claims/UT-D02/index.html (+4ms) 
09:32:42   ├─ /claims/UT-D03/index.html (+3ms) 
09:32:42   ├─ /claims/UT-D04/index.html (+3ms) 
09:32:42   ├─ /claims/UT-D05/index.html (+2ms) 
09:32:42   ├─ /claims/UT-D06/index.html (+4ms) 
09:32:42   ├─ /claims/UT-D07/index.html (+3ms) 
09:32:42   ├─ /claims/UT-D08/index.html (+5ms) 
09:32:42   ├─ /claims/UT-D09/index.html (+3ms) 
09:32:42   ├─ /claims/UT-C01/index.html (+2ms) 
09:32:42   ├─ /claims/UT-C02/index.html (+2ms) 
09:32:42   ├─ /claims/UT-O01/index.html (+2ms) 
09:32:42   ├─ /claims/UT-O02/index.html (+2ms) 
09:32:42   ├─ /claims/UT-O03/index.html (+2ms) 
09:32:42   ├─ /claims/UT-O04/index.html (+2ms) 
09:32:42   ├─ /claims/UT-O05/index.html (+2ms) 
09:32:42   ├─ /claims/UT-O06/index.html (+2ms) 
09:32:42   ├─ /claims/UT-E01/index.html (+3ms) 
09:32:42   ├─ /claims/UT-E02/index.html (+3ms) 
09:32:42   ├─ /claims/UT-E03/index.html (+2ms) 
09:32:42   ├─ /claims/UT-E04/index.html (+3ms) 
09:32:42   ├─ /claims/UT-E05/index.html (+3ms) 
09:32:42   ├─ /claims/UT-E06/index.html (+2ms) 
09:32:42   ├─ /claims/UT-E07/index.html (+2ms) 
09:32:42   ├─ /claims/UT-E08/index.html (+3ms) 
09:32:42   ├─ /claims/UT-E09/index.html (+2ms) 
09:32:42   ├─ /claims/UT-E10/index.html (+4ms) 
09:32:42   ├─ /claims/UT-E11/index.html (+4ms) 
09:32:42   ├─ /claims/UT-E12/index.html (+7ms) 
09:32:42   ├─ /articles/how-existing-structures-make-new-organization-possible/index.html (+4ms) 
09:32:42   ├─ /articles/when-can-a-whole-be-treated-as-one-useful-unit/index.html (+4ms) 
09:32:42   ├─ /concepts/effective-interactions/index.html (+7ms) 
09:32:42   ├─ /concepts/recursion/index.html (+4ms) 
09:32:42   ├─ /concepts/stability/index.html (+5ms) 
09:32:42   ├─ /concepts/index.html (+3ms) 
09:32:42   ├─ /evidence/index.html (+6ms) 
09:32:42   ├─ /examples/cell/index.html (+3ms) 
09:32:42   ├─ /examples/life-environment/index.html (+3ms) 
09:32:42   ├─ /examples/molecule/index.html (+3ms) 
09:32:42   ├─ /examples/star/index.html (+3ms) 
09:32:42   ├─ /examples/string/index.html (+3ms) 
09:32:42   ├─ /examples/water/index.html (+3ms) 
09:32:42   ├─ /examples/index.html (+3ms) 
09:32:42   ├─ /documents/index.html (+20ms) 
09:32:42 ✓ Completed in 1.92s.

09:32:42 [build] ✓ Completed in 2.08s.
09:32:42 [build] 65 page(s) built in 2.86s
09:32:42 [build] Complete!
preview artifact: /Users/new/RiderProjects/RPG_theory/dist/m6/preview-subpath; deployEligible=false
