✖ output audit binds bibliography text, destinations, support limits, status, projection and navigation (986.663375ms)
✔ real home/start emit withdrawal tombstones through the shared consumer and output auditor (20781.45725ms)
ℹ tests 2
ℹ suites 0
ℹ pass 1
ℹ fail 1
ℹ cancelled 0
ℹ skipped 0
ℹ todo 0
ℹ duration_ms 21010.478417

✖ failing tests:

test at tests/content/contracts.test.ts:3:1860
✖ output audit binds bibliography text, destinations, support limits, status, projection and navigation (986.663375ms)
  AssertionError [ERR_ASSERTION]: The input did not match the regular expression /BIBLIOGRAPHY_PARITY_FAILURE/. Input:
  
  'ContractError: STALE_BUILD_INPUTS: Source/config/dependency/renderer identities no longer match'
  
      at <anonymous> (/Users/new/RiderProjects/RPG_theory/tests/content/contracts.test.ts:227:58)
      at outputFixture (/Users/new/RiderProjects/RPG_theory/tests/content/contracts.test.ts:126:58)
      at TestContext.<anonymous> (/Users/new/RiderProjects/RPG_theory/tests/content/contracts.test.ts:214:114)
      at Test.runInAsyncScope (node:async_hooks:227:14)
      at Test.run (node:internal/test_runner/test:1325:25)
      at Test.start (node:internal/test_runner/test:1191:17)
      at startSubtestAfterBootstrap (node:internal/test_runner/harness:385:17) {
    generatedMessage: true,
    code: 'ERR_ASSERTION',
    actual: ContractError: STALE_BUILD_INPUTS: Source/config/dependency/renderer identities no longer match
        at auditOutput (/Users/new/RiderProjects/RPG_theory/scripts/audit-output.ts:40:145)
        at <anonymous> (/Users/new/RiderProjects/RPG_theory/tests/content/contracts.test.ts:227:69)
        at getActual (node:assert:611:5)
        at strict.throws (node:assert:759:24)
        at <anonymous> (/Users/new/RiderProjects/RPG_theory/tests/content/contracts.test.ts:227:58)
        at outputFixture (/Users/new/RiderProjects/RPG_theory/tests/content/contracts.test.ts:126:58)
        at TestContext.<anonymous> (/Users/new/RiderProjects/RPG_theory/tests/content/contracts.test.ts:214:114)
        at Test.runInAsyncScope (node:async_hooks:227:14)
        at Test.run (node:internal/test_runner/test:1325:25)
        at Test.start (node:internal/test_runner/test:1191:17),
    expected: /BIBLIOGRAPHY_PARITY_FAILURE/,
    operator: 'throws',
    diff: 'simple'
  }
