15:09:32 [content] Syncing content
15:09:32 [content] Astro config changed
15:09:32 [content] Clearing content store
15:09:37 [content] Synced content
15:09:37 [types] Generated 5.44s
15:09:37 [build] output: "static"
15:09:37 [build] mode: "static"
15:09:37 [build] directory: /Users/new/RiderProjects/RPG_theory/dist/source-reconciliation/acceptance-subpath/
15:09:37 [build] Collecting build info...
15:09:37 [build] ✓ Completed in 5.54s.
15:09:37 [build] Building static entrypoints...
15:09:37 [vite] ✓ built in 335ms
15:09:37 [vite] ✓ built in 19ms
15:09:37 [build] Rearranging server assets...

 generating static routes 
15:09:45   ├─ /404.html (+22ms) 
15:09:45   ├─ /about/index.html (+6ms) 
15:09:45   ├─ /articles/index.html (+9ms) 
15:09:45   ├─ /cite/index.html (+722ms) 
15:09:46   ├─ /downloads/THIRD-PARTY-NOTICES.txt/ (+2ms) 
15:09:46   ├─ /downloads/explanatory/DOC-STATUS.md/ (+4ms) 
15:09:46   ├─ /downloads/explanatory/DOC-CONCEPT-GEOMETRY.md/ (+1ms) 
15:09:46   ├─ /downloads/explanatory/DOC-CORE.md/ (+2ms) 
15:09:46   ├─ /downloads/explanatory/DOC-CONTROL.md/ (+2ms) 
15:09:46   ├─ /downloads/explanatory/DOC-FRAMEWORK.md/ (+2ms) 
15:09:46   ├─ /downloads/explanatory/DOC-MATH.md/ (+1ms) 
15:09:46   ├─ /downloads/explanatory/DOC-OPEN-PROBLEMS.md/ (+4ms) 
15:09:46   ├─ /downloads/explanatory/DOC-SOURCE-CHANGES.md/ (+8ms) 
15:09:46   ├─ /downloads/explanatory/DOC-WORLD.md/ (+8ms) 
15:09:46   ├─ /downloads/explanatory/DOC-BACKGROUND.md/ (+1ms) 
15:09:46   ├─ /downloads/explanatory/DOC-ILLUSTRATIONS.md/ (+8ms) 
15:09:46   ├─ /downloads/explanatory/DOC-CATALOGUE.md/ (+2ms) 
15:09:46   ├─ /downloads/explanatory/DOC-CLAIM-COVERAGE.md/ (+4ms) 
15:09:46   ├─ /downloads/explanatory/DOC-READING-GUIDE.md/ (+2ms) 
15:09:46   ├─ /downloads/explanatory/DOC-AUTHORITY.md/ (+1ms) 
15:09:46   ├─ /downloads/explanatory/DOC-FOUNDATION-ERRATA.md/ (+2ms) 
15:09:46   ├─ /downloads/explanatory/UT-D01.md/ (+1ms) 
15:09:46   ├─ /downloads/explanatory/UT-D02.md/ (+1ms) 
15:09:46   ├─ /downloads/explanatory/UT-D03.md/ (+1ms) 
15:09:46   ├─ /downloads/explanatory/UT-D04.md/ (+1ms) 
15:09:46   ├─ /downloads/explanatory/UT-D05.md/ (+1ms) 
15:09:46   ├─ /downloads/explanatory/UT-D06.md/ (+1ms) 
15:09:46   ├─ /downloads/explanatory/UT-D07.md/ (+1ms) 
15:09:46   ├─ /downloads/explanatory/UT-D08.md/ (+1ms) 
15:09:46   ├─ /downloads/explanatory/UT-D09.md/ (+1ms) 
15:09:46   ├─ /downloads/explanatory/UT-C01.md/ (+3ms) 
15:09:46   ├─ /downloads/explanatory/UT-C02.md/ (+4ms) 
15:09:46   ├─ /downloads/explanatory/UT-E101.md/ (+1ms) 
15:09:46   ├─ /downloads/explanatory/UT-E102.md/ (+1ms) 
15:09:46   ├─ /downloads/explanatory/UT-E103.md/ (+0ms) 
15:09:46   ├─ /downloads/explanatory/UT-E104.md/ (+2ms) 
15:09:46   ├─ /downloads/explanatory/UT-E105.md/ (+1ms) 
15:09:46   ├─ /downloads/explanatory/UT-E106.md/ (+1ms) 
15:09:46   ├─ /downloads/explanatory/UT-E107.md/ (+1ms) 
15:09:46   ├─ /downloads/explanatory/UT-E108.md/ (+7ms) 
15:09:46   ├─ /downloads/explanatory/UT-E109.md/ (+5ms) 
15:09:46   ├─ /downloads/explanatory/UT-E110.md/ (+7ms) 
15:09:46   ├─ /downloads/explanatory/UT-E111.md/ (+2ms) 
15:09:46   ├─ /downloads/explanatory/UT-E112.md/ (+4ms) 
15:09:46   ├─ /downloads/explanatory/UT-E113.md/ (+6ms) 
15:09:46   ├─ /downloads/explanatory/UT-E114.md/ (+1ms) 
15:09:46   ├─ /downloads/explanatory/UT-E115.md/ (+34ms) 
15:09:46   ├─ /downloads/explanatory/UT-E116.md/ (+6ms) 
15:09:46   ├─ /downloads/explanatory/UT-E117.md/ (+1ms) 
15:09:46   ├─ /downloads/explanatory/UT-E118.md/ (+2ms) 
15:09:46   ├─ /downloads/explanatory/UT-E119.md/ (+1ms) 
15:09:46   ├─ /downloads/explanatory/UT-E120.md/ (+3ms) 
15:09:46   ├─ /downloads/explanatory/UT-E121.md/ (+2ms) 
15:09:46   ├─ /downloads/explanatory/UT-E122.md/ (+1ms) 
15:09:46   ├─ /downloads/explanatory/UT-O101.md/ (+1ms) 
15:09:46   ├─ /downloads/explanatory/UT-O102.md/ (+1ms) 
15:09:46   ├─ /downloads/explanatory/UT-O103.md/ (+2ms) 
15:09:46   ├─ /downloads/explanatory/UT-O104.md/ (+3ms) 
15:09:46   ├─ /downloads/explanatory/UT-O105.md/ (+2ms) 
15:09:46   ├─ /downloads/explanatory/UT-O106.md/ (+2ms) 
15:09:46   ├─ /downloads/explanatory/UT-O107.md/ (+3ms) 
15:09:46   ├─ /downloads/explanatory/UT-O108.md/ (+2ms) 
15:09:46   ├─ /downloads/explanatory/DOC-ARTICLE-STRUCTURES.md/ (+3ms) 
15:09:46   ├─ /downloads/explanatory/DOC-ARTICLE-UNIT.md/ (+3ms) 
15:09:46   ├─ /downloads/explanatory/DOC-CONCEPT-INTERACTIONS.md/ (+3ms) 
15:09:46   ├─ /downloads/explanatory/DOC-CONCEPT-RECURSION.md/ (+14ms) 
15:09:46   ├─ /downloads/explanatory/DOC-CONCEPT-STABILITY.md/ (+1ms) 
15:09:46   ├─ /downloads/explanatory/DOC-CONCEPTS.md/ (+1ms) 
15:09:46   ├─ /downloads/explanatory/DOC-EVIDENCE.md/ (+7ms) 
15:09:46   ├─ /downloads/explanatory/DOC-EXAMPLE-CELL.md/ (+4ms) 
15:09:46   ├─ /downloads/explanatory/DOC-EXAMPLE-LIFE.md/ (+6ms) 
15:09:46   ├─ /downloads/explanatory/DOC-EXAMPLE-MOLECULE.md/ (+2ms) 
15:09:46   ├─ /downloads/explanatory/DOC-EXAMPLE-STAR.md/ (+2ms) 
15:09:46   ├─ /downloads/explanatory/DOC-EXAMPLE-STRING.md/ (+1ms) 
15:09:46   ├─ /downloads/explanatory/DOC-EXAMPLE-WATER.md/ (+1ms) 
15:09:46   ├─ /downloads/explanatory/DOC-EXAMPLES.md/ (+1ms) 
15:09:46   ├─ /downloads/explanatory/DOC-HOME.md/ (+1ms) 
15:09:46   ├─ /downloads/explanatory/DOC-START.md/ (+1ms) 
15:09:46   ├─ /downloads/explanatory/DOC-LIBRARY.md/ (+7ms) 
15:09:46   ├─ /downloads/original/R-CURRENT-AUDIT.md/ (+2ms) 
15:09:46   ├─ /downloads/original/R-CURRENT-AUTHORITY.md/ (+1ms) 
15:09:46   ├─ /downloads/original/R-CURRENT-BACKGROUND.md/ (+1ms) 
15:09:46   ├─ /downloads/original/R-CURRENT-CATALOGUE.md/ (+1ms) 
15:09:46   ├─ /downloads/original/R-CURRENT-CHANGELOG.md/ (+1ms) 
15:09:46   ├─ /downloads/original/R-CURRENT-CHECKS-PACKAGE-VALIDATION-JSON.json/ (+1ms) 
15:09:46   ├─ /downloads/original/R-CURRENT-CHECKS-VERIFICATION-RESULTS-JSON.json/ (+1ms) 
15:09:46   ├─ /downloads/original/R-CURRENT-CHECKS-VERIFY-SMALL-RESULTS-PY.py/ (+1ms) 
15:09:46   ├─ /downloads/original/R-CURRENT-CLAIMS.md/ (+1ms) 
15:09:46   ├─ /downloads/original/R-CURRENT-CONTROL.md/ (+2ms) 
15:09:46   ├─ /downloads/original/R-CURRENT-CORE.md/ (+1ms) 
15:09:46   ├─ /downloads/original/R-CURRENT-FOUNDATIONS-ERRATA-MD.md/ (+4ms) 
15:09:46   ├─ /downloads/original/R-CURRENT-GUIDE.md/ (+4ms) 
15:09:46   ├─ /downloads/original/R-CURRENT-ILLUSTRATIONS.md/ (+4ms) 
15:09:46   ├─ /downloads/original/R-CURRENT-MATH.md/ (+3ms) 
15:09:46   ├─ /downloads/original/R-CURRENT-REGISTER.json/ (+2ms) 
15:09:46   ├─ /downloads/original/R-CURRENT-SCIENCE.md/ (+1ms) 
15:09:46   ├─ /downloads/original/R-CURRENT-WORLD.md/ (+1ms) 
15:09:46   ├─ /downloads/release.json/ (+3ms) 
15:09:46   ├─ /downloads/SHA256SUMS/ (+1ms) 
15:09:46   ├─ /downloads/unity-theory-publication-site-2026.10.05-m6-private-preview.zip/ (+2ms) 
15:09:46   ├─ /fixtures/math/index.html (+7ms) 
15:09:46   ├─ /legal/index.html (+4ms) 
15:09:46   ├─ /references/index.html (+5ms) 
15:09:46   ├─ /rss.xml (+9ms) 
15:09:46   ├─ /search/index.html (+4ms) 
15:09:46   ├─ /sitemap.xml (+1ms) 
15:09:46   ├─ /start/index.html (+8ms) 
15:09:46   ├─ /index.html (+15ms) 
15:09:46   ├─ /research-status/index.html (+28ms) 
15:09:46   ├─ /research-status/proof-matrix/index.html (+9ms) 
15:09:46   ├─ /concepts/geometry-and-modes/index.html (+16ms) 
15:09:46   ├─ /documents/locked-core/index.html (+27ms) 
15:09:46   ├─ /changes/index.html (+9ms) 
15:09:46   ├─ /framework/index.html (+104ms) 
15:09:46   ├─ /math/index.html (+183ms) 
15:09:46   ├─ /evidence/interactions/index.html (+20ms) 
15:09:47   ├─ /evidence/additional/index.html (+27ms) 
15:09:47   ├─ /open-problems/index.html (+9ms) 
15:09:47   ├─ /changes/source-history/index.html (+9ms) 
15:09:47   ├─ /documents/world-explanation/index.html (+56ms) 
15:09:47   ├─ /framework/recursive-background/index.html (+196ms) 
15:09:47   ├─ /math/illustrations/index.html (+62ms) 
15:09:47   ├─ /evidence/catalogue/index.html (+51ms) 
15:09:47   ├─ /research-status/claims/index.html (+13ms) 
15:09:47   ├─ /documents/reading-guide/index.html (+13ms) 
15:09:47   ├─ /documents/source-authority/index.html (+5ms) 
15:09:47   ├─ /documents/foundation-errata/index.html (+7ms) 
15:09:47   ├─ /claims/UT-D01/index.html (+4ms) 
15:09:47   ├─ /claims/UT-D02/index.html (+3ms) 
15:09:47   ├─ /claims/UT-D03/index.html (+4ms) 
15:09:47   ├─ /claims/UT-D04/index.html (+3ms) 
15:09:47   ├─ /claims/UT-D05/index.html (+3ms) 
15:09:47   ├─ /claims/UT-D06/index.html (+5ms) 
15:09:47   ├─ /claims/UT-D07/index.html (+3ms) 
15:09:47   ├─ /claims/UT-D08/index.html (+4ms) 
15:09:47   ├─ /claims/UT-D09/index.html (+3ms) 
15:09:47   ├─ /claims/UT-C01/index.html (+2ms) 
15:09:47   ├─ /claims/UT-C02/index.html (+2ms) 
15:09:47   ├─ /claims/UT-O01/index.html (+2ms) 
15:09:47   ├─ /claims/UT-O02/index.html (+1ms) 
15:09:47   ├─ /claims/UT-O03/index.html (+1ms) 
15:09:47   ├─ /claims/UT-O04/index.html (+1ms) 
15:09:47   ├─ /claims/UT-O05/index.html (+1ms) 
15:09:47   ├─ /claims/UT-O06/index.html (+1ms) 
15:09:47   ├─ /claims/UT-E01/index.html (+3ms) 
15:09:47   ├─ /claims/UT-E02/index.html (+3ms) 
15:09:47   ├─ /claims/UT-E03/index.html (+3ms) 
15:09:47   ├─ /claims/UT-E04/index.html (+3ms) 
15:09:47   ├─ /claims/UT-E05/index.html (+3ms) 
15:09:47   ├─ /claims/UT-E06/index.html (+3ms) 
15:09:47   ├─ /claims/UT-E07/index.html (+3ms) 
15:09:47   ├─ /claims/UT-E08/index.html (+3ms) 
15:09:47   ├─ /claims/UT-E09/index.html (+3ms) 
15:09:47   ├─ /claims/UT-E10/index.html (+5ms) 
15:09:47   ├─ /claims/UT-E11/index.html (+6ms) 
15:09:47   ├─ /claims/UT-E12/index.html (+4ms) 
15:09:47   ├─ /claims/UT-E101/index.html (+3ms) 
15:09:47   ├─ /claims/UT-E102/index.html (+3ms) 
15:09:47   ├─ /claims/UT-E103/index.html (+3ms) 
15:09:47   ├─ /claims/UT-E104/index.html (+3ms) 
15:09:47   ├─ /claims/UT-E105/index.html (+3ms) 
15:09:47   ├─ /claims/UT-E106/index.html (+3ms) 
15:09:47   ├─ /claims/UT-E107/index.html (+2ms) 
15:09:47   ├─ /claims/UT-E108/index.html (+2ms) 
15:09:47   ├─ /claims/UT-E109/index.html (+3ms) 
15:09:47   ├─ /claims/UT-E110/index.html (+3ms) 
15:09:47   ├─ /claims/UT-E111/index.html (+3ms) 
15:09:47   ├─ /claims/UT-E112/index.html (+2ms) 
15:09:47   ├─ /claims/UT-E113/index.html (+3ms) 
15:09:47   ├─ /claims/UT-E114/index.html (+3ms) 
15:09:47   ├─ /claims/UT-E115/index.html (+3ms) 
15:09:47   ├─ /claims/UT-E116/index.html (+3ms) 
15:09:47   ├─ /claims/UT-E117/index.html (+3ms) 
15:09:47   ├─ /claims/UT-E118/index.html (+3ms) 
15:09:47   ├─ /claims/UT-E119/index.html (+3ms) 
15:09:47   ├─ /claims/UT-E120/index.html (+2ms) 
15:09:47   ├─ /claims/UT-E121/index.html (+4ms) 
15:09:47   ├─ /claims/UT-E122/index.html (+3ms) 
15:09:47   ├─ /claims/UT-O101/index.html (+1ms) 
15:09:47   ├─ /claims/UT-O102/index.html (+1ms) 
15:09:47   ├─ /claims/UT-O103/index.html (+2ms) 
15:09:47   ├─ /claims/UT-O104/index.html (+2ms) 
15:09:47   ├─ /claims/UT-O105/index.html (+2ms) 
15:09:47   ├─ /claims/UT-O106/index.html (+1ms) 
15:09:47   ├─ /claims/UT-O107/index.html (+2ms) 
15:09:47   ├─ /claims/UT-O108/index.html (+2ms) 
15:09:47   ├─ /articles/how-existing-structures-make-new-organization-possible/index.html (+3ms) 
15:09:47   ├─ /articles/when-can-a-whole-be-treated-as-one-useful-unit/index.html (+4ms) 
15:09:47   ├─ /concepts/effective-interactions/index.html (+5ms) 
15:09:47   ├─ /concepts/recursion/index.html (+5ms) 
15:09:47   ├─ /concepts/stability/index.html (+4ms) 
15:09:47   ├─ /concepts/index.html (+3ms) 
15:09:47   ├─ /evidence/index.html (+6ms) 
15:09:47   ├─ /examples/cell/index.html (+3ms) 
15:09:47   ├─ /examples/life-environment/index.html (+3ms) 
15:09:47   ├─ /examples/molecule/index.html (+2ms) 
15:09:47   ├─ /examples/star/index.html (+2ms) 
15:09:47   ├─ /examples/string/index.html (+2ms) 
15:09:47   ├─ /examples/water/index.html (+2ms) 
15:09:47   ├─ /examples/index.html (+4ms) 
15:09:47   ├─ /documents/index.html (+20ms) 
15:09:47 ✓ Completed in 10.19s.

15:09:47 [build] ✓ Completed in 10.58s.
15:09:47 [build] 103 page(s) built in 16.12s
15:09:47 [build] Complete!
preview artifact: /Users/new/RiderProjects/RPG_theory/dist/source-reconciliation/acceptance-subpath; deployEligible=false
