
Running 4 tests using 1 worker

(node:88241) Warning: The 'NO_COLOR' env is ignored due to the 'FORCE_COLOR' env being set.
(Use `node --trace-warnings ...` to show where the warning was created)
  ✓  1 tests/e2e/reading.spec.ts:125:1 › M1 claims, concepts, status, matrix and bibliography pass axe and 320px reflow (4.0s)
  ✓  2 tests/e2e/technical.spec.ts:7:1 › M3 technical reading and source discovery work without JavaScript (2.0s)
  ✓  3 tests/e2e/technical.spec.ts:26:1 › M3 equations and technical readings remain accessible at 320px in dark mode (14.3s)
  ✘  4 tests/e2e/technical.spec.ts:54:1 › M3 evidence attribution, scope and open tests remain visible beside the actual sources (30.1s)


  1) tests/e2e/technical.spec.ts:54:1 › M3 evidence attribution, scope and open tests remain visible beside the actual sources 

    Test timeout of 30000ms exceeded.

    Error: locator.click: Test timeout of 30000ms exceeded.
    Call log:
      - waiting for getByRole('link', { name: 'O4 — Fundamental unification', exact: true })


      60 |   await expect(page.locator('[data-canonical-body]')).toContainText('full source-to-repeated-level causal sequence is not established');
      61 |   await page.goto(base+'open-problems/');
    > 62 |   await page.getByRole('link',{name:'O4 — Fundamental unification',exact:true}).click();
         |                                                                                 ^
      63 |   await expect(page).toHaveURL(new RegExp('claims/UT-O104/$'));
      64 |   await expect(page.locator('[data-canonical-body]')).toContainText('do not derive that claim');
      65 | });
        at /Users/new/RiderProjects/RPG_theory/tests/e2e/technical.spec.ts:62:81

    Error Context: docs/evidence/source-reconciliation/implementation/root-affected/browser-traces/root/technical-M3-evidence-attr-001b8-e-beside-the-actual-sources/error-context.md

    attachment #2: trace (application/zip) ─────────────────────────────────────────────────────────
    docs/evidence/source-reconciliation/implementation/root-affected/browser-traces/root/technical-M3-evidence-attr-001b8-e-beside-the-actual-sources/trace.zip
    Usage:

        npx playwright show-trace docs/evidence/source-reconciliation/implementation/root-affected/browser-traces/root/technical-M3-evidence-attr-001b8-e-beside-the-actual-sources/trace.zip

    ────────────────────────────────────────────────────────────────────────────────────────────────

  1 failed
    tests/e2e/technical.spec.ts:54:1 › M3 evidence attribution, scope and open tests remain visible beside the actual sources 
  3 passed (52.4s)
