✔ missing current sources reach CURRENT_SOURCE_PACKAGE_MISSING (6.743292ms)
✔ one-byte history mutation reaches HISTORICAL_INTEGRITY_FAILURE (9.39225ms)
✔ unrecorded core change reaches LOCKED_CORE_MISMATCH (1.072042ms)
✔ missing required manifest member reaches CURRENT_MANIFEST_INCOMPLETE (0.8535ms)
✔ mixed stale sibling with matching core reaches SOURCE_INTEGRITY_FAILURE (1.550583ms)
✔ wrong source/excerpt binding reaches SOURCE_BINDING_FAILURE (1.615875ms)
✔ history offered as current reaches LEGACY_SOURCE_REJECTED (0.838ms)
✔ complete justified revised synthetic edition passes without historical-pin veto (3.013708ms)
✔ silent edition-pin reset still fails (1.119708ms)
✔ recorded membership omissions, duplicates and unknown manifest formats fail against actual text (1.781125ms)
✔ root, subpath, file endpoints and path collisions use the same URL owner (0.362708ms)
✔ release with fixture host or unqualified scientific corpus fails closed (3.11675ms)
✔ root-only asset in subpath output reaches BASE_PATH_FAILURE (36413.612209ms)
✔ output audit requires routes, rejects extra private files and stale/relabelled identity (18943.888416ms)
✖ absolute same-site links/fragments are local; unsafe links and remote resources fail (35393.214791ms)
✖ artifact audit rejects false source identity and active SVG files (140.153333ms)
✔ Markdown renders MathML, prefixes links and rejects HTML/unsafe destinations (3.294417ms)
✔ Markdown reference links/images share safety and base handling (3.369666ms)
✔ math macros cannot leak between documents and trusted HTML commands emit no active link (1.701584ms)
✔ safe archive extraction rejects traversal, absolute paths, symlinks, collisions and unexpected roots (150.713958ms)
✖ output audit rejects changed source-bound display, manifest substitutions and draft sentinels (111.348417ms)
✖ output audit binds bibliography text, destinations, support limits, status, projection and navigation (3030.250875ms)
✖ output audit rejects multiply encoded local traversal (161.916584ms)
✖ document metadata comparison scopes the title to the head, preserving accessible SVG titles (135.579458ms)
✖ output audit rejects changed or duplicate social metadata, visible descriptions and private indexing controls (122.761583ms)
✖ output audit keeps all responsive, media, SVG and form loads local and refuses rebasing or redirects (170.082417ms)
✖ output audit inspects normalized CSS loading syntax in files and inline styles without bypassing data URLs (134.140417ms)
✖ output audit checks SVG presentation URLs and refuses XML rebasing in inline and standalone SVG (156.306833ms)
✖ output audit preserves CSS string and URL semantics and refuses unsupported resource syntax (144.692541ms)
✖ standalone SVG refuses stylesheet and unknown processing instructions while allowing its XML declaration (125.144958ms)
✖ output audit rejects missing, altered or duplicate beginner schematics at their own control (160.012292ms)
✖ output audit refuses missing, duplicate, misplaced or unrelated math styles and unnecessary beginner math loads (114.564458ms)
✖ each additional-evidence mapping declares every core clause named by its actual excerpt (2776.092875ms)
✖ the actual start explanation tracks emergent evidence, its support metadata and current status (1837.339959ms)
✖ background-extension changes invalidate the actual E12 interpretation and its consumers (1744.105333ms)
✔ review fingerprints track real URL, selection, style and pinned rendering dependency inputs (10067.295917ms)
✖ historical representation decisions do not populate website fidelity or qualify the source (1429.946542ms)
✔ independent statement, bad binding range/hash, wrong record kind, duplicates and unknown sources fail (230.129458ms)
✔ source-scoped aliases keep historical S01 local; duplicates and unresolved aliases fail (61.022666ms)
✔ source URL aliases preserve case-sensitive paths while DOI identity remains case insensitive (1466.5905ms)
✔ non-DOI citation identity preserves added or removed trailing path separators (1429.4315ms)
✔ missing or cyclic semantic dependency fails; related feedback does not create proof cycles (2659.658625ms)
✔ authority notes cannot supply scientific excerpts; invalid states and real dates fail (131.070417ms)
✔ safe directives render actual canonical explanations, extract dependencies and reject executable/unknown syntax (84.488625ms)
✔ dependency changes stale exact reviews and report reverse dependants; unrelated bibliography is local (1493.331333ms)
✖ changing a relevant source verification scope or relevant citation stales its review (1626.577375ms)
✔ shared release selector refuses actual pending corpus, missing/stale reviews, future publication and rights (6906.980542ms)
✔ one manifest excludes drafts from every production surface and rejects published draft dependencies (907.681166ms)
✔ withdrawn history is explicitly selected as a tombstone; former body is removed (767.138833ms)
✖ source display adapters preserve raw bindings while rendering status/math/table consumers (846.849833ms)
✔ source revision transaction refuses missing prior-byte preservation and incomplete core proof gate (2434.139084ms)
✖ actual supplied 07 and 08 cannot disappear behind a matching core (8.252584ms)
✖ a missing or mismatched actual local citation alias fails the source adapter (17.466542ms)
✔ project reproduction cannot be asserted with an invented execution receipt (60.189167ms)
✔ Markdown directive export uses ordinary links and leaves code examples untouched (1.452458ms)
✔ statement directives are order-independent; nested references and cycles reach the shared graph (2331.991292ms)
✖ scientific identities cannot bypass proposal provenance or masquerade as documents (90.863416ms)
✔ retained historical excerpts remain historical; supersession is reciprocal and draft history stays out of discovery (1960.097166ms)
✔ review rejection is distinct from pending; alternate citation review binds its primary metadata (884.011458ms)
✔ source, bibliography, execution and renderer identity changes report or stale their actual dependants (740.86475ms)
✖ actual status, proof and home summaries depend on their core definitions and emergent evidence (0.289917ms)
✔ withdrawal removes old title, scope, source mapping, evidence and bibliography from all rendered regions (612.639834ms)
✔ bibliographic verification cannot retain a checked label after metadata substitution (54.841417ms)
✔ release rejects future updates and reviews independently of the publication date (1552.319625ms)
✔ qualification uses reviewed production selection; a preview cannot be relabelled qualification (871.822416ms)
✔ Markdown export validates safety, expands nested references and leaves math samples intact (858.363625ms)
✔ directives cannot create nested anchors in link labels or Markdown exports (0.796417ms)
✔ proposals display non-adoption and cannot supersede source-authoritative records (969.056292ms)
✖ revision impact retains predecessor dependants when the next graph removes an edge (1615.018917ms)
✖ M2 examples and concepts use the admitted source edition and explicit original-source mappings (5.185375ms)
✔ M2 misleading editorial candidates are surfaced and cannot become a qualified selection without independent review (7421.873042ms)
✖ the real interaction relation is a display equation with an accessible local scrolling region (40.81025ms)
✔ optional beginner source details preserve visible proposal, correction, explanation and limits (3.678375ms)
✔ M2 rendering changes invalidate preserved predecessor decisions independently of later bounded reviews (1956.368458ms)
✔ M3 technical readings extract each complete original body with retained addenda and source provenance (3221.8825ms)
✔ selected catalogue retains all 22 case identities and source-reported two-axis classification (125.034125ms)
✔ current questions and audit preserve the promoted source scope while predecessor IDs remain historical (0.193958ms)
✔ technical guides use actual heading anchors and selected routes at both bases (12451.989ms)
✔ M3 preserves issued decisions without turning new readings or builds into approvals (1.753083ms)
✔ the disclosed section 39 display repair preserves three separate formulas and refuses a changed boundary (15.980541ms)
✔ M4 explanatory exports mirror canonical parsed statements, retain adapters and have usable destinations at both bases (16998.104042ms)
✔ M4 ZIP manifests preserve original bytes and exclude administrative evidence/history; tampered members fail (3874.20775ms)
✔ M4 approved selection filters draft/history/withdrawn downloads and emits dated article RSS at both bases (1391.26625ms)
✔ M4 duplicate article routes and stale source numbers refuse; document source rename does not rename its route (2576.961708ms)
✔ M4 citation remains inactive for actual missing decisions; prepared CFF uses only supplied approved metadata (2599.431041ms)
✔ M4 print CSS admits page layout and literal citation targets while refusing resource-bearing attr forms (0.574167ms)
✔ M5 actual identity stays pending and every rights surface preserves separate scope and lawful exceptions (16.044125ms)
✔ M5 explicit synthetic credit drives About/footer/CFF without inferred contact or identity (6.589083ms)
✔ M5 deployment rejects PR, fixture host, unapproved target, missing identity and pending scoped rights with named reasons (1.645417ms)
✔ M5 scoped license declarations bind exact files; no additional license state cannot imply a grant (2.218209ms)
✔ M5 targeted legal-copy control flags the faux any-use royalty claim; a parser never certifies legal wording (5.124542ms)
✔ M5 actual workflow is read-only for PRs and manual artifact-bound for deploy; privileged PR mutation refuses (77.715792ms)
✔ M5 public repository screen refuses private/history paths and reports secret locations without values (8.432417ms)
✔ M5 actual website and ZIP carry the exact renderer notice without project licensing or administrative material (5022.778125ms)
✔ M6 real drafts never enter search/sitemap; private utility metadata invents no author or institution (2904.3815ms)
✔ M6 correction transaction invalidates dependants, requires explicit synthetic rereview and excludes the replaced route (2196.471917ms)
✔ M6 missing search body and misleading scope fail before indexing (1614.009667ms)
✔ M6 stale search identity and added source-map/private assets are refused in the actual artifact auditor (24547.409916ms)
✔ M7 live transport matches every qualified file, Git/input/seal identity and true 404 at both bases (150.05275ms)
✔ M7 live verification refuses actual private target and private/forged receipts before network access (1.105084ms)
✔ M7 live byte drift, redirects, mismatched same-run seal and soft 404 all fail (3.79125ms)
✔ M7 refuses bound-but-dirty or fixture build identities rather than qualifying their self-description (1.054833ms)
✔ M7 prepare receipts use the narrow ignored evidence directory; issued tracked evidence still makes Git dirty (340.231417ms)
✔ real home/start emit withdrawal tombstones through the shared consumer and output auditor (67403.087292ms)
✖ real revision CLI validates preserved editions and reports pending dependants; it cannot write approvals (98.157875ms)
✖ real revision CLI accounts for both rename paths without inventing a core-byte change: 04_status_and_blockers.md (125.841791ms)
✖ real revision CLI accounts for both rename paths without inventing a core-byte change: 00_LOCKED_CORE.md (3331.826584ms)
✔ document links, reference-style links and case sections resolve to real HTML at both bases (453.136917ms)
✔ current source downloads preserve exact bytes and correct file types; historical drafts stay outside exports and navigation (4587.233125ms)
✔ intake contentReview accepted cannot qualify actual or synthetic bytes; historical approvals stay separate (2626.317375ms)
✔ hashed exact fidelity evidence is required; scientific approval or request-only data cannot substitute (1894.181ms)
✔ bounded fidelity decisions need no linked scientific acceptance; dependency changes still stale the decision (1497.241417ms)
✔ complete isolated fidelity inventory derives qualification, while synthetic scope and missing reviews refuse it (1211.00125ms)
✔ null, primitive and incomplete stale evidence fail with the intended typed diagnostic (966.956833ms)
✔ review dates cannot predate the reviewed material, including dependency updates (926.33725ms)
✔ receipt paths reject traversal, symlink files and symlink ancestors (1119.124709ms)
✔ review inputs independently capture rendered plain language and the actual home projection without aliasing (1415.85575ms)
✖ stale decisions retain internally coherent dates, source excerpts, dependencies and projection reads (2842.561334ms)
✔ receipt paths reject control characters even when a matching regular file exists (1166.953167ms)
✔ a real loader roundtrip validates hashed decisions and qualifies only the reviewed selection, ignoring unrelated drafts and historical scientific registry bytes (15871.414625ms)
ℹ tests 120
ℹ suites 0
ℹ pass 89
ℹ fail 31
ℹ cancelled 0
ℹ skipped 0
ℹ todo 0
ℹ duration_ms 97351.058334

✖ failing tests:

test at tests/content/contracts.test.ts:1:9774
✖ absolute same-site links/fragments are local; unsafe links and remote resources fail (35393.214791ms)
  AssertionError [ERR_ASSERTION]: The input did not match the regular expression /UNSAFE_OUTPUT_URL/. Input:
  
  'ContractError: STALE_BUILD_INPUTS: Source/config/dependency/renderer identities no longer match'
  
      at <anonymous> (/Users/new/RiderProjects/RPG_theory/tests/content/contracts.test.ts:158:10)
      at outputFixture (/Users/new/RiderProjects/RPG_theory/tests/content/contracts.test.ts:126:58)
      at TestContext.<anonymous> (/Users/new/RiderProjects/RPG_theory/tests/content/contracts.test.ts:147:100)
      at Test.runInAsyncScope (node:async_hooks:227:14)
      at Test.run (node:internal/test_runner/test:1325:25)
      at Test.processPendingSubtests (node:internal/test_runner/test:911:18)
      at Test.postRun (node:internal/test_runner/test:1465:19)
      at Test.run (node:internal/test_runner/test:1390:12)
      at async Test.processPendingSubtests (node:internal/test_runner/test:911:7) {
    generatedMessage: true,
    code: 'ERR_ASSERTION',
    actual: ContractError: STALE_BUILD_INPUTS: Source/config/dependency/renderer identities no longer match
        at auditOutput (/Users/new/RiderProjects/RPG_theory/scripts/audit-output.ts:40:145)
        at <anonymous> (/Users/new/RiderProjects/RPG_theory/tests/content/contracts.test.ts:158:23)
        at getActual (node:assert:611:5)
        at strict.throws (node:assert:759:24)
        at <anonymous> (/Users/new/RiderProjects/RPG_theory/tests/content/contracts.test.ts:158:10)
        at outputFixture (/Users/new/RiderProjects/RPG_theory/tests/content/contracts.test.ts:126:58)
        at TestContext.<anonymous> (/Users/new/RiderProjects/RPG_theory/tests/content/contracts.test.ts:147:100)
        at Test.runInAsyncScope (node:async_hooks:227:14)
        at Test.run (node:internal/test_runner/test:1325:25)
        at Test.processPendingSubtests (node:internal/test_runner/test:911:18),
    expected: /UNSAFE_OUTPUT_URL/,
    operator: 'throws',
    diff: 'simple'
  }

test at tests/content/contracts.test.ts:1:10857
✖ artifact audit rejects false source identity and active SVG files (140.153333ms)
  AssertionError [ERR_ASSERTION]: The input did not match the regular expression /STALE_SOURCE_IDENTITY/. Input:
  
  'ContractError: STALE_BUILD_INPUTS: Source/config/dependency/renderer identities no longer match'
  
      at <anonymous> (/Users/new/RiderProjects/RPG_theory/tests/content/contracts.test.ts:166:10)
      at outputFixture (/Users/new/RiderProjects/RPG_theory/tests/content/contracts.test.ts:126:58)
      at TestContext.<anonymous> (/Users/new/RiderProjects/RPG_theory/tests/content/contracts.test.ts:164:81)
      at Test.runInAsyncScope (node:async_hooks:227:14)
      at Test.run (node:internal/test_runner/test:1325:25)
      at Test.processPendingSubtests (node:internal/test_runner/test:911:18)
      at Test.postRun (node:internal/test_runner/test:1465:19)
      at Test.run (node:internal/test_runner/test:1390:12)
      at async Test.processPendingSubtests (node:internal/test_runner/test:911:7) {
    generatedMessage: true,
    code: 'ERR_ASSERTION',
    actual: ContractError: STALE_BUILD_INPUTS: Source/config/dependency/renderer identities no longer match
        at auditOutput (/Users/new/RiderProjects/RPG_theory/scripts/audit-output.ts:40:145)
        at <anonymous> (/Users/new/RiderProjects/RPG_theory/tests/content/contracts.test.ts:166:23)
        at getActual (node:assert:611:5)
        at strict.throws (node:assert:759:24)
        at <anonymous> (/Users/new/RiderProjects/RPG_theory/tests/content/contracts.test.ts:166:10)
        at outputFixture (/Users/new/RiderProjects/RPG_theory/tests/content/contracts.test.ts:126:58)
        at TestContext.<anonymous> (/Users/new/RiderProjects/RPG_theory/tests/content/contracts.test.ts:164:81)
        at Test.runInAsyncScope (node:async_hooks:227:14)
        at Test.run (node:internal/test_runner/test:1325:25)
        at Test.processPendingSubtests (node:internal/test_runner/test:911:18),
    expected: /STALE_SOURCE_IDENTITY/,
    operator: 'throws',
    diff: 'simple'
  }

test at tests/content/contracts.test.ts:3:991
✖ output audit rejects changed source-bound display, manifest substitutions and draft sentinels (111.348417ms)
  AssertionError [ERR_ASSERTION]: The input did not match the regular expression /CONTENT_PARITY_FAILURE/. Input:
  
  'ContractError: STALE_BUILD_INPUTS: Source/config/dependency/renderer identities no longer match'
  
      at <anonymous> (/Users/new/RiderProjects/RPG_theory/tests/content/contracts.test.ts:208:9)
      at outputFixture (/Users/new/RiderProjects/RPG_theory/tests/content/contracts.test.ts:126:58)
      at TestContext.<anonymous> (/Users/new/RiderProjects/RPG_theory/tests/content/contracts.test.ts:205:106)
      at Test.runInAsyncScope (node:async_hooks:227:14)
      at Test.run (node:internal/test_runner/test:1325:25)
      at Test.processPendingSubtests (node:internal/test_runner/test:911:18)
      at Test.postRun (node:internal/test_runner/test:1465:19)
      at Test.run (node:internal/test_runner/test:1390:12)
      at async Test.processPendingSubtests (node:internal/test_runner/test:911:7) {
    generatedMessage: true,
    code: 'ERR_ASSERTION',
    actual: ContractError: STALE_BUILD_INPUTS: Source/config/dependency/renderer identities no longer match
        at auditOutput (/Users/new/RiderProjects/RPG_theory/scripts/audit-output.ts:40:145)
        at <anonymous> (/Users/new/RiderProjects/RPG_theory/tests/content/contracts.test.ts:208:20)
        at getActual (node:assert:611:5)
        at strict.throws (node:assert:759:24)
        at <anonymous> (/Users/new/RiderProjects/RPG_theory/tests/content/contracts.test.ts:208:9)
        at outputFixture (/Users/new/RiderProjects/RPG_theory/tests/content/contracts.test.ts:126:58)
        at TestContext.<anonymous> (/Users/new/RiderProjects/RPG_theory/tests/content/contracts.test.ts:205:106)
        at Test.runInAsyncScope (node:async_hooks:227:14)
        at Test.run (node:internal/test_runner/test:1325:25)
        at Test.processPendingSubtests (node:internal/test_runner/test:911:18),
    expected: /CONTENT_PARITY_FAILURE/,
    operator: 'throws',
    diff: 'simple'
  }

test at tests/content/contracts.test.ts:3:1860
✖ output audit binds bibliography text, destinations, support limits, status, projection and navigation (3030.250875ms)
  AssertionError [ERR_ASSERTION]: The input did not match the regular expression /BIBLIOGRAPHY_PARITY_FAILURE/. Input:
  
  'ContractError: STALE_BUILD_INPUTS: Source/config/dependency/renderer identities no longer match'
  
      at <anonymous> (/Users/new/RiderProjects/RPG_theory/tests/content/contracts.test.ts:227:58)
      at outputFixture (/Users/new/RiderProjects/RPG_theory/tests/content/contracts.test.ts:126:58)
      at TestContext.<anonymous> (/Users/new/RiderProjects/RPG_theory/tests/content/contracts.test.ts:214:114)
      at Test.runInAsyncScope (node:async_hooks:227:14)
      at Test.run (node:internal/test_runner/test:1325:25)
      at Test.processPendingSubtests (node:internal/test_runner/test:911:18)
      at Test.postRun (node:internal/test_runner/test:1465:19)
      at Test.run (node:internal/test_runner/test:1390:12)
      at async Test.processPendingSubtests (node:internal/test_runner/test:911:7) {
    generatedMessage: true,
    code: 'ERR_ASSERTION',
    actual: ContractError: STALE_BUILD_INPUTS: Source/config/dependency/renderer identities no longer match
        at auditOutput (/Users/new/RiderProjects/RPG_theory/scripts/audit-output.ts:40:145)
        at <anonymous> (/Users/new/RiderProjects/RPG_theory/tests/content/contracts.test.ts:227:69)
        at getActual (node:assert:611:5)
        at strict.throws (node:assert:759:24)
        at <anonymous> (/Users/new/RiderProjects/RPG_theory/tests/content/contracts.test.ts:227:58)
        at outputFixture (/Users/new/RiderProjects/RPG_theory/tests/content/contracts.test.ts:126:58)
        at TestContext.<anonymous> (/Users/new/RiderProjects/RPG_theory/tests/content/contracts.test.ts:214:114)
        at Test.runInAsyncScope (node:async_hooks:227:14)
        at Test.run (node:internal/test_runner/test:1325:25)
        at Test.processPendingSubtests (node:internal/test_runner/test:911:18),
    expected: /BIBLIOGRAPHY_PARITY_FAILURE/,
    operator: 'throws',
    diff: 'simple'
  }

test at tests/content/contracts.test.ts:3:3719
✖ output audit rejects multiply encoded local traversal (161.916584ms)
  AssertionError [ERR_ASSERTION]: The input did not match the regular expression /UNSAFE_ROUTE/. Input:
  
  'ContractError: STALE_BUILD_INPUTS: Source/config/dependency/renderer identities no longer match'
  
      at <anonymous> (/Users/new/RiderProjects/RPG_theory/tests/content/contracts.test.ts:235:10)
      at outputFixture (/Users/new/RiderProjects/RPG_theory/tests/content/contracts.test.ts:126:58)
      at TestContext.<anonymous> (/Users/new/RiderProjects/RPG_theory/tests/content/contracts.test.ts:233:66)
      at Test.runInAsyncScope (node:async_hooks:227:14)
      at Test.run (node:internal/test_runner/test:1325:25)
      at Test.processPendingSubtests (node:internal/test_runner/test:911:18)
      at Test.postRun (node:internal/test_runner/test:1465:19)
      at Test.run (node:internal/test_runner/test:1390:12)
      at async Test.processPendingSubtests (node:internal/test_runner/test:911:7) {
    generatedMessage: true,
    code: 'ERR_ASSERTION',
    actual: ContractError: STALE_BUILD_INPUTS: Source/config/dependency/renderer identities no longer match
        at auditOutput (/Users/new/RiderProjects/RPG_theory/scripts/audit-output.ts:40:145)
        at <anonymous> (/Users/new/RiderProjects/RPG_theory/tests/content/contracts.test.ts:235:21)
        at getActual (node:assert:611:5)
        at strict.throws (node:assert:759:24)
        at <anonymous> (/Users/new/RiderProjects/RPG_theory/tests/content/contracts.test.ts:235:10)
        at outputFixture (/Users/new/RiderProjects/RPG_theory/tests/content/contracts.test.ts:126:58)
        at TestContext.<anonymous> (/Users/new/RiderProjects/RPG_theory/tests/content/contracts.test.ts:233:66)
        at Test.runInAsyncScope (node:async_hooks:227:14)
        at Test.run (node:internal/test_runner/test:1325:25)
        at Test.processPendingSubtests (node:internal/test_runner/test:911:18),
    expected: /UNSAFE_ROUTE/,
    operator: 'throws',
    diff: 'simple'
  }

test at tests/content/contracts.test.ts:3:4038
✖ document metadata comparison scopes the title to the head, preserving accessible SVG titles (135.579458ms)
  Error [ContractError]: STALE_BUILD_INPUTS: Source/config/dependency/renderer identities no longer match
      at auditOutput (/Users/new/RiderProjects/RPG_theory/scripts/audit-output.ts:40:145)
      at <anonymous> (/Users/new/RiderProjects/RPG_theory/tests/content/contracts.test.ts:240:15)
      at outputFixture (/Users/new/RiderProjects/RPG_theory/tests/content/contracts.test.ts:126:58)
      at TestContext.<anonymous> (/Users/new/RiderProjects/RPG_theory/tests/content/contracts.test.ts:238:104)
      at Test.runInAsyncScope (node:async_hooks:227:14)
      at Test.run (node:internal/test_runner/test:1325:25)
      at Test.processPendingSubtests (node:internal/test_runner/test:911:18)
      at Test.postRun (node:internal/test_runner/test:1465:19)
      at Test.run (node:internal/test_runner/test:1390:12)
      at async Test.processPendingSubtests (node:internal/test_runner/test:911:7) {
    code: 'STALE_BUILD_INPUTS'
  }

test at tests/content/contracts.test.ts:3:4407
✖ output audit rejects changed or duplicate social metadata, visible descriptions and private indexing controls (122.761583ms)
  AssertionError [ERR_ASSERTION]: The input did not match the regular expression /CONTENT_METADATA_PARITY_FAILURE/. Input:
  
  'ContractError: STALE_BUILD_INPUTS: Source/config/dependency/renderer identities no longer match'
  
      at <anonymous> (/Users/new/RiderProjects/RPG_theory/tests/content/contracts.test.ts:257:12)
      at outputFixture (/Users/new/RiderProjects/RPG_theory/tests/content/contracts.test.ts:126:58)
      at TestContext.<anonymous> (/Users/new/RiderProjects/RPG_theory/tests/content/contracts.test.ts:243:122)
      at Test.runInAsyncScope (node:async_hooks:227:14)
      at Test.run (node:internal/test_runner/test:1325:25)
      at Test.processPendingSubtests (node:internal/test_runner/test:911:18)
      at Test.postRun (node:internal/test_runner/test:1465:19)
      at Test.run (node:internal/test_runner/test:1390:12)
      at async Test.processPendingSubtests (node:internal/test_runner/test:911:7) {
    generatedMessage: true,
    code: 'ERR_ASSERTION',
    actual: ContractError: STALE_BUILD_INPUTS: Source/config/dependency/renderer identities no longer match
        at auditOutput (/Users/new/RiderProjects/RPG_theory/scripts/audit-output.ts:40:145)
        at <anonymous> (/Users/new/RiderProjects/RPG_theory/tests/content/contracts.test.ts:257:23)
        at getActual (node:assert:611:5)
        at strict.throws (node:assert:759:24)
        at <anonymous> (/Users/new/RiderProjects/RPG_theory/tests/content/contracts.test.ts:257:12)
        at outputFixture (/Users/new/RiderProjects/RPG_theory/tests/content/contracts.test.ts:126:58)
        at TestContext.<anonymous> (/Users/new/RiderProjects/RPG_theory/tests/content/contracts.test.ts:243:122)
        at Test.runInAsyncScope (node:async_hooks:227:14)
        at Test.run (node:internal/test_runner/test:1325:25)
        at Test.processPendingSubtests (node:internal/test_runner/test:911:18),
    expected: /CONTENT_METADATA_PARITY_FAILURE/,
    operator: 'throws',
    diff: 'simple'
  }

test at tests/content/contracts.test.ts:3:5999
✖ output audit keeps all responsive, media, SVG and form loads local and refuses rebasing or redirects (170.082417ms)
  Error [ContractError]: STALE_BUILD_INPUTS: Source/config/dependency/renderer identities no longer match
      at auditOutput (/Users/new/RiderProjects/RPG_theory/scripts/audit-output.ts:40:145)
      at <anonymous> (/Users/new/RiderProjects/RPG_theory/tests/content/contracts.test.ts:265:16)
      at outputFixture (/Users/new/RiderProjects/RPG_theory/tests/content/contracts.test.ts:126:58)
      at TestContext.<anonymous> (/Users/new/RiderProjects/RPG_theory/tests/content/contracts.test.ts:261:113)
      at Test.runInAsyncScope (node:async_hooks:227:14)
      at Test.run (node:internal/test_runner/test:1325:25)
      at Test.processPendingSubtests (node:internal/test_runner/test:911:18)
      at Test.postRun (node:internal/test_runner/test:1465:19)
      at Test.run (node:internal/test_runner/test:1390:12)
      at async Test.processPendingSubtests (node:internal/test_runner/test:911:7) {
    code: 'STALE_BUILD_INPUTS'
  }

test at tests/content/contracts.test.ts:3:7816
✖ output audit inspects normalized CSS loading syntax in files and inline styles without bypassing data URLs (134.140417ms)
  Error [ContractError]: STALE_BUILD_INPUTS: Source/config/dependency/renderer identities no longer match
      at auditOutput (/Users/new/RiderProjects/RPG_theory/scripts/audit-output.ts:40:145)
      at <anonymous> (/Users/new/RiderProjects/RPG_theory/tests/content/contracts.test.ts:286:79)
      at outputFixture (/Users/new/RiderProjects/RPG_theory/tests/content/contracts.test.ts:126:58)
      at TestContext.<anonymous> (/Users/new/RiderProjects/RPG_theory/tests/content/contracts.test.ts:284:119)
      at Test.runInAsyncScope (node:async_hooks:227:14)
      at Test.run (node:internal/test_runner/test:1325:25)
      at Test.processPendingSubtests (node:internal/test_runner/test:911:18)
      at Test.postRun (node:internal/test_runner/test:1465:19)
      at Test.run (node:internal/test_runner/test:1390:12)
      at async Test.processPendingSubtests (node:internal/test_runner/test:911:7) {
    code: 'STALE_BUILD_INPUTS'
  }

test at tests/content/contracts.test.ts:3:10191
✖ output audit checks SVG presentation URLs and refuses XML rebasing in inline and standalone SVG (156.306833ms)
  Error [ContractError]: STALE_BUILD_INPUTS: Source/config/dependency/renderer identities no longer match
      at auditOutput (/Users/new/RiderProjects/RPG_theory/scripts/audit-output.ts:40:145)
      at <anonymous> (/Users/new/RiderProjects/RPG_theory/tests/content/contracts.test.ts:312:16)
      at outputFixture (/Users/new/RiderProjects/RPG_theory/tests/content/contracts.test.ts:126:58)
      at TestContext.<anonymous> (/Users/new/RiderProjects/RPG_theory/tests/content/contracts.test.ts:311:108)
      at Test.runInAsyncScope (node:async_hooks:227:14)
      at Test.run (node:internal/test_runner/test:1325:25)
      at Test.processPendingSubtests (node:internal/test_runner/test:911:18)
      at Test.postRun (node:internal/test_runner/test:1465:19)
      at Test.run (node:internal/test_runner/test:1390:12)
      at async Test.processPendingSubtests (node:internal/test_runner/test:911:7) {
    code: 'STALE_BUILD_INPUTS'
  }

test at tests/content/contracts.test.ts:3:12379
✖ output audit preserves CSS string and URL semantics and refuses unsupported resource syntax (144.692541ms)
  Error [ContractError]: STALE_BUILD_INPUTS: Source/config/dependency/renderer identities no longer match
      at auditOutput (/Users/new/RiderProjects/RPG_theory/scripts/audit-output.ts:40:145)
      at <anonymous> (/Users/new/RiderProjects/RPG_theory/tests/content/contracts.test.ts:335:16)
      at outputFixture (/Users/new/RiderProjects/RPG_theory/tests/content/contracts.test.ts:126:58)
      at TestContext.<anonymous> (/Users/new/RiderProjects/RPG_theory/tests/content/contracts.test.ts:334:104)
      at Test.runInAsyncScope (node:async_hooks:227:14)
      at Test.run (node:internal/test_runner/test:1325:25)
      at Test.processPendingSubtests (node:internal/test_runner/test:911:18)
      at Test.postRun (node:internal/test_runner/test:1465:19)
      at Test.run (node:internal/test_runner/test:1390:12)
      at async Test.processPendingSubtests (node:internal/test_runner/test:911:7) {
    code: 'STALE_BUILD_INPUTS'
  }

test at tests/content/contracts.test.ts:3:14810
✖ standalone SVG refuses stylesheet and unknown processing instructions while allowing its XML declaration (125.144958ms)
  Error [ContractError]: STALE_BUILD_INPUTS: Source/config/dependency/renderer identities no longer match
      at auditOutput (/Users/new/RiderProjects/RPG_theory/scripts/audit-output.ts:40:145)
      at <anonymous> (/Users/new/RiderProjects/RPG_theory/tests/content/contracts.test.ts:371:16)
      at outputFixture (/Users/new/RiderProjects/RPG_theory/tests/content/contracts.test.ts:126:58)
      at TestContext.<anonymous> (/Users/new/RiderProjects/RPG_theory/tests/content/contracts.test.ts:370:117)
      at Test.runInAsyncScope (node:async_hooks:227:14)
      at Test.run (node:internal/test_runner/test:1325:25)
      at Test.processPendingSubtests (node:internal/test_runner/test:911:18)
      at Test.postRun (node:internal/test_runner/test:1465:19)
      at Test.run (node:internal/test_runner/test:1390:12)
      at async Test.processPendingSubtests (node:internal/test_runner/test:911:7) {
    code: 'STALE_BUILD_INPUTS'
  }

test at tests/content/contracts.test.ts:3:15537
✖ output audit rejects missing, altered or duplicate beginner schematics at their own control (160.012292ms)
  Error [ContractError]: STALE_BUILD_INPUTS: Source/config/dependency/renderer identities no longer match
      at auditOutput (/Users/new/RiderProjects/RPG_theory/scripts/audit-output.ts:40:145)
      at <anonymous> (/Users/new/RiderProjects/RPG_theory/tests/content/contracts.test.ts:382:16)
      at outputFixture (/Users/new/RiderProjects/RPG_theory/tests/content/contracts.test.ts:126:58)
      at TestContext.<anonymous> (/Users/new/RiderProjects/RPG_theory/tests/content/contracts.test.ts:381:104)
      at Test.runInAsyncScope (node:async_hooks:227:14)
      at Test.run (node:internal/test_runner/test:1325:25)
      at Test.processPendingSubtests (node:internal/test_runner/test:911:18)
      at Test.postRun (node:internal/test_runner/test:1465:19)
      at Test.run (node:internal/test_runner/test:1390:12)
      at async Test.processPendingSubtests (node:internal/test_runner/test:911:7) {
    code: 'STALE_BUILD_INPUTS'
  }

test at tests/content/contracts.test.ts:3:16133
✖ output audit refuses missing, duplicate, misplaced or unrelated math styles and unnecessary beginner math loads (114.564458ms)
  Error [ContractError]: STALE_BUILD_INPUTS: Source/config/dependency/renderer identities no longer match
      at auditOutput (/Users/new/RiderProjects/RPG_theory/scripts/audit-output.ts:40:145)
      at <anonymous> (/Users/new/RiderProjects/RPG_theory/tests/content/contracts.test.ts:392:16)
      at outputFixture (/Users/new/RiderProjects/RPG_theory/tests/content/contracts.test.ts:126:58)
      at TestContext.<anonymous> (/Users/new/RiderProjects/RPG_theory/tests/content/contracts.test.ts:391:124)
      at Test.runInAsyncScope (node:async_hooks:227:14)
      at Test.run (node:internal/test_runner/test:1325:25)
      at Test.processPendingSubtests (node:internal/test_runner/test:911:18)
      at Test.postRun (node:internal/test_runner/test:1465:19)
      at Test.run (node:internal/test_runner/test:1390:12)
      at async Test.processPendingSubtests (node:internal/test_runner/test:911:7) {
    code: 'STALE_BUILD_INPUTS'
  }

test at tests/content/m1-review.test.ts:1:440
✖ each additional-evidence mapping declares every core clause named by its actual excerpt (2776.092875ms)
  AssertionError [ERR_ASSERTION]: UT-E01: core §3
      at TestContext.<anonymous> (/Users/new/RiderProjects/RPG_theory/tests/content/m1-review.test.ts:19:14)
      at Test.runInAsyncScope (node:async_hooks:227:14)
      at Test.run (node:internal/test_runner/test:1325:25)
      at Test.start (node:internal/test_runner/test:1191:17)
      at startSubtestAfterBootstrap (node:internal/test_runner/harness:385:17) {
    generatedMessage: false,
    code: 'ERR_ASSERTION',
    actual: false,
    expected: true,
    operator: '==',
    diff: 'simple'
  }

test at tests/content/m1-review.test.ts:1:1373
✖ the actual start explanation tracks emergent evidence, its support metadata and current status (1837.339959ms)
  AssertionError [ERR_ASSERTION]: The expression evaluated to a falsy value:
  
    assert.ok(dependencyClosure(corpus,'DOC-START').includes(dependency))
  
      at TestContext.<anonymous> (/Users/new/RiderProjects/RPG_theory/tests/content/m1-review.test.ts:33:78)
      at Test.runInAsyncScope (node:async_hooks:227:14)
      at Test.run (node:internal/test_runner/test:1325:25)
      at Test.processPendingSubtests (node:internal/test_runner/test:911:18)
      at Test.postRun (node:internal/test_runner/test:1465:19)
      at Test.run (node:internal/test_runner/test:1390:12)
      at async startSubtestAfterBootstrap (node:internal/test_runner/harness:385:3) {
    generatedMessage: true,
    code: 'ERR_ASSERTION',
    actual: false,
    expected: true,
    operator: '==',
    diff: 'simple'
  }

test at tests/content/m1-review.test.ts:1:2169
✖ background-extension changes invalidate the actual E12 interpretation and its consumers (1744.105333ms)
  AssertionError [ERR_ASSERTION]: The expression evaluated to a falsy value:
  
    assert.ok(corpus.entries.get('UT-E12')!.dependsOn.includes('UT-C02'))
  
      at TestContext.<anonymous> (/Users/new/RiderProjects/RPG_theory/tests/content/m1-review.test.ts:46:10)
      at Test.runInAsyncScope (node:async_hooks:227:14)
      at Test.run (node:internal/test_runner/test:1325:25)
      at Test.processPendingSubtests (node:internal/test_runner/test:911:18)
      at Test.postRun (node:internal/test_runner/test:1465:19)
      at Test.run (node:internal/test_runner/test:1390:12)
      at async Test.processPendingSubtests (node:internal/test_runner/test:911:7) {
    generatedMessage: true,
    code: 'ERR_ASSERTION',
    actual: false,
    expected: true,
    operator: '==',
    diff: 'simple'
  }

test at tests/content/m1.test.ts:1:2110
✖ historical representation decisions do not populate website fidelity or qualify the source (1429.946542ms)
  AssertionError [ERR_ASSERTION]: Expected values to be strictly equal:
  
  59 !== 29
  
      at TestContext.<anonymous> (/Users/new/RiderProjects/RPG_theory/tests/content/m1.test.ts:26:155)
      at Test.runInAsyncScope (node:async_hooks:227:14)
      at Test.run (node:internal/test_runner/test:1325:25)
      at Test.start (node:internal/test_runner/test:1191:17)
      at startSubtestAfterBootstrap (node:internal/test_runner/harness:385:17) {
    generatedMessage: true,
    code: 'ERR_ASSERTION',
    actual: 59,
    expected: 29,
    operator: 'strictEqual',
    diff: 'simple'
  }

test at tests/content/m1.test.ts:1:8710
✖ changing a relevant source verification scope or relevant citation stales its review (1626.577375ms)
  TypeError: Cannot read properties of undefined (reading 'inspectionScope')
      at TestContext.<anonymous> (/Users/new/RiderProjects/RPG_theory/tests/content/m1.test.ts:101:68)
      at Test.runInAsyncScope (node:async_hooks:227:14)
      at Test.run (node:internal/test_runner/test:1325:25)
      at Test.processPendingSubtests (node:internal/test_runner/test:911:18)
      at Test.postRun (node:internal/test_runner/test:1465:19)
      at Test.run (node:internal/test_runner/test:1390:12)
      at async Test.processPendingSubtests (node:internal/test_runner/test:911:7)

test at tests/content/m1.test.ts:1:11771
✖ source display adapters preserve raw bindings while rendering status/math/table consumers (846.849833ms)
  AssertionError [ERR_ASSERTION]: The input did not match the regular expression /Evidence update: emergent interaction channels/. Input:
  
  '<p><strong>RRG v0.2.1 · 2 October 2026</strong></p>\n' +
    '<h2 id="verdict">Verdict</h2>\n' +
    '<p>The previous package was not yet at the requested quality level. Its weaknesses were substantive: inconsistent project priorities, mixed evidence categories, several inflated mathematical interpretations, a conflation of physical background formation with coarse-graining, and incomplete source provenance. Adding more pages or references would not fix those issues.</p>\n' +
    '<p>The revised package preserves the author’s source-direction idea and broader hypotheses. It makes the immediate publication an explanation plus an evidence map, with optional mathematics and open invitations. No numerical quality score is offered as though it were independent assessment; the checks and remaining limitations are listed below.</p>\n' +
    '<h2 id="scope-of-the-audit">Scope of the audit</h2>\n' +
    '<p>The current 04, 05 and 06 were inspected and revised. The original README and foundation files 01–03 were retrieved and checked for definition continuity and major conflicts, not fully source-audited. Twenty-two primary case records were assembled or rechecked at the read depth specified in each card, with three separate further-reading records. Selected small calculations were checked with a deterministic script. The earlier research ZIPs were inspected for readable contents and archive integrity, but their simulations were not rerun.</p>\n' +
    '<p>The audit is not independent peer review, a systematic literature search, a full reproduction of paper methods or a retraction-database clearance. Some findings are verified at original-abstract level. That is adequate for the deliberately narrow abstract-level summaries, not for claims about experimental robustness that require the full methods and data.</p>\n' +
    '<h2 id="1-project-direction-and-fidelity">1. Project direction and fidelity</h2>\n' +
    '<table tabindex="0" aria-label="Claim and evidence table; scroll horizontally if needed">\n' +
    '<thead>\n' +
    '<tr>\n' +
    '<th>Finding</th>\n' +
    '<th>Consequence</th>\n' +
    '<th>Repair</th>\n' +
    '</tr>\n' +
    '</thead>\n' +
    '<tbody>\n' +
    '<tr>\n' +
    '<td>04 §40 and 05’s structure kept universal proof as the next mandatory task</td>\n' +
    '<td>Contradicted the user’s explicit publication-and-evidence-first plan</td>\n' +
    '<td>README, 04 §40 and 05 now make mathematics optional; existing examples need not be rediscovered.</td>\n' +
    '</tr>\n' +
    '<tr>\n' +
    '<td>Earlier revisions had reduced a long discussion to only background recursion</td>\n' +
    '<td>Risked losing persistence, competition, life, engineering and cosmological conjectures</td>\n' +
    '<td>Retained the full 04 and added 08 with 23 session-coverage entries.</td>\n' +
    '</tr>\n' +
    '<tr>\n' +
    '<td>Same abstract process and same mathematical equation family were treated as one claim</td>\n' +
    '<td>Quietly narrowed or replaced the author’s idea</td>\n' +
    '<td>Distinguished the core interpretation from stronger possible formalizations.</td>\n' +
    '</tr>\n' +
    '<tr>\n' +
    '<td>Older snapshots contained priorities inconsistent with current companions</td>\n' +
    '<td>Readers could treat incompatible files as simultaneously authoritative</td>\n' +
    '<td>Current README defines reading order; unchanged 01–03 live under <code>foundations/</code>, with explicit errata.</td>\n' +
    '</tr>\n' +
    '<tr>\n' +
    '<td>Prior claims about persistent/project saves exceeded what the current artifacts establish</td>\n' +
    '<td>Could create false confidence that the online source had changed</td>\n' +
    '<td>Deliver a versioned conversation package; no claim of external overwrite or publication.</td>\n' +
    '</tr>\n' +
    '</tbody>\n' +
    '</table>\n' +
    '<h2 id="2-conceptual-and-evidential-corrections">2. Conceptual and evidential corrections</h2>\n' +
    '<table tabindex="0" aria-label="Claim and evidence table; scroll horizontally if needed">\n' +
    '<thead>\n' +
    '<tr>\n' +
    '<th>Finding</th>\n' +
    '<th>Why it matters</th>\n' +
    '<th>Repair</th>\n' +
    '</tr>\n' +
    '</thead>\n' +
    '<tbody>\n' +
    '<tr>\n' +
    '<td>Physical background change and mathematical coarse-graining were merged</td>\n' +
    '<td>Changing a description alone is not the creation of a new physical level</td>\n' +
    '<td>04 §11 and §24 explicitly separate physical evolution from reduction.</td>\n' +
    '</tr>\n' +
    '<tr>\n' +
    '<td>“White noise” could be read as a literally featureless source without dynamics</td>\n' +
    '<td>Noise statistics alone do not specify forces, stability or energy exchange</td>\n' +
    '<td>Retain noise-like starting intuition, distinguish correlated effective backgrounds, and state what models assume.</td>\n' +
    '</tr>\n' +
    '<tr>\n' +
    '<td>Stationary spatial modes and temporal resonators were blurred</td>\n' +
    '<td>A patterned equilibrium does not by itself establish oscillatory self-maintenance</td>\n' +
    '<td>Corrected 04 definitions, 05 and E05.</td>\n' +
    '</tr>\n' +
    '<tr>\n' +
    '<td>A higher level was described as adding new degrees of freedom without qualification</td>\n' +
    '<td>Effective coordinates and accessible configurations differ from microscopic dimensionality</td>\n' +
    '<td>Qualified the possibility-space discussion; monotonic growth remains an open conjecture.</td>\n' +
    '</tr>\n' +
    '<tr>\n' +
    '<td>“Previous level already created what it can” suggested complete exhaustion</td>\n' +
    '<td>A later organization need not wait for all possibilities at an earlier level</td>\n' +
    '<td>Retained the intuition as conditional accessibility, with coexistence and branching allowed.</td>\n' +
    '</tr>\n' +
    '<tr>\n' +
    '<td>Lifetime, resonance strength, influence and spatial dominance were too easily combined</td>\n' +
    '<td>Long-lived weakly coupled states need not spread; strong drive can destabilize</td>\n' +
    '<td>Added loss/saturation/coherence qualifications and comparison cases E17/E22.</td>\n' +
    '</tr>\n' +
    '<tr>\n' +
    '<td>Repetition, entrainment, domain growth, replication and hierarchy were merged in the conversation</td>\n' +
    '<td>Success at one operation does not establish the next</td>\n' +
    '<td>Current claim map separates them.</td>\n' +
    '</tr>\n' +
    '<tr>\n' +
    '<td>“Every arrow has evidence” suggested a demonstrated composed chain</td>\n' +
    '<td>Different mechanisms in different systems may not causally concatenate</td>\n' +
    '<td>Catalogue states what each case demonstrates and what full sequence is still missing.</td>\n' +
    '</tr>\n' +
    '<tr>\n' +
    '<td>“No separate growth law” could be read as “no assumptions or dynamics needed”</td>\n' +
    '<td>Positive feedback can be built into chosen couplings</td>\n' +
    '<td>Every case says what was supplied; 05 separates inserted laws from results.</td>\n' +
    '</tr>\n' +
    '<tr>\n' +
    '<td>Cosmic expansion and engineered “new laws” were rhetorically close to demonstrated results</td>\n' +
    '<td>Domain growth is not metric expansion; effective control is not arbitrary law replacement</td>\n' +
    '<td>Preserve both as open conjectures with narrower established components.</td>\n' +
    '</tr>\n' +
    '</tbody>\n' +
    '</table>\n' +
    '<h2 id="3-mathematics-specific-corrections">3. Mathematics: specific corrections</h2>\n' +
    '<p>The previous note contained valid pieces of algebra, but their interpretation was too strong. These are the main repairs, not a claim that all possible future models have been checked.</p>\n' +
    '<p><strong>Finite-domain spectrum.</strong> The maximum of <span class="katex"><span class="katex-mathml"><math xmlns="http://www.w3.org/1998/Math/MathML"><semantics><mrow><mi>r</mi><mo>−</mo><mo stretchy="false">(</mo><msup><mi>q</mi><mn>2</mn></msup><mo>−</mo><msup><mi>k</mi><mn>2</mn></msup><msup><mo stretchy="false">)</mo><mn>2</mn></msup></mrow><annotation encoding="application/x-tex">r-(q^2-k^2)^2</annotation></semantics></math></span><span class="katex-html" aria-hidden="true"><span class="base"><span class="strut" style="height:0.6667em;vertical-align:-0.0833em;"></span><span class="mord mathnormal" style="margin-right:0.0278em;">r</span><span class="mspace" style="margin-right:0.2222em;"></span><span class="mbin">−</span><span class="mspace" style="margin-right:0.2222em;"></span></span><span class="base"><span class="strut" style="height:1.0641em;vertical-align:-0.25em;"></span><span class="mopen">(</span><span class="mord"><span class="mord mathnormal" style="margin-right:0.0359em;">q</span><span class="msupsub"><span class="vlist-t"><span class="vlist-r"><span class="vlist" style="height:0.8141em;"><span style="top:-3.063em;margin-right:0.05em;"><span class="pstrut" style="height:2.7em;"></span><span class="sizing reset-size6 size3 mtight"><span class="mord mtight">2</span></span></span></span></span></span></span></span><span class="mspace" style="margin-right:0.2222em;"></span><span class="mbin">−</span><span class="mspace" style="margin-right:0.2222em;"></span></span><span class="base"><span class="strut" style="height:1.0641em;vertical-align:-0.25em;"></span><span class="mord"><span class="mord mathnormal" style="margin-right:0.0315em;">k</span><span class="msupsub"><span class="vlist-t"><span class="vlist-r"><span class="vlist" style="height:0.8141em;"><span style="top:-3.063em;margin-right:0.05em;"><span class="pstrut" style="height:2.7em;"></span><span class="sizing reset-size6 size3 mtight"><span class="mord mtight">2</span></span></span></span></span></span></span></span><span class="mclose"><span class="mclose">)</span><span class="msupsub"><span class="vlist-t"><span class="vlist-r"><span class="vlist" style="height:0.8141em;"><span style="top:-3.063em;margin-right:0.05em;"><span class="pstrut" style="height:2.7em;"></span><span class="sizing reset-size6 size3 mtight"><span class="mord mtight">2</span></span></span></span></span></span></span></span></span></span></span> equals <span class="katex"><span class="katex-mathml"><math xmlns="http://www.w3.org/1998/Math/MathML"><semantics><mrow><mi>r</mi></mrow><annotation encoding="application/x-tex">r</annotation></semantics></math></span><span class="katex-html" aria-hidden="true"><span class="base"><span class="strut" style="height:0.4306em;"></span><span class="mord mathnormal" style="margin-right:0.0278em;">r</span></span></span></span> only if the relevant domain permits <span class="katex"><span class="katex-mathml"><math xmlns="http://www.w3.org/1998/Math/MathML"><semantics><mrow><mi mathvariant="normal">∣</mi><mi>k</mi><mi mathvariant="normal">∣</mi><mo>=</mo><mi>q</mi></mrow><annotation encoding="application/x-tex">|k|=q</annotation></semantics></math></span><span class="katex-html" aria-hidden="true"><span class="base"><span class="strut" style="height:1em;vertical-align:-0.25em;"></span><span c'... 14319 more characters
  
      at TestContext.<anonymous> (/Users/new/RiderProjects/RPG_theory/tests/content/m1.test.ts:123:44)
      at Test.runInAsyncScope (node:async_hooks:227:14)
      at Test.run (node:internal/test_runner/test:1325:25)
      at Test.processPendingSubtests (node:internal/test_runner/test:911:18)
      at Test.postRun (node:internal/test_runner/test:1465:19)
      at Test.run (node:internal/test_runner/test:1390:12)
      at async Test.processPendingSubtests (node:internal/test_runner/test:911:7) {
    generatedMessage: true,
    code: 'ERR_ASSERTION',
    actual: '<p><strong>RRG v0.2.1 · 2 October 2026</strong></p>\n<h2 id="verdict">Verdict</h2>\n<p>The previous package was not yet at the requested quality level. Its weaknesses were substantive: inconsistent project priorities, mixed evidence categories, several inflated mathematical interpretations, a conflation of physical background formation with coarse-graining, and incomplete source provenance. Adding more pages or references would not fix those issues.</p>\n<p>The revised package preserves the author’s source-direction idea and broader hypotheses. It makes the immediate publication an explanation plus an evidence map, with optional mathematics and open invitations. No numerical quality score is offered as though it were independent assessment; the checks and remaining limitations are listed below.</p>\n<h2 id="scope-of-the-audit">Scope of the audit</h2>\n<p>The current 04, 05 and 06 were inspected and revised. The original README and foundation files 01–03 were retrieved and checked for definition continuity and major conflicts, not fully source-audited. Twenty-two primary case records were assembled or rechecked at the read depth specified in each card, with three separate further-reading records. Selected small calculations were checked with a deterministic script. The earlier research ZIPs were inspected for readable contents and archive integrity, but their simulations were not rerun.</p>\n<p>The audit is not independent peer review, a systematic literature search, a full reproduction of paper methods or a retraction-database clearance. Some findings are verified at original-abstract level. That is adequate for the deliberately narrow abstract-level summaries, not for claims about experimental robustness that require the full methods and data.</p>\n<h2 id="1-project-direction-and-fidelity">1. Project direction and fidelity</h2>\n<table tabindex="0" aria-label="Claim and evidence table; scroll horizontally if needed">\n<thead>\n<tr>\n<th>Finding</th>\n<th>Consequence</th>\n<th>Repair</th>\n</tr>\n</thead>\n<tbody>\n<tr>\n<td>04 §40 and 05’s structure kept universal proof as the next mandatory task</td>\n<td>Contradicted the user’s explicit publication-and-evidence-first plan</td>\n<td>README, 04 §40 and 05 now make mathematics optional; existing examples need not be rediscovered.</td>\n</tr>\n<tr>\n<td>Earlier revisions had reduced a long discussion to only background recursion</td>\n<td>Risked losing persistence, competition, life, engineering and cosmological conjectures</td>\n<td>Retained the full 04 and added 08 with 23 session-coverage entries.</td>\n</tr>\n<tr>\n<td>Same abstract process and same mathematical equation family were treated as one claim</td>\n<td>Quietly narrowed or replaced the author’s idea</td>\n<td>Distinguished the core interpretation from stronger possible formalizations.</td>\n</tr>\n<tr>\n<td>Older snapshots contained priorities inconsistent with current companions</td>\n<td>Readers could treat incompatible files as simultaneously authoritative</td>\n<td>Current README defines reading order; unchanged 01–03 live under <code>foundations/</code>, with explicit errata.</td>\n</tr>\n<tr>\n<td>Prior claims about persistent/project saves exceeded what the current artifacts establish</td>\n<td>Could create false confidence that the online source had changed</td>\n<td>Deliver a versioned conversation package; no claim of external overwrite or publication.</td>\n</tr>\n</tbody>\n</table>\n<h2 id="2-conceptual-and-evidential-corrections">2. Conceptual and evidential corrections</h2>\n<table tabindex="0" aria-label="Claim and evidence table; scroll horizontally if needed">\n<thead>\n<tr>\n<th>Finding</th>\n<th>Why it matters</th>\n<th>Repair</th>\n</tr>\n</thead>\n<tbody>\n<tr>\n<td>Physical background change and mathematical coarse-graining were merged</td>\n<td>Changing a description alone is not the creation of a new physical level</td>\n<td>04 §11 and §24 explicitly separate physical evolution from reduction.</td>\n</tr>\n<tr>\n<td>“White noise” could be read as a literally featureless source without dynamics</td>\n<td>Noise statistics alone do not specify forces, stability or energy exchange</td>\n<td>Retain noise-like starting intuition, distinguish correlated effective backgrounds, and state what models assume.</td>\n</tr>\n<tr>\n<td>Stationary spatial modes and temporal resonators were blurred</td>\n<td>A patterned equilibrium does not by itself establish oscillatory self-maintenance</td>\n<td>Corrected 04 definitions, 05 and E05.</td>\n</tr>\n<tr>\n<td>A higher level was described as adding new degrees of freedom without qualification</td>\n<td>Effective coordinates and accessible configurations differ from microscopic dimensionality</td>\n<td>Qualified the possibility-space discussion; monotonic growth remains an open conjecture.</td>\n</tr>\n<tr>\n<td>“Previous level already created what it can” suggested complete exhaustion</td>\n<td>A later organization need not wait for all possibilities at an earlier level</td>\n<td>Retained the intuition as conditional accessibility, with coexistence and branching allowed.</td>\n</tr>\n<tr>\n<td>Lifetime, resonance strength, influence and spatial dominance were too easily combined</td>\n<td>Long-lived weakly coupled states need not spread; strong drive can destabilize</td>\n<td>Added loss/saturation/coherence qualifications and comparison cases E17/E22.</td>\n</tr>\n<tr>\n<td>Repetition, entrainment, domain growth, replication and hierarchy were merged in the conversation</td>\n<td>Success at one operation does not establish the next</td>\n<td>Current claim map separates them.</td>\n</tr>\n<tr>\n<td>“Every arrow has evidence” suggested a demonstrated composed chain</td>\n<td>Different mechanisms in different systems may not causally concatenate</td>\n<td>Catalogue states what each case demonstrates and what full sequence is still missing.</td>\n</tr>\n<tr>\n<td>“No separate growth law” could be read as “no assumptions or dynamics needed”</td>\n<td>Positive feedback can be built into chosen couplings</td>\n<td>Every case says what was supplied; 05 separates inserted laws from results.</td>\n</tr>\n<tr>\n<td>Cosmic expansion and engineered “new laws” were rhetorically close to demonstrated results</td>\n<td>Domain growth is not metric expansion; effective control is not arbitrary law replacement</td>\n<td>Preserve both as open conjectures with narrower established components.</td>\n</tr>\n</tbody>\n</table>\n<h2 id="3-mathematics-specific-corrections">3. Mathematics: specific corrections</h2>\n<p>The previous note contained valid pieces of algebra, but their interpretation was too strong. These are the main repairs, not a claim that all possible future models have been checked.</p>\n<p><strong>Finite-domain spectrum.</strong> The maximum of <span class="katex"><span class="katex-mathml"><math xmlns="http://www.w3.org/1998/Math/MathML"><semantics><mrow><mi>r</mi><mo>−</mo><mo stretchy="false">(</mo><msup><mi>q</mi><mn>2</mn></msup><mo>−</mo><msup><mi>k</mi><mn>2</mn></msup><msup><mo stretchy="false">)</mo><mn>2</mn></msup></mrow><annotation encoding="application/x-tex">r-(q^2-k^2)^2</annotation></semantics></math></span><span class="katex-html" aria-hidden="true"><span class="base"><span class="strut" style="height:0.6667em;vertical-align:-0.0833em;"></span><span class="mord mathnormal" style="margin-right:0.0278em;">r</span><span class="mspace" style="margin-right:0.2222em;"></span><span class="mbin">−</span><span class="mspace" style="margin-right:0.2222em;"></span></span><span class="base"><span class="strut" style="height:1.0641em;vertical-align:-0.25em;"></span><span class="mopen">(</span><span class="mord"><span class="mord mathnormal" style="margin-right:0.0359em;">q</span><span class="msupsub"><span class="vlist-t"><span class="vlist-r"><span class="vlist" style="height:0.8141em;"><span style="top:-3.063em;margin-right:0.05em;"><span class="pstrut" style="height:2.7em;"></span><span class="sizing reset-size6 size3 mtight"><span class="mord mtight">2</span></span></span></span></span></span></span></span><span class="mspace" style="margin-right:0.2222em;"></span><span class="mbin">−</span><span class="mspace" style="margin-right:0.2222em;"></span></span><span class="base"><span class="strut" style="height:1.0641em;vertical-align:-0.25em;"></span><span class="mord"><span class="mord mathnormal" style="margin-right:0.0315em;">k</span><span class="msupsub"><span class="vlist-t"><span class="vlist-r"><span class="vlist" style="height:0.8141em;"><span style="top:-3.063em;margin-right:0.05em;"><span class="pstrut" style="height:2.7em;"></span><span class="sizing reset-size6 size3 mtight"><span class="mord mtight">2</span></span></span></span></span></span></span></span><span class="mclose"><span class="mclose">)</span><span class="msupsub"><span class="vlist-t"><span class="vlist-r"><span class="vlist" style="height:0.8141em;"><span style="top:-3.063em;margin-right:0.05em;"><span class="pstrut" style="height:2.7em;"></span><span class="sizing reset-size6 size3 mtight"><span class="mord mtight">2</span></span></span></span></span></span></span></span></span></span></span> equals <span class="katex"><span class="katex-mathml"><math xmlns="http://www.w3.org/1998/Math/MathML"><semantics><mrow><mi>r</mi></mrow><annotation encoding="application/x-tex">r</annotation></semantics></math></span><span class="katex-html" aria-hidden="true"><span class="base"><span class="strut" style="height:0.4306em;"></span><span class="mord mathnormal" style="margin-right:0.0278em;">r</span></span></span></span> only if the relevant domain permits <span class="katex"><span class="katex-mathml"><math xmlns="http://www.w3.org/1998/Math/MathML"><semantics><mrow><mi mathvariant="normal">∣</mi><mi>k</mi><mi mathvariant="normal">∣</mi><mo>=</mo><mi>q</mi></mrow><annotation encoding="application/x-tex">|k|=q</annotation></semantics></math></span><span class="katex-html" aria-hidden="true"><span class="base"><span class="strut" style="height:1em;vertical-align:-0.25em;"></span><span c'... 14319 more characters,
    expected: /Evidence update: emergent interaction channels/,
    operator: 'match',
    diff: 'simple'
  }

test at tests/content/m1.test.ts:1:14862
✖ actual supplied 07 and 08 cannot disappear behind a matching core (8.252584ms)
  Error: ENOENT: no such file or directory, open '/var/folders/4y/hgpkn41s2790bvj08tkc9b000000gn/T/unity-m1-current-xnpyL9/07_EMERGENT_INTERACTION_EVIDENCE.md'
      at Object.openSync (node:fs:561:18)
      at readFileSync (node:fs:445:35)
      at TestContext.<anonymous> (/Users/new/RiderProjects/RPG_theory/tests/content/m1.test.ts:147:44)
      at Test.runInAsyncScope (node:async_hooks:227:14)
      at Test.run (node:internal/test_runner/test:1325:25)
      at Test.processPendingSubtests (node:internal/test_runner/test:911:18)
      at Test.postRun (node:internal/test_runner/test:1465:19)
      at Test.run (node:internal/test_runner/test:1390:12)
      at async Test.processPendingSubtests (node:internal/test_runner/test:911:7) {
    errno: -2,
    code: 'ENOENT',
    syscall: 'open',
    path: '/var/folders/4y/hgpkn41s2790bvj08tkc9b000000gn/T/unity-m1-current-xnpyL9/07_EMERGENT_INTERACTION_EVIDENCE.md'
  }

test at tests/content/m1.test.ts:1:15633
✖ a missing or mismatched actual local citation alias fails the source adapter (17.466542ms)
  TypeError: Cannot set properties of undefined (setting 'bibliographyId')
      at TestContext.<anonymous> (/Users/new/RiderProjects/RPG_theory/tests/content/m1.test.ts:159:36)
      at Test.runInAsyncScope (node:async_hooks:227:14)
      at Test.run (node:internal/test_runner/test:1325:25)
      at Test.processPendingSubtests (node:internal/test_runner/test:911:18)
      at Test.postRun (node:internal/test_runner/test:1465:19)
      at Test.run (node:internal/test_runner/test:1390:12)
      at async Test.processPendingSubtests (node:internal/test_runner/test:911:7)

test at tests/content/m1.test.ts:1:17882
✖ scientific identities cannot bypass proposal provenance or masquerade as documents (90.863416ms)
  TypeError: Cannot set properties of undefined (setting 'declaredCurrent')
      at TestContext.<anonymous> (/Users/new/RiderProjects/RPG_theory/tests/content/m1.test.ts:183:71)
      at Test.runInAsyncScope (node:async_hooks:227:14)
      at Test.run (node:internal/test_runner/test:1325:25)
      at Test.processPendingSubtests (node:internal/test_runner/test:911:18)
      at Test.postRun (node:internal/test_runner/test:1465:19)
      at Test.run (node:internal/test_runner/test:1390:12)
      at async Test.processPendingSubtests (node:internal/test_runner/test:911:7)

test at tests/content/m1.test.ts:1:21106
✖ actual status, proof and home summaries depend on their core definitions and emergent evidence (0.289917ms)
  AssertionError [ERR_ASSERTION]: DOC-STATUS
      at TestContext.<anonymous> (/Users/new/RiderProjects/RPG_theory/tests/content/m1.test.ts:212:10)
      at Test.runInAsyncScope (node:async_hooks:227:14)
      at Test.run (node:internal/test_runner/test:1325:25)
      at Test.processPendingSubtests (node:internal/test_runner/test:911:18)
      at Test.postRun (node:internal/test_runner/test:1465:19)
      at Test.run (node:internal/test_runner/test:1390:12)
      at async Test.processPendingSubtests (node:internal/test_runner/test:911:7) {
    generatedMessage: false,
    code: 'ERR_ASSERTION',
    actual: false,
    expected: true,
    operator: '==',
    diff: 'simple'
  }

test at tests/content/m1.test.ts:1:25713
✖ revision impact retains predecessor dependants when the next graph removes an edge (1615.018917ms)
  TypeError: Cannot set properties of undefined (setting 'sha256')
      at TestContext.<anonymous> (/Users/new/RiderProjects/RPG_theory/tests/content/m1.test.ts:270:120)
      at Test.runInAsyncScope (node:async_hooks:227:14)
      at Test.run (node:internal/test_runner/test:1325:25)
      at Test.processPendingSubtests (node:internal/test_runner/test:911:18)
      at Test.postRun (node:internal/test_runner/test:1465:19)
      at Test.run (node:internal/test_runner/test:1390:12)
      at async Test.processPendingSubtests (node:internal/test_runner/test:911:7)

test at tests/content/m2.test.ts:1:601
✖ M2 examples and concepts use the admitted source edition and explicit original-source mappings (5.185375ms)
  AssertionError [ERR_ASSERTION]: The expression evaluated to a falsy value:
  
    assert.ok(dependencyClosure(corpus,'DOC-CONCEPT-INTERACTIONS').includes('UT-E12'))
  
      at TestContext.<anonymous> (/Users/new/RiderProjects/RPG_theory/tests/content/m2.test.ts:20:10)
      at Test.runInAsyncScope (node:async_hooks:227:14)
      at Test.run (node:internal/test_runner/test:1325:25)
      at Test.start (node:internal/test_runner/test:1191:17)
      at startSubtestAfterBootstrap (node:internal/test_runner/harness:385:17) {
    generatedMessage: true,
    code: 'ERR_ASSERTION',
    actual: false,
    expected: true,
    operator: '==',
    diff: 'simple'
  }

test at tests/content/m2.test.ts:1:3271
✖ the real interaction relation is a display equation with an accessible local scrolling region (40.81025ms)
  AssertionError [ERR_ASSERTION]: Expected values to be strictly equal:
  
  0 !== 1
  
      at TestContext.<anonymous> (/Users/new/RiderProjects/RPG_theory/tests/content/m2.test.ts:50:10)
      at Test.runInAsyncScope (node:async_hooks:227:14)
      at Test.run (node:internal/test_runner/test:1325:25)
      at Test.processPendingSubtests (node:internal/test_runner/test:911:18)
      at Test.postRun (node:internal/test_runner/test:1465:19)
      at Test.run (node:internal/test_runner/test:1390:12)
      at async Test.processPendingSubtests (node:internal/test_runner/test:911:7) {
    generatedMessage: true,
    code: 'ERR_ASSERTION',
    actual: 0,
    expected: 1,
    operator: 'strictEqual',
    diff: 'simple'
  }

test at tests/content/revision-cli.test.ts:1:452
✖ real revision CLI validates preserved editions and reports pending dependants; it cannot write approvals (98.157875ms)
  Error: ENOENT: no such file or directory, open '/var/folders/4y/hgpkn41s2790bvj08tkc9b000000gn/T/unity-authoring-control-a7LhE1/next/research/RRG_CURRENT/04_status_and_blockers.md'
      at readFileSync (node:fs:441:20)
      at TestContext.<anonymous> (/Users/new/RiderProjects/RPG_theory/tests/content/revision-cli.test.ts:30:26)
      at Test.runInAsyncScope (node:async_hooks:227:14)
      at Test.run (node:internal/test_runner/test:1325:25)
      at Test.start (node:internal/test_runner/test:1191:17)
      at startSubtestAfterBootstrap (node:internal/test_runner/harness:385:17) {
    errno: -2,
    code: 'ENOENT',
    syscall: 'open',
    path: '/var/folders/4y/hgpkn41s2790bvj08tkc9b000000gn/T/unity-authoring-control-a7LhE1/next/research/RRG_CURRENT/04_status_and_blockers.md'
  }

test at tests/content/revision-inventory-cli.test.ts:1:532
✖ real revision CLI accounts for both rename paths without inventing a core-byte change: 04_status_and_blockers.md (125.841791ms)
  Error: ENOENT: no such file or directory, rename '/var/folders/4y/hgpkn41s2790bvj08tkc9b000000gn/T/unity-revision-rename-fwUiYH/next/research/RRG_CURRENT/04_status_and_blockers.md' -> '/var/folders/4y/hgpkn41s2790bvj08tkc9b000000gn/T/unity-revision-rename-fwUiYH/next/research/RRG_CURRENT/renamed-04_status_and_blockers.md'
      at renameSync (node:fs:1013:11)
      at TestContext.<anonymous> (/Users/new/RiderProjects/RPG_theory/tests/content/revision-inventory-cli.test.ts:24:3)
      at Test.runInAsyncScope (node:async_hooks:227:14)
      at Test.run (node:internal/test_runner/test:1325:25)
      at Test.start (node:internal/test_runner/test:1191:17)
      at startSubtestAfterBootstrap (node:internal/test_runner/harness:385:17) {
    errno: -2,
    code: 'ENOENT',
    syscall: 'rename',
    path: '/var/folders/4y/hgpkn41s2790bvj08tkc9b000000gn/T/unity-revision-rename-fwUiYH/next/research/RRG_CURRENT/04_status_and_blockers.md',
    dest: '/var/folders/4y/hgpkn41s2790bvj08tkc9b000000gn/T/unity-revision-rename-fwUiYH/next/research/RRG_CURRENT/renamed-04_status_and_blockers.md'
  }

test at tests/content/revision-inventory-cli.test.ts:1:532
✖ real revision CLI accounts for both rename paths without inventing a core-byte change: 00_LOCKED_CORE.md (3331.826584ms)
  AssertionError [ERR_ASSERTION]: /Users/new/RiderProjects/RPG_theory/src/lib/content.ts:21
  function fail(code: string, message: string): never { throw new ContractError(code, message); }
                                                              ^
  
  ContractError: SOURCE_EDITION_MISMATCH: DOC-PROOF
      at fail (/Users/new/RiderProjects/RPG_theory/src/lib/content.ts:21:61)
      at validateCorpus (/Users/new/RiderProjects/RPG_theory/src/lib/content.ts:100:104)
      at loadCanonicalCorpus (/Users/new/RiderProjects/RPG_theory/src/lib/content.ts:196:10)
      at <anonymous> (/Users/new/RiderProjects/RPG_theory/scripts/check-source-revision.ts:18:49)
      at ModuleJob.run (node:internal/modules/esm/module_job:439:25)
      at async node:internal/modules/esm/loader:643:26
      at async asyncRunEntryPointWithESMLoader (node:internal/modules/run_main:101:5) {
    code: 'SOURCE_EDITION_MISMATCH'
  }
  
  Node.js v24.18.0
  
  
  1 !== 0
  
      at TestContext.<anonymous> (/Users/new/RiderProjects/RPG_theory/tests/content/revision-inventory-cli.test.ts:63:36)
      at Test.runInAsyncScope (node:async_hooks:227:14)
      at Test.run (node:internal/test_runner/test:1325:25)
      at Test.processPendingSubtests (node:internal/test_runner/test:911:18)
      at Test.postRun (node:internal/test_runner/test:1465:19)
      at Test.run (node:internal/test_runner/test:1390:12)
      at async startSubtestAfterBootstrap (node:internal/test_runner/harness:385:3) {
    generatedMessage: false,
    code: 'ERR_ASSERTION',
    actual: 1,
    expected: 0,
    operator: 'strictEqual',
    diff: 'simple'
  }

test at tests/content/website-fidelity.test.ts:1:8826
✖ stale decisions retain internally coherent dates, source excerpts, dependencies and projection reads (2842.561334ms)
  AssertionError [ERR_ASSERTION]: Missing expected exception.
      at TestContext.<anonymous> (/Users/new/RiderProjects/RPG_theory/tests/content/website-fidelity.test.ts:137:11)
      at Test.runInAsyncScope (node:async_hooks:227:14)
      at Test.run (node:internal/test_runner/test:1325:25)
      at Test.processPendingSubtests (node:internal/test_runner/test:911:18)
      at Test.postRun (node:internal/test_runner/test:1465:19)
      at Test.run (node:internal/test_runner/test:1390:12)
      at async Test.processPendingSubtests (node:internal/test_runner/test:911:7) {
    generatedMessage: false,
    code: 'ERR_ASSERTION',
    actual: undefined,
    expected: /WEBSITE_REVIEW_EVIDENCE_REQUIRED|INVALID_DATE/,
    operator: 'throws',
    diff: 'simple'
  }
