✖ real revision CLI validates preserved editions and reports pending dependants; it cannot write approvals (5759.759875ms)
ℹ tests 1
ℹ suites 0
ℹ pass 0
ℹ fail 1
ℹ cancelled 0
ℹ skipped 0
ℹ todo 0
ℹ duration_ms 5907.92975

✖ failing tests:

test at tests/content/revision-cli.test.ts:1:452
✖ real revision CLI validates preserved editions and reports pending dependants; it cannot write approvals (5759.759875ms)
  AssertionError [ERR_ASSERTION]: The input did not match the regular expression /CORE_PROOF_GATE_REQUIRED/. Input:
  
  '/Users/new/RiderProjects/RPG_theory/src/lib/source-revision.ts:17\n' +
    "  if (new Set(change.affectedFiles).size!==change.affectedFiles.length || paths.join('\\n')!==[...change.affectedFiles].sort().join('\\n') || !paths.length || changed.some(s=>!change.priorSnapshot.some(p=>p.path===s.path && p.sha256===s.sha256))) throw new ContractError('SOURCE_REVISION_FAILURE','Exact changed/added/removed membership and prior snapshots required');\n" +
    '                                                                                                                                                                                                                                                           ^\n' +
    '\n' +
    'ContractError: SOURCE_REVISION_FAILURE: Exact changed/added/removed membership and prior snapshots required\n' +
    '    at validateSourceRevision (/Users/new/RiderProjects/RPG_theory/src/lib/source-revision.ts:17:252)\n' +
    '    at <anonymous> (/Users/new/RiderProjects/RPG_theory/scripts/check-source-revision.ts:25:14)\n' +
    '    at ModuleJob.run (node:internal/modules/esm/module_job:439:25)\n' +
    '    at async node:internal/modules/esm/loader:643:26\n' +
    '    at async asyncRunEntryPointWithESMLoader (node:internal/modules/run_main:101:5) {\n' +
    "  code: 'SOURCE_REVISION_FAILURE'\n" +
    '}\n' +
    '\n' +
    'Node.js v24.18.0\n'
  
      at TestContext.<anonymous> (/Users/new/RiderProjects/RPG_theory/tests/content/revision-cli.test.ts:85:65)
      at Test.runInAsyncScope (node:async_hooks:227:14)
      at Test.run (node:internal/test_runner/test:1325:25)
      at Test.start (node:internal/test_runner/test:1191:17)
      at startSubtestAfterBootstrap (node:internal/test_runner/harness:385:17) {
    generatedMessage: true,
    code: 'ERR_ASSERTION',
    actual: "/Users/new/RiderProjects/RPG_theory/src/lib/source-revision.ts:17\n  if (new Set(change.affectedFiles).size!==change.affectedFiles.length || paths.join('\\n')!==[...change.affectedFiles].sort().join('\\n') || !paths.length || changed.some(s=>!change.priorSnapshot.some(p=>p.path===s.path && p.sha256===s.sha256))) throw new ContractError('SOURCE_REVISION_FAILURE','Exact changed/added/removed membership and prior snapshots required');\n                                                                                                                                                                                                                                                           ^\n\nContractError: SOURCE_REVISION_FAILURE: Exact changed/added/removed membership and prior snapshots required\n    at validateSourceRevision (/Users/new/RiderProjects/RPG_theory/src/lib/source-revision.ts:17:252)\n    at <anonymous> (/Users/new/RiderProjects/RPG_theory/scripts/check-source-revision.ts:25:14)\n    at ModuleJob.run (node:internal/modules/esm/module_job:439:25)\n    at async node:internal/modules/esm/loader:643:26\n    at async asyncRunEntryPointWithESMLoader (node:internal/modules/run_main:101:5) {\n  code: 'SOURCE_REVISION_FAILURE'\n}\n\nNode.js v24.18.0\n",
    expected: /CORE_PROOF_GATE_REQUIRED/,
    operator: 'match',
    diff: 'simple'
  }
