
> unity-theory@0.0.1 verify
> tsx scripts/verify.ts --output-root dist/m1-recheck --evidence-dir docs/evidence/m1/recheck


Running npm run check

> unity-theory@0.0.1 check
> astro check

20:28:25 [content] Syncing content
20:28:25 [content] Synced content
20:28:25 [types] Generated 1.73s
20:28:25 [check] Getting diagnostics for Astro files in /Users/new/RiderProjects/RPG_theory...
Result (44 files): 
- 0 errors
- 0 warnings
- 0 hints


Running npm run check:sources -- --scope history

> unity-theory@0.0.1 check:sources
> tsx scripts/check-sources.ts --scope history

{"status":"PASS","historicalFiles":14,"noticeTranscriptions":2,"authorityNoticeOnly":true}

Running npm run check:sources -- --scope current

> unity-theory@0.0.1 check:sources
> tsx scripts/check-sources.ts --scope current

{"availability":"AVAILABLE_BYTES_VERIFIED","bytesVerified":true,"corpusScope":"current","currentSourceQualified":false,"files":13,"coreSha256":"b6d3e7c75285889afe94cabf083ba5fb80f401c656613ba6a80d2f0149b655e1","inventorySeal":"25d4e1e9476da06972bd30245ea4d6abe6be0a0e9bc56aaa0ae9e09179a6386a","edition":"RRG v0.2 locked + evidence updates; promoted 2026-10-01","sourceBoundEntries":31,"contentReview":"pending"}

Running npm run check:content

> unity-theory@0.0.1 check:content
> tsx scripts/check-content.ts

{"schema":"unity-content-check/1","status":"PASS","date":"2026-10-01T17:28:40.750Z","admission":{"availability":"AVAILABLE_BYTES_VERIFIED","bytesVerified":true,"corpusScope":"current","currentSourceQualified":false,"files":13,"coreSha256":"b6d3e7c75285889afe94cabf083ba5fb80f401c656613ba6a80d2f0149b655e1","inventorySeal":"25d4e1e9476da06972bd30245ea4d6abe6be0a0e9bc56aaa0ae9e09179a6386a","edition":"RRG v0.2 locked + evidence updates; promoted 2026-10-01"},"entries":34,"affected":[],"scientificReview":"pending","acceptedReviews":0}

Running npm run test:content

> unity-theory@0.0.1 test:content
> tsx --test tests/content/*.test.ts

✔ missing current sources reach CURRENT_SOURCE_PACKAGE_MISSING (0.711583ms)
✔ one-byte history mutation reaches HISTORICAL_INTEGRITY_FAILURE (1.4065ms)
✔ unrecorded core change reaches LOCKED_CORE_MISMATCH (0.907875ms)
✔ missing required manifest member reaches CURRENT_MANIFEST_INCOMPLETE (0.706708ms)
✔ mixed stale sibling with matching core reaches SOURCE_INTEGRITY_FAILURE (0.968333ms)
✔ wrong source/excerpt binding reaches SOURCE_BINDING_FAILURE (1.242209ms)
✔ history offered as current reaches LEGACY_SOURCE_REJECTED (0.729125ms)
✔ complete justified revised synthetic edition passes without historical-pin veto (1.150917ms)
✔ silent edition-pin reset still fails (0.786ms)
✔ recorded membership omissions, duplicates and unknown manifest formats fail against actual text (1.394167ms)
✔ root, subpath, file endpoints and path collisions use the same URL owner (0.214708ms)
✔ release with fixture host or unqualified scientific corpus fails closed (0.258666ms)
✔ root-only asset in subpath output reaches BASE_PATH_FAILURE (2351.452375ms)
✔ output audit requires routes, rejects extra private files and stale/relabelled identity (2591.076875ms)
✔ absolute same-site links/fragments are local; unsafe links and remote resources fail (4541.113625ms)
✔ artifact audit rejects false source identity and active SVG files (1723.7095ms)
✔ Markdown renders MathML, prefixes links and rejects HTML/unsafe destinations (2.94375ms)
✔ Markdown reference links/images share safety and base handling (2.42125ms)
✔ math macros cannot leak between documents and trusted HTML commands emit no active link (1.308375ms)
✔ safe archive extraction rejects traversal, absolute paths, symlinks, collisions and unexpected roots (219.9085ms)
✔ output audit rejects changed source-bound display, manifest substitutions and draft sentinels (1353.4645ms)
✔ output audit binds bibliography text, destinations, support limits, status, projection and navigation (3425.545625ms)
✔ output audit rejects multiply encoded local traversal (1050.676333ms)
✔ actual corpus extracts source bytes, preserves existing E mappings, and has zero accepted reviews (0.916583ms)
✔ independent statement, bad binding range/hash, wrong record kind, duplicates and unknown sources fail (399.112875ms)
✔ source-scoped aliases keep historical S01 local; duplicates and unresolved aliases fail (49.963584ms)
✔ missing or cyclic semantic dependency fails; related feedback does not create proof cycles (390.109958ms)
✔ authority notes cannot supply scientific excerpts; invalid states and real dates fail (147.288041ms)
✔ safe directives render actual canonical explanations, extract dependencies and reject executable/unknown syntax (7.291041ms)
✔ dependency changes stale exact reviews and report reverse dependants; unrelated bibliography is local (174.829084ms)
✔ changing a relevant source verification scope or relevant citation stales its review (260.223791ms)
✔ shared release selector refuses actual pending corpus, missing/stale reviews, future publication and rights (752.203584ms)
✔ one manifest excludes drafts from every production surface and rejects published draft dependencies (150.724833ms)
✔ withdrawn history is explicitly selected as a tombstone; former body is removed (161.706125ms)
✔ source display adapters preserve raw bindings while rendering status/math/table consumers (425.158ms)
✔ source revision transaction refuses missing prior-byte preservation and incomplete core proof gate (389.56625ms)
✔ actual supplied 07 and 08 cannot disappear behind a matching core (6.58ms)
✔ a missing or mismatched actual local citation alias fails the source adapter (19.378083ms)
✔ project reproduction cannot be asserted with an invented execution receipt (81.772958ms)
✔ Markdown directive export uses ordinary links and leaves code examples untouched (1.595292ms)
✔ statement directives are order-independent; nested references and cycles reach the shared graph (318.755167ms)
✔ scientific identities cannot bypass proposal provenance or masquerade as documents (110.99925ms)
✔ retained historical excerpts remain historical; supersession is reciprocal and draft history stays out of discovery (309.878416ms)
✔ review rejection is distinct from pending; alternate citation review binds its primary metadata (155.36725ms)
✔ source, bibliography, execution and renderer identity changes report or stale their actual dependants (137.750833ms)
✔ withdrawal removes old title, scope, source mapping, evidence and bibliography from all rendered regions (181.41925ms)
✔ bibliographic verification cannot retain a checked label after metadata substitution (79.932041ms)
✔ release rejects future updates and reviews independently of the publication date (261.517208ms)
✔ qualification uses reviewed production selection; a preview cannot be relabelled qualification (176.0905ms)
✔ Markdown export validates safety, expands nested references and leaves math samples intact (159.089792ms)
✔ real revision CLI validates preserved editions and reports pending dependants; it cannot write approvals (5072.549916ms)
ℹ tests 51
ℹ suites 0
ℹ pass 51
ℹ fail 0
ℹ cancelled 0
ℹ skipped 0
ℹ todo 0
ℹ duration_ms 19834.648292

Running npm run build -- --mode preview --config config/site.json --output dist/m1-recheck/preview-root

> unity-theory@0.0.1 build
> tsx scripts/build.ts --mode preview --config config/site.json --output dist/m1-recheck/preview-root

20:29:05 [content] Syncing content
20:29:05 [content] Synced content
20:29:05 [types] Generated 1.10s
20:29:05 [build] output: "static"
20:29:05 [build] mode: "static"
20:29:05 [build] directory: /Users/new/RiderProjects/RPG_theory/dist/m1-recheck/preview-root/
20:29:05 [build] Collecting build info...
20:29:05 [build] ✓ Completed in 1.13s.
20:29:05 [build] Building static entrypoints...
20:29:05 [vite] ✓ built in 358ms
20:29:05 [vite] ✓ built in 28ms
20:29:05 [build] Rearranging server assets...

 generating static routes 
20:29:06   ├─ /404.html (+11ms) 
20:29:06   ├─ /fixtures/math/index.html (+70ms) 
20:29:06   ├─ /references/index.html (+3ms) 
20:29:06   ├─ /start/index.html (+9ms) 
20:29:06   ├─ /index.html (+37ms) 
20:29:06   ├─ /research-status/index.html (+56ms) 
20:29:06   ├─ /research-status/proof-matrix/index.html (+11ms) 
20:29:06   ├─ /concepts/geometry-and-modes/index.html (+9ms) 
20:29:06   ├─ /claims/UT-D01/index.html (+8ms) 
20:29:06   ├─ /claims/UT-D02/index.html (+6ms) 
20:29:06   ├─ /claims/UT-D03/index.html (+12ms) 
20:29:06   ├─ /claims/UT-D04/index.html (+4ms) 
20:29:06   ├─ /claims/UT-D05/index.html (+4ms) 
20:29:06   ├─ /claims/UT-D06/index.html (+21ms) 
20:29:06   ├─ /claims/UT-D07/index.html (+6ms) 
20:29:06   ├─ /claims/UT-D08/index.html (+11ms) 
20:29:06   ├─ /claims/UT-D09/index.html (+7ms) 
20:29:06   ├─ /claims/UT-C01/index.html (+3ms) 
20:29:06   ├─ /claims/UT-C02/index.html (+4ms) 
20:29:06   ├─ /claims/UT-O01/index.html (+2ms) 
20:29:06   ├─ /claims/UT-O02/index.html (+2ms) 
20:29:06   ├─ /claims/UT-O03/index.html (+2ms) 
20:29:06   ├─ /claims/UT-O04/index.html (+4ms) 
20:29:06   ├─ /claims/UT-O05/index.html (+1ms) 
20:29:06   ├─ /claims/UT-O06/index.html (+3ms) 
20:29:06   ├─ /claims/UT-E01/index.html (+11ms) 
20:29:06   ├─ /claims/UT-E02/index.html (+7ms) 
20:29:06   ├─ /claims/UT-E03/index.html (+3ms) 
20:29:06   ├─ /claims/UT-E04/index.html (+2ms) 
20:29:06   ├─ /claims/UT-E05/index.html (+2ms) 
20:29:06   ├─ /claims/UT-E06/index.html (+2ms) 
20:29:06   ├─ /claims/UT-E07/index.html (+3ms) 
20:29:06   ├─ /claims/UT-E08/index.html (+5ms) 
20:29:06   ├─ /claims/UT-E09/index.html (+4ms) 
20:29:06   ├─ /claims/UT-E10/index.html (+8ms) 
20:29:06   ├─ /claims/UT-E11/index.html (+11ms) 
20:29:06   ├─ /claims/UT-E12/index.html (+7ms) 
20:29:06 ✓ Completed in 626ms.

20:29:06 [build] ✓ Completed in 1.05s.
20:29:06 [build] 37 page(s) built in 2.18s
20:29:06 [build] Complete!
Private preview artifact: /Users/new/RiderProjects/RPG_theory/dist/m1-recheck/preview-root; deployEligible=false

Running npm run audit:output -- --dir dist/m1-recheck/preview-root

> unity-theory@0.0.1 audit:output
> tsx scripts/audit-output.ts --dir dist/m1-recheck/preview-root

/Users/new/RiderProjects/RPG_theory/scripts/audit-output.ts:79
      if($('title').text()!==`${entry.title} · Unity Theory` || $('meta[name="description"]').attr('content')!==entry.description) throw new ContractError('CONTENT_METADATA_PARITY_FAILURE',entry.id);
                                                                                                                                         ^

ContractError: CONTENT_METADATA_PARITY_FAILURE: DOC-HOME
    at auditOutput (/Users/new/RiderProjects/RPG_theory/scripts/audit-output.ts:79:138)
    at <anonymous> (/Users/new/RiderProjects/RPG_theory/scripts/audit-output.ts:118:19)
    at ModuleJob.run (node:internal/modules/esm/module_job:439:25)
    at async node:internal/modules/esm/loader:643:26
    at async asyncRunEntryPointWithESMLoader (node:internal/modules/run_main:101:5) {
  code: 'CONTENT_METADATA_PARITY_FAILURE'
}

Node.js v24.18.0
