
> unity-theory@0.0.1 verify
> tsx scripts/verify.ts --output-root dist/m1-recheck --evidence-dir docs/evidence/m1/recheck


Running npm run check

> unity-theory@0.0.1 check
> astro check

20:26:06 [content] Syncing content
20:26:07 [content] Synced content
20:26:07 [types] Generated 1.66s
20:26:07 [check] Getting diagnostics for Astro files in /Users/new/RiderProjects/RPG_theory...
Result (44 files): 
- 0 errors
- 0 warnings
- 0 hints


Running npm run check:sources -- --scope history

> unity-theory@0.0.1 check:sources
> tsx scripts/check-sources.ts --scope history

{"status":"PASS","historicalFiles":14,"noticeTranscriptions":2,"authorityNoticeOnly":true}

Running npm run check:sources -- --scope current

> unity-theory@0.0.1 check:sources
> tsx scripts/check-sources.ts --scope current

{"availability":"AVAILABLE_BYTES_VERIFIED","bytesVerified":true,"corpusScope":"current","currentSourceQualified":false,"files":13,"coreSha256":"b6d3e7c75285889afe94cabf083ba5fb80f401c656613ba6a80d2f0149b655e1","inventorySeal":"25d4e1e9476da06972bd30245ea4d6abe6be0a0e9bc56aaa0ae9e09179a6386a","edition":"RRG v0.2 locked + evidence updates; promoted 2026-10-01","sourceBoundEntries":31,"contentReview":"pending"}

Running npm run check:content

> unity-theory@0.0.1 check:content
> tsx scripts/check-content.ts

{"schema":"unity-content-check/1","status":"PASS","date":"2026-10-01T17:26:26.337Z","admission":{"availability":"AVAILABLE_BYTES_VERIFIED","bytesVerified":true,"corpusScope":"current","currentSourceQualified":false,"files":13,"coreSha256":"b6d3e7c75285889afe94cabf083ba5fb80f401c656613ba6a80d2f0149b655e1","inventorySeal":"25d4e1e9476da06972bd30245ea4d6abe6be0a0e9bc56aaa0ae9e09179a6386a","edition":"RRG v0.2 locked + evidence updates; promoted 2026-10-01"},"entries":34,"affected":[],"scientificReview":"pending","acceptedReviews":0}

Running npm run test:content

> unity-theory@0.0.1 test:content
> tsx --test tests/content/*.test.ts

✔ missing current sources reach CURRENT_SOURCE_PACKAGE_MISSING (0.684ms)
✔ one-byte history mutation reaches HISTORICAL_INTEGRITY_FAILURE (1.478ms)
✔ unrecorded core change reaches LOCKED_CORE_MISMATCH (0.909666ms)
✔ missing required manifest member reaches CURRENT_MANIFEST_INCOMPLETE (0.724209ms)
✔ mixed stale sibling with matching core reaches SOURCE_INTEGRITY_FAILURE (0.866917ms)
✔ wrong source/excerpt binding reaches SOURCE_BINDING_FAILURE (1.037709ms)
✔ history offered as current reaches LEGACY_SOURCE_REJECTED (0.626166ms)
✔ complete justified revised synthetic edition passes without historical-pin veto (1.025292ms)
✔ silent edition-pin reset still fails (0.727166ms)
✔ recorded membership omissions, duplicates and unknown manifest formats fail against actual text (4.787959ms)
✔ root, subpath, file endpoints and path collisions use the same URL owner (0.287958ms)
✔ release with fixture host or unqualified scientific corpus fails closed (8.043834ms)
✔ root-only asset in subpath output reaches BASE_PATH_FAILURE (2929.228083ms)
✔ output audit requires routes, rejects extra private files and stale/relabelled identity (3023.769625ms)
✔ absolute same-site links/fragments are local; unsafe links and remote resources fail (5666.501875ms)
✔ artifact audit rejects false source identity and active SVG files (2212.992ms)
✔ Markdown renders MathML, prefixes links and rejects HTML/unsafe destinations (3.104875ms)
✔ Markdown reference links/images share safety and base handling (4.840125ms)
✔ math macros cannot leak between documents and trusted HTML commands emit no active link (1.516959ms)
✔ safe archive extraction rejects traversal, absolute paths, symlinks, collisions and unexpected roots (178.254042ms)
✔ output audit rejects changed source-bound display, manifest substitutions and draft sentinels (1961.837166ms)
✖ output audit binds bibliography text, destinations, support limits, status, projection and navigation (4010.626667ms)
✔ output audit rejects multiply encoded local traversal (1713.898208ms)
✔ actual corpus extracts source bytes, preserves existing E mappings, and has zero accepted reviews (0.681791ms)
✔ independent statement, bad binding range/hash, wrong record kind, duplicates and unknown sources fail (273.001459ms)
✔ source-scoped aliases keep historical S01 local; duplicates and unresolved aliases fail (7.069625ms)
✔ missing or cyclic semantic dependency fails; related feedback does not create proof cycles (492.728875ms)
✔ authority notes cannot supply scientific excerpts; invalid states and real dates fail (147.866917ms)
✔ safe directives render actual canonical explanations, extract dependencies and reject executable/unknown syntax (113.327542ms)
✔ dependency changes stale exact reviews and report reverse dependants; unrelated bibliography is local (188.386375ms)
✔ changing a relevant source verification scope or relevant citation stales its review (426.46ms)
✔ shared release selector refuses actual pending corpus, missing/stale reviews, future publication and rights (955.75925ms)
✔ one manifest excludes drafts from every production surface and rejects published draft dependencies (334.127708ms)
✔ withdrawn history is explicitly selected as a tombstone; former body is removed (236.808167ms)
✔ source display adapters preserve raw bindings while rendering status/math/table consumers (520.806958ms)
✔ source revision transaction refuses missing prior-byte preservation and incomplete core proof gate (443.249834ms)
✔ actual supplied 07 and 08 cannot disappear behind a matching core (17.660916ms)
✔ a missing or mismatched actual local citation alias fails the source adapter (66.841125ms)
✔ project reproduction cannot be asserted with an invented execution receipt (9.598209ms)
✔ Markdown directive export uses ordinary links and leaves code examples untouched (1.627458ms)
✔ statement directives are order-independent; nested references and cycles reach the shared graph (513.659083ms)
✔ scientific identities cannot bypass proposal provenance or masquerade as documents (33.66425ms)
✔ retained historical excerpts remain historical; supersession is reciprocal and draft history stays out of discovery (376.28175ms)
✔ review rejection is distinct from pending; alternate citation review binds its primary metadata (157.489792ms)
✔ source, bibliography, execution and renderer identity changes report or stale their actual dependants (91.464291ms)
✔ withdrawal removes old title, scope, source mapping, evidence and bibliography from all rendered regions (207.424416ms)
✔ bibliographic verification cannot retain a checked label after metadata substitution (151.259791ms)
✔ release rejects future updates and reviews independently of the publication date (308.7645ms)
✔ qualification uses reviewed production selection; a preview cannot be relabelled qualification (216.21625ms)
✔ Markdown export validates safety, expands nested references and leaves math samples intact (65.780959ms)
✔ real revision CLI validates preserved editions and reports pending dependants; it cannot write approvals (6120.566375ms)
ℹ tests 51
ℹ suites 0
ℹ pass 50
ℹ fail 1
ℹ cancelled 0
ℹ skipped 0
ℹ todo 0
ℹ duration_ms 24593.31875

✖ failing tests:

test at tests/content/contracts.test.ts:225:1
✖ output audit binds bibliography text, destinations, support limits, status, projection and navigation (4010.626667ms)
  AssertionError [ERR_ASSERTION]: does not close the claim
      at <anonymous> (/Users/new/RiderProjects/RPG_theory/tests/content/contracts.test.ts:234:79)
      at outputFixture (/Users/new/RiderProjects/RPG_theory/tests/content/contracts.test.ts:133:5)
      at TestContext.<anonymous> (/Users/new/RiderProjects/RPG_theory/tests/content/contracts.test.ts:225:114)
      at Test.runInAsyncScope (node:async_hooks:227:14)
      at Test.run (node:internal/test_runner/test:1325:25)
      at Test.processPendingSubtests (node:internal/test_runner/test:911:18)
      at Test.postRun (node:internal/test_runner/test:1465:19)
      at Test.run (node:internal/test_runner/test:1390:12)
      at async Test.processPendingSubtests (node:internal/test_runner/test:911:7) {
    generatedMessage: false,
    code: 'ERR_ASSERTION',
    actual: false,
    expected: true,
    operator: '==',
    diff: 'simple'
  }
