node:internal/modules/run_main:107
    triggerUncaughtException(
    ^

ExpectError: expect(received).toBe(expected) // Object.is equality

Expected: true
Received: false
    at captureRawStack (/Users/new/RiderProjects/RPG_theory/node_modules/playwright-core/lib/coreBundle.js:8588:17)
    at callMatcherAsStep (/Users/new/RiderProjects/RPG_theory/node_modules/playwright/lib/matchers/expect.js:13310:57)
    at Object.toBe (/Users/new/RiderProjects/RPG_theory/node_modules/playwright/lib/matchers/expect.js:13302:23)
    at <anonymous> (/Users/new/RiderProjects/RPG_theory/docs/evidence/site-wide-acceptance/inspect-journeys.ts:50:123) {
  matcherResult: {
    actual: false,
    expected: true,
    message: 'expect(received).toBe(expected) // Object.is equality\n' +
      '\n' +
      'Expected: true\n' +
      'Received: false',
    name: 'toBe',
    pass: false
  }
}

Node.js v24.18.0
