
Running 2 tests using 1 worker

(node:97806) Warning: The 'NO_COLOR' env is ignored due to the 'FORCE_COLOR' env being set.
(Use `node --trace-warnings ...` to show where the warning was created)
  ✘  1 tests/e2e/publication.spec.ts:8:1 › M4 library, article and citation journeys work without JavaScript, with real ZIP download and RSS parsing (7ms)
(node:97808) Warning: The 'NO_COLOR' env is ignored due to the 'FORCE_COLOR' env being set.
(Use `node --trace-warnings ...` to show where the warning was created)
  ✘  2 tests/e2e/publication.spec.ts:24:1 › M4 new pages reflow at 320px and technical print retains equations, status, revision and citation targets (1ms)


  1) tests/e2e/publication.spec.ts:8:1 › M4 library, article and citation journeys work without JavaScript, with real ZIP download and RSS parsing 

    Error: browserType.launch: Executable doesn't exist at /Users/new/Library/Caches/ms-playwright/chromium_headless_shell-1243/chrome-headless-shell-mac-arm64/chrome-headless-shell
    ╔════════════════════════════════════════════════════════════╗
    ║ Looks like Playwright was just installed or updated.       ║
    ║ Please run the following command to download new browsers: ║
    ║                                                            ║
    ║     npx playwright install                                 ║
    ║                                                            ║
    ║ <3 Playwright Team                                         ║
    ╚════════════════════════════════════════════════════════════╝

    Error Context: docs/evidence/m4/implementation/browser-traces/root/publication-M4-library-art-ab768-IP-download-and-RSS-parsing/error-context.md

    attachment #2: trace (application/zip) ─────────────────────────────────────────────────────────
    docs/evidence/m4/implementation/browser-traces/root/publication-M4-library-art-ab768-IP-download-and-RSS-parsing/trace.zip
    Usage:

        npx playwright show-trace docs/evidence/m4/implementation/browser-traces/root/publication-M4-library-art-ab768-IP-download-and-RSS-parsing/trace.zip

    ────────────────────────────────────────────────────────────────────────────────────────────────

  2) tests/e2e/publication.spec.ts:24:1 › M4 new pages reflow at 320px and technical print retains equations, status, revision and citation targets 

    Error: browserType.launch: Executable doesn't exist at /Users/new/Library/Caches/ms-playwright/chromium_headless_shell-1243/chrome-headless-shell-mac-arm64/chrome-headless-shell
    ╔════════════════════════════════════════════════════════════╗
    ║ Looks like Playwright was just installed or updated.       ║
    ║ Please run the following command to download new browsers: ║
    ║                                                            ║
    ║     npx playwright install                                 ║
    ║                                                            ║
    ║ <3 Playwright Team                                         ║
    ╚════════════════════════════════════════════════════════════╝

    Error Context: docs/evidence/m4/implementation/browser-traces/root/publication-M4-new-pages-r-4e23c-vision-and-citation-targets/error-context.md

    attachment #2: trace (application/zip) ─────────────────────────────────────────────────────────
    docs/evidence/m4/implementation/browser-traces/root/publication-M4-new-pages-r-4e23c-vision-and-citation-targets/trace.zip
    Usage:

        npx playwright show-trace docs/evidence/m4/implementation/browser-traces/root/publication-M4-new-pages-r-4e23c-vision-and-citation-targets/trace.zip

    ────────────────────────────────────────────────────────────────────────────────────────────────

  2 failed
    tests/e2e/publication.spec.ts:8:1 › M4 library, article and citation journeys work without JavaScript, with real ZIP download and RSS parsing 
    tests/e2e/publication.spec.ts:24:1 › M4 new pages reflow at 320px and technical print retains equations, status, revision and citation targets 
