21:51:16 [content] Syncing content
21:51:16 [content] Astro config changed
21:51:16 [content] Clearing content store
21:51:16 [content] Synced content
21:51:16 [types] Generated 1.55s
21:51:16 [build] output: "static"
21:51:16 [build] mode: "static"
21:51:16 [build] directory: /Users/new/RiderProjects/RPG_theory/dist/m4/preview-subpath/
21:51:16 [build] Collecting build info...
21:51:16 [build] ✓ Completed in 1.56s.
21:51:16 [build] Building static entrypoints...
21:51:17 [vite] ✓ built in 308ms
21:51:17 [vite] ✓ built in 25ms
21:51:17 [build] Rearranging server assets...

 generating static routes 
21:51:18   ├─ /404.html (+18ms) 
21:51:18   ├─ /articles/index.html (+8ms) 
21:51:18   ├─ /cite/index.html (+495ms) 
21:51:18   ├─ /downloads/explanatory/DOC-STATUS.md/ (+6ms) 
21:51:18   ├─ /downloads/explanatory/DOC-PROOF.md/ (+3ms) 
21:51:18   ├─ /downloads/explanatory/DOC-CONCEPT-GEOMETRY.md/ (+18ms) 
21:51:18   ├─ /downloads/explanatory/DOC-CORE.md/ (+2ms) 
21:51:18   ├─ /downloads/explanatory/DOC-CONTROL.md/ (+12ms) 
21:51:19   ├─ /downloads/explanatory/DOC-FRAMEWORK.md/ (+5ms) 
21:51:19   ├─ /downloads/explanatory/DOC-MATH.md/ (+2ms) 
21:51:19   ├─ /downloads/explanatory/DOC-INTERACTION-EVIDENCE.md/ (+2ms) 
21:51:19   ├─ /downloads/explanatory/DOC-ADDITIONAL-EVIDENCE.md/ (+3ms) 
21:51:19   ├─ /downloads/explanatory/DOC-OPEN-PROBLEMS.md/ (+2ms) 
21:51:19   ├─ /downloads/explanatory/DOC-SOURCE-CHANGES.md/ (+1ms) 
21:51:19   ├─ /downloads/explanatory/UT-D01.md/ (+1ms) 
21:51:19   ├─ /downloads/explanatory/UT-D02.md/ (+1ms) 
21:51:19   ├─ /downloads/explanatory/UT-D03.md/ (+1ms) 
21:51:19   ├─ /downloads/explanatory/UT-D04.md/ (+2ms) 
21:51:19   ├─ /downloads/explanatory/UT-D05.md/ (+1ms) 
21:51:19   ├─ /downloads/explanatory/UT-D06.md/ (+2ms) 
21:51:19   ├─ /downloads/explanatory/UT-D07.md/ (+2ms) 
21:51:19   ├─ /downloads/explanatory/UT-D08.md/ (+2ms) 
21:51:19   ├─ /downloads/explanatory/UT-D09.md/ (+2ms) 
21:51:19   ├─ /downloads/explanatory/UT-C01.md/ (+3ms) 
21:51:19   ├─ /downloads/explanatory/UT-C02.md/ (+2ms) 
21:51:19   ├─ /downloads/explanatory/UT-O01.md/ (+1ms) 
21:51:19   ├─ /downloads/explanatory/UT-O02.md/ (+0ms) 
21:51:19   ├─ /downloads/explanatory/UT-O03.md/ (+0ms) 
21:51:19   ├─ /downloads/explanatory/UT-O04.md/ (+1ms) 
21:51:19   ├─ /downloads/explanatory/UT-O05.md/ (+0ms) 
21:51:19   ├─ /downloads/explanatory/UT-O06.md/ (+4ms) 
21:51:19   ├─ /downloads/explanatory/UT-E01.md/ (+1ms) 
21:51:19   ├─ /downloads/explanatory/UT-E02.md/ (+0ms) 
21:51:19   ├─ /downloads/explanatory/UT-E03.md/ (+0ms) 
21:51:19   ├─ /downloads/explanatory/UT-E04.md/ (+1ms) 
21:51:19   ├─ /downloads/explanatory/UT-E05.md/ (+1ms) 
21:51:19   ├─ /downloads/explanatory/UT-E06.md/ (+1ms) 
21:51:19   ├─ /downloads/explanatory/UT-E07.md/ (+1ms) 
21:51:19   ├─ /downloads/explanatory/UT-E08.md/ (+1ms) 
21:51:19   ├─ /downloads/explanatory/UT-E09.md/ (+0ms) 
21:51:19   ├─ /downloads/explanatory/UT-E10.md/ (+0ms) 
21:51:19   ├─ /downloads/explanatory/UT-E11.md/ (+1ms) 
21:51:19   ├─ /downloads/explanatory/UT-E12.md/ (+2ms) 
21:51:19   ├─ /downloads/explanatory/DOC-ARTICLE-STRUCTURES.md/ (+1ms) 
21:51:19   ├─ /downloads/explanatory/DOC-ARTICLE-UNIT.md/ (+1ms) 
21:51:19   ├─ /downloads/explanatory/DOC-CONCEPT-INTERACTIONS.md/ (+0ms) 
21:51:19   ├─ /downloads/explanatory/DOC-CONCEPT-RECURSION.md/ (+1ms) 
21:51:19   ├─ /downloads/explanatory/DOC-CONCEPT-STABILITY.md/ (+1ms) 
21:51:19   ├─ /downloads/explanatory/DOC-CONCEPTS.md/ (+1ms) 
21:51:19   ├─ /downloads/explanatory/DOC-EVIDENCE.md/ (+0ms) 
21:51:19   ├─ /downloads/explanatory/DOC-EXAMPLE-CELL.md/ (+0ms) 
21:51:19   ├─ /downloads/explanatory/DOC-EXAMPLE-LIFE.md/ (+0ms) 
21:51:19   ├─ /downloads/explanatory/DOC-EXAMPLE-MOLECULE.md/ (+0ms) 
21:51:19   ├─ /downloads/explanatory/DOC-EXAMPLE-STAR.md/ (+0ms) 
21:51:19   ├─ /downloads/explanatory/DOC-EXAMPLE-STRING.md/ (+0ms) 
21:51:19   ├─ /downloads/explanatory/DOC-EXAMPLE-WATER.md/ (+2ms) 
21:51:19   ├─ /downloads/explanatory/DOC-EXAMPLES.md/ (+5ms) 
21:51:19   ├─ /downloads/explanatory/DOC-HOME.md/ (+1ms) 
21:51:19   ├─ /downloads/explanatory/DOC-START.md/ (+0ms) 
21:51:19   ├─ /downloads/explanatory/DOC-LIBRARY.md/ (+2ms) 
21:51:19   ├─ /downloads/original/R-CURRENT-ADDITIONAL.md/ (+1ms) 
21:51:19   ├─ /downloads/original/R-CURRENT-CHANGELOG.md/ (+1ms) 
21:51:19   ├─ /downloads/original/R-CURRENT-CONTROL.md/ (+2ms) 
21:51:19   ├─ /downloads/original/R-CURRENT-CORE.md/ (+1ms) 
21:51:19   ├─ /downloads/original/R-CURRENT-INTERACTIONS.md/ (+1ms) 
21:51:19   ├─ /downloads/original/R-CURRENT-MATH.md/ (+1ms) 
21:51:19   ├─ /downloads/original/R-CURRENT-PROOF.md/ (+1ms) 
21:51:19   ├─ /downloads/original/R-CURRENT-SCIENCE.md/ (+1ms) 
21:51:19   ├─ /downloads/original/R-CURRENT-STATUS.md/ (+1ms) 
21:51:19   ├─ /downloads/original/R-CURRENT-WORLD.md/ (+1ms) 
21:51:19   ├─ /downloads/release.json/ (+1ms) 
21:51:19   ├─ /downloads/SHA256SUMS/ (+1ms) 
21:51:19   ├─ /downloads/unity-theory-publication-site-2026.10.04-m4-private-preview.zip/ (+1ms) 
21:51:19   ├─ /fixtures/math/index.html (+32ms) 
21:51:19   ├─ /references/index.html (+5ms) 
21:51:19   ├─ /rss.xml (+5ms) 
21:51:19   ├─ /start/index.html (+13ms) 
21:51:19   ├─ /index.html (+9ms) 
21:51:19   ├─ /research-status/index.html (+21ms) 
21:51:19   ├─ /research-status/proof-matrix/index.html (+8ms) 
21:51:19   ├─ /concepts/geometry-and-modes/index.html (+5ms) 
21:51:19   ├─ /documents/locked-core/index.html (+74ms) 
21:51:19   ├─ /changes/index.html (+10ms) 
21:51:19   ├─ /framework/index.html (+142ms) 
21:51:19   ├─ /math/index.html (+299ms) 
21:51:19   ├─ /evidence/interactions/index.html (+52ms) 
21:51:19   ├─ /evidence/additional/index.html (+44ms) 
21:51:19   ├─ /open-problems/index.html (+11ms) 
21:51:19   ├─ /changes/source-history/index.html (+5ms) 
21:51:19   ├─ /claims/UT-D01/index.html (+3ms) 
21:51:19   ├─ /claims/UT-D02/index.html (+4ms) 
21:51:19   ├─ /claims/UT-D03/index.html (+7ms) 
21:51:19   ├─ /claims/UT-D04/index.html (+3ms) 
21:51:19   ├─ /claims/UT-D05/index.html (+4ms) 
21:51:19   ├─ /claims/UT-D06/index.html (+13ms) 
21:51:19   ├─ /claims/UT-D07/index.html (+7ms) 
21:51:19   ├─ /claims/UT-D08/index.html (+13ms) 
21:51:19   ├─ /claims/UT-D09/index.html (+3ms) 
21:51:19   ├─ /claims/UT-C01/index.html (+3ms) 
21:51:19   ├─ /claims/UT-C02/index.html (+4ms) 
21:51:19   ├─ /claims/UT-O01/index.html (+2ms) 
21:51:19   ├─ /claims/UT-O02/index.html (+5ms) 
21:51:19   ├─ /claims/UT-O03/index.html (+2ms) 
21:51:19   ├─ /claims/UT-O04/index.html (+1ms) 
21:51:19   ├─ /claims/UT-O05/index.html (+2ms) 
21:51:19   ├─ /claims/UT-O06/index.html (+2ms) 
21:51:19   ├─ /claims/UT-E01/index.html (+7ms) 
21:51:19   ├─ /claims/UT-E02/index.html (+4ms) 
21:51:19   ├─ /claims/UT-E03/index.html (+2ms) 
21:51:19   ├─ /claims/UT-E04/index.html (+2ms) 
21:51:19   ├─ /claims/UT-E05/index.html (+3ms) 
21:51:19   ├─ /claims/UT-E06/index.html (+4ms) 
21:51:19   ├─ /claims/UT-E07/index.html (+3ms) 
21:51:19   ├─ /claims/UT-E08/index.html (+5ms) 
21:51:19   ├─ /claims/UT-E09/index.html (+3ms) 
21:51:19   ├─ /claims/UT-E10/index.html (+4ms) 
21:51:19   ├─ /claims/UT-E11/index.html (+4ms) 
21:51:19   ├─ /claims/UT-E12/index.html (+4ms) 
21:51:19   ├─ /articles/how-existing-structures-make-new-organization-possible/index.html (+3ms) 
21:51:19   ├─ /articles/when-can-a-whole-be-treated-as-one-useful-unit/index.html (+4ms) 
21:51:19   ├─ /concepts/effective-interactions/index.html (+7ms) 
21:51:19   ├─ /concepts/recursion/index.html (+6ms) 
21:51:19   ├─ /concepts/stability/index.html (+40ms) 
21:51:20   ├─ /concepts/index.html (+6ms) 
21:51:20   ├─ /evidence/index.html (+10ms) 
21:51:20   ├─ /examples/cell/index.html (+6ms) 
21:51:20   ├─ /examples/life-environment/index.html (+10ms) 
21:51:20   ├─ /examples/molecule/index.html (+3ms) 
21:51:20   ├─ /examples/star/index.html (+3ms) 
21:51:20   ├─ /examples/string/index.html (+3ms) 
21:51:20   ├─ /examples/water/index.html (+4ms) 
21:51:20   ├─ /examples/index.html (+8ms) 
21:51:20   ├─ /documents/index.html (+33ms) 
21:51:20 ✓ Completed in 2.84s.

21:51:20 [build] ✓ Completed in 3.25s.
21:51:20 [build] 62 page(s) built in 4.82s
21:51:20 [build] Complete!
Private preview artifact: /Users/new/RiderProjects/RPG_theory/dist/m4/preview-subpath; deployEligible=false
