22:26:34 [content] Syncing content
22:26:34 [content] Astro config changed
22:26:34 [content] Clearing content store
22:26:34 [content] Synced content
22:26:34 [types] Generated 2.08s
22:26:34 [build] output: "static"
22:26:34 [build] mode: "static"
22:26:34 [build] directory: /Users/new/RiderProjects/RPG_theory/dist/m4/preview-root/
22:26:34 [build] Collecting build info...
22:26:34 [build] ✓ Completed in 2.10s.
22:26:35 [build] Building static entrypoints...
22:26:35 [vite] ✓ built in 564ms
22:26:35 [vite] ✓ built in 50ms
22:26:35 [build] Rearranging server assets...

 generating static routes 
22:26:36   ├─ /404.html (+36ms) 
22:26:37   ├─ /articles/index.html (+16ms) 
22:26:37   ├─ /cite/index.html (+564ms) 
22:26:37   ├─ /downloads/explanatory/DOC-STATUS.md/ (+12ms) 
22:26:37   ├─ /downloads/explanatory/DOC-PROOF.md/ (+6ms) 
22:26:37   ├─ /downloads/explanatory/DOC-CONCEPT-GEOMETRY.md/ (+3ms) 
22:26:37   ├─ /downloads/explanatory/DOC-CORE.md/ (+3ms) 
22:26:37   ├─ /downloads/explanatory/DOC-CONTROL.md/ (+4ms) 
22:26:37   ├─ /downloads/explanatory/DOC-FRAMEWORK.md/ (+2ms) 
22:26:37   ├─ /downloads/explanatory/DOC-MATH.md/ (+3ms) 
22:26:37   ├─ /downloads/explanatory/DOC-INTERACTION-EVIDENCE.md/ (+1ms) 
22:26:37   ├─ /downloads/explanatory/DOC-ADDITIONAL-EVIDENCE.md/ (+1ms) 
22:26:37   ├─ /downloads/explanatory/DOC-OPEN-PROBLEMS.md/ (+1ms) 
22:26:37   ├─ /downloads/explanatory/DOC-SOURCE-CHANGES.md/ (+1ms) 
22:26:37   ├─ /downloads/explanatory/UT-D01.md/ (+2ms) 
22:26:37   ├─ /downloads/explanatory/UT-D02.md/ (+1ms) 
22:26:37   ├─ /downloads/explanatory/UT-D03.md/ (+1ms) 
22:26:37   ├─ /downloads/explanatory/UT-D04.md/ (+2ms) 
22:26:37   ├─ /downloads/explanatory/UT-D05.md/ (+1ms) 
22:26:37   ├─ /downloads/explanatory/UT-D06.md/ (+1ms) 
22:26:37   ├─ /downloads/explanatory/UT-D07.md/ (+1ms) 
22:26:37   ├─ /downloads/explanatory/UT-D08.md/ (+3ms) 
22:26:37   ├─ /downloads/explanatory/UT-D09.md/ (+1ms) 
22:26:37   ├─ /downloads/explanatory/UT-C01.md/ (+2ms) 
22:26:37   ├─ /downloads/explanatory/UT-C02.md/ (+1ms) 
22:26:37   ├─ /downloads/explanatory/UT-O01.md/ (+1ms) 
22:26:37   ├─ /downloads/explanatory/UT-O02.md/ (+1ms) 
22:26:37   ├─ /downloads/explanatory/UT-O03.md/ (+3ms) 
22:26:37   ├─ /downloads/explanatory/UT-O04.md/ (+1ms) 
22:26:37   ├─ /downloads/explanatory/UT-O05.md/ (+3ms) 
22:26:37   ├─ /downloads/explanatory/UT-O06.md/ (+2ms) 
22:26:37   ├─ /downloads/explanatory/UT-E01.md/ (+6ms) 
22:26:37   ├─ /downloads/explanatory/UT-E02.md/ (+1ms) 
22:26:37   ├─ /downloads/explanatory/UT-E03.md/ (+3ms) 
22:26:37   ├─ /downloads/explanatory/UT-E04.md/ (+1ms) 
22:26:37   ├─ /downloads/explanatory/UT-E05.md/ (+1ms) 
22:26:37   ├─ /downloads/explanatory/UT-E06.md/ (+2ms) 
22:26:37   ├─ /downloads/explanatory/UT-E07.md/ (+1ms) 
22:26:37   ├─ /downloads/explanatory/UT-E08.md/ (+1ms) 
22:26:37   ├─ /downloads/explanatory/UT-E09.md/ (+1ms) 
22:26:37   ├─ /downloads/explanatory/UT-E10.md/ (+3ms) 
22:26:37   ├─ /downloads/explanatory/UT-E11.md/ (+13ms) 
22:26:37   ├─ /downloads/explanatory/UT-E12.md/ (+2ms) 
22:26:37   ├─ /downloads/explanatory/DOC-ARTICLE-STRUCTURES.md/ (+0ms) 
22:26:37   ├─ /downloads/explanatory/DOC-ARTICLE-UNIT.md/ (+3ms) 
22:26:37   ├─ /downloads/explanatory/DOC-CONCEPT-INTERACTIONS.md/ (+6ms) 
22:26:37   ├─ /downloads/explanatory/DOC-CONCEPT-RECURSION.md/ (+1ms) 
22:26:37   ├─ /downloads/explanatory/DOC-CONCEPT-STABILITY.md/ (+2ms) 
22:26:37   ├─ /downloads/explanatory/DOC-CONCEPTS.md/ (+1ms) 
22:26:37   ├─ /downloads/explanatory/DOC-EVIDENCE.md/ (+13ms) 
22:26:37   ├─ /downloads/explanatory/DOC-EXAMPLE-CELL.md/ (+3ms) 
22:26:37   ├─ /downloads/explanatory/DOC-EXAMPLE-LIFE.md/ (+4ms) 
22:26:37   ├─ /downloads/explanatory/DOC-EXAMPLE-MOLECULE.md/ (+3ms) 
22:26:37   ├─ /downloads/explanatory/DOC-EXAMPLE-STAR.md/ (+1ms) 
22:26:37   ├─ /downloads/explanatory/DOC-EXAMPLE-STRING.md/ (+2ms) 
22:26:37   ├─ /downloads/explanatory/DOC-EXAMPLE-WATER.md/ (+1ms) 
22:26:37   ├─ /downloads/explanatory/DOC-EXAMPLES.md/ (+2ms) 
22:26:37   ├─ /downloads/explanatory/DOC-HOME.md/ (+2ms) 
22:26:37   ├─ /downloads/explanatory/DOC-START.md/ (+3ms) 
22:26:37   ├─ /downloads/explanatory/DOC-LIBRARY.md/ (+5ms) 
22:26:37   ├─ /downloads/original/R-CURRENT-ADDITIONAL.md/ (+1ms) 
22:26:37   ├─ /downloads/original/R-CURRENT-CHANGELOG.md/ (+2ms) 
22:26:37   ├─ /downloads/original/R-CURRENT-CONTROL.md/ (+2ms) 
22:26:37   ├─ /downloads/original/R-CURRENT-CORE.md/ (+1ms) 
22:26:37   ├─ /downloads/original/R-CURRENT-INTERACTIONS.md/ (+1ms) 
22:26:37   ├─ /downloads/original/R-CURRENT-MATH.md/ (+1ms) 
22:26:37   ├─ /downloads/original/R-CURRENT-PROOF.md/ (+1ms) 
22:26:37   ├─ /downloads/original/R-CURRENT-SCIENCE.md/ (+1ms) 
22:26:37   ├─ /downloads/original/R-CURRENT-STATUS.md/ (+1ms) 
22:26:37   ├─ /downloads/original/R-CURRENT-WORLD.md/ (+2ms) 
22:26:37   ├─ /downloads/release.json/ (+2ms) 
22:26:37   ├─ /downloads/SHA256SUMS/ (+1ms) 
22:26:37   ├─ /downloads/unity-theory-publication-site-2026.10.04-m4-private-preview.zip/ (+3ms) 
22:26:37   ├─ /fixtures/math/index.html (+22ms) 
22:26:37   ├─ /references/index.html (+6ms) 
22:26:37   ├─ /rss.xml (+5ms) 
22:26:37   ├─ /start/index.html (+16ms) 
22:26:37   ├─ /index.html (+10ms) 
22:26:37   ├─ /research-status/index.html (+28ms) 
22:26:37   ├─ /research-status/proof-matrix/index.html (+34ms) 
22:26:37   ├─ /concepts/geometry-and-modes/index.html (+13ms) 
22:26:37   ├─ /documents/locked-core/index.html (+48ms) 
22:26:37   ├─ /changes/index.html (+39ms) 
22:26:37   ├─ /framework/index.html (+202ms) 
22:26:38   ├─ /math/index.html (+307ms) 
22:26:38   ├─ /evidence/interactions/index.html (+48ms) 
22:26:38   ├─ /evidence/additional/index.html (+88ms) 
22:26:38   ├─ /open-problems/index.html (+34ms) 
22:26:38   ├─ /changes/source-history/index.html (+50ms) 
22:26:38   ├─ /claims/UT-D01/index.html (+16ms) 
22:26:38   ├─ /claims/UT-D02/index.html (+10ms) 
22:26:38   ├─ /claims/UT-D03/index.html (+4ms) 
22:26:38   ├─ /claims/UT-D04/index.html (+3ms) 
22:26:38   ├─ /claims/UT-D05/index.html (+3ms) 
22:26:38   ├─ /claims/UT-D06/index.html (+7ms) 
22:26:38   ├─ /claims/UT-D07/index.html (+4ms) 
22:26:38   ├─ /claims/UT-D08/index.html (+5ms) 
22:26:38   ├─ /claims/UT-D09/index.html (+4ms) 
22:26:38   ├─ /claims/UT-C01/index.html (+6ms) 
22:26:38   ├─ /claims/UT-C02/index.html (+2ms) 
22:26:38   ├─ /claims/UT-O01/index.html (+3ms) 
22:26:38   ├─ /claims/UT-O02/index.html (+4ms) 
22:26:38   ├─ /claims/UT-O03/index.html (+3ms) 
22:26:38   ├─ /claims/UT-O04/index.html (+3ms) 
22:26:38   ├─ /claims/UT-O05/index.html (+6ms) 
22:26:38   ├─ /claims/UT-O06/index.html (+5ms) 
22:26:38   ├─ /claims/UT-E01/index.html (+6ms) 
22:26:38   ├─ /claims/UT-E02/index.html (+3ms) 
22:26:38   ├─ /claims/UT-E03/index.html (+3ms) 
22:26:38   ├─ /claims/UT-E04/index.html (+4ms) 
22:26:38   ├─ /claims/UT-E05/index.html (+7ms) 
22:26:38   ├─ /claims/UT-E06/index.html (+6ms) 
22:26:38   ├─ /claims/UT-E07/index.html (+9ms) 
22:26:38   ├─ /claims/UT-E08/index.html (+4ms) 
22:26:38   ├─ /claims/UT-E09/index.html (+2ms) 
22:26:38   ├─ /claims/UT-E10/index.html (+6ms) 
22:26:38   ├─ /claims/UT-E11/index.html (+4ms) 
22:26:38   ├─ /claims/UT-E12/index.html (+27ms) 
22:26:38   ├─ /articles/how-existing-structures-make-new-organization-possible/index.html (+13ms) 
22:26:38   ├─ /articles/when-can-a-whole-be-treated-as-one-useful-unit/index.html (+5ms) 
22:26:38   ├─ /concepts/effective-interactions/index.html (+15ms) 
22:26:38   ├─ /concepts/recursion/index.html (+9ms) 
22:26:38   ├─ /concepts/stability/index.html (+9ms) 
22:26:38   ├─ /concepts/index.html (+6ms) 
22:26:38   ├─ /evidence/index.html (+13ms) 
22:26:38   ├─ /examples/cell/index.html (+5ms) 
22:26:38   ├─ /examples/life-environment/index.html (+10ms) 
22:26:38   ├─ /examples/molecule/index.html (+6ms) 
22:26:38   ├─ /examples/star/index.html (+5ms) 
22:26:38   ├─ /examples/string/index.html (+10ms) 
22:26:38   ├─ /examples/water/index.html (+8ms) 
22:26:38   ├─ /examples/index.html (+17ms) 
22:26:39   ├─ /documents/index.html (+34ms) 
22:26:39 ✓ Completed in 3.39s.

22:26:39 [build] ✓ Completed in 4.05s.
22:26:39 [build] 62 page(s) built in 6.20s
22:26:39 [build] Complete!
Private preview artifact: /Users/new/RiderProjects/RPG_theory/dist/m4/preview-root; deployEligible=false
