21:46:14 [content] Syncing content
21:46:15 [content] Synced content
21:46:15 [types] Generated 1.58s
21:46:15 [build] output: "static"
21:46:15 [build] mode: "static"
21:46:15 [build] directory: /Users/new/RiderProjects/RPG_theory/dist/m4/preview-root/
21:46:15 [build] Collecting build info...
21:46:15 [build] ✓ Completed in 1.60s.
21:46:15 [build] Building static entrypoints...
21:46:15 [vite] ✓ built in 371ms
21:46:15 [vite] ✓ built in 27ms
21:46:15 [build] Rearranging server assets...

 generating static routes 
21:46:16   ├─ /404.html (+13ms) 
21:46:16   ├─ /articles/index.html (+3ms) 
21:46:16   ├─ /cite/index.html (+463ms) 
21:46:17   ├─ /downloads/explanatory/DOC-STATUS.md/ (+8ms) 
21:46:17   ├─ /downloads/explanatory/DOC-PROOF.md/ (+3ms) 
21:46:17   ├─ /downloads/explanatory/DOC-CONCEPT-GEOMETRY.md/ (+8ms) 
21:46:17   ├─ /downloads/explanatory/DOC-CORE.md/ (+1ms) 
21:46:17   ├─ /downloads/explanatory/DOC-CONTROL.md/ (+2ms) 
21:46:17   ├─ /downloads/explanatory/DOC-FRAMEWORK.md/ (+4ms) 
21:46:17   ├─ /downloads/explanatory/DOC-MATH.md/ (+1ms) 
21:46:17   ├─ /downloads/explanatory/DOC-INTERACTION-EVIDENCE.md/ (+1ms) 
21:46:17   ├─ /downloads/explanatory/DOC-ADDITIONAL-EVIDENCE.md/ (+1ms) 
21:46:17   ├─ /downloads/explanatory/DOC-OPEN-PROBLEMS.md/ (+1ms) 
21:46:17   ├─ /downloads/explanatory/DOC-SOURCE-CHANGES.md/ (+1ms) 
21:46:17   ├─ /downloads/explanatory/UT-D01.md/ (+0ms) 
21:46:17   ├─ /downloads/explanatory/UT-D02.md/ (+0ms) 
21:46:17   ├─ /downloads/explanatory/UT-D03.md/ (+0ms) 
21:46:17   ├─ /downloads/explanatory/UT-D04.md/ (+0ms) 
21:46:17   ├─ /downloads/explanatory/UT-D05.md/ (+1ms) 
21:46:17   ├─ /downloads/explanatory/UT-D06.md/ (+1ms) 
21:46:17   ├─ /downloads/explanatory/UT-D07.md/ (+0ms) 
21:46:17   ├─ /downloads/explanatory/UT-D08.md/ (+1ms) 
21:46:17   ├─ /downloads/explanatory/UT-D09.md/ (+1ms) 
21:46:17   ├─ /downloads/explanatory/UT-C01.md/ (+0ms) 
21:46:17   ├─ /downloads/explanatory/UT-C02.md/ (+0ms) 
21:46:17   ├─ /downloads/explanatory/UT-O01.md/ (+0ms) 
21:46:17   ├─ /downloads/explanatory/UT-O02.md/ (+0ms) 
21:46:17   ├─ /downloads/explanatory/UT-O03.md/ (+0ms) 
21:46:17   ├─ /downloads/explanatory/UT-O04.md/ (+0ms) 
21:46:17   ├─ /downloads/explanatory/UT-O05.md/ (+0ms) 
21:46:17   ├─ /downloads/explanatory/UT-O06.md/ (+0ms) 
21:46:17   ├─ /downloads/explanatory/UT-E01.md/ (+0ms) 
21:46:17   ├─ /downloads/explanatory/UT-E02.md/ (+0ms) 
21:46:17   ├─ /downloads/explanatory/UT-E03.md/ (+1ms) 
21:46:17   ├─ /downloads/explanatory/UT-E04.md/ (+1ms) 
21:46:17   ├─ /downloads/explanatory/UT-E05.md/ (+1ms) 
21:46:17   ├─ /downloads/explanatory/UT-E06.md/ (+1ms) 
21:46:17   ├─ /downloads/explanatory/UT-E07.md/ (+0ms) 
21:46:17   ├─ /downloads/explanatory/UT-E08.md/ (+0ms) 
21:46:17   ├─ /downloads/explanatory/UT-E09.md/ (+0ms) 
21:46:17   ├─ /downloads/explanatory/UT-E10.md/ (+0ms) 
21:46:17   ├─ /downloads/explanatory/UT-E11.md/ (+1ms) 
21:46:17   ├─ /downloads/explanatory/UT-E12.md/ (+1ms) 
21:46:17   ├─ /downloads/explanatory/DOC-ARTICLE-STRUCTURES.md/ (+1ms) 
21:46:17   ├─ /downloads/explanatory/DOC-ARTICLE-UNIT.md/ (+0ms) 
21:46:17   ├─ /downloads/explanatory/DOC-CONCEPT-INTERACTIONS.md/ (+0ms) 
21:46:17   ├─ /downloads/explanatory/DOC-CONCEPT-RECURSION.md/ (+0ms) 
21:46:17   ├─ /downloads/explanatory/DOC-CONCEPT-STABILITY.md/ (+0ms) 
21:46:17   ├─ /downloads/explanatory/DOC-CONCEPTS.md/ (+0ms) 
21:46:17   ├─ /downloads/explanatory/DOC-EVIDENCE.md/ (+0ms) 
21:46:17   ├─ /downloads/explanatory/DOC-EXAMPLE-CELL.md/ (+0ms) 
21:46:17   ├─ /downloads/explanatory/DOC-EXAMPLE-LIFE.md/ (+1ms) 
21:46:17   ├─ /downloads/explanatory/DOC-EXAMPLE-MOLECULE.md/ (+0ms) 
21:46:17   ├─ /downloads/explanatory/DOC-EXAMPLE-STAR.md/ (+1ms) 
21:46:17   ├─ /downloads/explanatory/DOC-EXAMPLE-STRING.md/ (+1ms) 
21:46:17   ├─ /downloads/explanatory/DOC-EXAMPLE-WATER.md/ (+0ms) 
21:46:17   ├─ /downloads/explanatory/DOC-EXAMPLES.md/ (+1ms) 
21:46:17   ├─ /downloads/explanatory/DOC-HOME.md/ (+1ms) 
21:46:17   ├─ /downloads/explanatory/DOC-START.md/ (+1ms) 
21:46:17   ├─ /downloads/explanatory/DOC-LIBRARY.md/ (+1ms) 
21:46:17   ├─ /downloads/original/R-CURRENT-ADDITIONAL.md/ (+0ms) 
21:46:17   ├─ /downloads/original/R-CURRENT-CHANGELOG.md/ (+0ms) 
21:46:17   ├─ /downloads/original/R-CURRENT-CONTROL.md/ (+0ms) 
21:46:17   ├─ /downloads/original/R-CURRENT-CORE.md/ (+0ms) 
21:46:17   ├─ /downloads/original/R-CURRENT-INTERACTIONS.md/ (+0ms) 
21:46:17   ├─ /downloads/original/R-CURRENT-MATH.md/ (+0ms) 
21:46:17   ├─ /downloads/original/R-CURRENT-PROOF.md/ (+0ms) 
21:46:17   ├─ /downloads/original/R-CURRENT-SCIENCE.md/ (+0ms) 
21:46:17   ├─ /downloads/original/R-CURRENT-STATUS.md/ (+0ms) 
21:46:17   ├─ /downloads/original/R-CURRENT-WORLD.md/ (+0ms) 
21:46:17   ├─ /downloads/release.json/ (+0ms) 
21:46:17   ├─ /downloads/SHA256SUMS/ (+1ms) 
21:46:17   ├─ /downloads/unity-theory-publication-site-2026.10.04-m4-private-preview.zip/ (+1ms) 
21:46:17   ├─ /fixtures/math/index.html (+19ms) 
21:46:17   ├─ /references/index.html (+5ms) 
21:46:17   ├─ /rss.xml (+11ms) 
21:46:17   ├─ /start/index.html (+17ms) 
21:46:17   ├─ /index.html (+37ms) 
21:46:17   ├─ /research-status/index.html21:46:17 [ERROR] ContractError: UNSAFE_ROUTE: /research-status/#print-reading
    at safePath (file:///Users/new/RiderProjects/RPG_theory/dist/m4/preview-root/.prerender/chunks/presentation_BTxKOi9V.mjs:40:131)
    at withBase (file:///Users/new/RiderProjects/RPG_theory/dist/m4/preview-root/.prerender/chunks/presentation_BTxKOi9V.mjs:60:2)
    at link (file:///Users/new/RiderProjects/RPG_theory/dist/m4/preview-root/.prerender/chunks/library_DDxiWJN4.mjs:3:59)
    at renderDownloadTools (file:///Users/new/RiderProjects/RPG_theory/dist/m4/preview-root/.prerender/chunks/library_DDxiWJN4.mjs:7:138)
    at Object.default (file:///Users/new/RiderProjects/RPG_theory/dist/m4/preview-root/.prerender/chunks/CanonicalPage_CJ_OMk8k.mjs:37:884)
    at new AstroComponentInstance (file:///Users/new/RiderProjects/RPG_theory/dist/m4/preview-root/.prerender/chunks/server_B3UpQ1d2.mjs:1803:27)
    at createAstroComponentInstance (file:///Users/new/RiderProjects/RPG_theory/dist/m4/preview-root/.prerender/chunks/server_B3UpQ1d2.mjs:1839:19)
    at renderAstroComponent (file:///Users/new/RiderProjects/RPG_theory/dist/m4/preview-root/.prerender/chunks/server_B3UpQ1d2.mjs:2517:9)
    at renderComponent (file:///Users/new/RiderProjects/RPG_theory/dist/m4/preview-root/.prerender/chunks/server_B3UpQ1d2.mjs:2520:49)
    at file:///Users/new/RiderProjects/RPG_theory/dist/m4/preview-root/.prerender/chunks/CanonicalPage_CJ_OMk8k.mjs:29:26
21:46:17 [ERROR] [build] Caught error rendering /research-status/: ContractError: UNSAFE_ROUTE: /research-status/#print-reading
UNSAFE_ROUTE: /research-status/#print-reading
  Stack trace:
    at safePath (file:///Users/new/RiderProjects/RPG_theory/dist/m4/preview-root/.prerender/chunks/presentation_BTxKOi9V.mjs:40:131)
    at link (file:///Users/new/RiderProjects/RPG_theory/dist/m4/preview-root/.prerender/chunks/library_DDxiWJN4.mjs:3:59)
    at Object.default (file:///Users/new/RiderProjects/RPG_theory/dist/m4/preview-root/.prerender/chunks/CanonicalPage_CJ_OMk8k.mjs:37:884)
    at createAstroComponentInstance (file:///Users/new/RiderProjects/RPG_theory/dist/m4/preview-root/.prerender/chunks/server_B3UpQ1d2.mjs:1839:19)
    at renderComponent (file:///Users/new/RiderProjects/RPG_theory/dist/m4/preview-root/.prerender/chunks/server_B3UpQ1d2.mjs:2520:49)
