21:50:45 [content] Syncing content
21:50:45 [content] Synced content
21:50:45 [types] Generated 1.24s
21:50:45 [build] output: "static"
21:50:45 [build] mode: "static"
21:50:45 [build] directory: /Users/new/RiderProjects/RPG_theory/dist/m4/preview-root/
21:50:45 [build] Collecting build info...
21:50:45 [build] ✓ Completed in 1.26s.
21:50:45 [build] Building static entrypoints...
21:50:46 [vite] ✓ built in 262ms
21:50:46 [vite] ✓ built in 23ms
21:50:46 [build] Rearranging server assets...

 generating static routes 
21:50:47   ├─ /404.html (+28ms) 
21:50:47   ├─ /articles/index.html (+4ms) 
21:50:47   ├─ /cite/index.html (+437ms) 
21:50:47   ├─ /downloads/explanatory/DOC-STATUS.md/ (+8ms) 
21:50:47   ├─ /downloads/explanatory/DOC-PROOF.md/ (+1ms) 
21:50:47   ├─ /downloads/explanatory/DOC-CONCEPT-GEOMETRY.md/ (+1ms) 
21:50:47   ├─ /downloads/explanatory/DOC-CORE.md/ (+1ms) 
21:50:47   ├─ /downloads/explanatory/DOC-CONTROL.md/ (+1ms) 
21:50:47   ├─ /downloads/explanatory/DOC-FRAMEWORK.md/ (+1ms) 
21:50:47   ├─ /downloads/explanatory/DOC-MATH.md/ (+1ms) 
21:50:47   ├─ /downloads/explanatory/DOC-INTERACTION-EVIDENCE.md/ (+0ms) 
21:50:47   ├─ /downloads/explanatory/DOC-ADDITIONAL-EVIDENCE.md/ (+0ms) 
21:50:47   ├─ /downloads/explanatory/DOC-OPEN-PROBLEMS.md/ (+1ms) 
21:50:47   ├─ /downloads/explanatory/DOC-SOURCE-CHANGES.md/ (+2ms) 
21:50:47   ├─ /downloads/explanatory/UT-D01.md/ (+1ms) 
21:50:47   ├─ /downloads/explanatory/UT-D02.md/ (+1ms) 
21:50:47   ├─ /downloads/explanatory/UT-D03.md/ (+0ms) 
21:50:47   ├─ /downloads/explanatory/UT-D04.md/ (+0ms) 
21:50:47   ├─ /downloads/explanatory/UT-D05.md/ (+0ms) 
21:50:47   ├─ /downloads/explanatory/UT-D06.md/ (+0ms) 
21:50:47   ├─ /downloads/explanatory/UT-D07.md/ (+0ms) 
21:50:47   ├─ /downloads/explanatory/UT-D08.md/ (+2ms) 
21:50:47   ├─ /downloads/explanatory/UT-D09.md/ (+1ms) 
21:50:47   ├─ /downloads/explanatory/UT-C01.md/ (+1ms) 
21:50:47   ├─ /downloads/explanatory/UT-C02.md/ (+1ms) 
21:50:47   ├─ /downloads/explanatory/UT-O01.md/ (+0ms) 
21:50:47   ├─ /downloads/explanatory/UT-O02.md/ (+1ms) 
21:50:47   ├─ /downloads/explanatory/UT-O03.md/ (+1ms) 
21:50:47   ├─ /downloads/explanatory/UT-O04.md/ (+1ms) 
21:50:47   ├─ /downloads/explanatory/UT-O05.md/ (+1ms) 
21:50:47   ├─ /downloads/explanatory/UT-O06.md/ (+4ms) 
21:50:47   ├─ /downloads/explanatory/UT-E01.md/ (+2ms) 
21:50:47   ├─ /downloads/explanatory/UT-E02.md/ (+1ms) 
21:50:47   ├─ /downloads/explanatory/UT-E03.md/ (+1ms) 
21:50:47   ├─ /downloads/explanatory/UT-E04.md/ (+2ms) 
21:50:47   ├─ /downloads/explanatory/UT-E05.md/ (+2ms) 
21:50:47   ├─ /downloads/explanatory/UT-E06.md/ (+2ms) 
21:50:47   ├─ /downloads/explanatory/UT-E07.md/ (+1ms) 
21:50:47   ├─ /downloads/explanatory/UT-E08.md/ (+1ms) 
21:50:47   ├─ /downloads/explanatory/UT-E09.md/ (+0ms) 
21:50:47   ├─ /downloads/explanatory/UT-E10.md/ (+0ms) 
21:50:47   ├─ /downloads/explanatory/UT-E11.md/ (+0ms) 
21:50:47   ├─ /downloads/explanatory/UT-E12.md/ (+1ms) 
21:50:47   ├─ /downloads/explanatory/DOC-ARTICLE-STRUCTURES.md/ (+1ms) 
21:50:47   ├─ /downloads/explanatory/DOC-ARTICLE-UNIT.md/ (+2ms) 
21:50:47   ├─ /downloads/explanatory/DOC-CONCEPT-INTERACTIONS.md/ (+3ms) 
21:50:47   ├─ /downloads/explanatory/DOC-CONCEPT-RECURSION.md/ (+1ms) 
21:50:47   ├─ /downloads/explanatory/DOC-CONCEPT-STABILITY.md/ (+1ms) 
21:50:47   ├─ /downloads/explanatory/DOC-CONCEPTS.md/ (+1ms) 
21:50:47   ├─ /downloads/explanatory/DOC-EVIDENCE.md/ (+3ms) 
21:50:47   ├─ /downloads/explanatory/DOC-EXAMPLE-CELL.md/ (+1ms) 
21:50:47   ├─ /downloads/explanatory/DOC-EXAMPLE-LIFE.md/ (+0ms) 
21:50:47   ├─ /downloads/explanatory/DOC-EXAMPLE-MOLECULE.md/ (+2ms) 
21:50:47   ├─ /downloads/explanatory/DOC-EXAMPLE-STAR.md/ (+2ms) 
21:50:47   ├─ /downloads/explanatory/DOC-EXAMPLE-STRING.md/ (+2ms) 
21:50:47   ├─ /downloads/explanatory/DOC-EXAMPLE-WATER.md/ (+0ms) 
21:50:47   ├─ /downloads/explanatory/DOC-EXAMPLES.md/ (+0ms) 
21:50:47   ├─ /downloads/explanatory/DOC-HOME.md/ (+0ms) 
21:50:47   ├─ /downloads/explanatory/DOC-START.md/ (+0ms) 
21:50:47   ├─ /downloads/explanatory/DOC-LIBRARY.md/ (+0ms) 
21:50:47   ├─ /downloads/original/R-CURRENT-ADDITIONAL.md/ (+1ms) 
21:50:47   ├─ /downloads/original/R-CURRENT-CHANGELOG.md/ (+4ms) 
21:50:47   ├─ /downloads/original/R-CURRENT-CONTROL.md/ (+2ms) 
21:50:47   ├─ /downloads/original/R-CURRENT-CORE.md/ (+1ms) 
21:50:47   ├─ /downloads/original/R-CURRENT-INTERACTIONS.md/ (+0ms) 
21:50:47   ├─ /downloads/original/R-CURRENT-MATH.md/ (+0ms) 
21:50:47   ├─ /downloads/original/R-CURRENT-PROOF.md/ (+0ms) 
21:50:47   ├─ /downloads/original/R-CURRENT-SCIENCE.md/ (+0ms) 
21:50:47   ├─ /downloads/original/R-CURRENT-STATUS.md/ (+0ms) 
21:50:47   ├─ /downloads/original/R-CURRENT-WORLD.md/ (+0ms) 
21:50:47   ├─ /downloads/release.json/ (+2ms) 
21:50:47   ├─ /downloads/SHA256SUMS/ (+3ms) 
21:50:47   ├─ /downloads/unity-theory-publication-site-2026.10.04-m4-private-preview.zip/ (+1ms) 
21:50:47   ├─ /fixtures/math/index.html (+22ms) 
21:50:47   ├─ /references/index.html (+5ms) 
21:50:47   ├─ /rss.xml (+3ms) 
21:50:47   ├─ /start/index.html (+9ms) 
21:50:47   ├─ /index.html (+9ms) 
21:50:47   ├─ /research-status/index.html (+24ms) 
21:50:47   ├─ /research-status/proof-matrix/index.html (+16ms) 
21:50:47   ├─ /concepts/geometry-and-modes/index.html (+13ms) 
21:50:47   ├─ /documents/locked-core/index.html (+40ms) 
21:50:47   ├─ /changes/index.html (+8ms) 
21:50:48   ├─ /framework/index.html (+143ms) 
21:50:48   ├─ /math/index.html (+251ms) 
21:50:48   ├─ /evidence/interactions/index.html (+38ms) 
21:50:48   ├─ /evidence/additional/index.html (+74ms) 
21:50:48   ├─ /open-problems/index.html (+12ms) 
21:50:48   ├─ /changes/source-history/index.html (+7ms) 
21:50:48   ├─ /claims/UT-D01/index.html (+5ms) 
21:50:48   ├─ /claims/UT-D02/index.html (+6ms) 
21:50:48   ├─ /claims/UT-D03/index.html (+5ms) 
21:50:48   ├─ /claims/UT-D04/index.html (+3ms) 
21:50:48   ├─ /claims/UT-D05/index.html (+6ms) 
21:50:48   ├─ /claims/UT-D06/index.html (+5ms) 
21:50:48   ├─ /claims/UT-D07/index.html (+6ms) 
21:50:48   ├─ /claims/UT-D08/index.html (+8ms) 
21:50:48   ├─ /claims/UT-D09/index.html (+4ms) 
21:50:48   ├─ /claims/UT-C01/index.html (+3ms) 
21:50:48   ├─ /claims/UT-C02/index.html (+8ms) 
21:50:48   ├─ /claims/UT-O01/index.html (+2ms) 
21:50:48   ├─ /claims/UT-O02/index.html (+4ms) 
21:50:48   ├─ /claims/UT-O03/index.html (+3ms) 
21:50:48   ├─ /claims/UT-O04/index.html (+3ms) 
21:50:48   ├─ /claims/UT-O05/index.html (+2ms) 
21:50:48   ├─ /claims/UT-O06/index.html (+3ms) 
21:50:48   ├─ /claims/UT-E01/index.html (+3ms) 
21:50:48   ├─ /claims/UT-E02/index.html (+6ms) 
21:50:48   ├─ /claims/UT-E03/index.html (+3ms) 
21:50:48   ├─ /claims/UT-E04/index.html (+6ms) 
21:50:48   ├─ /claims/UT-E05/index.html (+5ms) 
21:50:48   ├─ /claims/UT-E06/index.html (+4ms) 
21:50:48   ├─ /claims/UT-E07/index.html (+7ms) 
21:50:48   ├─ /claims/UT-E08/index.html (+3ms) 
21:50:48   ├─ /claims/UT-E09/index.html (+4ms) 
21:50:48   ├─ /claims/UT-E10/index.html (+4ms) 
21:50:48   ├─ /claims/UT-E11/index.html (+7ms) 
21:50:48   ├─ /claims/UT-E12/index.html (+6ms) 
21:50:48   ├─ /articles/how-existing-structures-make-new-organization-possible/index.html (+4ms) 
21:50:48   ├─ /articles/when-can-a-whole-be-treated-as-one-useful-unit/index.html (+5ms) 
21:50:48   ├─ /concepts/effective-interactions/index.html (+7ms) 
21:50:48   ├─ /concepts/recursion/index.html (+5ms) 
21:50:48   ├─ /concepts/stability/index.html (+4ms) 
21:50:48   ├─ /concepts/index.html (+3ms) 
21:50:48   ├─ /evidence/index.html (+20ms) 
21:50:48   ├─ /examples/cell/index.html (+19ms) 
21:50:48   ├─ /examples/life-environment/index.html (+3ms) 
21:50:48   ├─ /examples/molecule/index.html (+3ms) 
21:50:48   ├─ /examples/star/index.html (+3ms) 
21:50:48   ├─ /examples/string/index.html (+6ms) 
21:50:48   ├─ /examples/water/index.html (+4ms) 
21:50:48   ├─ /examples/index.html (+7ms) 
21:50:48   ├─ /documents/index.html (+20ms) 
21:50:48 ✓ Completed in 2.47s.

21:50:48 [build] ✓ Completed in 2.80s.
21:50:48 [build] 62 page(s) built in 4.08s
21:50:48 [build] Complete!
Private preview artifact: /Users/new/RiderProjects/RPG_theory/dist/m4/preview-root; deployEligible=false
