22:27:40 [content] Syncing content
22:27:40 [content] Astro config changed
22:27:40 [content] Clearing content store
22:27:41 [content] Synced content
22:27:41 [types] Generated 1.53s
22:27:41 [build] output: "static"
22:27:41 [build] mode: "static"
22:27:41 [build] directory: /Users/new/RiderProjects/RPG_theory/dist/m4/preview-root/
22:27:41 [build] Collecting build info...
22:27:41 [build] ✓ Completed in 1.55s.
22:27:41 [build] Building static entrypoints...
22:27:41 [vite] ✓ built in 512ms
22:27:42 [vite] ✓ built in 64ms
22:27:42 [build] Rearranging server assets...

 generating static routes 
22:27:43   ├─ /404.html (+26ms) 
22:27:43   ├─ /articles/index.html (+4ms) 
22:27:43   ├─ /cite/index.html (+588ms) 
22:27:43   ├─ /downloads/explanatory/DOC-STATUS.md/ (+5ms) 
22:27:43   ├─ /downloads/explanatory/DOC-PROOF.md/ (+3ms) 
22:27:43   ├─ /downloads/explanatory/DOC-CONCEPT-GEOMETRY.md/ (+3ms) 
22:27:43   ├─ /downloads/explanatory/DOC-CORE.md/ (+2ms) 
22:27:43   ├─ /downloads/explanatory/DOC-CONTROL.md/ (+4ms) 
22:27:43   ├─ /downloads/explanatory/DOC-FRAMEWORK.md/ (+2ms) 
22:27:43   ├─ /downloads/explanatory/DOC-MATH.md/ (+2ms) 
22:27:43   ├─ /downloads/explanatory/DOC-INTERACTION-EVIDENCE.md/ (+5ms) 
22:27:43   ├─ /downloads/explanatory/DOC-ADDITIONAL-EVIDENCE.md/ (+3ms) 
22:27:43   ├─ /downloads/explanatory/DOC-OPEN-PROBLEMS.md/ (+1ms) 
22:27:43   ├─ /downloads/explanatory/DOC-SOURCE-CHANGES.md/ (+2ms) 
22:27:43   ├─ /downloads/explanatory/UT-D01.md/ (+1ms) 
22:27:43   ├─ /downloads/explanatory/UT-D02.md/ (+2ms) 
22:27:43   ├─ /downloads/explanatory/UT-D03.md/ (+1ms) 
22:27:43   ├─ /downloads/explanatory/UT-D04.md/ (+1ms) 
22:27:43   ├─ /downloads/explanatory/UT-D05.md/ (+1ms) 
22:27:43   ├─ /downloads/explanatory/UT-D06.md/ (+1ms) 
22:27:43   ├─ /downloads/explanatory/UT-D07.md/ (+5ms) 
22:27:43   ├─ /downloads/explanatory/UT-D08.md/ (+1ms) 
22:27:43   ├─ /downloads/explanatory/UT-D09.md/ (+0ms) 
22:27:43   ├─ /downloads/explanatory/UT-C01.md/ (+1ms) 
22:27:43   ├─ /downloads/explanatory/UT-C02.md/ (+1ms) 
22:27:43   ├─ /downloads/explanatory/UT-O01.md/ (+1ms) 
22:27:43   ├─ /downloads/explanatory/UT-O02.md/ (+2ms) 
22:27:43   ├─ /downloads/explanatory/UT-O03.md/ (+2ms) 
22:27:43   ├─ /downloads/explanatory/UT-O04.md/ (+1ms) 
22:27:43   ├─ /downloads/explanatory/UT-O05.md/ (+1ms) 
22:27:43   ├─ /downloads/explanatory/UT-O06.md/ (+1ms) 
22:27:43   ├─ /downloads/explanatory/UT-E01.md/ (+1ms) 
22:27:43   ├─ /downloads/explanatory/UT-E02.md/ (+1ms) 
22:27:43   ├─ /downloads/explanatory/UT-E03.md/ (+1ms) 
22:27:43   ├─ /downloads/explanatory/UT-E04.md/ (+1ms) 
22:27:43   ├─ /downloads/explanatory/UT-E05.md/ (+2ms) 
22:27:43   ├─ /downloads/explanatory/UT-E06.md/ (+2ms) 
22:27:43   ├─ /downloads/explanatory/UT-E07.md/ (+1ms) 
22:27:43   ├─ /downloads/explanatory/UT-E08.md/ (+2ms) 
22:27:43   ├─ /downloads/explanatory/UT-E09.md/ (+3ms) 
22:27:43   ├─ /downloads/explanatory/UT-E10.md/ (+1ms) 
22:27:43   ├─ /downloads/explanatory/UT-E11.md/ (+2ms) 
22:27:43   ├─ /downloads/explanatory/UT-E12.md/ (+1ms) 
22:27:43   ├─ /downloads/explanatory/DOC-ARTICLE-STRUCTURES.md/ (+1ms) 
22:27:43   ├─ /downloads/explanatory/DOC-ARTICLE-UNIT.md/ (+1ms) 
22:27:43   ├─ /downloads/explanatory/DOC-CONCEPT-INTERACTIONS.md/ (+1ms) 
22:27:43   ├─ /downloads/explanatory/DOC-CONCEPT-RECURSION.md/ (+2ms) 
22:27:43   ├─ /downloads/explanatory/DOC-CONCEPT-STABILITY.md/ (+2ms) 
22:27:43   ├─ /downloads/explanatory/DOC-CONCEPTS.md/ (+1ms) 
22:27:43   ├─ /downloads/explanatory/DOC-EVIDENCE.md/ (+1ms) 
22:27:43   ├─ /downloads/explanatory/DOC-EXAMPLE-CELL.md/ (+1ms) 
22:27:43   ├─ /downloads/explanatory/DOC-EXAMPLE-LIFE.md/ (+1ms) 
22:27:43   ├─ /downloads/explanatory/DOC-EXAMPLE-MOLECULE.md/ (+0ms) 
22:27:43   ├─ /downloads/explanatory/DOC-EXAMPLE-STAR.md/ (+1ms) 
22:27:43   ├─ /downloads/explanatory/DOC-EXAMPLE-STRING.md/ (+1ms) 
22:27:43   ├─ /downloads/explanatory/DOC-EXAMPLE-WATER.md/ (+1ms) 
22:27:43   ├─ /downloads/explanatory/DOC-EXAMPLES.md/ (+1ms) 
22:27:43   ├─ /downloads/explanatory/DOC-HOME.md/ (+0ms) 
22:27:43   ├─ /downloads/explanatory/DOC-START.md/ (+1ms) 
22:27:43   ├─ /downloads/explanatory/DOC-LIBRARY.md/ (+1ms) 
22:27:43   ├─ /downloads/original/R-CURRENT-ADDITIONAL.md/ (+1ms) 
22:27:43   ├─ /downloads/original/R-CURRENT-CHANGELOG.md/ (+1ms) 
22:27:43   ├─ /downloads/original/R-CURRENT-CONTROL.md/ (+2ms) 
22:27:43   ├─ /downloads/original/R-CURRENT-CORE.md/ (+1ms) 
22:27:43   ├─ /downloads/original/R-CURRENT-INTERACTIONS.md/ (+0ms) 
22:27:43   ├─ /downloads/original/R-CURRENT-MATH.md/ (+1ms) 
22:27:43   ├─ /downloads/original/R-CURRENT-PROOF.md/ (+1ms) 
22:27:43   ├─ /downloads/original/R-CURRENT-SCIENCE.md/ (+1ms) 
22:27:43   ├─ /downloads/original/R-CURRENT-STATUS.md/ (+2ms) 
22:27:43   ├─ /downloads/original/R-CURRENT-WORLD.md/ (+2ms) 
22:27:43   ├─ /downloads/release.json/ (+1ms) 
22:27:43   ├─ /downloads/SHA256SUMS/ (+1ms) 
22:27:43   ├─ /downloads/unity-theory-publication-site-2026.10.04-m4-private-preview.zip/ (+2ms) 
22:27:43   ├─ /fixtures/math/index.html (+24ms) 
22:27:43   ├─ /references/index.html (+6ms) 
22:27:43   ├─ /rss.xml (+2ms) 
22:27:43   ├─ /start/index.html (+10ms) 
22:27:43   ├─ /index.html (+30ms) 
22:27:43   ├─ /research-status/index.html (+38ms) 
22:27:44   ├─ /research-status/proof-matrix/index.html (+13ms) 
22:27:44   ├─ /concepts/geometry-and-modes/index.html (+5ms) 
22:27:44   ├─ /documents/locked-core/index.html (+42ms) 
22:27:44   ├─ /changes/index.html (+7ms) 
22:27:44   ├─ /framework/index.html (+293ms) 
22:27:44   ├─ /math/index.html (+447ms) 
22:27:44   ├─ /evidence/interactions/index.html (+73ms) 
22:27:44   ├─ /evidence/additional/index.html (+21ms) 
22:27:44   ├─ /open-problems/index.html (+19ms) 
22:27:44   ├─ /changes/source-history/index.html (+4ms) 
22:27:44   ├─ /claims/UT-D01/index.html (+5ms) 
22:27:44   ├─ /claims/UT-D02/index.html (+4ms) 
22:27:44   ├─ /claims/UT-D03/index.html (+9ms) 
22:27:44   ├─ /claims/UT-D04/index.html (+47ms) 
22:27:45   ├─ /claims/UT-D05/index.html (+14ms) 
22:27:45   ├─ /claims/UT-D06/index.html (+17ms) 
22:27:45   ├─ /claims/UT-D07/index.html (+7ms) 
22:27:45   ├─ /claims/UT-D08/index.html (+8ms) 
22:27:45   ├─ /claims/UT-D09/index.html (+4ms) 
22:27:45   ├─ /claims/UT-C01/index.html (+4ms) 
22:27:45   ├─ /claims/UT-C02/index.html (+2ms) 
22:27:45   ├─ /claims/UT-O01/index.html (+3ms) 
22:27:45   ├─ /claims/UT-O02/index.html (+3ms) 
22:27:45   ├─ /claims/UT-O03/index.html (+2ms) 
22:27:45   ├─ /claims/UT-O04/index.html (+2ms) 
22:27:45   ├─ /claims/UT-O05/index.html (+3ms) 
22:27:45   ├─ /claims/UT-O06/index.html (+6ms) 
22:27:45   ├─ /claims/UT-E01/index.html (+17ms) 
22:27:45   ├─ /claims/UT-E02/index.html (+4ms) 
22:27:45   ├─ /claims/UT-E03/index.html (+8ms) 
22:27:45   ├─ /claims/UT-E04/index.html (+6ms) 
22:27:45   ├─ /claims/UT-E05/index.html (+6ms) 
22:27:45   ├─ /claims/UT-E06/index.html (+4ms) 
22:27:45   ├─ /claims/UT-E07/index.html (+4ms) 
22:27:45   ├─ /claims/UT-E08/index.html (+4ms) 
22:27:45   ├─ /claims/UT-E09/index.html (+6ms) 
22:27:45   ├─ /claims/UT-E10/index.html (+10ms) 
22:27:45   ├─ /claims/UT-E11/index.html (+6ms) 
22:27:45   ├─ /claims/UT-E12/index.html (+8ms) 
22:27:45   ├─ /articles/how-existing-structures-make-new-organization-possible/index.html (+4ms) 
22:27:45   ├─ /articles/when-can-a-whole-be-treated-as-one-useful-unit/index.html (+7ms) 
22:27:45   ├─ /concepts/effective-interactions/index.html (+8ms) 
22:27:45   ├─ /concepts/recursion/index.html (+5ms) 
22:27:45   ├─ /concepts/stability/index.html (+6ms) 
22:27:45   ├─ /concepts/index.html (+4ms) 
22:27:45   ├─ /evidence/index.html (+11ms) 
22:27:45   ├─ /examples/cell/index.html (+5ms) 
22:27:45   ├─ /examples/life-environment/index.html (+8ms) 
22:27:45   ├─ /examples/molecule/index.html (+9ms) 
22:27:45   ├─ /examples/star/index.html (+4ms) 
22:27:45   ├─ /examples/string/index.html (+7ms) 
22:27:45   ├─ /examples/water/index.html (+3ms) 
22:27:45   ├─ /examples/index.html (+22ms) 
22:27:45   ├─ /documents/index.html (+94ms) 
22:27:45 ✓ Completed in 3.31s.

22:27:45 [build] ✓ Completed in 3.95s.
22:27:45 [build] 62 page(s) built in 5.52s
22:27:45 [build] Complete!
Private preview artifact: /Users/new/RiderProjects/RPG_theory/dist/m4/preview-root; deployEligible=false
