21:46:54 [content] Syncing content
21:46:54 [content] Synced content
21:46:54 [types] Generated 1.31s
21:46:54 [build] output: "static"
21:46:54 [build] mode: "static"
21:46:54 [build] directory: /Users/new/RiderProjects/RPG_theory/dist/m4/preview-root/
21:46:54 [build] Collecting build info...
21:46:54 [build] ✓ Completed in 1.33s.
21:46:54 [build] Building static entrypoints...
21:46:54 [vite] ✓ built in 287ms
21:46:55 [vite] ✓ built in 33ms
21:46:55 [build] Rearranging server assets...

 generating static routes 
21:46:56   ├─ /404.html (+36ms) 
21:46:56   ├─ /articles/index.html (+7ms) 
21:46:56   ├─ /cite/index.html (+406ms) 
21:46:56   ├─ /downloads/explanatory/DOC-STATUS.md/ (+5ms) 
21:46:56   ├─ /downloads/explanatory/DOC-PROOF.md/ (+3ms) 
21:46:56   ├─ /downloads/explanatory/DOC-CONCEPT-GEOMETRY.md/ (+2ms) 
21:46:56   ├─ /downloads/explanatory/DOC-CORE.md/ (+2ms) 
21:46:56   ├─ /downloads/explanatory/DOC-CONTROL.md/ (+2ms) 
21:46:56   ├─ /downloads/explanatory/DOC-FRAMEWORK.md/ (+1ms) 
21:46:56   ├─ /downloads/explanatory/DOC-MATH.md/ (+33ms) 
21:46:56   ├─ /downloads/explanatory/DOC-INTERACTION-EVIDENCE.md/ (+3ms) 
21:46:56   ├─ /downloads/explanatory/DOC-ADDITIONAL-EVIDENCE.md/ (+2ms) 
21:46:56   ├─ /downloads/explanatory/DOC-OPEN-PROBLEMS.md/ (+4ms) 
21:46:56   ├─ /downloads/explanatory/DOC-SOURCE-CHANGES.md/ (+2ms) 
21:46:56   ├─ /downloads/explanatory/UT-D01.md/ (+3ms) 
21:46:56   ├─ /downloads/explanatory/UT-D02.md/ (+2ms) 
21:46:56   ├─ /downloads/explanatory/UT-D03.md/ (+1ms) 
21:46:56   ├─ /downloads/explanatory/UT-D04.md/ (+2ms) 
21:46:56   ├─ /downloads/explanatory/UT-D05.md/ (+2ms) 
21:46:56   ├─ /downloads/explanatory/UT-D06.md/ (+1ms) 
21:46:56   ├─ /downloads/explanatory/UT-D07.md/ (+3ms) 
21:46:56   ├─ /downloads/explanatory/UT-D08.md/ (+2ms) 
21:46:56   ├─ /downloads/explanatory/UT-D09.md/ (+1ms) 
21:46:56   ├─ /downloads/explanatory/UT-C01.md/ (+1ms) 
21:46:56   ├─ /downloads/explanatory/UT-C02.md/ (+1ms) 
21:46:56   ├─ /downloads/explanatory/UT-O01.md/ (+1ms) 
21:46:56   ├─ /downloads/explanatory/UT-O02.md/ (+1ms) 
21:46:56   ├─ /downloads/explanatory/UT-O03.md/ (+2ms) 
21:46:56   ├─ /downloads/explanatory/UT-O04.md/ (+2ms) 
21:46:56   ├─ /downloads/explanatory/UT-O05.md/ (+3ms) 
21:46:56   ├─ /downloads/explanatory/UT-O06.md/ (+2ms) 
21:46:56   ├─ /downloads/explanatory/UT-E01.md/ (+2ms) 
21:46:56   ├─ /downloads/explanatory/UT-E02.md/ (+1ms) 
21:46:56   ├─ /downloads/explanatory/UT-E03.md/ (+1ms) 
21:46:56   ├─ /downloads/explanatory/UT-E04.md/ (+1ms) 
21:46:56   ├─ /downloads/explanatory/UT-E05.md/ (+1ms) 
21:46:56   ├─ /downloads/explanatory/UT-E06.md/ (+1ms) 
21:46:56   ├─ /downloads/explanatory/UT-E07.md/ (+2ms) 
21:46:56   ├─ /downloads/explanatory/UT-E08.md/ (+1ms) 
21:46:56   ├─ /downloads/explanatory/UT-E09.md/ (+2ms) 
21:46:56   ├─ /downloads/explanatory/UT-E10.md/ (+1ms) 
21:46:56   ├─ /downloads/explanatory/UT-E11.md/ (+3ms) 
21:46:56   ├─ /downloads/explanatory/UT-E12.md/ (+2ms) 
21:46:56   ├─ /downloads/explanatory/DOC-ARTICLE-STRUCTURES.md/ (+2ms) 
21:46:56   ├─ /downloads/explanatory/DOC-ARTICLE-UNIT.md/ (+2ms) 
21:46:56   ├─ /downloads/explanatory/DOC-CONCEPT-INTERACTIONS.md/ (+1ms) 
21:46:56   ├─ /downloads/explanatory/DOC-CONCEPT-RECURSION.md/ (+1ms) 
21:46:56   ├─ /downloads/explanatory/DOC-CONCEPT-STABILITY.md/ (+4ms) 
21:46:56   ├─ /downloads/explanatory/DOC-CONCEPTS.md/ (+2ms) 
21:46:56   ├─ /downloads/explanatory/DOC-EVIDENCE.md/ (+2ms) 
21:46:56   ├─ /downloads/explanatory/DOC-EXAMPLE-CELL.md/ (+3ms) 
21:46:56   ├─ /downloads/explanatory/DOC-EXAMPLE-LIFE.md/ (+2ms) 
21:46:56   ├─ /downloads/explanatory/DOC-EXAMPLE-MOLECULE.md/ (+2ms) 
21:46:56   ├─ /downloads/explanatory/DOC-EXAMPLE-STAR.md/ (+2ms) 
21:46:56   ├─ /downloads/explanatory/DOC-EXAMPLE-STRING.md/ (+2ms) 
21:46:56   ├─ /downloads/explanatory/DOC-EXAMPLE-WATER.md/ (+1ms) 
21:46:56   ├─ /downloads/explanatory/DOC-EXAMPLES.md/ (+2ms) 
21:46:56   ├─ /downloads/explanatory/DOC-HOME.md/ (+1ms) 
21:46:56   ├─ /downloads/explanatory/DOC-START.md/ (+4ms) 
21:46:56   ├─ /downloads/explanatory/DOC-LIBRARY.md/ (+1ms) 
21:46:56   ├─ /downloads/original/R-CURRENT-ADDITIONAL.md/ (+2ms) 
21:46:56   ├─ /downloads/original/R-CURRENT-CHANGELOG.md/ (+2ms) 
21:46:56   ├─ /downloads/original/R-CURRENT-CONTROL.md/ (+1ms) 
21:46:56   ├─ /downloads/original/R-CURRENT-CORE.md/ (+1ms) 
21:46:56   ├─ /downloads/original/R-CURRENT-INTERACTIONS.md/ (+1ms) 
21:46:56   ├─ /downloads/original/R-CURRENT-MATH.md/ (+2ms) 
21:46:56   ├─ /downloads/original/R-CURRENT-PROOF.md/ (+1ms) 
21:46:56   ├─ /downloads/original/R-CURRENT-SCIENCE.md/ (+2ms) 
21:46:56   ├─ /downloads/original/R-CURRENT-STATUS.md/ (+1ms) 
21:46:56   ├─ /downloads/original/R-CURRENT-WORLD.md/ (+1ms) 
21:46:56   ├─ /downloads/release.json/ (+1ms) 
21:46:56   ├─ /downloads/SHA256SUMS/ (+1ms) 
21:46:56   ├─ /downloads/unity-theory-publication-site-2026.10.04-m4-private-preview.zip/ (+2ms) 
21:46:56   ├─ /fixtures/math/index.html (+24ms) 
21:46:56   ├─ /references/index.html (+7ms) 
21:46:56   ├─ /rss.xml (+3ms) 
21:46:56   ├─ /start/index.html (+8ms) 
21:46:56   ├─ /index.html (+9ms) 
21:46:56   ├─ /research-status/index.html (+43ms) 
21:46:57   ├─ /research-status/proof-matrix/index.html (+10ms) 
21:46:57   ├─ /concepts/geometry-and-modes/index.html (+10ms) 
21:46:57   ├─ /documents/locked-core/index.html (+33ms) 
21:46:57   ├─ /changes/index.html (+38ms) 
21:46:57   ├─ /framework/index.html (+200ms) 
21:46:57   ├─ /math/index.html (+280ms) 
21:46:57   ├─ /evidence/interactions/index.html (+36ms) 
21:46:57   ├─ /evidence/additional/index.html (+81ms) 
21:46:57   ├─ /open-problems/index.html (+10ms) 
21:46:57   ├─ /changes/source-history/index.html (+5ms) 
21:46:57   ├─ /claims/UT-D01/index.html (+18ms) 
21:46:57   ├─ /claims/UT-D02/index.html (+5ms) 
21:46:57   ├─ /claims/UT-D03/index.html (+6ms) 
21:46:57   ├─ /claims/UT-D04/index.html (+5ms) 
21:46:57   ├─ /claims/UT-D05/index.html (+4ms) 
21:46:57   ├─ /claims/UT-D06/index.html (+15ms) 
21:46:57   ├─ /claims/UT-D07/index.html (+9ms) 
21:46:57   ├─ /claims/UT-D08/index.html (+5ms) 
21:46:57   ├─ /claims/UT-D09/index.html (+6ms) 
21:46:57   ├─ /claims/UT-C01/index.html (+3ms) 
21:46:57   ├─ /claims/UT-C02/index.html (+3ms) 
21:46:57   ├─ /claims/UT-O01/index.html (+3ms) 
21:46:57   ├─ /claims/UT-O02/index.html (+7ms) 
21:46:57   ├─ /claims/UT-O03/index.html (+5ms) 
21:46:57   ├─ /claims/UT-O04/index.html (+4ms) 
21:46:57   ├─ /claims/UT-O05/index.html (+5ms) 
21:46:57   ├─ /claims/UT-O06/index.html (+7ms) 
21:46:57   ├─ /claims/UT-E01/index.html (+6ms) 
21:46:57   ├─ /claims/UT-E02/index.html (+5ms) 
21:46:57   ├─ /claims/UT-E03/index.html (+3ms) 
21:46:57   ├─ /claims/UT-E04/index.html (+18ms) 
21:46:57   ├─ /claims/UT-E05/index.html (+7ms) 
21:46:57   ├─ /claims/UT-E06/index.html (+6ms) 
21:46:57   ├─ /claims/UT-E07/index.html (+4ms) 
21:46:57   ├─ /claims/UT-E08/index.html (+3ms) 
21:46:57   ├─ /claims/UT-E09/index.html (+4ms) 
21:46:57   ├─ /claims/UT-E10/index.html (+16ms) 
21:46:57   ├─ /claims/UT-E11/index.html (+6ms) 
21:46:57   ├─ /claims/UT-E12/index.html (+10ms) 
21:46:57   ├─ /articles/how-existing-structures-make-new-organization-possible/index.html (+10ms) 
21:46:57   ├─ /articles/when-can-a-whole-be-treated-as-one-useful-unit/index.html (+6ms) 
21:46:57   ├─ /concepts/effective-interactions/index.html (+8ms) 
21:46:57   ├─ /concepts/recursion/index.html (+5ms) 
21:46:57   ├─ /concepts/stability/index.html (+6ms) 
21:46:57   ├─ /concepts/index.html (+7ms) 
21:46:57   ├─ /evidence/index.html (+11ms) 
21:46:57   ├─ /examples/cell/index.html (+9ms) 
21:46:57   ├─ /examples/life-environment/index.html (+6ms) 
21:46:57   ├─ /examples/molecule/index.html (+9ms) 
21:46:57   ├─ /examples/star/index.html (+4ms) 
21:46:57   ├─ /examples/string/index.html (+21ms) 
21:46:58   ├─ /examples/water/index.html (+11ms) 
21:46:58   ├─ /examples/index.html (+7ms) 
21:46:58   ├─ /documents/index.html (+23ms) 
21:46:58 ✓ Completed in 3.03s.

21:46:58 [build] ✓ Completed in 3.40s.
21:46:58 [build] 62 page(s) built in 4.74s
21:46:58 [build] Complete!
Private preview artifact: /Users/new/RiderProjects/RPG_theory/dist/m4/preview-root; deployEligible=false
