23:04:35 [content] Syncing content
23:04:36 [content] Synced content
23:04:36 [types] Generated 1.49s
23:04:36 [build] output: "static"
23:04:36 [build] mode: "static"
23:04:36 [build] directory: /Users/new/RiderProjects/RPG_theory/dist/m4/preview-root/
23:04:36 [build] Collecting build info...
23:04:36 [build] ✓ Completed in 1.50s.
23:04:36 [build] Building static entrypoints...
23:04:36 [vite] ✓ built in 416ms
23:04:36 [vite] ✓ built in 32ms
23:04:36 [build] Rearranging server assets...

 generating static routes 
23:04:38   ├─ /404.html (+69ms) 
23:04:38   ├─ /articles/index.html (+4ms) 
23:04:38   ├─ /cite/index.html (+501ms) 
23:04:39   ├─ /downloads/explanatory/DOC-STATUS.md/ (+5ms) 
23:04:39   ├─ /downloads/explanatory/DOC-PROOF.md/ (+2ms) 
23:04:39   ├─ /downloads/explanatory/DOC-CONCEPT-GEOMETRY.md/ (+2ms) 
23:04:39   ├─ /downloads/explanatory/DOC-CORE.md/ (+2ms) 
23:04:39   ├─ /downloads/explanatory/DOC-CONTROL.md/ (+1ms) 
23:04:39   ├─ /downloads/explanatory/DOC-FRAMEWORK.md/ (+4ms) 
23:04:39   ├─ /downloads/explanatory/DOC-MATH.md/ (+3ms) 
23:04:39   ├─ /downloads/explanatory/DOC-INTERACTION-EVIDENCE.md/ (+1ms) 
23:04:39   ├─ /downloads/explanatory/DOC-ADDITIONAL-EVIDENCE.md/ (+1ms) 
23:04:39   ├─ /downloads/explanatory/DOC-OPEN-PROBLEMS.md/ (+2ms) 
23:04:39   ├─ /downloads/explanatory/DOC-SOURCE-CHANGES.md/ (+1ms) 
23:04:39   ├─ /downloads/explanatory/UT-D01.md/ (+1ms) 
23:04:39   ├─ /downloads/explanatory/UT-D02.md/ (+3ms) 
23:04:39   ├─ /downloads/explanatory/UT-D03.md/ (+2ms) 
23:04:39   ├─ /downloads/explanatory/UT-D04.md/ (+3ms) 
23:04:39   ├─ /downloads/explanatory/UT-D05.md/ (+2ms) 
23:04:39   ├─ /downloads/explanatory/UT-D06.md/ (+2ms) 
23:04:39   ├─ /downloads/explanatory/UT-D07.md/ (+2ms) 
23:04:39   ├─ /downloads/explanatory/UT-D08.md/ (+3ms) 
23:04:39   ├─ /downloads/explanatory/UT-D09.md/ (+4ms) 
23:04:39   ├─ /downloads/explanatory/UT-C01.md/ (+4ms) 
23:04:39   ├─ /downloads/explanatory/UT-C02.md/ (+10ms) 
23:04:39   ├─ /downloads/explanatory/UT-O01.md/ (+10ms) 
23:04:39   ├─ /downloads/explanatory/UT-O02.md/ (+1ms) 
23:04:39   ├─ /downloads/explanatory/UT-O03.md/ (+1ms) 
23:04:39   ├─ /downloads/explanatory/UT-O04.md/ (+5ms) 
23:04:39   ├─ /downloads/explanatory/UT-O05.md/ (+2ms) 
23:04:39   ├─ /downloads/explanatory/UT-O06.md/ (+3ms) 
23:04:39   ├─ /downloads/explanatory/UT-E01.md/ (+2ms) 
23:04:39   ├─ /downloads/explanatory/UT-E02.md/ (+1ms) 
23:04:39   ├─ /downloads/explanatory/UT-E03.md/ (+1ms) 
23:04:39   ├─ /downloads/explanatory/UT-E04.md/ (+1ms) 
23:04:39   ├─ /downloads/explanatory/UT-E05.md/ (+0ms) 
23:04:39   ├─ /downloads/explanatory/UT-E06.md/ (+0ms) 
23:04:39   ├─ /downloads/explanatory/UT-E07.md/ (+2ms) 
23:04:39   ├─ /downloads/explanatory/UT-E08.md/ (+1ms) 
23:04:39   ├─ /downloads/explanatory/UT-E09.md/ (+0ms) 
23:04:39   ├─ /downloads/explanatory/UT-E10.md/ (+0ms) 
23:04:39   ├─ /downloads/explanatory/UT-E11.md/ (+1ms) 
23:04:39   ├─ /downloads/explanatory/UT-E12.md/ (+0ms) 
23:04:39   ├─ /downloads/explanatory/DOC-ARTICLE-STRUCTURES.md/ (+0ms) 
23:04:39   ├─ /downloads/explanatory/DOC-ARTICLE-UNIT.md/ (+0ms) 
23:04:39   ├─ /downloads/explanatory/DOC-CONCEPT-INTERACTIONS.md/ (+2ms) 
23:04:39   ├─ /downloads/explanatory/DOC-CONCEPT-RECURSION.md/ (+1ms) 
23:04:39   ├─ /downloads/explanatory/DOC-CONCEPT-STABILITY.md/ (+1ms) 
23:04:39   ├─ /downloads/explanatory/DOC-CONCEPTS.md/ (+1ms) 
23:04:39   ├─ /downloads/explanatory/DOC-EVIDENCE.md/ (+2ms) 
23:04:39   ├─ /downloads/explanatory/DOC-EXAMPLE-CELL.md/ (+6ms) 
23:04:39   ├─ /downloads/explanatory/DOC-EXAMPLE-LIFE.md/ (+2ms) 
23:04:39   ├─ /downloads/explanatory/DOC-EXAMPLE-MOLECULE.md/ (+1ms) 
23:04:39   ├─ /downloads/explanatory/DOC-EXAMPLE-STAR.md/ (+1ms) 
23:04:39   ├─ /downloads/explanatory/DOC-EXAMPLE-STRING.md/ (+3ms) 
23:04:39   ├─ /downloads/explanatory/DOC-EXAMPLE-WATER.md/ (+1ms) 
23:04:39   ├─ /downloads/explanatory/DOC-EXAMPLES.md/ (+1ms) 
23:04:39   ├─ /downloads/explanatory/DOC-HOME.md/ (+2ms) 
23:04:39   ├─ /downloads/explanatory/DOC-START.md/ (+1ms) 
23:04:39   ├─ /downloads/explanatory/DOC-LIBRARY.md/ (+0ms) 
23:04:39   ├─ /downloads/original/R-CURRENT-ADDITIONAL.md/ (+1ms) 
23:04:39   ├─ /downloads/original/R-CURRENT-CHANGELOG.md/ (+1ms) 
23:04:39   ├─ /downloads/original/R-CURRENT-CONTROL.md/ (+3ms) 
23:04:39   ├─ /downloads/original/R-CURRENT-CORE.md/ (+2ms) 
23:04:39   ├─ /downloads/original/R-CURRENT-INTERACTIONS.md/ (+3ms) 
23:04:39   ├─ /downloads/original/R-CURRENT-MATH.md/ (+2ms) 
23:04:39   ├─ /downloads/original/R-CURRENT-PROOF.md/ (+1ms) 
23:04:39   ├─ /downloads/original/R-CURRENT-SCIENCE.md/ (+1ms) 
23:04:39   ├─ /downloads/original/R-CURRENT-STATUS.md/ (+1ms) 
23:04:39   ├─ /downloads/original/R-CURRENT-WORLD.md/ (+2ms) 
23:04:39   ├─ /downloads/release.json/ (+2ms) 
23:04:39   ├─ /downloads/SHA256SUMS/ (+1ms) 
23:04:39   ├─ /downloads/unity-theory-publication-site-2026.10.04-m4-private-preview.zip/ (+2ms) 
23:04:39   ├─ /fixtures/math/index.html (+8ms) 
23:04:39   ├─ /references/index.html (+7ms) 
23:04:39   ├─ /rss.xml (+3ms) 
23:04:39   ├─ /start/index.html (+9ms) 
23:04:39   ├─ /index.html (+14ms) 
23:04:39   ├─ /research-status/index.html (+28ms) 
23:04:39   ├─ /research-status/proof-matrix/index.html (+14ms) 
23:04:39   ├─ /concepts/geometry-and-modes/index.html (+10ms) 
23:04:39   ├─ /documents/locked-core/index.html (+29ms) 
23:04:39   ├─ /changes/index.html (+22ms) 
23:04:39   ├─ /framework/index.html (+101ms) 
23:04:39   ├─ /math/index.html (+244ms) 
23:04:39   ├─ /evidence/interactions/index.html (+36ms) 
23:04:39   ├─ /evidence/additional/index.html (+18ms) 
23:04:39   ├─ /open-problems/index.html (+8ms) 
23:04:39   ├─ /changes/source-history/index.html (+6ms) 
23:04:39   ├─ /claims/UT-D01/index.html (+6ms) 
23:04:39   ├─ /claims/UT-D02/index.html (+5ms) 
23:04:39   ├─ /claims/UT-D03/index.html (+9ms) 
23:04:39   ├─ /claims/UT-D04/index.html (+4ms) 
23:04:39   ├─ /claims/UT-D05/index.html (+4ms) 
23:04:39   ├─ /claims/UT-D06/index.html (+7ms) 
23:04:39   ├─ /claims/UT-D07/index.html (+9ms) 
23:04:39   ├─ /claims/UT-D08/index.html (+7ms) 
23:04:39   ├─ /claims/UT-D09/index.html (+4ms) 
23:04:39   ├─ /claims/UT-C01/index.html (+7ms) 
23:04:39   ├─ /claims/UT-C02/index.html (+4ms) 
23:04:39   ├─ /claims/UT-O01/index.html (+4ms) 
23:04:39   ├─ /claims/UT-O02/index.html (+5ms) 
23:04:39   ├─ /claims/UT-O03/index.html (+5ms) 
23:04:39   ├─ /claims/UT-O04/index.html (+5ms) 
23:04:39   ├─ /claims/UT-O05/index.html (+2ms) 
23:04:39   ├─ /claims/UT-O06/index.html (+5ms) 
23:04:39   ├─ /claims/UT-E01/index.html (+6ms) 
23:04:39   ├─ /claims/UT-E02/index.html (+3ms) 
23:04:39   ├─ /claims/UT-E03/index.html (+4ms) 
23:04:39   ├─ /claims/UT-E04/index.html (+3ms) 
23:04:39   ├─ /claims/UT-E05/index.html (+3ms) 
23:04:39   ├─ /claims/UT-E06/index.html (+3ms) 
23:04:39   ├─ /claims/UT-E07/index.html (+6ms) 
23:04:39   ├─ /claims/UT-E08/index.html (+5ms) 
23:04:39   ├─ /claims/UT-E09/index.html (+4ms) 
23:04:39   ├─ /claims/UT-E10/index.html (+7ms) 
23:04:39   ├─ /claims/UT-E11/index.html (+6ms) 
23:04:39   ├─ /claims/UT-E12/index.html (+5ms) 
23:04:39   ├─ /articles/how-existing-structures-make-new-organization-possible/index.html (+6ms) 
23:04:39   ├─ /articles/when-can-a-whole-be-treated-as-one-useful-unit/index.html (+4ms) 
23:04:40   ├─ /concepts/effective-interactions/index.html (+27ms) 
23:04:40   ├─ /concepts/recursion/index.html (+7ms) 
23:04:40   ├─ /concepts/stability/index.html (+10ms) 
23:04:40   ├─ /concepts/index.html (+4ms) 
23:04:40   ├─ /evidence/index.html (+10ms) 
23:04:40   ├─ /examples/cell/index.html (+3ms) 
23:04:40   ├─ /examples/life-environment/index.html (+5ms) 
23:04:40   ├─ /examples/molecule/index.html (+3ms) 
23:04:40   ├─ /examples/star/index.html (+2ms) 
23:04:40   ├─ /examples/string/index.html (+2ms) 
23:04:40   ├─ /examples/water/index.html (+3ms) 
23:04:40   ├─ /examples/index.html (+4ms) 
23:04:40   ├─ /documents/index.html (+47ms) 
23:04:40 ✓ Completed in 3.46s.

23:04:40 [build] ✓ Completed in 3.94s.
23:04:40 [build] 62 page(s) built in 5.47s
23:04:40 [build] Complete!
Private preview artifact: /Users/new/RiderProjects/RPG_theory/dist/m4/preview-root; deployEligible=false
