22:27:07 [content] Syncing content
22:27:07 [content] Synced content
22:27:07 [types] Generated 1.34s
22:27:07 [build] output: "static"
22:27:07 [build] mode: "static"
22:27:07 [build] directory: /Users/new/RiderProjects/RPG_theory/dist/m4/preview-root/
22:27:07 [build] Collecting build info...
22:27:07 [build] ✓ Completed in 1.35s.
22:27:07 [build] Building static entrypoints...
22:27:07 [vite] ✓ built in 232ms
22:27:07 [vite] ✓ built in 41ms
22:27:07 [build] Rearranging server assets...

 generating static routes 
22:27:08   ├─ /404.html (+19ms) 
22:27:08   ├─ /articles/index.html (+5ms) 
22:27:08   ├─ /cite/index.html (+436ms) 
22:27:09   ├─ /downloads/explanatory/DOC-STATUS.md/ (+5ms) 
22:27:09   ├─ /downloads/explanatory/DOC-PROOF.md/ (+3ms) 
22:27:09   ├─ /downloads/explanatory/DOC-CONCEPT-GEOMETRY.md/ (+3ms) 
22:27:09   ├─ /downloads/explanatory/DOC-CORE.md/ (+5ms) 
22:27:09   ├─ /downloads/explanatory/DOC-CONTROL.md/ (+9ms) 
22:27:09   ├─ /downloads/explanatory/DOC-FRAMEWORK.md/ (+2ms) 
22:27:09   ├─ /downloads/explanatory/DOC-MATH.md/ (+3ms) 
22:27:09   ├─ /downloads/explanatory/DOC-INTERACTION-EVIDENCE.md/ (+3ms) 
22:27:09   ├─ /downloads/explanatory/DOC-ADDITIONAL-EVIDENCE.md/ (+11ms) 
22:27:09   ├─ /downloads/explanatory/DOC-OPEN-PROBLEMS.md/ (+6ms) 
22:27:09   ├─ /downloads/explanatory/DOC-SOURCE-CHANGES.md/ (+1ms) 
22:27:09   ├─ /downloads/explanatory/UT-D01.md/ (+1ms) 
22:27:09   ├─ /downloads/explanatory/UT-D02.md/ (+11ms) 
22:27:09   ├─ /downloads/explanatory/UT-D03.md/ (+9ms) 
22:27:09   ├─ /downloads/explanatory/UT-D04.md/ (+8ms) 
22:27:09   ├─ /downloads/explanatory/UT-D05.md/ (+10ms) 
22:27:09   ├─ /downloads/explanatory/UT-D06.md/ (+8ms) 
22:27:09   ├─ /downloads/explanatory/UT-D07.md/ (+10ms) 
22:27:09   ├─ /downloads/explanatory/UT-D08.md/ (+8ms) 
22:27:09   ├─ /downloads/explanatory/UT-D09.md/ (+2ms) 
22:27:09   ├─ /downloads/explanatory/UT-C01.md/ (+5ms) 
22:27:09   ├─ /downloads/explanatory/UT-C02.md/ (+1ms) 
22:27:09   ├─ /downloads/explanatory/UT-O01.md/ (+2ms) 
22:27:09   ├─ /downloads/explanatory/UT-O02.md/ (+7ms) 
22:27:09   ├─ /downloads/explanatory/UT-O03.md/ (+6ms) 
22:27:09   ├─ /downloads/explanatory/UT-O04.md/ (+15ms) 
22:27:09   ├─ /downloads/explanatory/UT-O05.md/ (+4ms) 
22:27:09   ├─ /downloads/explanatory/UT-O06.md/ (+10ms) 
22:27:09   ├─ /downloads/explanatory/UT-E01.md/ (+5ms) 
22:27:09   ├─ /downloads/explanatory/UT-E02.md/ (+4ms) 
22:27:09   ├─ /downloads/explanatory/UT-E03.md/ (+5ms) 
22:27:09   ├─ /downloads/explanatory/UT-E04.md/ (+3ms) 
22:27:09   ├─ /downloads/explanatory/UT-E05.md/ (+5ms) 
22:27:09   ├─ /downloads/explanatory/UT-E06.md/ (+5ms) 
22:27:09   ├─ /downloads/explanatory/UT-E07.md/ (+6ms) 
22:27:09   ├─ /downloads/explanatory/UT-E08.md/ (+5ms) 
22:27:09   ├─ /downloads/explanatory/UT-E09.md/ (+1ms) 
22:27:09   ├─ /downloads/explanatory/UT-E10.md/ (+0ms) 
22:27:09   ├─ /downloads/explanatory/UT-E11.md/ (+6ms) 
22:27:09   ├─ /downloads/explanatory/UT-E12.md/ (+5ms) 
22:27:09   ├─ /downloads/explanatory/DOC-ARTICLE-STRUCTURES.md/ (+7ms) 
22:27:09   ├─ /downloads/explanatory/DOC-ARTICLE-UNIT.md/ (+2ms) 
22:27:09   ├─ /downloads/explanatory/DOC-CONCEPT-INTERACTIONS.md/ (+1ms) 
22:27:09   ├─ /downloads/explanatory/DOC-CONCEPT-RECURSION.md/ (+4ms) 
22:27:09   ├─ /downloads/explanatory/DOC-CONCEPT-STABILITY.md/ (+6ms) 
22:27:09   ├─ /downloads/explanatory/DOC-CONCEPTS.md/ (+5ms) 
22:27:09   ├─ /downloads/explanatory/DOC-EVIDENCE.md/ (+2ms) 
22:27:09   ├─ /downloads/explanatory/DOC-EXAMPLE-CELL.md/ (+2ms) 
22:27:09   ├─ /downloads/explanatory/DOC-EXAMPLE-LIFE.md/ (+4ms) 
22:27:09   ├─ /downloads/explanatory/DOC-EXAMPLE-MOLECULE.md/ (+5ms) 
22:27:09   ├─ /downloads/explanatory/DOC-EXAMPLE-STAR.md/ (+2ms) 
22:27:09   ├─ /downloads/explanatory/DOC-EXAMPLE-STRING.md/ (+2ms) 
22:27:09   ├─ /downloads/explanatory/DOC-EXAMPLE-WATER.md/ (+1ms) 
22:27:09   ├─ /downloads/explanatory/DOC-EXAMPLES.md/ (+7ms) 
22:27:09   ├─ /downloads/explanatory/DOC-HOME.md/ (+2ms) 
22:27:09   ├─ /downloads/explanatory/DOC-START.md/ (+2ms) 
22:27:09   ├─ /downloads/explanatory/DOC-LIBRARY.md/ (+2ms) 
22:27:09   ├─ /downloads/original/R-CURRENT-ADDITIONAL.md/ (+2ms) 
22:27:09   ├─ /downloads/original/R-CURRENT-CHANGELOG.md/ (+3ms) 
22:27:09   ├─ /downloads/original/R-CURRENT-CONTROL.md/ (+2ms) 
22:27:09   ├─ /downloads/original/R-CURRENT-CORE.md/ (+2ms) 
22:27:09   ├─ /downloads/original/R-CURRENT-INTERACTIONS.md/ (+1ms) 
22:27:09   ├─ /downloads/original/R-CURRENT-MATH.md/ (+3ms) 
22:27:09   ├─ /downloads/original/R-CURRENT-PROOF.md/ (+1ms) 
22:27:09   ├─ /downloads/original/R-CURRENT-SCIENCE.md/ (+3ms) 
22:27:09   ├─ /downloads/original/R-CURRENT-STATUS.md/ (+3ms) 
22:27:09   ├─ /downloads/original/R-CURRENT-WORLD.md/ (+10ms) 
22:27:09   ├─ /downloads/release.json/ (+10ms) 
22:27:09   ├─ /downloads/SHA256SUMS/ (+10ms) 
22:27:09   ├─ /downloads/unity-theory-publication-site-2026.10.04-m4-private-preview.zip/ (+18ms) 
22:27:09   ├─ /fixtures/math/index.html (+27ms) 
22:27:09   ├─ /references/index.html (+4ms) 
22:27:09   ├─ /rss.xml (+6ms) 
22:27:09   ├─ /start/index.html (+8ms) 
22:27:09   ├─ /index.html (+8ms) 
22:27:09   ├─ /research-status/index.html (+20ms) 
22:27:09   ├─ /research-status/proof-matrix/index.html (+9ms) 
22:27:09   ├─ /concepts/geometry-and-modes/index.html (+10ms) 
22:27:09   ├─ /documents/locked-core/index.html (+41ms) 
22:27:09   ├─ /changes/index.html (+12ms) 
22:27:09   ├─ /framework/index.html (+132ms) 
22:27:09   ├─ /math/index.html (+214ms) 
22:27:10   ├─ /evidence/interactions/index.html (+39ms) 
22:27:10   ├─ /evidence/additional/index.html (+54ms) 
22:27:10   ├─ /open-problems/index.html (+12ms) 
22:27:10   ├─ /changes/source-history/index.html (+6ms) 
22:27:10   ├─ /claims/UT-D01/index.html (+8ms) 
22:27:10   ├─ /claims/UT-D02/index.html (+5ms) 
22:27:10   ├─ /claims/UT-D03/index.html (+4ms) 
22:27:10   ├─ /claims/UT-D04/index.html (+3ms) 
22:27:10   ├─ /claims/UT-D05/index.html (+3ms) 
22:27:10   ├─ /claims/UT-D06/index.html (+5ms) 
22:27:10   ├─ /claims/UT-D07/index.html (+3ms) 
22:27:10   ├─ /claims/UT-D08/index.html (+4ms) 
22:27:10   ├─ /claims/UT-D09/index.html (+3ms) 
22:27:10   ├─ /claims/UT-C01/index.html (+3ms) 
22:27:10   ├─ /claims/UT-C02/index.html (+3ms) 
22:27:10   ├─ /claims/UT-O01/index.html (+3ms) 
22:27:10   ├─ /claims/UT-O02/index.html (+3ms) 
22:27:10   ├─ /claims/UT-O03/index.html (+3ms) 
22:27:10   ├─ /claims/UT-O04/index.html (+6ms) 
22:27:10   ├─ /claims/UT-O05/index.html (+5ms) 
22:27:10   ├─ /claims/UT-O06/index.html (+3ms) 
22:27:10   ├─ /claims/UT-E01/index.html (+3ms) 
22:27:10   ├─ /claims/UT-E02/index.html (+3ms) 
22:27:10   ├─ /claims/UT-E03/index.html (+4ms) 
22:27:10   ├─ /claims/UT-E04/index.html (+5ms) 
22:27:10   ├─ /claims/UT-E05/index.html (+3ms) 
22:27:10   ├─ /claims/UT-E06/index.html (+2ms) 
22:27:10   ├─ /claims/UT-E07/index.html (+7ms) 
22:27:10   ├─ /claims/UT-E08/index.html (+3ms) 
22:27:10   ├─ /claims/UT-E09/index.html (+8ms) 
22:27:10   ├─ /claims/UT-E10/index.html (+9ms) 
22:27:10   ├─ /claims/UT-E11/index.html (+7ms) 
22:27:10   ├─ /claims/UT-E12/index.html (+7ms) 
22:27:10   ├─ /articles/how-existing-structures-make-new-organization-possible/index.html (+4ms) 
22:27:10   ├─ /articles/when-can-a-whole-be-treated-as-one-useful-unit/index.html (+6ms) 
22:27:10   ├─ /concepts/effective-interactions/index.html (+8ms) 
22:27:10   ├─ /concepts/recursion/index.html (+5ms) 
22:27:10   ├─ /concepts/stability/index.html (+4ms) 
22:27:10   ├─ /concepts/index.html (+4ms) 
22:27:10   ├─ /evidence/index.html (+8ms) 
22:27:10   ├─ /examples/cell/index.html (+7ms) 
22:27:10   ├─ /examples/life-environment/index.html (+4ms) 
22:27:10   ├─ /examples/molecule/index.html (+4ms) 
22:27:10   ├─ /examples/star/index.html (+10ms) 
22:27:10   ├─ /examples/string/index.html (+6ms) 
22:27:10   ├─ /examples/water/index.html (+4ms) 
22:27:10   ├─ /examples/index.html (+9ms) 
22:27:10   ├─ /documents/index.html (+23ms) 
22:27:10 ✓ Completed in 2.52s.

22:27:10 [build] ✓ Completed in 2.83s.
22:27:10 [build] 62 page(s) built in 4.21s
22:27:10 [build] Complete!
Private preview artifact: /Users/new/RiderProjects/RPG_theory/dist/m4/preview-root; deployEligible=false
