✔ historical representation decisions do not populate website fidelity or qualify the source (320.505625ms)
✔ independent statement, bad binding range/hash, wrong record kind, duplicates and unknown sources fail (90.287ms)
✔ source-scoped aliases keep historical S01 local; duplicates and unresolved aliases fail (15.998208ms)
✔ source URL aliases preserve case-sensitive paths while DOI identity remains case insensitive (277.206584ms)
✔ non-DOI citation identity preserves added or removed trailing path separators (331.832167ms)
✔ missing or cyclic semantic dependency fails; related feedback does not create proof cycles (525.289625ms)
✔ authority notes cannot supply scientific excerpts; invalid states and real dates fail (55.859042ms)
✔ safe directives render actual canonical explanations, extract dependencies and reject executable/unknown syntax (4.006834ms)
✔ dependency changes stale exact reviews and report reverse dependants; unrelated bibliography is local (272.669208ms)
✔ changing a relevant source verification scope or relevant citation stales its review (498.060833ms)
✔ shared release selector refuses actual pending corpus, missing/stale reviews, future publication and rights (1286.020167ms)
✔ one manifest excludes drafts from every production surface and rejects published draft dependencies (237.119833ms)
✔ withdrawn history is explicitly selected as a tombstone; former body is removed (286.493541ms)
✔ source display adapters preserve raw bindings while rendering status/math/table consumers (539.202042ms)
✔ source revision transaction refuses missing prior-byte preservation and incomplete core proof gate (703.509375ms)
✔ actual supplied 07 and 08 cannot disappear behind a matching core (5.274917ms)
✔ a missing or mismatched actual local citation alias fails the source adapter (31.07525ms)
✔ project reproduction cannot be asserted with an invented execution receipt (20.112042ms)
✔ Markdown directive export uses ordinary links and leaves code examples untouched (4.810958ms)
✔ statement directives are order-independent; nested references and cycles reach the shared graph (425.177375ms)
✔ scientific identities cannot bypass proposal provenance or masquerade as documents (36.515583ms)
✔ retained historical excerpts remain historical; supersession is reciprocal and draft history stays out of discovery (375.779333ms)
✔ review rejection is distinct from pending; alternate citation review binds its primary metadata (140.110875ms)
✔ source, bibliography, execution and renderer identity changes report or stale their actual dependants (162.948416ms)
✔ actual status, proof and home summaries depend on their core definitions and emergent evidence (408.655667ms)
✔ withdrawal removes old title, scope, source mapping, evidence and bibliography from all rendered regions (138.055917ms)
✔ bibliographic verification cannot retain a checked label after metadata substitution (37.507541ms)
✔ release rejects future updates and reviews independently of the publication date (353.359292ms)
✔ qualification uses reviewed production selection; a preview cannot be relabelled qualification (353.827292ms)
✔ Markdown export validates safety, expands nested references and leaves math samples intact (214.269834ms)
✔ directives cannot create nested anchors in link labels or Markdown exports (0.848833ms)
✔ proposals display non-adoption and cannot supersede source-authoritative records (226.939458ms)
✔ revision impact retains predecessor dependants when the next graph removes an edge (434.423791ms)
✔ M4 explanatory exports mirror canonical parsed statements, retain adapters and have usable destinations at both bases (3900.068209ms)
✔ M4 ZIP manifests preserve original bytes and exclude administrative evidence/history; tampered members fail (1074.340583ms)
✔ M4 approved selection filters draft/history/withdrawn downloads and emits dated article RSS at both bases (451.489833ms)
✔ M4 duplicate article routes and stale source numbers refuse; document source rename does not rename its route (41.418833ms)
✔ M4 citation remains inactive for actual missing decisions; prepared CFF uses only supplied approved metadata (832.307042ms)
ℹ tests 38
ℹ suites 0
ℹ pass 38
ℹ fail 0
ℹ cancelled 0
ℹ skipped 0
ℹ todo 0
ℹ duration_ms 10387.548042
