21:12:00 [content] Syncing content
21:12:00 [content] Astro config changed
21:12:00 [content] Clearing content store
21:12:13 [content] Synced content
21:12:13 [types] Generated 14.57s
21:12:13 [build] output: "static"
21:12:13 [build] mode: "static"
21:12:13 [build] directory: /Users/new/RiderProjects/RPG_theory/dist/github-pages-accepted/preview-subpath/
21:12:13 [build] Collecting build info...
21:12:13 [build] ✓ Completed in 14.65s.
21:12:13 [build] Building static entrypoints...
21:12:14 [vite] ✓ built in 539ms
21:12:14 [vite] ✓ built in 31ms
21:12:14 [build] Rearranging server assets...

 generating static routes 
21:12:31   ├─ /404.html (+19ms) 
21:12:31   ├─ /about/index.html (+7ms) 
21:12:31   ├─ /articles/index.html (+66ms) 
21:12:31   ├─ /cite/index.html (+2.49s) 
21:12:34   ├─ /downloads/THIRD-PARTY-NOTICES.txt/ (+18ms) 
21:12:34   ├─ /downloads/explanatory/DOC-STATUS.md/ (+9ms) 
21:12:34   ├─ /downloads/explanatory/DOC-CONCEPT-GEOMETRY.md/ (+5ms) 
21:12:34   ├─ /downloads/explanatory/DOC-CORE.md/ (+4ms) 
21:12:34   ├─ /downloads/explanatory/DOC-CONTROL.md/ (+3ms) 
21:12:34   ├─ /downloads/explanatory/DOC-FRAMEWORK.md/ (+3ms) 
21:12:34   ├─ /downloads/explanatory/DOC-MATH.md/ (+2ms) 
21:12:34   ├─ /downloads/explanatory/DOC-OPEN-PROBLEMS.md/ (+1ms) 
21:12:34   ├─ /downloads/explanatory/DOC-SOURCE-CHANGES.md/ (+3ms) 
21:12:34   ├─ /downloads/explanatory/DOC-WORLD.md/ (+2ms) 
21:12:34   ├─ /downloads/explanatory/DOC-BACKGROUND.md/ (+4ms) 
21:12:34   ├─ /downloads/explanatory/DOC-ILLUSTRATIONS.md/ (+2ms) 
21:12:34   ├─ /downloads/explanatory/DOC-CATALOGUE.md/ (+1ms) 
21:12:34   ├─ /downloads/explanatory/DOC-CLAIM-COVERAGE.md/ (+2ms) 
21:12:34   ├─ /downloads/explanatory/DOC-READING-GUIDE.md/ (+1ms) 
21:12:34   ├─ /downloads/explanatory/DOC-AUTHORITY.md/ (+1ms) 
21:12:34   ├─ /downloads/explanatory/DOC-FOUNDATION-ERRATA.md/ (+2ms) 
21:12:34   ├─ /downloads/explanatory/UT-D01.md/ (+1ms) 
21:12:34   ├─ /downloads/explanatory/UT-D02.md/ (+2ms) 
21:12:34   ├─ /downloads/explanatory/UT-D03.md/ (+1ms) 
21:12:34   ├─ /downloads/explanatory/UT-D04.md/ (+1ms) 
21:12:34   ├─ /downloads/explanatory/UT-D05.md/ (+1ms) 
21:12:34   ├─ /downloads/explanatory/UT-D06.md/ (+1ms) 
21:12:34   ├─ /downloads/explanatory/UT-D07.md/ (+2ms) 
21:12:34   ├─ /downloads/explanatory/UT-D08.md/ (+1ms) 
21:12:34   ├─ /downloads/explanatory/UT-D09.md/ (+0ms) 
21:12:34   ├─ /downloads/explanatory/UT-C01.md/ (+0ms) 
21:12:34   ├─ /downloads/explanatory/UT-C02.md/ (+0ms) 
21:12:34   ├─ /downloads/explanatory/UT-E101.md/ (+2ms) 
21:12:34   ├─ /downloads/explanatory/UT-E102.md/ (+1ms) 
21:12:34   ├─ /downloads/explanatory/UT-E103.md/ (+1ms) 
21:12:34   ├─ /downloads/explanatory/UT-E104.md/ (+1ms) 
21:12:34   ├─ /downloads/explanatory/UT-E105.md/ (+1ms) 
21:12:34   ├─ /downloads/explanatory/UT-E106.md/ (+1ms) 
21:12:34   ├─ /downloads/explanatory/UT-E107.md/ (+1ms) 
21:12:34   ├─ /downloads/explanatory/UT-E108.md/ (+2ms) 
21:12:34   ├─ /downloads/explanatory/UT-E109.md/ (+3ms) 
21:12:34   ├─ /downloads/explanatory/UT-E110.md/ (+2ms) 
21:12:34   ├─ /downloads/explanatory/UT-E111.md/ (+1ms) 
21:12:34   ├─ /downloads/explanatory/UT-E112.md/ (+1ms) 
21:12:34   ├─ /downloads/explanatory/UT-E113.md/ (+1ms) 
21:12:34   ├─ /downloads/explanatory/UT-E114.md/ (+1ms) 
21:12:34   ├─ /downloads/explanatory/UT-E115.md/ (+2ms) 
21:12:34   ├─ /downloads/explanatory/UT-E116.md/ (+1ms) 
21:12:34   ├─ /downloads/explanatory/UT-E117.md/ (+1ms) 
21:12:34   ├─ /downloads/explanatory/UT-E118.md/ (+1ms) 
21:12:34   ├─ /downloads/explanatory/UT-E119.md/ (+0ms) 
21:12:34   ├─ /downloads/explanatory/UT-E120.md/ (+0ms) 
21:12:34   ├─ /downloads/explanatory/UT-E121.md/ (+0ms) 
21:12:34   ├─ /downloads/explanatory/UT-E122.md/ (+0ms) 
21:12:34   ├─ /downloads/explanatory/UT-O101.md/ (+0ms) 
21:12:34   ├─ /downloads/explanatory/UT-O102.md/ (+2ms) 
21:12:34   ├─ /downloads/explanatory/UT-O103.md/ (+1ms) 
21:12:34   ├─ /downloads/explanatory/UT-O104.md/ (+1ms) 
21:12:34   ├─ /downloads/explanatory/UT-O105.md/ (+1ms) 
21:12:34   ├─ /downloads/explanatory/UT-O106.md/ (+1ms) 
21:12:34   ├─ /downloads/explanatory/UT-O107.md/ (+1ms) 
21:12:34   ├─ /downloads/explanatory/UT-O108.md/ (+1ms) 
21:12:34   ├─ /downloads/explanatory/DOC-ARTICLE-STRUCTURES.md/ (+1ms) 
21:12:34   ├─ /downloads/explanatory/DOC-ARTICLE-UNIT.md/ (+1ms) 
21:12:34   ├─ /downloads/explanatory/DOC-CONCEPT-INTERACTIONS.md/ (+1ms) 
21:12:34   ├─ /downloads/explanatory/DOC-CONCEPT-RECURSION.md/ (+1ms) 
21:12:34   ├─ /downloads/explanatory/DOC-CONCEPT-STABILITY.md/ (+0ms) 
21:12:34   ├─ /downloads/explanatory/DOC-CONCEPTS.md/ (+0ms) 
21:12:34   ├─ /downloads/explanatory/DOC-EVIDENCE.md/ (+2ms) 
21:12:34   ├─ /downloads/explanatory/DOC-EXAMPLE-CELL.md/ (+2ms) 
21:12:34   ├─ /downloads/explanatory/DOC-EXAMPLE-LIFE.md/ (+1ms) 
21:12:34   ├─ /downloads/explanatory/DOC-EXAMPLE-MOLECULE.md/ (+1ms) 
21:12:34   ├─ /downloads/explanatory/DOC-EXAMPLE-STAR.md/ (+1ms) 
21:12:34   ├─ /downloads/explanatory/DOC-EXAMPLE-STRING.md/ (+1ms) 
21:12:34   ├─ /downloads/explanatory/DOC-EXAMPLE-WATER.md/ (+1ms) 
21:12:34   ├─ /downloads/explanatory/DOC-EXAMPLES.md/ (+1ms) 
21:12:34   ├─ /downloads/explanatory/DOC-HOME.md/ (+2ms) 
21:12:34   ├─ /downloads/explanatory/DOC-SOURCE-LINKS.md/ (+1ms) 
21:12:34   ├─ /downloads/explanatory/DOC-START.md/ (+1ms) 
21:12:34   ├─ /downloads/explanatory/DOC-LIBRARY.md/ (+1ms) 
21:12:34   ├─ /downloads/original/R-CURRENT-AUDIT.md/ (+1ms) 
21:12:34   ├─ /downloads/original/R-CURRENT-AUTHORITY.md/ (+1ms) 
21:12:34   ├─ /downloads/original/R-CURRENT-BACKGROUND.md/ (+1ms) 
21:12:34   ├─ /downloads/original/R-CURRENT-CATALOGUE.md/ (+1ms) 
21:12:34   ├─ /downloads/original/R-CURRENT-CHANGELOG.md/ (+3ms) 
21:12:34   ├─ /downloads/original/R-CURRENT-CHECKS-PACKAGE-VALIDATION-JSON.json/ (+2ms) 
21:12:34   ├─ /downloads/original/R-CURRENT-CHECKS-VERIFICATION-RESULTS-JSON.json/ (+1ms) 
21:12:34   ├─ /downloads/original/R-CURRENT-CHECKS-VERIFY-SMALL-RESULTS-PY.py/ (+1ms) 
21:12:34   ├─ /downloads/original/R-CURRENT-CLAIMS.md/ (+1ms) 
21:12:34   ├─ /downloads/original/R-CURRENT-CONTROL.md/ (+1ms) 
21:12:34   ├─ /downloads/original/R-CURRENT-CORE.md/ (+1ms) 
21:12:34   ├─ /downloads/original/R-CURRENT-FOUNDATIONS-ERRATA-MD.md/ (+1ms) 
21:12:34   ├─ /downloads/original/R-CURRENT-GUIDE.md/ (+1ms) 
21:12:34   ├─ /downloads/original/R-CURRENT-ILLUSTRATIONS.md/ (+1ms) 
21:12:34   ├─ /downloads/original/R-CURRENT-MATH.md/ (+1ms) 
21:12:34   ├─ /downloads/original/R-CURRENT-REGISTER.json/ (+1ms) 
21:12:34   ├─ /downloads/original/R-CURRENT-SCIENCE.md/ (+1ms) 
21:12:34   ├─ /downloads/original/R-CURRENT-WORLD.md/ (+1ms) 
21:12:34   ├─ /downloads/release.json/ (+2ms) 
21:12:34   ├─ /downloads/SHA256SUMS/ (+1ms) 
21:12:34   ├─ /downloads/unity-theory-publication-site-2026.10.05-m6-private-preview.zip/ (+49ms) 
21:12:34   ├─ /fixtures/math/index.html (+34ms) 
21:12:34   ├─ /legal/index.html (+8ms) 
21:12:34   ├─ /references/index.html (+16ms) 
21:12:34   ├─ /rss.xml (+2ms) 
21:12:34   ├─ /search/index.html (+3ms) 
21:12:34   ├─ /sitemap.xml (+4ms) 
21:12:34   ├─ /start/index.html (+11ms) 
21:12:34   ├─ /index.html (+20ms) 
21:12:34   ├─ /research-status/index.html (+132ms) 
21:12:34   ├─ /research-status/proof-matrix/index.html (+12ms) 
21:12:34   ├─ /concepts/geometry-and-modes/index.html (+8ms) 
21:12:34   ├─ /documents/locked-core/index.html (+58ms) 
21:12:34   ├─ /changes/index.html (+20ms) 
21:12:35   ├─ /framework/index.html (+261ms) 
21:12:35   ├─ /math/index.html (+559ms) 
21:12:35   ├─ /evidence/interactions/index.html (+79ms) 
21:12:35   ├─ /evidence/additional/index.html (+96ms) 
21:12:35   ├─ /open-problems/index.html (+19ms) 
21:12:36   ├─ /changes/source-history/index.html (+28ms) 
21:12:36   ├─ /documents/world-explanation/index.html (+111ms) 
21:12:36   ├─ /framework/recursive-background/index.html (+510ms) 
21:12:36   ├─ /math/illustrations/index.html (+208ms) 
21:12:36   ├─ /evidence/catalogue/index.html (+204ms) 
21:12:37   ├─ /research-status/claims/index.html (+52ms) 
21:12:37   ├─ /documents/reading-guide/index.html (+23ms) 
21:12:37   ├─ /documents/source-authority/index.html (+26ms) 
21:12:37   ├─ /documents/foundation-errata/index.html (+31ms) 
21:12:37   ├─ /claims/UT-D01/index.html (+5ms) 
21:12:37   ├─ /claims/UT-D02/index.html (+5ms) 
21:12:37   ├─ /claims/UT-D03/index.html (+6ms) 
21:12:37   ├─ /claims/UT-D04/index.html (+9ms) 
21:12:37   ├─ /claims/UT-D05/index.html (+5ms) 
21:12:37   ├─ /claims/UT-D06/index.html (+9ms) 
21:12:37   ├─ /claims/UT-D07/index.html (+6ms) 
21:12:37   ├─ /claims/UT-D08/index.html (+9ms) 
21:12:37   ├─ /claims/UT-D09/index.html (+7ms) 
21:12:37   ├─ /claims/UT-C01/index.html (+3ms) 
21:12:37   ├─ /claims/UT-C02/index.html (+4ms) 
21:12:37   ├─ /claims/UT-O01/index.html (+6ms) 
21:12:37   ├─ /claims/UT-O02/index.html (+4ms) 
21:12:37   ├─ /claims/UT-O03/index.html (+6ms) 
21:12:37   ├─ /claims/UT-O04/index.html (+3ms) 
21:12:37   ├─ /claims/UT-O05/index.html (+5ms) 
21:12:37   ├─ /claims/UT-O06/index.html (+12ms) 
21:12:37   ├─ /claims/UT-E01/index.html (+35ms) 
21:12:37   ├─ /claims/UT-E02/index.html (+22ms) 
21:12:37   ├─ /claims/UT-E03/index.html (+4ms) 
21:12:37   ├─ /claims/UT-E04/index.html (+4ms) 
21:12:37   ├─ /claims/UT-E05/index.html (+5ms) 
21:12:37   ├─ /claims/UT-E06/index.html (+5ms) 
21:12:37   ├─ /claims/UT-E07/index.html (+5ms) 
21:12:37   ├─ /claims/UT-E08/index.html (+5ms) 
21:12:37   ├─ /claims/UT-E09/index.html (+5ms) 
21:12:37   ├─ /claims/UT-E10/index.html (+5ms) 
21:12:37   ├─ /claims/UT-E11/index.html (+11ms) 
21:12:37   ├─ /claims/UT-E12/index.html (+8ms) 
21:12:37   ├─ /claims/UT-E101/index.html (+19ms) 
21:12:37   ├─ /claims/UT-E102/index.html (+36ms) 
21:12:37   ├─ /claims/UT-E103/index.html (+3ms) 
21:12:37   ├─ /claims/UT-E104/index.html (+8ms) 
21:12:37   ├─ /claims/UT-E105/index.html (+5ms) 
21:12:37   ├─ /claims/UT-E106/index.html (+4ms) 
21:12:37   ├─ /claims/UT-E107/index.html (+4ms) 
21:12:37   ├─ /claims/UT-E108/index.html (+3ms) 
21:12:37   ├─ /claims/UT-E109/index.html (+4ms) 
21:12:37   ├─ /claims/UT-E110/index.html (+4ms) 
21:12:37   ├─ /claims/UT-E111/index.html (+6ms) 
21:12:37   ├─ /claims/UT-E112/index.html (+6ms) 
21:12:37   ├─ /claims/UT-E113/index.html (+12ms) 
21:12:37   ├─ /claims/UT-E114/index.html (+6ms) 
21:12:37   ├─ /claims/UT-E115/index.html (+26ms) 
21:12:37   ├─ /claims/UT-E116/index.html (+61ms) 
21:12:37   ├─ /claims/UT-E117/index.html (+12ms) 
21:12:37   ├─ /claims/UT-E118/index.html (+8ms) 
21:12:37   ├─ /claims/UT-E119/index.html (+10ms) 
21:12:37   ├─ /claims/UT-E120/index.html (+5ms) 
21:12:37   ├─ /claims/UT-E121/index.html (+24ms) 
21:12:37   ├─ /claims/UT-E122/index.html (+10ms) 
21:12:37   ├─ /claims/UT-O101/index.html (+7ms) 
21:12:37   ├─ /claims/UT-O102/index.html (+3ms) 
21:12:37   ├─ /claims/UT-O103/index.html (+5ms) 
21:12:37   ├─ /claims/UT-O104/index.html (+4ms) 
21:12:37   ├─ /claims/UT-O105/index.html (+3ms) 
21:12:37   ├─ /claims/UT-O106/index.html (+2ms) 
21:12:37   ├─ /claims/UT-O107/index.html (+3ms) 
21:12:37   ├─ /claims/UT-O108/index.html (+3ms) 
21:12:37   ├─ /articles/how-existing-structures-make-new-organization-possible/index.html (+6ms) 
21:12:37   ├─ /articles/when-can-a-whole-be-treated-as-one-useful-unit/index.html (+9ms) 
21:12:37   ├─ /concepts/effective-interactions/index.html (+6ms) 
21:12:37   ├─ /concepts/recursion/index.html (+6ms) 
21:12:37   ├─ /concepts/stability/index.html (+8ms) 
21:12:37   ├─ /concepts/index.html (+4ms) 
21:12:37   ├─ /evidence/index.html (+11ms) 
21:12:37   ├─ /examples/cell/index.html (+4ms) 
21:12:37   ├─ /examples/life-environment/index.html (+5ms) 
21:12:37   ├─ /examples/molecule/index.html (+17ms) 
21:12:37   ├─ /examples/star/index.html (+56ms) 
21:12:37   ├─ /examples/string/index.html (+24ms) 
21:12:37   ├─ /examples/water/index.html (+8ms) 
21:12:37   ├─ /examples/index.html (+8ms) 
21:12:37   ├─ /evidence/source-links/index.html (+141ms) 
21:12:38   ├─ /documents/index.html (+67ms) 
21:12:38 ✓ Completed in 24.06s.

21:12:38 [build] ✓ Completed in 24.69s.
21:12:38 [build] 104 page(s) built in 39.34s
21:12:38 [build] Complete!
preview artifact: /Users/new/RiderProjects/RPG_theory/dist/github-pages-accepted/preview-subpath; deployEligible=false
