21:10:06 [content] Syncing content
21:10:06 [content] Astro config changed
21:10:06 [content] Clearing content store
21:10:24 [content] Synced content
21:10:24 [types] Generated 19.16s
21:10:24 [build] output: "static"
21:10:24 [build] mode: "static"
21:10:24 [build] directory: /Users/new/RiderProjects/RPG_theory/dist/github-pages-accepted/preview-root/
21:10:24 [build] Collecting build info...
21:10:24 [build] ✓ Completed in 19.26s.
21:10:24 [build] Building static entrypoints...
21:10:25 [vite] ✓ built in 656ms
21:10:25 [vite] ✓ built in 36ms
21:10:25 [build] Rearranging server assets...

 generating static routes 
21:10:53   ├─ /404.html (+20ms) 
21:10:53   ├─ /about/index.html (+4ms) 
21:10:53   ├─ /articles/index.html (+14ms) 
21:10:53   ├─ /cite/index.html (+3.27s) 
21:10:57   ├─ /downloads/THIRD-PARTY-NOTICES.txt/ (+3ms) 
21:10:57   ├─ /downloads/explanatory/DOC-STATUS.md/ (+6ms) 
21:10:57   ├─ /downloads/explanatory/DOC-CONCEPT-GEOMETRY.md/ (+3ms) 
21:10:57   ├─ /downloads/explanatory/DOC-CORE.md/ (+2ms) 
21:10:57   ├─ /downloads/explanatory/DOC-CONTROL.md/ (+2ms) 
21:10:57   ├─ /downloads/explanatory/DOC-FRAMEWORK.md/ (+3ms) 
21:10:57   ├─ /downloads/explanatory/DOC-MATH.md/ (+1ms) 
21:10:57   ├─ /downloads/explanatory/DOC-OPEN-PROBLEMS.md/ (+1ms) 
21:10:57   ├─ /downloads/explanatory/DOC-SOURCE-CHANGES.md/ (+2ms) 
21:10:57   ├─ /downloads/explanatory/DOC-WORLD.md/ (+1ms) 
21:10:57   ├─ /downloads/explanatory/DOC-BACKGROUND.md/ (+1ms) 
21:10:57   ├─ /downloads/explanatory/DOC-ILLUSTRATIONS.md/ (+1ms) 
21:10:57   ├─ /downloads/explanatory/DOC-CATALOGUE.md/ (+1ms) 
21:10:57   ├─ /downloads/explanatory/DOC-CLAIM-COVERAGE.md/ (+1ms) 
21:10:57   ├─ /downloads/explanatory/DOC-READING-GUIDE.md/ (+3ms) 
21:10:57   ├─ /downloads/explanatory/DOC-AUTHORITY.md/ (+4ms) 
21:10:57   ├─ /downloads/explanatory/DOC-FOUNDATION-ERRATA.md/ (+7ms) 
21:10:57   ├─ /downloads/explanatory/UT-D01.md/ (+1ms) 
21:10:57   ├─ /downloads/explanatory/UT-D02.md/ (+1ms) 
21:10:57   ├─ /downloads/explanatory/UT-D03.md/ (+3ms) 
21:10:57   ├─ /downloads/explanatory/UT-D04.md/ (+1ms) 
21:10:57   ├─ /downloads/explanatory/UT-D05.md/ (+1ms) 
21:10:57   ├─ /downloads/explanatory/UT-D06.md/ (+1ms) 
21:10:57   ├─ /downloads/explanatory/UT-D07.md/ (+3ms) 
21:10:57   ├─ /downloads/explanatory/UT-D08.md/ (+1ms) 
21:10:57   ├─ /downloads/explanatory/UT-D09.md/ (+0ms) 
21:10:57   ├─ /downloads/explanatory/UT-C01.md/ (+0ms) 
21:10:57   ├─ /downloads/explanatory/UT-C02.md/ (+0ms) 
21:10:57   ├─ /downloads/explanatory/UT-E101.md/ (+1ms) 
21:10:57   ├─ /downloads/explanatory/UT-E102.md/ (+1ms) 
21:10:57   ├─ /downloads/explanatory/UT-E103.md/ (+1ms) 
21:10:57   ├─ /downloads/explanatory/UT-E104.md/ (+0ms) 
21:10:57   ├─ /downloads/explanatory/UT-E105.md/ (+0ms) 
21:10:57   ├─ /downloads/explanatory/UT-E106.md/ (+0ms) 
21:10:57   ├─ /downloads/explanatory/UT-E107.md/ (+0ms) 
21:10:57   ├─ /downloads/explanatory/UT-E108.md/ (+1ms) 
21:10:57   ├─ /downloads/explanatory/UT-E109.md/ (+1ms) 
21:10:57   ├─ /downloads/explanatory/UT-E110.md/ (+4ms) 
21:10:57   ├─ /downloads/explanatory/UT-E111.md/ (+4ms) 
21:10:57   ├─ /downloads/explanatory/UT-E112.md/ (+6ms) 
21:10:57   ├─ /downloads/explanatory/UT-E113.md/ (+2ms) 
21:10:57   ├─ /downloads/explanatory/UT-E114.md/ (+1ms) 
21:10:57   ├─ /downloads/explanatory/UT-E115.md/ (+0ms) 
21:10:57   ├─ /downloads/explanatory/UT-E116.md/ (+0ms) 
21:10:57   ├─ /downloads/explanatory/UT-E117.md/ (+1ms) 
21:10:57   ├─ /downloads/explanatory/UT-E118.md/ (+0ms) 
21:10:57   ├─ /downloads/explanatory/UT-E119.md/ (+0ms) 
21:10:57   ├─ /downloads/explanatory/UT-E120.md/ (+1ms) 
21:10:57   ├─ /downloads/explanatory/UT-E121.md/ (+2ms) 
21:10:57   ├─ /downloads/explanatory/UT-E122.md/ (+6ms) 
21:10:57   ├─ /downloads/explanatory/UT-O101.md/ (+1ms) 
21:10:57   ├─ /downloads/explanatory/UT-O102.md/ (+2ms) 
21:10:57   ├─ /downloads/explanatory/UT-O103.md/ (+5ms) 
21:10:57   ├─ /downloads/explanatory/UT-O104.md/ (+4ms) 
21:10:57   ├─ /downloads/explanatory/UT-O105.md/ (+11ms) 
21:10:57   ├─ /downloads/explanatory/UT-O106.md/ (+3ms) 
21:10:57   ├─ /downloads/explanatory/UT-O107.md/ (+1ms) 
21:10:57   ├─ /downloads/explanatory/UT-O108.md/ (+1ms) 
21:10:57   ├─ /downloads/explanatory/DOC-ARTICLE-STRUCTURES.md/ (+2ms) 
21:10:57   ├─ /downloads/explanatory/DOC-ARTICLE-UNIT.md/ (+3ms) 
21:10:57   ├─ /downloads/explanatory/DOC-CONCEPT-INTERACTIONS.md/ (+4ms) 
21:10:57   ├─ /downloads/explanatory/DOC-CONCEPT-RECURSION.md/ (+9ms) 
21:10:57   ├─ /downloads/explanatory/DOC-CONCEPT-STABILITY.md/ (+10ms) 
21:10:57   ├─ /downloads/explanatory/DOC-CONCEPTS.md/ (+13ms) 
21:10:57   ├─ /downloads/explanatory/DOC-EVIDENCE.md/ (+5ms) 
21:10:57   ├─ /downloads/explanatory/DOC-EXAMPLE-CELL.md/ (+2ms) 
21:10:57   ├─ /downloads/explanatory/DOC-EXAMPLE-LIFE.md/ (+4ms) 
21:10:57   ├─ /downloads/explanatory/DOC-EXAMPLE-MOLECULE.md/ (+3ms) 
21:10:57   ├─ /downloads/explanatory/DOC-EXAMPLE-STAR.md/ (+1ms) 
21:10:57   ├─ /downloads/explanatory/DOC-EXAMPLE-STRING.md/ (+3ms) 
21:10:57   ├─ /downloads/explanatory/DOC-EXAMPLE-WATER.md/ (+2ms) 
21:10:57   ├─ /downloads/explanatory/DOC-EXAMPLES.md/ (+4ms) 
21:10:57   ├─ /downloads/explanatory/DOC-HOME.md/ (+2ms) 
21:10:57   ├─ /downloads/explanatory/DOC-SOURCE-LINKS.md/ (+1ms) 
21:10:57   ├─ /downloads/explanatory/DOC-START.md/ (+4ms) 
21:10:57   ├─ /downloads/explanatory/DOC-LIBRARY.md/ (+4ms) 
21:10:57   ├─ /downloads/original/R-CURRENT-AUDIT.md/ (+7ms) 
21:10:57   ├─ /downloads/original/R-CURRENT-AUTHORITY.md/ (+7ms) 
21:10:57   ├─ /downloads/original/R-CURRENT-BACKGROUND.md/ (+3ms) 
21:10:57   ├─ /downloads/original/R-CURRENT-CATALOGUE.md/ (+2ms) 
21:10:57   ├─ /downloads/original/R-CURRENT-CHANGELOG.md/ (+1ms) 
21:10:57   ├─ /downloads/original/R-CURRENT-CHECKS-PACKAGE-VALIDATION-JSON.json/ (+1ms) 
21:10:57   ├─ /downloads/original/R-CURRENT-CHECKS-VERIFICATION-RESULTS-JSON.json/ (+1ms) 
21:10:57   ├─ /downloads/original/R-CURRENT-CHECKS-VERIFY-SMALL-RESULTS-PY.py/ (+1ms) 
21:10:57   ├─ /downloads/original/R-CURRENT-CLAIMS.md/ (+4ms) 
21:10:57   ├─ /downloads/original/R-CURRENT-CONTROL.md/ (+1ms) 
21:10:57   ├─ /downloads/original/R-CURRENT-CORE.md/ (+1ms) 
21:10:57   ├─ /downloads/original/R-CURRENT-FOUNDATIONS-ERRATA-MD.md/ (+0ms) 
21:10:57   ├─ /downloads/original/R-CURRENT-GUIDE.md/ (+1ms) 
21:10:57   ├─ /downloads/original/R-CURRENT-ILLUSTRATIONS.md/ (+5ms) 
21:10:57   ├─ /downloads/original/R-CURRENT-MATH.md/ (+1ms) 
21:10:57   ├─ /downloads/original/R-CURRENT-REGISTER.json/ (+0ms) 
21:10:57   ├─ /downloads/original/R-CURRENT-SCIENCE.md/ (+0ms) 
21:10:57   ├─ /downloads/original/R-CURRENT-WORLD.md/ (+0ms) 
21:10:57   ├─ /downloads/release.json/ (+0ms) 
21:10:57   ├─ /downloads/SHA256SUMS/ (+0ms) 
21:10:57   ├─ /downloads/unity-theory-publication-site-2026.10.05-m6-private-preview.zip/ (+5ms) 
21:10:57   ├─ /fixtures/math/index.html (+9ms) 
21:10:57   ├─ /legal/index.html (+7ms) 
21:10:57   ├─ /references/index.html (+35ms) 
21:10:57   ├─ /rss.xml (+10ms) 
21:10:57   ├─ /search/index.html (+4ms) 
21:10:57   ├─ /sitemap.xml (+5ms) 
21:10:57   ├─ /start/index.html (+42ms) 
21:10:57   ├─ /index.html (+65ms) 
21:10:57   ├─ /research-status/index.html (+194ms) 
21:10:57   ├─ /research-status/proof-matrix/index.html (+27ms) 
21:10:57   ├─ /concepts/geometry-and-modes/index.html (+12ms) 
21:10:57   ├─ /documents/locked-core/index.html (+115ms) 
21:10:58   ├─ /changes/index.html (+24ms) 
21:10:58   ├─ /framework/index.html (+462ms) 
21:10:58   ├─ /math/index.html (+759ms) 
21:10:59   ├─ /evidence/interactions/index.html (+80ms) 
21:10:59   ├─ /evidence/additional/index.html (+299ms) 
21:10:59   ├─ /open-problems/index.html (+8ms) 
21:10:59   ├─ /changes/source-history/index.html (+12ms) 
21:10:59   ├─ /documents/world-explanation/index.html (+526ms) 
21:11:00   ├─ /framework/recursive-background/index.html (+938ms) 
21:11:01   ├─ /math/illustrations/index.html (+284ms) 
21:11:01   ├─ /evidence/catalogue/index.html (+101ms) 
21:11:01   ├─ /research-status/claims/index.html (+25ms) 
21:11:01   ├─ /documents/reading-guide/index.html (+23ms) 
21:11:01   ├─ /documents/source-authority/index.html (+10ms) 
21:11:01   ├─ /documents/foundation-errata/index.html (+7ms) 
21:11:01   ├─ /claims/UT-D01/index.html (+4ms) 
21:11:01   ├─ /claims/UT-D02/index.html (+8ms) 
21:11:01   ├─ /claims/UT-D03/index.html (+9ms) 
21:11:01   ├─ /claims/UT-D04/index.html (+7ms) 
21:11:01   ├─ /claims/UT-D05/index.html (+10ms) 
21:11:01   ├─ /claims/UT-D06/index.html (+5ms) 
21:11:01   ├─ /claims/UT-D07/index.html (+5ms) 
21:11:01   ├─ /claims/UT-D08/index.html (+12ms) 
21:11:01   ├─ /claims/UT-D09/index.html (+9ms) 
21:11:01   ├─ /claims/UT-C01/index.html (+6ms) 
21:11:01   ├─ /claims/UT-C02/index.html (+5ms) 
21:11:01   ├─ /claims/UT-O01/index.html (+5ms) 
21:11:01   ├─ /claims/UT-O02/index.html (+6ms) 
21:11:01   ├─ /claims/UT-O03/index.html (+4ms) 
21:11:01   ├─ /claims/UT-O04/index.html (+4ms) 
21:11:01   ├─ /claims/UT-O05/index.html (+3ms) 
21:11:01   ├─ /claims/UT-O06/index.html (+3ms) 
21:11:01   ├─ /claims/UT-E01/index.html (+5ms) 
21:11:01   ├─ /claims/UT-E02/index.html (+4ms) 
21:11:01   ├─ /claims/UT-E03/index.html (+9ms) 
21:11:01   ├─ /claims/UT-E04/index.html (+4ms) 
21:11:01   ├─ /claims/UT-E05/index.html (+5ms) 
21:11:01   ├─ /claims/UT-E06/index.html (+4ms) 
21:11:01   ├─ /claims/UT-E07/index.html (+8ms) 
21:11:01   ├─ /claims/UT-E08/index.html (+4ms) 
21:11:01   ├─ /claims/UT-E09/index.html (+5ms) 
21:11:01   ├─ /claims/UT-E10/index.html (+6ms) 
21:11:01   ├─ /claims/UT-E11/index.html (+108ms) 
21:11:01   ├─ /claims/UT-E12/index.html (+284ms) 
21:11:02   ├─ /claims/UT-E101/index.html (+38ms) 
21:11:02   ├─ /claims/UT-E102/index.html (+15ms) 
21:11:02   ├─ /claims/UT-E103/index.html (+12ms) 
21:11:02   ├─ /claims/UT-E104/index.html (+5ms) 
21:11:02   ├─ /claims/UT-E105/index.html (+6ms) 
21:11:02   ├─ /claims/UT-E106/index.html (+6ms) 
21:11:02   ├─ /claims/UT-E107/index.html (+4ms) 
21:11:02   ├─ /claims/UT-E108/index.html (+6ms) 
21:11:02   ├─ /claims/UT-E109/index.html (+4ms) 
21:11:02   ├─ /claims/UT-E110/index.html (+4ms) 
21:11:02   ├─ /claims/UT-E111/index.html (+6ms) 
21:11:02   ├─ /claims/UT-E112/index.html (+8ms) 
21:11:02   ├─ /claims/UT-E113/index.html (+20ms) 
21:11:02   ├─ /claims/UT-E114/index.html (+65ms) 
21:11:02   ├─ /claims/UT-E115/index.html (+5ms) 
21:11:02   ├─ /claims/UT-E116/index.html (+4ms) 
21:11:02   ├─ /claims/UT-E117/index.html (+7ms) 
21:11:02   ├─ /claims/UT-E118/index.html (+6ms) 
21:11:02   ├─ /claims/UT-E119/index.html (+4ms) 
21:11:02   ├─ /claims/UT-E120/index.html (+4ms) 
21:11:02   ├─ /claims/UT-E121/index.html (+13ms) 
21:11:02   ├─ /claims/UT-E122/index.html (+7ms) 
21:11:02   ├─ /claims/UT-O101/index.html (+3ms) 
21:11:02   ├─ /claims/UT-O102/index.html (+63ms) 
21:11:02   ├─ /claims/UT-O103/index.html (+9ms) 
21:11:02   ├─ /claims/UT-O104/index.html (+5ms) 
21:11:02   ├─ /claims/UT-O105/index.html (+6ms) 
21:11:02   ├─ /claims/UT-O106/index.html (+6ms) 
21:11:02   ├─ /claims/UT-O107/index.html (+4ms) 
21:11:02   ├─ /claims/UT-O108/index.html (+6ms) 
21:11:02   ├─ /articles/how-existing-structures-make-new-organization-possible/index.html (+6ms) 
21:11:02   ├─ /articles/when-can-a-whole-be-treated-as-one-useful-unit/index.html (+5ms) 
21:11:02   ├─ /concepts/effective-interactions/index.html (+7ms) 
21:11:02   ├─ /concepts/recursion/index.html (+70ms) 
21:11:02   ├─ /concepts/stability/index.html (+87ms) 
21:11:02   ├─ /concepts/index.html (+5ms) 
21:11:02   ├─ /evidence/index.html (+13ms) 
21:11:02   ├─ /examples/cell/index.html (+6ms) 
21:11:02   ├─ /examples/life-environment/index.html (+14ms) 
21:11:02   ├─ /examples/molecule/index.html (+9ms) 
21:11:02   ├─ /examples/star/index.html (+7ms) 
21:11:02   ├─ /examples/string/index.html (+4ms) 
21:11:02   ├─ /examples/water/index.html (+5ms) 
21:11:02   ├─ /examples/index.html (+10ms) 
21:11:02   ├─ /evidence/source-links/index.html (+339ms) 
21:11:03   ├─ /documents/index.html (+112ms) 
21:11:03 ✓ Completed in 37.68s.

21:11:03 [build] ✓ Completed in 38.54s.
21:11:03 [build] 104 page(s) built in 57.80s
21:11:03 [build] Complete!
preview artifact: /Users/new/RiderProjects/RPG_theory/dist/github-pages-accepted/preview-root; deployEligible=false
